
>>> 首次统一推演 243 个日期: 20250901 ~ 20260901
[predict] feature_map has 848 factors, 848 available in DB, 0 missing
[predict] Final factor_list: 848 features → model input_dim=848
[predict] Using 8 fold(s)
[predict]   [fold1] epoch=23-val_rankic=0.0884.ckpt (val_rankic=0.0884)
[predict]   [fold2] epoch=0-val_rankic=0.0786.ckpt (val_rankic=0.0786)
[predict]   [fold3] epoch=0-val_rankic=0.0743.ckpt (val_rankic=0.0743)
[predict]   [fold4] epoch=1-val_rankic=0.1181.ckpt (val_rankic=0.1181)
[predict]   [fold5] epoch=0-val_rankic=0.0793.ckpt (val_rankic=0.0793)
[predict]   [fold6] epoch=0-val_rankic=0.0612.ckpt (val_rankic=0.0612)
[predict]   [fold7] epoch=2-val_rankic=0.0297.ckpt (val_rankic=0.0297)
[predict]   [fold8] epoch=1-val_rankic=0.1143.ckpt (val_rankic=0.1143)
[predict]   [20250901] done, 962 stocks
[predict]   [20250902] done, 962 stocks
[predict]   [20250903] done, 962 stocks
[predict]   [20250904] done, 962 stocks
[predict]   [20250905] done, 962 stocks
[predict]   [20250908] done, 962 stocks
[predict]   [20250909] done, 962 stocks
[predict]   [20250910] done, 962 stocks
[predict]   [20250911] done, 962 stocks
[predict]   [20250912] done, 962 stocks
[predict]   [20250915] done, 962 stocks
[predict]   [20250916] done, 962 stocks
[predict]   [20250917] done, 962 stocks
[predict]   [20250918] done, 962 stocks
[predict]   [20250919] done, 962 stocks
[predict]   [20250922] done, 962 stocks
[predict]   [20250923] done, 962 stocks
[predict]   [20250924] done, 962 stocks
[predict]   [20250925] done, 961 stocks
[predict]   [20250926] done, 961 stocks
[predict]   [20250929] done, 960 stocks
[predict]   [20250930] done, 960 stocks
[predict]   [20251009] done, 960 stocks
[predict]   [20251010] done, 960 stocks
[predict]   [20251013] done, 960 stocks
[predict]   [20251014] done, 960 stocks
[predict]   [20251015] done, 960 stocks
[predict]   [20251016] done, 960 stocks
[predict]   [20251017] done, 962 stocks
[predict]   [20251020] done, 962 stocks
[predict]   [20251021] done, 962 stocks
[predict]   [20251022] done, 962 stocks
[predict]   [20251023] done, 962 stocks
[predict]   [20251024] done, 962 stocks
[predict]   [20251027] done, 961 stocks
[predict]   [20251028] done, 961 stocks
[predict]   [20251029] done, 961 stocks
[predict]   [20251030] done, 961 stocks
[predict]   [20251031] done, 961 stocks
[predict]   [20251103] done, 961 stocks
[predict]   [20251104] done, 961 stocks
[predict]   [20251105] done, 961 stocks
[predict]   [20251106] done, 961 stocks
[predict]   [20251107] done, 961 stocks
[predict]   [20251110] done, 962 stocks
[predict]   [20251111] done, 961 stocks
[predict]   [20251112] done, 962 stocks
[predict]   [20251113] done, 962 stocks
[predict]   [20251114] done, 962 stocks
[predict]   [20251117] done, 962 stocks
[predict]   [20251118] done, 961 stocks
[predict]   [20251119] done, 961 stocks
[predict]   [20251120] done, 960 stocks
[predict]   [20251121] done, 961 stocks
[predict]   [20251124] done, 961 stocks
[predict]   [20251125] done, 961 stocks
[predict]   [20251126] done, 961 stocks
[predict]   [20251127] done, 961 stocks
[predict]   [20251128] done, 961 stocks
[predict]   [20251201] done, 960 stocks
[predict]   [20251202] done, 960 stocks
[predict]   [20251203] done, 960 stocks
[predict]   [20251204] done, 960 stocks
[predict]   [20251205] done, 960 stocks
[predict]   [20251208] done, 960 stocks
[predict]   [20251209] done, 960 stocks
[predict]   [20251210] done, 960 stocks
[predict]   [20251211] done, 960 stocks
[predict]   [20251212] done, 960 stocks
[predict]   [20251215] done, 961 stocks
[predict]   [20251216] done, 961 stocks
[predict]   [20251217] done, 961 stocks
[predict]   [20251218] done, 962 stocks
[predict]   [20251219] done, 961 stocks
[predict]   [20251222] done, 961 stocks
[predict]   [20251223] done, 962 stocks
[predict]   [20251224] done, 962 stocks
[predict]   [20251225] done, 962 stocks
[predict]   [20251226] done, 962 stocks
[predict]   [20251229] done, 962 stocks
[predict]   [20251230] done, 960 stocks
[predict]   [20251231] done, 960 stocks
[predict]   [20260105] done, 960 stocks
[predict]   [20260106] done, 960 stocks
[predict]   [20260107] done, 960 stocks
[predict]   [20260108] done, 960 stocks
[predict]   [20260109] done, 960 stocks
[predict]   [20260112] done, 959 stocks
[predict]   [20260113] done, 957 stocks
[predict]   [20260114] done, 957 stocks
[predict]   [20260115] done, 958 stocks
[predict]   [20260116] done, 957 stocks
[predict]   [20260119] done, 957 stocks
[predict]   [20260120] done, 958 stocks
[predict]   [20260121] done, 959 stocks
[predict]   [20260122] done, 959 stocks
[predict]   [20260123] done, 960 stocks
[predict]   [20260126] done, 961 stocks
[predict]   [20260127] done, 961 stocks
[predict]   [20260128] done, 961 stocks
[predict]   [20260129] done, 961 stocks
[predict]   [20260130] done, 961 stocks
[predict]   [20260202] done, 961 stocks
[predict]   [20260203] done, 961 stocks
[predict]   [20260204] done, 961 stocks
[predict]   [20260205] done, 961 stocks
[predict]   [20260206] done, 961 stocks
[predict]   [20260209] done, 960 stocks
[predict]   [20260210] done, 961 stocks
[predict]   [20260211] done, 961 stocks
[predict]   [20260212] done, 961 stocks
[predict]   [20260213] done, 961 stocks
[predict]   [20260224] done, 961 stocks
[predict]   [20260225] done, 960 stocks
[predict]   [20260226] done, 960 stocks
[predict]   [20260227] done, 960 stocks
[predict]   [20260302] done, 959 stocks
[predict]   [20260303] done, 958 stocks
[predict]   [20260304] done, 958 stocks
[predict]   [20260305] done, 958 stocks
[predict]   [20260306] done, 958 stocks
[predict]   [20260309] done, 959 stocks
[predict]   [20260310] done, 959 stocks
[predict]   [20260311] done, 960 stocks
[predict]   [20260312] done, 960 stocks
[predict]   [20260313] done, 960 stocks
[predict]   [20260316] done, 961 stocks
[predict]   [20260317] done, 962 stocks
[predict]   [20260318] done, 962 stocks
[predict]   [20260319] done, 961 stocks
[predict]   [20260320] done, 961 stocks
[predict]   [20260323] done, 962 stocks
[predict]   [20260324] done, 962 stocks
[predict]   [20260325] done, 962 stocks
[predict]   [20260326] done, 962 stocks
[predict]   [20260327] done, 962 stocks
[predict]   [20260330] done, 962 stocks
[predict]   [20260331] done, 962 stocks
[predict]   [20260401] done, 962 stocks
[predict]   [20260402] done, 962 stocks
[predict]   [20260403] done, 961 stocks
[predict]   [20260407] done, 961 stocks
[predict]   [20260408] done, 961 stocks
[predict]   [20260409] done, 961 stocks
[predict]   [20260410] done, 961 stocks
[predict]   [20260413] done, 961 stocks
[predict]   [20260414] done, 962 stocks
[predict]   [20260415] done, 962 stocks
[predict]   [20260416] done, 962 stocks
[predict]   [20260417] done, 962 stocks
[predict]   [20260420] done, 961 stocks
[predict]   [20260421] done, 961 stocks
[predict]   [20260422] done, 960 stocks
[predict]   [20260423] done, 960 stocks
[predict]   [20260424] done, 961 stocks
[predict]   [20260427] done, 961 stocks
[predict]   [20260428] done, 961 stocks
[predict]   [20260429] done, 961 stocks
[predict]   [20260430] done, 961 stocks
[predict]   [20260506] done, 961 stocks
[predict]   [20260507] done, 962 stocks
[predict]   [20260508] done, 962 stocks
[predict]   [20260511] done, 962 stocks
[predict]   [20260512] done, 962 stocks
[predict]   [20260513] done, 962 stocks
[predict]   [20260514] done, 962 stocks
[predict]   [20260515] done, 962 stocks
[predict]   [20260518] done, 962 stocks
[predict]   [20260519] done, 962 stocks
[predict]   [20260520] done, 962 stocks
[predict]   [20260521] done, 962 stocks
[predict]   [20260522] done, 962 stocks
[predict]   [20260525] done, 962 stocks
[predict]   [20260526] done, 962 stocks
[predict]   [20260527] done, 962 stocks
[predict]   [20260528] done, 962 stocks
[predict]   [20260529] done, 962 stocks
[predict]   [20260601] done, 962 stocks
[predict]   [20260602] done, 962 stocks
[predict]   [20260603] done, 962 stocks
[predict]   [20260604] done, 962 stocks
[predict]   [20260605] done, 962 stocks
[predict]   [20260608] done, 962 stocks
[predict]   [20260609] done, 961 stocks
[predict]   [20260610] done, 961 stocks
[predict]   [20260611] done, 961 stocks
[predict]   [20260612] done, 961 stocks
[predict]   [20260615] done, 961 stocks
[predict]   [20260616] done, 961 stocks
[predict]   [20260617] done, 961 stocks
[predict]   [20260618] done, 961 stocks
[predict]   [20260622] done, 961 stocks
[predict]   [20260623] done, 962 stocks
[predict]   [20260624] done, 962 stocks
[predict]   [20260625] done, 962 stocks
[predict]   [20260626] done, 962 stocks
[predict]   [20260629] done, 961 stocks
[predict]   [20260630] done, 961 stocks
[predict]   [20260701] done, 961 stocks
[predict]   [20260702] done, 961 stocks
[predict]   [20260703] done, 961 stocks
[predict]   [20260706] done, 961 stocks
[predict]   [20260707] done, 961 stocks
[predict]   [20260708] done, 961 stocks
[predict]   [20260709] done, 961 stocks
[predict]   [20260710] done, 961 stocks
[predict]   [20260713] done, 962 stocks
[predict]   [20260714] done, 962 stocks
[predict]   [20260715] done, 962 stocks
[predict]   [20260716] done, 962 stocks
[predict]   [20260717] done, 962 stocks
[predict]   [20260720] done, 962 stocks
[predict]   [20260721] done, 962 stocks
[predict]   [20260722] done, 962 stocks
[predict]   [20260723] done, 962 stocks
[predict]   [20260724] done, 962 stocks
[predict]   [20260727] done, 962 stocks
[predict]   [20260728] done, 962 stocks
[predict]   [20260729] done, 962 stocks
[predict]   [20260730] done, 962 stocks
[predict]   [20260731] done, 962 stocks
[predict]   [20260803] done, 962 stocks
[predict]   [20260804] done, 962 stocks
[predict]   [20260805] done, 962 stocks
[predict]   [20260806] done, 962 stocks
[predict]   [20260807] done, 962 stocks
[predict]   [20260810] done, 962 stocks
[predict]   [20260811] done, 962 stocks
[predict]   [20260812] done, 962 stocks
[predict]   [20260813] done, 962 stocks
[predict]   [20260814] done, 962 stocks
[predict]   [20260817] done, 962 stocks
[predict]   [20260818] done, 961 stocks
[predict]   [20260819] done, 961 stocks
[predict]   [20260820] done, 960 stocks
[predict]   [20260821] done, 960 stocks
[predict]   [20260824] done, 961 stocks
[predict]   [20260825] done, 961 stocks
[predict]   [20260826] done, 961 stocks
[predict]   [20260827] done, 962 stocks
[predict]   [20260828] done, 962 stocks
[predict]   [20260831] done, 962 stocks
[predict]   [20260901] done, 962 stocks
[predict] Done, 243 days.

合并完成：首次推演 243 天
已保存到: /autodl-fs/data/lingqiData/Model/best_new_seed1/model_pred/2026q3

---Test 集合打分---
  持仓数: 1 只
  打分区间: Test 集合 20250901 ~ 20260901 (243 天, 严格样本外, 与训练/验证无重叠)

模型评估结果
               模型值
指标                
RankIC      0.0432
RankICIR    0.3523
top_return  0.1351
[对照] 全池 Pearson IC: IC=+0.0164  ICIR=+0.1215
[提示] 后续回测章节使用同一 Test 区间的实际价格收益 (daily_adj open), 与训练 target 解耦
Price data: 8844759 rows, dates 20190102 ~ 20260904

========================================================================
                    最新模型打分 Top 推荐
========================================================================
  报告截至因子日期：2026年9月1日 收盘, 以下展示最近 10 个交易日

────────────────────────────────────────────────────────────
  因子日期：2026年8月19日 收盘
  模型预测1日收益率：2026年8月20日 买入 → 2026年8月21日 卖出
────────────────────────────────────────────────────────────

  排名   代码        名称                  打分
  -------------------------------------
  1    002130    沃尔核材        +  12.4093
  2    002531    天顺风能        +  11.5591
  3    002324    普利特         +  11.2382
  4    002276    万马股份        +  11.1668
  5    000733    振华科技        +  11.0017
  6    600699    均胜电子        +  10.9090
  7    002183    怡亚通         +  10.7454
  8    600702    舍得酒业        +  10.7164
  9    000555    神州信息        +  10.6943
  10   600456    宝钛股份        +  10.5692

────────────────────────────────────────────────────────────
  因子日期：2026年8月20日 收盘
  模型预测1日收益率：2026年8月21日 买入 → 2026年8月24日 卖出
────────────────────────────────────────────────────────────

  排名   代码        名称                  打分
  -------------------------------------
  1    002756    永兴材料        +  11.8798
  2    002139    拓邦股份        +  11.7188
  3    600702    舍得酒业        +  11.6690
  4    000762    西藏矿业        +  11.3222
  5    000681    视觉中国        +  11.1701
  6    000733    振华科技        +  11.0350
  7    002460    赣锋锂业        +  10.9040
  8    600151    航天机电        +  10.6060
  9    601615    明阳智能        +  10.4941
  10   600850    电科数字        +  10.0918

────────────────────────────────────────────────────────────
  因子日期：2026年8月21日 收盘
  模型预测1日收益率：2026年8月24日 买入 → 2026年8月25日 卖出
────────────────────────────────────────────────────────────

  排名   代码        名称                  打分
  -------------------------------------
  1    600702    舍得酒业        +  13.0285
  2    000682    东方电子        +  11.4885
  3    002008    大族激光        +  11.3331
  4    603613    国联股份        +  11.2149
  5    600566    济川药业        +  11.1352
  6    000400    许继电气        +  11.0337
  7    002668    TCL智家       +  10.9288
  8    002402    和而泰         +  10.2631
  9    603698    航天工程        +  10.2074
  10   000061    农产品         +  10.0326

────────────────────────────────────────────────────────────
  因子日期：2026年8月24日 收盘
  模型预测1日收益率：2026年8月25日 买入 → 2026年8月26日 卖出
────────────────────────────────────────────────────────────

  排名   代码        名称                  打分
  -------------------------------------
  1    002487    大金重工        +  13.3311
  2    002130    沃尔核材        +  11.2496
  3    002249    大洋电机        +  10.8420
  4    603698    航天工程        +  10.7117
  5    600113    浙江东日        +  10.4958
  6    600089    特变电工        +  10.2610
  7    000951    中国重汽        +  10.1281
  8    600143    金发科技        +   9.7642
  9    002865    钧达股份        +   9.6613
  10   000066    中国长城        +   9.6085

────────────────────────────────────────────────────────────
  因子日期：2026年8月25日 收盘
  模型预测1日收益率：2026年8月26日 买入 → 2026年8月27日 卖出
────────────────────────────────────────────────────────────

  排名   代码        名称                  打分
  -------------------------------------
  1    002709    天赐材料        +  13.4945
  2    000612    焦作万方        +  11.1065
  3    302132    中航成飞        +  10.8442
  4    600872    中炬高新        +  10.7371
  5    002545    东方铁塔        +  10.5189
  6    002895    川恒股份        +  10.2257
  7    002402    和而泰         +  10.1517
  8    603026    石大胜华        +   9.9236
  9    002379    宏桥控股        +   9.8437
  10   600143    金发科技        +   9.5848

────────────────────────────────────────────────────────────
  因子日期：2026年8月26日 收盘
  模型预测1日收益率：2026年8月27日 买入 → 2026年8月28日 卖出
────────────────────────────────────────────────────────────

  排名   代码        名称                  打分
  -------------------------------------
  1    002624    完美世界        +  10.9186
  2    603267    鸿远电子        +  10.8152
  3    603662    柯力传感        +  10.6383
  4    603698    航天工程        +  10.5623
  5    000066    中国长城        +  10.5049
  6    002048    宁波华翔        +  10.3722
  7    002169    智光电气        +  10.3449
  8    002611    东方精工        +  10.1521
  9    002149    西部材料        +  10.0483
  10   603305    旭升集团        +   9.8947

────────────────────────────────────────────────────────────
  因子日期：2026年8月27日 收盘
  模型预测1日收益率：2026年8月28日 买入 → 2026年8月31日 卖出
────────────────────────────────────────────────────────────

  排名   代码        名称                  打分
  -------------------------------------
  1    603026    石大胜华        +  12.8238
  2    000400    许继电气        +  12.3599
  3    002756    永兴材料        +  11.9861
  4    002624    完美世界        +  11.4215
  5    002487    大金重工        +  11.1861
  6    603185    弘元绿能        +  10.2758
  7    002149    西部材料        +  10.0288
  8    002405    四维图新        +  10.0227
  9    000555    神州信息        +   9.9033
  10   600056    中国医药        +   9.7772

────────────────────────────────────────────────────────────
  因子日期：2026年8月28日 收盘
  模型预测1日收益率：2026年8月31日 买入 → 2026年9月1日 卖出
────────────────────────────────────────────────────────────

  排名   代码        名称                  打分
  -------------------------------------
  1    002048    宁波华翔        +  13.4753
  2    603906    龙蟠科技        +  11.3348
  3    601615    明阳智能        +  11.2242
  4    002008    大族激光        +  11.1654
  5    603026    石大胜华        +  11.1583
  6    600875    东方电气        +  11.0724
  7    600456    宝钛股份        +  10.7755
  8    002065    东华软件        +  10.7658
  9    002149    西部材料        +  10.5625
  10   000063    中兴通讯        +  10.5034

────────────────────────────────────────────────────────────
  因子日期：2026年8月31日 收盘
  模型预测1日收益率：2026年9月1日 买入 → 2026年9月2日 卖出
────────────────────────────────────────────────────────────

  排名   代码        名称                  打分
  -------------------------------------
  1    002074    国轩高科        +  11.5194
  2    000690    宝新能源        +  11.4896
  3    002756    永兴材料        +  11.0800
  4    001896    豫能控股        +  10.8186
  5    603179    新泉股份        +  10.6571
  6    000600    建投能源        +  10.5679
  7    603799    华友钴业        +  10.3668
  8    600258    首旅酒店        +  10.3473
  9    603185    弘元绿能        +  10.1224
  10   000009    中国宝安        +  10.0963

────────────────────────────────────────────────────────────
  因子日期：2026年9月1日 收盘
  模型预测1日收益率：2026年9月2日 买入 → 2026年9月3日 卖出
────────────────────────────────────────────────────────────

  排名   代码        名称                  打分
  -------------------------------------
  1    002130    沃尔核材        +  15.2931
  2    603026    石大胜华        +  12.8165
  3    601615    明阳智能        +  12.3613
  4    002929    润建股份        +  11.9399
  5    002202    金风科技        +  11.7631
  6    002865    钧达股份        +  11.7438
  7    603906    龙蟠科技        +  11.6260
  8    002335    科华数据        +  11.5907
  9    000021    深科技         +  11.5002
  10   002487    大金重工        +  11.4629
--- Backtest: 20250901 ~ 20260901 (Test 集合) ---
Window : 20250901 ~ 20260901  (243 trading days)
  predicted: 243 days  (20250901~20260901)
[Figure saved] ./model_pic/figure_01.png

====================================================================================================
  Trade Log — Top 1 | 243 days | hold 1d | Returns from daily_adj open prices
====================================================================================================
 FactorDt   BuyDt     Code     Name    Score   BuyPrc   SellDt   SellPrc   Ret%    累加收益 
--------------------------------------------------------------------------------------------
  20250901  20250902  600352浙江龙盛    +12.85   10.32  20250903    10.14   -1.74%    -1.74%
  20250902  20250903  000039中集集团    +13.15    7.93  20250904     7.82   -1.39%    -3.13%
  20250903  20250904  002268电科网安    +12.00   17.71  20250905    17.56   -0.85%    -3.98%
  20250904  20250905  600038中直股份    +12.27   36.52  20250908    36.54   +0.05%    -3.92%
  20250905  20250908  000733振华科技    +11.96   46.65  20250909    47.37   +1.54%    -2.38%
  20250908  20250909  603267鸿远电子    +14.29   53.90  20250910    53.04   -1.60%    -3.98%
  20250909  20250910  002897意华股份    +11.64   43.00  20250911    43.30   +0.70%    -3.28%
  20250910  20250911  000969安泰科技    +11.82   13.43  20250912    13.80   +2.76%    -0.52%
  20250911  20250912  002215诺普信      +13.28   12.25  20250915    12.07   -1.47%    -1.99%
  20250912  20250915  002865钧达股份    +12.38   45.63  20250916    46.27   +1.40%    -0.59%
  20250915  20250916  000969安泰科技    +14.42   13.47  20250917    13.30   -1.26%    -1.85%
  20250916  20250917  000969安泰科技    +14.64   13.30  20250918    13.33   +0.23%    -1.63%
  20250917  20250918  000600建投能源    +12.96    7.30  20250919     7.06   -3.29%    -4.91%
  20250918  20250919  600621华鑫股份    +12.90   16.17  20250922    15.93   -1.48%    -6.40%
  20250919  20250922  000990诚志股份    +11.74    7.45  20250923     7.33   -1.61%    -8.01%
  20250922  20250923  002585双星新材    +12.19    5.59  20250924     5.42   -3.04%   -11.05%
  20250923  20250924  002258利尔化学    +11.02   11.68  20250925    11.94   +2.23%    -8.82%
  20250924  20250925  600909华安证券    +12.72    6.09  20250926     6.07   -0.33%    -9.15%
  20250925  20250926  000592平潭发展    +11.90    3.30  20250929     3.46   +4.85%    -4.30%
  20250926  20250929  600859王府井      +10.91   14.22  20250930    14.16   -0.42%    -4.73%
  20250929  20250930  002929润建股份    +12.47   50.12  20251009    49.89   -0.46%    -5.18%
  20250930  20251009  002706良信股份    +11.11   11.37  20251010    11.39   +0.18%    -5.01%
  20251009  20251010  002929润建股份    +14.02   49.00  20251013    44.99   -8.18%   -13.19%
  20251010  20251013  002174游族网络    +11.78   11.05  20251014    11.23   +1.63%   -11.56%
  20251013  20251014  002258利尔化学    +10.80   12.70  20251015    12.60   -0.79%   -12.35%
  20251014  20251015  002015协鑫能科    +12.81   11.20  20251016    11.40   +1.79%   -10.57%
  20251015  20251016  000683博源化工    +13.55    6.12  20251017     6.12   +0.00%   -10.57%
  20251016  20251017  002149西部材料    +13.06   17.63  20251020    17.19   -2.50%   -13.06%
  20251017  20251020  000657中钨高新    +11.42   16.48  20251021    16.85   +2.25%   -10.82%
  20251020  20251021  002139拓邦股份    +12.48   14.07  20251022    14.08   +0.07%   -10.74%
  20251021  20251022  002149西部材料    +12.96   17.20  20251023    17.30   +0.58%   -10.16%
  20251022  20251023  002539云图控股    +11.49    9.97  20251024    10.13   +1.60%    -8.56%
  20251023  20251024  002299圣农发展    +11.07   15.90  20251027    16.20   +1.89%    -6.67%
  20251024  20251027  000681视觉中国    +11.52   20.87  20251028    20.64   -1.10%    -7.77%
  20251027  20251028  000034神州数码    +13.49   39.30  20251029    40.37   +2.72%    -5.05%
  20251028  20251029  002338奥普光电    +11.72   54.87  20251030    55.19   +0.58%    -4.47%
  20251029  20251030  002396星网锐捷    +12.53   27.66  20251031    27.23   -1.55%    -6.02%
  20251030  20251031  002396星网锐捷    +11.32   27.23  20251103    26.66   -2.09%    -8.12%
  20251031  20251103  600391航发科技    +12.92   26.91  20251104    26.61   -1.11%    -9.23%
  20251103  20251104  601137博威合金    +13.78   21.68  20251105    21.25   -1.98%   -11.21%
  20251104  20251105  002432九安医疗    +10.99   39.60  20251106    39.83   +0.58%   -10.63%
  20251105  20251106  002149西部材料    +12.49   17.57  20251107    18.18   +3.47%    -7.16%
  20251106  20251107  002432九安医疗    +13.14   39.93  20251110    41.17   +3.11%    -4.06%
  20251107  20251110  000887中鼎股份    +12.02   22.18  20251111    22.05   -0.59%    -4.64%
  20251110  20251111  000967盈峰环境    +12.26    6.84  20251112     6.84   +0.00%    -4.64%
  20251111  20251112  002400省广集团    +11.91    8.36  20251113     8.28   -0.96%    -5.60%
  20251112  20251113  002745木林森      +11.87    8.90  20251114     9.29   +4.38%    -1.22%
  20251113  20251114  002838道恩股份    +12.50   22.31  20251117    22.38   +0.31%    -0.90%
  20251114  20251117  002361神剑股份    +12.74    6.75  20251118     6.75   +0.00%    -0.90%
  20251117  20251118  000623吉林敖东    +12.28   20.37  20251119    20.25   -0.59%    -1.49%
  20251118  20251119  000791甘肃能源    +11.82    6.72  20251120     6.75   +0.45%    -1.05%
  20251119  20251120  002151北斗星通    +13.24   29.75  20251121    29.45   -1.01%    -2.05%
  20251120  20251121  002011盾安环境    +11.95   12.69  20251124    12.55   -1.10%    -3.16%
  20251121  20251124  000623吉林敖东    +10.98   19.18  20251125    19.11   -0.36%    -3.52%
  20251124  20251125  001896豫能控股    +12.10    5.46  20251126     5.50   +0.73%    -2.79%
  20251125  20251126  002145钛能化学    +12.20    4.93  20251127     4.86   -1.42%    -4.21%
  20251126  20251127  002145钛能化学    +11.05    4.86  20251128     5.03   +3.50%    -0.71%
  20251127  20251128  000880潍柴重机    +11.15   26.31  20251201    26.75   +1.67%    +0.96%
  20251128  20251201  000048京基智农    +15.58   13.50  20251202    13.33   -1.26%    -0.30%
  20251201  20251202  002174游族网络    +12.06   11.88  20251203    11.66   -1.85%    -2.15%
  20251202  20251203  002011盾安环境    +12.62   12.60  20251204    12.51   -0.71%    -2.86%
  20251203  20251204  000048京基智农    +12.86   12.68  20251205    12.64   -0.32%    -3.18%
  20251204  20251205  002706良信股份    +12.34    9.90  20251208    10.00   +1.01%    -2.17%
  20251205  20251208  002617露笑科技    +11.15    8.08  20251209     8.08   +0.00%    -2.17%
  20251208  20251209  002145钛能化学    +12.08    5.00  20251210     4.92   -1.60%    -3.77%
  20251209  20251210  000951中国重汽    +12.16   16.81  20251211    17.03   +1.31%    -2.46%
  20251210  20251211  002617露笑科技    +13.32    7.98  20251212     7.84   -1.75%    -4.22%
  20251211  20251212  600728佳都科技    +11.42    6.09  20251215     6.27   +2.96%    -1.26%
  20251212  20251215  002174游族网络    +11.81   11.47  20251216    11.44   -0.26%    -1.52%
  20251215  20251216  002245蔚蓝锂芯    +13.27   15.84  20251217    15.49   -2.21%    -3.73%
  20251216  20251217  002245蔚蓝锂芯    +10.96   15.49  20251218    15.80   +2.00%    -1.73%
  20251217  20251218  000837秦川机床    +11.76   11.77  20251219    11.87   +0.85%    -0.88%
  20251218  20251219  002176江特电机    +12.25    9.24  20251222     9.58   +3.68%    +2.80%
  20251219  20251222  002779中坚科技    +11.86  111.50  20251223   110.57   -0.83%    +1.97%
  20251222  20251223  600282南钢股份    +12.58    4.88  20251224     4.89   +0.20%    +2.17%
  20251223  20251224  002432九安医疗    +11.14   40.70  20251225    40.76   +0.15%    +2.32%
  20251224  20251225  002714牧原股份    +12.56   47.90  20251226    47.80   -0.21%    +2.11%
  20251225  20251226  002468申通快递    +12.49   14.26  20251229    13.98   -1.96%    +0.15%
  20251226  20251229  002602世纪华通    +12.14   16.93  20251230    17.41   +2.84%    +2.98%
  20251229  20251230  002145钛能化学    +12.56    4.94  20251231     4.92   -0.40%    +2.58%
  20251230  20251231  002011盾安环境    +11.04   12.73  20260105    12.71   -0.16%    +2.42%
  20251231  20260105  002215诺普信      +12.96   10.61  20260106    10.79   +1.70%    +4.11%
  20260105  20260106  000550江铃汽车    +11.93   18.47  20260107    18.54   +0.38%    +4.49%
  20260106  20260107  002859洁美科技    +13.71   28.70  20260108    29.20   +1.74%    +6.24%
  20260107  20260108  002215诺普信      +13.80   10.78  20260109    10.87   +0.83%    +7.07%
  20260108  20260109  002299圣农发展    +13.22   16.54  20260112    16.61   +0.42%    +7.49%
  20260109  20260112  002062宏润建设    +14.73    9.36  20260113     9.39   +0.32%    +7.81%
  20260112  20260113  000685中山公用    +15.04   12.29  20260114    11.98   -2.52%    +5.29%
  20260113  20260114  000685中山公用    +13.02   11.98  20260115    11.80   -1.50%    +3.79%
  20260114  20260115  002617露笑科技    +12.87    8.17  20260116     8.31   +1.71%    +5.50%
  20260115  20260116  000799酒鬼酒      +14.31   55.12  20260119    54.30   -1.49%    +4.02%
  20260116  20260119  002176江特电机    +14.67    9.83  20260120    10.18   +3.56%    +7.58%
  20260119  20260120  603228景旺电子    +12.72   68.30  20260121    64.46   -5.62%    +1.95%
  20260120  20260121  002176江特电机    +12.18    9.90  20260122    10.12   +2.22%    +4.18%
  20260121  20260122  000799酒鬼酒      +14.08   52.50  20260123    52.30   -0.38%    +3.80%
  20260122  20260123  002241歌尔股份    +13.61   29.15  20260126    29.18   +0.10%    +3.90%
  20260123  20260126  000582北部湾港    +13.17    9.70  20260127     9.74   +0.41%    +4.31%
  20260126  20260127  001696宗申动力    +12.07   21.98  20260128    21.76   -1.00%    +3.31%
  20260127  20260128  000887中鼎股份    +13.81   21.82  20260129    21.51   -1.42%    +1.89%
  20260128  20260129  603026石大胜华    +11.86   67.58  20260130    66.76   -1.21%    +0.68%
  20260129  20260130  601137博威合金    +14.59   20.33  20260202    19.31   -5.02%    -4.34%
  20260130  20260202  601137博威合金    +12.12   19.31  20260203    18.80   -2.64%    -6.98%
  20260202  20260203  000032深桑达A     +11.25   20.11  20260204    20.52   +2.04%    -4.94%
  20260203  20260204  603236移远通信    +12.67   88.10  20260205    87.40   -0.79%    -5.74%
  20260204  20260205  601137博威合金    +11.88   19.12  20260206    18.45   -3.50%    -9.24%
  20260205  20260206  000600建投能源    +12.13    8.31  20260209     8.56   +3.01%    -6.23%
  20260206  20260209  002396星网锐捷    +11.13   27.66  20260210    28.53   +3.15%    -3.09%
  20260209  20260210  000155川能动力    +11.24   12.51  20260211    12.44   -0.56%    -3.65%
  20260210  20260211  002192融捷股份    +11.43   51.16  20260212    52.40   +2.42%    -1.22%
  20260211  20260212  002706良信股份    +11.56   10.74  20260213    11.10   +3.35%    +2.13%
  20260212  20260213  000100TCL科技     +12.02    4.62  20260224     4.66   +0.87%    +2.99%
  20260213  20260224  002171楚江新材    +11.75   12.96  20260225    13.10   +1.08%    +4.07%
  20260224  20260225  601137博威合金    +12.02   19.99  20260226    20.13   +0.70%    +4.77%
  20260225  20260226  002003伟星股份    +12.01   10.47  20260227    10.34   -1.24%    +3.53%
  20260226  20260227  000032深桑达A     +12.27   19.59  20260302    20.38   +4.03%    +7.56%
  20260227  20260302  002011盾安环境    +12.61   13.21  20260303    13.30   +0.68%    +8.25%
  20260302  20260303  002326永太科技    +12.74   24.57  20260304    22.47   -8.55%    -0.30%
  20260303  20260304  002062宏润建设    +12.54    8.83  20260305     9.17   +3.85%    +3.55%
  20260304  20260305  002091江苏国泰    +10.90    8.88  20260306     8.78   -1.13%    +2.42%
  20260305  20260306  002062宏润建设    +14.75    8.92  20260309     8.88   -0.45%    +1.97%
  20260306  20260309  002466天齐锂业    +11.76   50.74  20260310    53.66   +5.75%    +7.73%
  20260309  20260310  601717中创智领    +11.29   22.85  20260311    22.95   +0.44%    +8.17%
  20260310  20260311  000923河钢资源    +13.32   21.20  20260312    21.15   -0.24%    +7.93%
  20260311  20260312  600711盛屯矿业    +12.95   14.13  20260313    13.83   -2.12%    +5.81%
  20260312  20260313  600416湘电股份    +11.39   14.20  20260316    14.12   -0.56%    +5.24%
  20260313  20260316  002297博云新材    +12.27   11.79  20260317    11.84   +0.42%    +5.67%
  20260316  20260317  002174游族网络    +12.37   10.41  20260318    10.44   +0.29%    +5.96%
  20260317  20260318  002268电科网安    +12.62   18.60  20260319    18.40   -1.08%    +4.88%
  20260318  20260319  002171楚江新材    +12.18   11.65  20260320    11.41   -2.06%    +2.82%
  20260319  20260320  002215诺普信      +10.85   10.17  20260323     9.86   -3.05%    -0.23%
  20260320  20260323  600226亨通股份    +11.40    4.66  20260324     4.66   +0.00%    -0.23%
  20260323  20260324  002130沃尔核材    +11.84   23.63  20260325    23.71   +0.34%    +0.11%
  20260324  20260325  002011盾安环境    +10.69   11.92  20260326    12.03   +0.92%    +1.03%
  20260325  20260326  000923河钢资源    +13.45   18.39  20260327    18.05   -1.85%    -0.81%
  20260326  20260327  000997新大陆      +10.49   19.88  20260330    19.88   +0.00%    -0.81%
  20260327  20260330  002139拓邦股份    +12.63   12.28  20260331    12.15   -1.06%    -1.87%
  20260330  20260331  002555三七互娱    +11.52   21.35  20260401    21.82   +2.20%    +0.33%
  20260331  20260401  603067振华股份    +13.24   32.36  20260402    32.63   +0.83%    +1.16%
  20260401  20260402  002617露笑科技    +11.49    7.35  20260403     7.15   -2.72%    -1.56%
  20260402  20260403  002249大洋电机    +11.03    9.01  20260407     8.87   -1.55%    -3.11%
  20260403  20260407  000970中科三环    +11.86   11.42  20260408    11.87   +3.94%    +0.83%
  20260407  20260408  600456宝钛股份    +12.26   33.61  20260409    34.27   +1.96%    +2.79%
  20260408  20260409  000738航发控制    +12.36   21.26  20260410    21.18   -0.38%    +2.42%
  20260409  20260410  002091江苏国泰    +11.01    9.10  20260413     9.23   +1.43%    +3.84%
  20260410  20260413  000700模塑科技    +12.15   11.20  20260414    11.30   +0.89%    +4.74%
  20260413  20260414  000902新洋丰      +13.88   15.89  20260415    15.60   -1.83%    +2.91%
  20260414  20260415  002019亿帆医药    +12.99   12.72  20260416    12.69   -0.24%    +2.68%
  20260415  20260416  000887中鼎股份    +12.24   18.75  20260417    18.73   -0.11%    +2.57%
  20260416  20260417  002151北斗星通    +12.54   38.27  20260420    38.48   +0.55%    +3.12%
  20260417  20260420  002895川恒股份    +12.70   37.04  20260421    36.57   -1.27%    +1.85%
  20260420  20260421  000700模塑科技    +15.05   11.40  20260422    11.52   +1.05%    +2.90%
  20260421  20260422  002139拓邦股份    +14.62   12.06  20260423    12.26   +1.66%    +4.56%
  20260422  20260423  002174游族网络    +10.93    9.69  20260424     9.40   -2.99%    +1.57%
  20260423  20260424  002555三七互娱    +13.25   21.21  20260427    20.64   -2.69%    -1.12%
  20260424  20260427  000700模塑科技    +16.09   10.85  20260428    11.41   +5.16%    +4.04%
  20260427  20260428  002130沃尔核材    +13.08   23.62  20260429    22.63   -4.19%    -0.15%
  20260428  20260429  000917电广传媒    +14.14    8.96  20260430     8.86   -1.12%    -1.27%
  20260429  20260430  000917电广传媒    +15.48    8.86  20260506     8.80   -0.68%    -1.94%
  20260430  20260506  000917电广传媒    +15.14    8.80  20260507     8.83   +0.34%    -1.60%
  20260506  20260507  600352浙江龙盛    +14.24   13.00  20260508    12.55   -3.46%    -5.06%
  20260507  20260508  002258利尔化学    +14.46   12.47  20260511    12.41   -0.48%    -5.54%
  20260508  20260511  000830鲁西化工    +13.93   15.73  20260512    15.75   +0.13%    -5.42%
  20260511  20260512  002373千方科技    +11.94    9.18  20260513     8.89   -3.16%    -8.58%
  20260512  20260513  002555三七互娱    +12.31   20.98  20260514    21.81   +3.96%    -4.62%
  20260513  20260514  601020华钰矿业    +13.36   29.12  20260515    27.65   -5.05%    -9.67%
  20260514  20260515  000923河钢资源    +14.97   17.42  20260518    16.35   -6.14%   -15.81%
  20260515  20260518  603588高能环境    +12.92   13.00  20260519    13.15   +1.15%   -14.66%
  20260518  20260519  002624完美世界    +12.82   15.44  20260520    15.11   -2.14%   -16.79%
  20260519  20260520  000923河钢资源    +13.45   15.85  20260521    16.12   +1.70%   -15.09%
  20260520  20260521  002555三七互娱    +11.61   20.46  20260522    19.95   -2.49%   -17.58%
  20260521  20260522  000612焦作万方    +11.85   11.64  20260525    12.23   +5.07%   -12.51%
  20260522  20260525  002597金禾实业    +12.71   20.28  20260526    20.80   +2.56%    -9.95%
  20260525  20260526  603588高能环境    +13.39   12.86  20260527    12.95   +0.70%    -9.25%
  20260526  20260527  002292奥飞娱乐    +13.01    7.59  20260528     7.50   -1.19%   -10.44%
  20260527  20260528  000581威孚高科    +12.30   19.44  20260529    19.19   -1.29%   -11.72%
  20260528  20260529  000581威孚高科    +13.74   19.19  20260601    19.20   +0.05%   -11.67%
  20260529  20260601  000970中科三环    +11.64   11.16  20260602    11.09   -0.63%   -12.30%
  20260601  20260602  002402和而泰      +11.28   26.50  20260603    26.00   -1.89%   -14.18%
  20260602  20260603  000901航天科技    +11.27   18.58  20260604    18.63   +0.27%   -13.92%
  20260603  20260604  002011盾安环境    +10.97   11.65  20260605    11.59   -0.52%   -14.43%
  20260604  20260605  002182宝武镁业    +11.01   13.95  20260608    13.56   -2.80%   -17.23%
  20260605  20260608  002400省广集团    +12.44    7.18  20260609     7.35   +2.37%   -14.86%
  20260608  20260609  000400许继电气    +11.62   22.26  20260610    22.08   -0.81%   -15.67%
  20260609  20260610  000878云南铜业    +12.53   15.90  20260611    15.80   -0.63%   -16.30%
  20260610  20260611  002402和而泰      +14.78   23.96  20260612    24.20   +1.00%   -15.29%
  20260611  20260612  000065北方国际    +11.41   11.31  20260615    11.92   +5.39%    -9.90%
  20260612  20260615  600986浙文互联    +14.23    7.80  20260616     8.01   +2.69%    -7.21%
  20260615  20260616  002531天顺风能    +12.21    9.38  20260617     9.50   +1.28%    -5.93%
  20260616  20260617  002151北斗星通    +11.41   33.20  20260618    33.18   -0.06%    -5.99%
  20260617  20260618  000923河钢资源    +13.37   13.82  20260622    13.70   -0.87%    -6.86%
  20260618  20260622  603185弘元绿能    +11.02   16.99  20260623    17.16   +1.00%    -5.86%
  20260622  20260623  002507涪陵榨菜    +12.88   11.27  20260624    11.48   +1.86%    -3.99%
  20260623  20260624  000967盈峰环境    +11.27    9.94  20260625    11.26  +13.28%    +9.29%
  20260624  20260625  002130沃尔核材    +13.06   19.43  20260626    19.00   -2.21%    +7.07%
  20260625  20260626  002182宝武镁业    +14.00   12.58  20260629    13.70   +8.90%   +15.98%
  20260626  20260629  002402和而泰      +11.35   22.22  20260630    23.68   +6.57%   +22.55%
  20260629  20260630  002895川恒股份    +12.05   29.70  20260701    29.02   -2.29%   +20.26%
  20260630  20260701  002276万马股份    +13.41   10.05  20260702    10.10   +0.50%   +20.75%
  20260701  20260702  002922伊戈尔      +11.79   30.80  20260703    29.72   -3.51%   +17.25%
  20260702  20260703  000917电广传媒    +12.93    6.71  20260706     6.68   -0.45%   +16.80%
  20260703  20260706  002400省广集团    +12.71    6.19  20260707     6.01   -2.91%   +13.89%
  20260706  20260707  002324普利特      +13.03   11.50  20260708    10.94   -4.87%    +9.02%
  20260707  20260708  002400省广集团    +11.97    5.83  20260709     5.87   +0.69%    +9.71%
  20260708  20260709  000592平潭发展    +14.07    5.86  20260710     5.87   +0.17%    +9.88%
  20260709  20260710  002276万马股份    +12.09    9.58  20260713     9.75   +1.77%   +11.65%
  20260710  20260713  002276万马股份    +13.86    9.75  20260714     9.29   -4.72%    +6.94%
  20260713  20260714  002276万马股份    +11.75    9.29  20260715     9.30   +0.11%    +7.04%
  20260714  20260715  600316洪都航空    +11.92   26.25  20260716    26.49   +0.91%    +7.96%
  20260715  20260716  000155川能动力    +12.40   11.00  20260717    10.95   -0.45%    +7.50%
  20260716  20260717  002324普利特      +11.85    9.53  20260720     9.01   -5.46%    +2.05%
  20260717  20260720  002324普利特      +12.36    9.01  20260721     8.70   -3.44%    -1.39%
  20260720  20260721  000547航天发展    +11.89   13.30  20260722    13.50   +1.50%    +0.11%
  20260721  20260722  002865钧达股份    +15.02   41.41  20260723    42.24   +2.00%    +2.12%
  20260722  20260723  002413雷科防务    +10.84    7.49  20260724     7.78   +3.87%    +5.99%
  20260723  20260724  600511国药股份    +12.77   27.40  20260727    27.01   -1.42%    +4.56%
  20260724  20260727  002865钧达股份    +12.87   41.96  20260728    42.10   +0.33%    +4.90%
  20260727  20260728  002865钧达股份    +14.07   42.10  20260729    41.68   -1.00%    +3.90%
  20260728  20260729  002402和而泰      +14.59   19.70  20260730    19.89   +0.96%    +4.86%
  20260729  20260730  002149西部材料    +13.06   31.98  20260731    31.88   -0.31%    +4.55%
  20260730  20260731  002192融捷股份    +13.01   63.02  20260803    61.23   -2.84%    +1.71%
  20260731  20260803  002756永兴材料    +13.57   44.77  20260804    46.35   +3.53%    +5.24%
  20260803  20260804  600330天通股份    +13.37   16.85  20260805    17.70   +5.04%   +10.28%
  20260804  20260805  603876鼎胜新材    +13.50   21.54  20260806    21.72   +0.84%   +11.12%
  20260805  20260806  000672上峰材料    +12.58   13.71  20260807    13.89   +1.31%   +12.43%
  20260806  20260807  600258首旅酒店    +12.16   12.00  20260810    11.92   -0.67%   +11.77%
  20260807  20260810  002276万马股份    +11.95   10.43  20260811    10.50   +0.67%   +12.44%
  20260810  20260811  603305旭升集团    +13.70   11.90  20260812    11.93   +0.25%   +12.69%
  20260811  20260812  002174游族网络    +15.53   11.79  20260813    13.19  +11.87%   +24.56%
  20260812  20260813  002925盈趣科技    +10.78   23.39  20260814    23.00   -1.67%   +22.90%
  20260813  20260814  000923河钢资源    +12.30   14.31  20260817    14.75   +3.07%   +25.97%
  20260814  20260817  002531天顺风能    +13.41    6.58  20260818     6.53   -0.76%   +25.21%
  20260817  20260818  601877正泰电器    +12.25   24.75  20260819    24.61   -0.57%   +24.65%
  20260818  20260819  603613国联股份    +12.68   18.40  20260820    18.00   -2.17%   +22.47%
  20260819  20260820  002130沃尔核材    +12.41   16.42  20260821    16.12   -1.83%   +20.65%
  20260820  20260821  002756永兴材料    +11.88   46.03  20260824    48.19   +4.69%   +25.34%
  20260821  20260824  600702舍得酒业    +13.03   34.90  20260825    35.40   +1.43%   +26.77%
  20260824  20260825  002487大金重工    +13.33   34.71  20260826    34.92   +0.61%   +27.38%
  20260825  20260826  002709天赐材料    +13.49   36.43  20260827    36.56   +0.36%   +27.73%
  20260826  20260827  002624完美世界    +10.92   10.94  20260828    10.84   -0.91%   +26.82%
  20260827  20260828  603026石大胜华    +12.82   63.05  20260831    63.04   -0.02%   +26.80%
  20260828  20260831  002048宁波华翔    +13.48   18.92  20260901    20.20   +6.77%   +33.57%
  20260831  20260901  002074国轩高科    +11.52   26.72  20260902    26.46   -0.97%   +32.59%
  20260901  20260902  002130沃尔核材    +15.29   16.73  20260903    16.77   +0.24%   +32.83%
====================================================================================================

Realized: 243  |  Pending: 0
Cumulative: +0.3283 (+32.83%)  |  Win rate: 119/243 (49.0%)  |  Mean: +0.001351  |  MaxDD: -0.2583

=======================================================
  Recent 243d Summary  |  Top 1  |  Hold 1d
=======================================================
  Window     : 20250901 ~ 20260901  (243 days)
  Realized   : 243 days  |  Pending : 0 days
  Cum Return : +0.3283  (+32.83%)
  Daily Mean : +0.001351  (+0.1351%)
  Ann Return : 34.05%
  Sharpe     : 0.8127
  Win Rate   : 49.0%  (119/243)
  Best Day   : +0.1328  (20260623)
  Worst Day  : -0.0855  (20260302)
  Max Drawdown: -0.2583  (-25.83%)  at 20260520
=======================================================

=======================================================
  分散组合对比  |  Hold 1d  |  20250901 ~ 20260901
=======================================================
   构造  天数      日均      累计    胜率 年化Sharpe
 Top5 243 +0.116% +28.08% 49.8%    +1.01
Top10 243 +0.102% +24.78% 54.3%    +1.00
Top20 243 +0.135% +32.77% 53.9%    +1.40
  前1% 243 +0.118% +28.74% 55.6%    +1.14
  前5% 243 +0.128% +31.12% 58.0%    +1.40
 前10% 243 +0.116% +28.11% 56.8%    +1.36
=======================================================

[提示] Top1 单票的日盈亏由涨跌停等尾部事件主导, 统计意义很弱; 请以上表分散组合为准判断信号质量。
