
>>> 首次统一推演 243 个日期: 20250901 ~ 20260901
[predict] feature_map has 848 factors, 848 available in DB, 0 missing
[predict] Final factor_list: 848 features → model input_dim=848
[predict] Using 12 fold(s)
[predict]   [fold1] epoch=21-val_rankic=0.1017.ckpt (val_rankic=0.1017)
[predict]   [fold10] epoch=0-val_rankic=0.0625.ckpt (val_rankic=0.0625)
[predict]   [fold11] epoch=0-val_rankic=0.0568.ckpt (val_rankic=0.0568)
[predict]   [fold12] epoch=25-val_rankic=0.0719.ckpt (val_rankic=0.0719)
[predict]   [fold2] epoch=0-val_rankic=0.0650.ckpt (val_rankic=0.0650)
[predict]   [fold3] epoch=0-val_rankic=0.0350.ckpt (val_rankic=0.0350)
[predict]   [fold4] epoch=0-val_rankic=0.0648.ckpt (val_rankic=0.0648)
[predict]   [fold5] epoch=5-val_rankic=0.0813.ckpt (val_rankic=0.0813)
[predict]   [fold6] epoch=15-val_rankic=0.0598.ckpt (val_rankic=0.0598)
[predict]   [fold7] epoch=0-val_rankic=0.0581.ckpt (val_rankic=0.0581)
[predict]   [fold8] epoch=0-val_rankic=0.0566.ckpt (val_rankic=0.0566)
[predict]   [fold9] epoch=0-val_rankic=0.1085.ckpt (val_rankic=0.1085)
[predict]   [20250901] done, 962 stocks
[predict]   [20250902] done, 962 stocks
[predict]   [20250903] done, 962 stocks
[predict]   [20250904] done, 962 stocks
[predict]   [20250905] done, 962 stocks
[predict]   [20250908] done, 962 stocks
[predict]   [20250909] done, 962 stocks
[predict]   [20250910] done, 962 stocks
[predict]   [20250911] done, 962 stocks
[predict]   [20250912] done, 962 stocks
[predict]   [20250915] done, 962 stocks
[predict]   [20250916] done, 962 stocks
[predict]   [20250917] done, 962 stocks
[predict]   [20250918] done, 962 stocks
[predict]   [20250919] done, 962 stocks
[predict]   [20250922] done, 962 stocks
[predict]   [20250923] done, 962 stocks
[predict]   [20250924] done, 962 stocks
[predict]   [20250925] done, 961 stocks
[predict]   [20250926] done, 961 stocks
[predict]   [20250929] done, 960 stocks
[predict]   [20250930] done, 960 stocks
[predict]   [20251009] done, 960 stocks
[predict]   [20251010] done, 960 stocks
[predict]   [20251013] done, 960 stocks
[predict]   [20251014] done, 960 stocks
[predict]   [20251015] done, 960 stocks
[predict]   [20251016] done, 960 stocks
[predict]   [20251017] done, 962 stocks
[predict]   [20251020] done, 962 stocks
[predict]   [20251021] done, 962 stocks
[predict]   [20251022] done, 962 stocks
[predict]   [20251023] done, 962 stocks
[predict]   [20251024] done, 962 stocks
[predict]   [20251027] done, 961 stocks
[predict]   [20251028] done, 961 stocks
[predict]   [20251029] done, 961 stocks
[predict]   [20251030] done, 961 stocks
[predict]   [20251031] done, 961 stocks
[predict]   [20251103] done, 961 stocks
[predict]   [20251104] done, 961 stocks
[predict]   [20251105] done, 961 stocks
[predict]   [20251106] done, 961 stocks
[predict]   [20251107] done, 961 stocks
[predict]   [20251110] done, 962 stocks
[predict]   [20251111] done, 961 stocks
[predict]   [20251112] done, 962 stocks
[predict]   [20251113] done, 962 stocks
[predict]   [20251114] done, 962 stocks
[predict]   [20251117] done, 962 stocks
[predict]   [20251118] done, 961 stocks
[predict]   [20251119] done, 961 stocks
[predict]   [20251120] done, 960 stocks
[predict]   [20251121] done, 961 stocks
[predict]   [20251124] done, 961 stocks
[predict]   [20251125] done, 961 stocks
[predict]   [20251126] done, 961 stocks
[predict]   [20251127] done, 961 stocks
[predict]   [20251128] done, 961 stocks
[predict]   [20251201] done, 960 stocks
[predict]   [20251202] done, 960 stocks
[predict]   [20251203] done, 960 stocks
[predict]   [20251204] done, 960 stocks
[predict]   [20251205] done, 960 stocks
[predict]   [20251208] done, 960 stocks
[predict]   [20251209] done, 960 stocks
[predict]   [20251210] done, 960 stocks
[predict]   [20251211] done, 960 stocks
[predict]   [20251212] done, 960 stocks
[predict]   [20251215] done, 961 stocks
[predict]   [20251216] done, 961 stocks
[predict]   [20251217] done, 961 stocks
[predict]   [20251218] done, 962 stocks
[predict]   [20251219] done, 961 stocks
[predict]   [20251222] done, 961 stocks
[predict]   [20251223] done, 962 stocks
[predict]   [20251224] done, 962 stocks
[predict]   [20251225] done, 962 stocks
[predict]   [20251226] done, 962 stocks
[predict]   [20251229] done, 962 stocks
[predict]   [20251230] done, 960 stocks
[predict]   [20251231] done, 960 stocks
[predict]   [20260105] done, 960 stocks
[predict]   [20260106] done, 960 stocks
[predict]   [20260107] done, 960 stocks
[predict]   [20260108] done, 960 stocks
[predict]   [20260109] done, 960 stocks
[predict]   [20260112] done, 959 stocks
[predict]   [20260113] done, 957 stocks
[predict]   [20260114] done, 957 stocks
[predict]   [20260115] done, 958 stocks
[predict]   [20260116] done, 957 stocks
[predict]   [20260119] done, 957 stocks
[predict]   [20260120] done, 958 stocks
[predict]   [20260121] done, 959 stocks
[predict]   [20260122] done, 959 stocks
[predict]   [20260123] done, 960 stocks
[predict]   [20260126] done, 961 stocks
[predict]   [20260127] done, 961 stocks
[predict]   [20260128] done, 961 stocks
[predict]   [20260129] done, 961 stocks
[predict]   [20260130] done, 961 stocks
[predict]   [20260202] done, 961 stocks
[predict]   [20260203] done, 961 stocks
[predict]   [20260204] done, 961 stocks
[predict]   [20260205] done, 961 stocks
[predict]   [20260206] done, 961 stocks
[predict]   [20260209] done, 960 stocks
[predict]   [20260210] done, 961 stocks
[predict]   [20260211] done, 961 stocks
[predict]   [20260212] done, 961 stocks
[predict]   [20260213] done, 961 stocks
[predict]   [20260224] done, 961 stocks
[predict]   [20260225] done, 960 stocks
[predict]   [20260226] done, 960 stocks
[predict]   [20260227] done, 960 stocks
[predict]   [20260302] done, 959 stocks
[predict]   [20260303] done, 958 stocks
[predict]   [20260304] done, 958 stocks
[predict]   [20260305] done, 958 stocks
[predict]   [20260306] done, 958 stocks
[predict]   [20260309] done, 959 stocks
[predict]   [20260310] done, 959 stocks
[predict]   [20260311] done, 960 stocks
[predict]   [20260312] done, 960 stocks
[predict]   [20260313] done, 960 stocks
[predict]   [20260316] done, 961 stocks
[predict]   [20260317] done, 962 stocks
[predict]   [20260318] done, 962 stocks
[predict]   [20260319] done, 961 stocks
[predict]   [20260320] done, 961 stocks
[predict]   [20260323] done, 962 stocks
[predict]   [20260324] done, 962 stocks
[predict]   [20260325] done, 962 stocks
[predict]   [20260326] done, 962 stocks
[predict]   [20260327] done, 962 stocks
[predict]   [20260330] done, 962 stocks
[predict]   [20260331] done, 962 stocks
[predict]   [20260401] done, 962 stocks
[predict]   [20260402] done, 962 stocks
[predict]   [20260403] done, 961 stocks
[predict]   [20260407] done, 961 stocks
[predict]   [20260408] done, 961 stocks
[predict]   [20260409] done, 961 stocks
[predict]   [20260410] done, 961 stocks
[predict]   [20260413] done, 961 stocks
[predict]   [20260414] done, 962 stocks
[predict]   [20260415] done, 962 stocks
[predict]   [20260416] done, 962 stocks
[predict]   [20260417] done, 962 stocks
[predict]   [20260420] done, 961 stocks
[predict]   [20260421] done, 961 stocks
[predict]   [20260422] done, 960 stocks
[predict]   [20260423] done, 960 stocks
[predict]   [20260424] done, 961 stocks
[predict]   [20260427] done, 961 stocks
[predict]   [20260428] done, 961 stocks
[predict]   [20260429] done, 961 stocks
[predict]   [20260430] done, 961 stocks
[predict]   [20260506] done, 961 stocks
[predict]   [20260507] done, 962 stocks
[predict]   [20260508] done, 962 stocks
[predict]   [20260511] done, 962 stocks
[predict]   [20260512] done, 962 stocks
[predict]   [20260513] done, 962 stocks
[predict]   [20260514] done, 962 stocks
[predict]   [20260515] done, 962 stocks
[predict]   [20260518] done, 962 stocks
[predict]   [20260519] done, 962 stocks
[predict]   [20260520] done, 962 stocks
[predict]   [20260521] done, 962 stocks
[predict]   [20260522] done, 962 stocks
[predict]   [20260525] done, 962 stocks
[predict]   [20260526] done, 962 stocks
[predict]   [20260527] done, 962 stocks
[predict]   [20260528] done, 962 stocks
[predict]   [20260529] done, 962 stocks
[predict]   [20260601] done, 962 stocks
[predict]   [20260602] done, 962 stocks
[predict]   [20260603] done, 962 stocks
[predict]   [20260604] done, 962 stocks
[predict]   [20260605] done, 962 stocks
[predict]   [20260608] done, 962 stocks
[predict]   [20260609] done, 961 stocks
[predict]   [20260610] done, 961 stocks
[predict]   [20260611] done, 961 stocks
[predict]   [20260612] done, 961 stocks
[predict]   [20260615] done, 961 stocks
[predict]   [20260616] done, 961 stocks
[predict]   [20260617] done, 961 stocks
[predict]   [20260618] done, 961 stocks
[predict]   [20260622] done, 961 stocks
[predict]   [20260623] done, 962 stocks
[predict]   [20260624] done, 962 stocks
[predict]   [20260625] done, 962 stocks
[predict]   [20260626] done, 962 stocks
[predict]   [20260629] done, 961 stocks
[predict]   [20260630] done, 961 stocks
[predict]   [20260701] done, 961 stocks
[predict]   [20260702] done, 961 stocks
[predict]   [20260703] done, 961 stocks
[predict]   [20260706] done, 961 stocks
[predict]   [20260707] done, 961 stocks
[predict]   [20260708] done, 961 stocks
[predict]   [20260709] done, 961 stocks
[predict]   [20260710] done, 961 stocks
[predict]   [20260713] done, 962 stocks
[predict]   [20260714] done, 962 stocks
[predict]   [20260715] done, 962 stocks
[predict]   [20260716] done, 962 stocks
[predict]   [20260717] done, 962 stocks
[predict]   [20260720] done, 962 stocks
[predict]   [20260721] done, 962 stocks
[predict]   [20260722] done, 962 stocks
[predict]   [20260723] done, 962 stocks
[predict]   [20260724] done, 962 stocks
[predict]   [20260727] done, 962 stocks
[predict]   [20260728] done, 962 stocks
[predict]   [20260729] done, 962 stocks
[predict]   [20260730] done, 962 stocks
[predict]   [20260731] done, 962 stocks
[predict]   [20260803] done, 962 stocks
[predict]   [20260804] done, 962 stocks
[predict]   [20260805] done, 962 stocks
[predict]   [20260806] done, 962 stocks
[predict]   [20260807] done, 962 stocks
[predict]   [20260810] done, 962 stocks
[predict]   [20260811] done, 962 stocks
[predict]   [20260812] done, 962 stocks
[predict]   [20260813] done, 962 stocks
[predict]   [20260814] done, 962 stocks
[predict]   [20260817] done, 962 stocks
[predict]   [20260818] done, 961 stocks
[predict]   [20260819] done, 961 stocks
[predict]   [20260820] done, 960 stocks
[predict]   [20260821] done, 960 stocks
[predict]   [20260824] done, 961 stocks
[predict]   [20260825] done, 961 stocks
[predict]   [20260826] done, 961 stocks
[predict]   [20260827] done, 962 stocks
[predict]   [20260828] done, 962 stocks
[predict]   [20260831] done, 962 stocks
[predict]   [20260901] done, 962 stocks
[predict] Done, 243 days.

合并完成：首次推演 243 天
已保存到: /autodl-fs/data/lingqiData/Model/V10/model_pred/2026q3

---Test 集合打分---
  持仓数: 1 只
  打分区间: Test 集合 20250901 ~ 20260901 (241 天, 严格样本外, 与训练/验证无重叠)

模型评估结果
               模型值
指标                
RankIC      0.0448
RankICIR    0.3183
top_return  0.1312
[对照] 全池 Pearson IC: IC=+0.0133  ICIR=+0.0876
[提示] 后续回测章节使用同一 Test 区间的实际价格收益 (daily_adj open), 与训练 target 解耦
Price data: 8833662 rows, dates 20190102 ~ 20260902

========================================================================
                    最新模型打分 Top 推荐
========================================================================
  报告截至因子日期：2026年9月1日 收盘, 以下展示最近 10 个交易日

────────────────────────────────────────────────────────────
  因子日期：2026年8月19日 收盘
  模型预测1日收益率：2026年8月20日 买入 → 2026年8月21日 卖出
────────────────────────────────────────────────────────────

  排名   代码        名称                  打分
  -------------------------------------
  1    600021    上海电力        +  15.8309
  2    600765    中航重机        +  14.7951
  3    002531    天顺风能        +  14.3258
  4    600100    同方股份        +  14.1645
  5    000555    神州信息        +  14.1276
  6    600372    中航机载        +  13.6290
  7    000762    西藏矿业        +  13.4924
  8    600509    天富能源        +  13.4626
  9    002182    宝武镁业        +  13.3596
  10   603693    江苏新能        +  13.0167

────────────────────────────────────────────────────────────
  因子日期：2026年8月20日 收盘
  模型预测1日收益率：2026年8月21日 买入 → 2026年8月24日 卖出
────────────────────────────────────────────────────────────

  排名   代码        名称                  打分
  -------------------------------------
  1    000762    西藏矿业        +  17.8137
  2    000600    建投能源        +  17.2864
  3    601519    大智慧         +  15.7195
  4    601788    光大证券        +  15.3288
  5    600100    同方股份        +  15.0358
  6    000733    振华科技        +  14.9492
  7    600509    天富能源        +  14.6671
  8    002182    宝武镁业        +  14.4873
  9    002249    大洋电机        +  14.4756
  10   600021    上海电力        +  14.4093

────────────────────────────────────────────────────────────
  因子日期：2026年8月21日 收盘
  模型预测1日收益率：2026年8月24日 买入 → 2026年8月25日 卖出
────────────────────────────────────────────────────────────

  排名   代码        名称                  打分
  -------------------------------------
  1    603613    国联股份        +  15.8382
  2    600509    天富能源        +  15.6784
  3    000682    东方电子        +  14.7485
  4    002183    怡亚通         +  14.4508
  5    002011    盾安环境        +  14.3342
  6    000543    皖能电力        +  13.9906
  7    600416    湘电股份        +  13.7318
  8    600877    电科芯片        +  13.5531
  9    000065    北方国际        +  13.4199
  10   600635    大众公用        +  13.1111

────────────────────────────────────────────────────────────
  因子日期：2026年8月24日 收盘
  模型预测1日收益率：2026年8月25日 买入 → 2026年8月26日 卖出
────────────────────────────────────────────────────────────

  排名   代码        名称                  打分
  -------------------------------------
  1    002204    大连重工        +  14.6632
  2    601901    方正证券        +  13.8841
  3    000799    酒鬼酒         +  13.7822
  4    601888    中国中免        +  13.7088
  5    600271    航天信息        +  13.6726
  6    000050    深天马A        +  12.9392
  7    000958    电投产融        +  12.9112
  8    603000    人民网         +  12.6489
  9    002182    宝武镁业        +  12.5447
  10   600835    上海机电        +  12.5338

────────────────────────────────────────────────────────────
  因子日期：2026年8月25日 收盘
  模型预测1日收益率：2026年8月26日 买入 → 2026年8月27日 卖出
────────────────────────────────────────────────────────────

  排名   代码        名称                  打分
  -------------------------------------
  1    600089    特变电工        +  16.6701
  2    302132    中航成飞        +  16.6066
  3    000682    东方电子        +  15.3521
  4    600030    中信证券        +  14.8247
  5    600862    中航高科        +  14.7499
  6    000422    湖北宜化        +  14.3341
  7    600642    申能股份        +  13.7109
  8    600509    天富能源        +  13.6412
  9    000035    中国天楹        +  13.6144
  10   000875    电投绿能        +  13.6140

────────────────────────────────────────────────────────────
  因子日期：2026年8月26日 收盘
  模型预测1日收益率：2026年8月27日 买入 → 2026年8月28日 卖出
────────────────────────────────────────────────────────────

  排名   代码        名称                  打分
  -------------------------------------
  1    002611    东方精工        +  17.9069
  2    002179    中航光电        +  16.3268
  3    000880    潍柴重机        +  14.5126
  4    002139    拓邦股份        +  14.3305
  5    000066    中国长城        +  14.1813
  6    600835    上海机电        +  14.0058
  7    600699    均胜电子        +  13.9360
  8    603662    柯力传感        +  13.7028
  9    600480    凌云股份        +  13.6491
  10   600509    天富能源        +  13.3807

────────────────────────────────────────────────────────────
  因子日期：2026年8月27日 收盘
  模型预测1日收益率：2026年8月28日 买入 → 2026年8月31日 卖出
────────────────────────────────────────────────────────────

  排名   代码        名称                  打分
  -------------------------------------
  1    002439    启明星辰        +  14.7729
  2    000600    建投能源        +  14.0793
  3    002416    爱施德         +  14.0644
  4    600420    国药现代        +  13.8593
  5    600600    青岛啤酒        +  13.7735
  6    603026    石大胜华        +  13.7288
  7    000719    中原传媒        +  13.6737
  8    000400    许继电气        +  13.4275
  9    000543    皖能电力        +  13.1769
  10   002625    光启技术        +  12.6937

────────────────────────────────────────────────────────────
  因子日期：2026年8月28日 收盘
  模型预测1日收益率：2026年8月31日 买入 → 2026年9月1日 卖出
────────────────────────────────────────────────────────────

  排名   代码        名称                  打分
  -------------------------------------
  1    002056    横店东磁        +  14.6381
  2    600456    宝钛股份        +  14.4233
  3    000901    航天科技        +  13.9439
  4    002294    信立泰         +  13.7287
  5    002050    三花智控        +  13.5339
  6    002896    中大力德        +  13.4793
  7    000158    常山北明        +  13.0918
  8    600877    电科芯片        +  13.0161
  9    002195    岩山科技        +  12.9168
  10   002011    盾安环境        +  12.8682

────────────────────────────────────────────────────────────
  因子日期：2026年8月31日 收盘
  模型预测1日收益率：2026年9月1日 买入 → 2026年9月2日 卖出
────────────────────────────────────────────────────────────

  排名   代码        名称                  打分
  -------------------------------------
  1    002204    大连重工        +  15.3424
  2    000528    柳工          +  14.3117
  3    000400    许继电气        +  14.1310
  4    002139    拓邦股份        +  14.0091
  5    002468    申通快递        +  13.3622
  6    600702    舍得酒业        +  13.1925
  7    000028    国药一致        +  13.0072
  8    000600    建投能源        +  13.0061
  9    000591    太阳能         +  12.6277
  10   600884    杉杉股份        +  12.5056

────────────────────────────────────────────────────────────
  因子日期：2026年9月1日 收盘
  模型预测1日收益率：2026年9月2日 买入 → 2026年9月3日 卖出
────────────────────────────────────────────────────────────

  排名   代码        名称                  打分
  -------------------------------------
  1    002709    天赐材料        +  17.7465
  2    002812    恩捷股份        +  16.2744
  3    002625    光启技术        +  16.1204
  4    603501    豪威集团        +  16.0768
  5    002074    国轩高科        +  15.1700
  6    002326    永太科技        +  14.7532
  7    002230    科大讯飞        +  14.7240
  8    002050    三花智控        +  13.9918
  9    603906    龙蟠科技        +  13.9118
  10   002668    TCL智家       +  13.8061
--- Backtest: 20250901 ~ 20260901 (Test 集合) ---
Window : 20250901 ~ 20260901  (243 trading days)
  predicted: 243 days  (20250901~20260901)
[Figure saved] ./model_pic/figure_01.png

====================================================================================================
  Trade Log — Top 1 | 243 days | hold 1d | Returns from daily_adj open prices
====================================================================================================
 FactorDt   BuyDt     Code     Name    Score   BuyPrc   SellDt   SellPrc   Ret%    累加收益 
--------------------------------------------------------------------------------------------
  20250901  20250902  002683广东宏大    +17.20   33.41  20250903    32.39   -3.05%    -3.05%
  20250902  20250903  603938三孚股份    +17.44   14.08  20250904    14.17   +0.64%    -2.41%
  20250903  20250904  002440闰土股份    +16.52    6.97  20250905     7.04   +1.00%    -1.41%
  20250904  20250905  002647仁东控股    +17.23    5.62  20250908     5.64   +0.36%    -1.05%
  20250905  20250908  000429粤高速A     +17.81   11.49  20250909    11.52   +0.26%    -0.79%
  20250908  20250909  000623吉林敖东    +16.24   18.96  20250910    18.88   -0.42%    -1.21%
  20250909  20250910  002389航天彩虹    +16.01   21.16  20250911    21.21   +0.24%    -0.98%
  20250910  20250911  000338潍柴动力    +15.88   14.16  20250912    14.26   +0.71%    -0.27%
  20250911  20250912  000429粤高速A     +18.96   11.36  20250915    11.23   -1.14%    -1.42%
  20250912  20250915  600316洪都航空    +15.07   35.10  20250916    34.31   -2.25%    -3.67%
  20250915  20250916  002389航天彩虹    +18.31   21.53  20250917    21.40   -0.60%    -4.27%
  20250916  20250917  002626金达威      +16.34   19.27  20250918    19.61   +1.76%    -2.51%
  20250917  20250918  600343航天动力    +17.44   14.13  20250919    13.95   -1.27%    -3.78%
  20250918  20250919  002389航天彩虹    +14.98   21.07  20250922    21.51   +2.09%    -1.69%
  20250919  20250922  002149西部材料    +17.25   17.12  20250923    17.18   +0.35%    -1.34%
  20250922  20250923  000065北方国际    +15.28   10.88  20250924    10.75   -1.19%    -2.54%
  20250923  20250924  000065北方国际    +16.94   10.75  20250925    10.83   +0.74%    -1.79%
  20250924  20250925  002597金禾实业    +15.38   20.99  20250926    20.83   -0.76%    -2.55%
  20250925  20250926  000065北方国际    +16.23   10.71  20250929    10.66   -0.47%    -3.02%
  20250926  20250929  603883老百姓      +16.14   16.17  20250930    16.31   +0.87%    -2.16%
  20250929  20250930  002361神剑股份    +19.37    6.20  20251009     6.13   -1.13%    -3.28%
  20250930  20251009  000815美利云      +17.15   12.30  20251010    12.56   +2.11%    -1.17%
  20251009  20251010  002465海格通信    +19.18   13.06  20251013    12.42   -4.90%    -6.07%
  20251010  20251013  002174游族网络    +18.08   11.05  20251014    11.23   +1.63%    -4.44%
  20251013  20251014  600851海欣股份    +17.27    6.57  20251015     6.60   +0.46%    -3.99%
  20251014  20251015  002174游族网络    +17.94   11.09  20251016    11.28   +1.71%    -2.27%
  20251015  20251016  002647仁东控股    +16.20    6.71  20251017     6.62   -1.34%    -3.61%
  20251016  20251017  002832比音勒芬    +16.10   15.92  20251020    15.77   -0.94%    -4.56%
  20251017  20251020  000815美利云      +19.89   11.99  20251021    11.80   -1.58%    -6.14%
  20251020  20251021  000815美利云      +15.98   11.80  20251022    12.00   +1.69%    -4.45%
  20251021  20251022  002019亿帆医药    +18.08   13.09  20251023    13.01   -0.61%    -5.06%
  20251022  20251023  000963华东医药    +16.35   39.97  20251024    39.79   -0.45%    -5.51%
  20251023  20251024  000963华东医药    +18.71   39.79  20251027    40.18   +0.98%    -4.53%
  20251024  20251027  002865钧达股份    +18.21   40.31  20251028    40.10   -0.52%    -5.05%
  20251027  20251028  002019亿帆医药    +19.58   13.02  20251029    13.01   -0.08%    -5.12%
  20251028  20251029  002929润建股份    +16.04   44.63  20251030    44.74   +0.25%    -4.88%
  20251029  20251030  002647仁东控股    +17.23    6.85  20251031     6.80   -0.73%    -5.61%
  20251030  20251031  000681视觉中国    +16.12   20.38  20251103    22.04   +8.15%    +2.54%
  20251031  20251103  600391航发科技    +19.58   26.91  20251104    26.61   -1.11%    +1.42%
  20251103  20251104  000651格力电器    +17.21   38.50  20251105    38.55   +0.13%    +1.55%
  20251104  20251105  000768中航西飞    +16.70   25.10  20251106    25.11   +0.04%    +1.59%
  20251105  20251106  600345长江通信    +17.23   25.51  20251107    25.50   -0.04%    +1.55%
  20251106  20251107  600612老凤祥      +15.67   46.18  20251110    46.21   +0.06%    +1.62%
  20251107  20251110  002062宏润建设    +17.51   10.21  20251111     9.89   -3.13%    -1.52%
  20251110  20251111  002929润建股份    +19.30   42.24  20251112    41.30   -2.23%    -3.74%
  20251111  20251112  002268电科网安    +15.74   17.61  20251113    17.34   -1.53%    -5.28%
  20251112  20251113  600602云赛智联    +16.01   18.92  20251114    19.10   +0.95%    -4.32%
  20251113  20251114  002019亿帆医药    +19.52   13.14  20251117    13.15   +0.08%    -4.25%
  20251114  20251117  601137博威合金    +17.86   21.80  20251118    21.67   -0.60%    -4.84%
  20251117  20251118  601137博威合金    +17.19   21.67  20251119    21.73   +0.28%    -4.57%
  20251118  20251119  001696宗申动力    +18.91   21.66  20251120    22.06   +1.85%    -2.72%
  20251119  20251120  002025航天电器    +16.83   43.10  20251121    41.90   -2.78%    -5.50%
  20251120  20251121  002025航天电器    +16.35   41.90  20251124    41.82   -0.19%    -5.70%
  20251121  20251124  000970中科三环    +15.15   12.37  20251125    12.58   +1.70%    -4.00%
  20251124  20251125  002139拓邦股份    +16.81   12.78  20251126    12.81   +0.23%    -3.76%
  20251125  20251126  000062深圳华强    +18.13   25.31  20251127    25.45   +0.55%    -3.21%
  20251126  20251127  603078江化微      +14.71   17.54  20251128    17.61   +0.40%    -2.81%
  20251127  20251128  002025航天电器    +16.56   40.41  20251201    41.20   +1.95%    -0.86%
  20251128  20251201  002881美格智能    +16.91   42.21  20251202    47.12  +11.63%   +10.78%
  20251201  20251202  600862中航高科    +19.24   21.28  20251203    20.98   -1.41%    +9.37%
  20251202  20251203  002019亿帆医药    +15.48   12.14  20251204    12.80   +5.44%   +14.80%
  20251203  20251204  002131利欧股份    +16.07    4.93  20251205     4.94   +0.20%   +15.01%
  20251204  20251205  001696宗申动力    +15.63   21.44  20251208    21.68   +1.12%   +16.13%
  20251205  20251208  002468申通快递    +14.77   14.24  20251209    14.16   -0.56%   +15.56%
  20251208  20251209  000810创维数字    +15.76   11.91  20251210    11.76   -1.26%   +14.30%
  20251209  20251210  603039泛微网络    +16.59   49.27  20251211    49.90   +1.28%   +15.58%
  20251210  20251211  002531天顺风能    +16.49    6.79  20251212     6.82   +0.44%   +16.02%
  20251211  20251212  002617露笑科技    +15.87    7.84  20251215     8.09   +3.19%   +19.21%
  20251212  20251215  000810创维数字    +18.19   11.35  20251216    11.37   +0.18%   +19.39%
  20251215  20251216  002245蔚蓝锂芯    +17.08   15.84  20251217    15.49   -2.21%   +17.18%
  20251216  20251217  000837秦川机床    +17.17   11.80  20251218    11.77   -0.25%   +16.93%
  20251217  20251218  000837秦川机床    +19.70   11.77  20251219    11.87   +0.85%   +17.78%
  20251218  20251219  600552凯盛科技    +14.83   10.85  20251222    10.86   +0.09%   +17.87%
  20251219  20251222  000066中国长城    +15.27   13.96  20251223    14.13   +1.22%   +19.09%
  20251222  20251223  002019亿帆医药    +18.53   11.94  20251224    11.77   -1.42%   +17.66%
  20251223  20251224  002019亿帆医药    +16.68   11.77  20251225    11.95   +1.53%   +19.19%
  20251224  20251225  000837秦川机床    +15.60   12.13  20251226    12.41   +2.31%   +21.50%
  20251225  20251226  000810创维数字    +16.45   11.55  20251229    11.55   +0.00%   +21.50%
  20251226  20251229  000712锦龙股份    +16.29   12.12  20251230    12.01   -0.91%   +20.59%
  20251229  20251230  002145钛能化学    +17.38    4.94  20251231     4.92   -0.40%   +20.19%
  20251230  20251231  002456欧菲光      +15.31   10.66  20260105    10.63   -0.28%   +19.91%
  20251231  20260105  600063皖维高新    +15.35    5.90  20260106     5.95   +0.85%   +20.75%
  20260105  20260106  000550江铃汽车    +18.38   18.47  20260107    18.54   +0.38%   +21.13%
  20260106  20260107  002215诺普信      +17.44   11.01  20260108    10.78   -2.09%   +19.04%
  20260107  20260108  002215诺普信      +18.86   10.78  20260109    10.87   +0.83%   +19.88%
  20260108  20260109  000550江铃汽车    +15.32   18.20  20260112    18.25   +0.27%   +20.15%
  20260109  20260112  002062宏润建设    +20.10    9.36  20260113     9.39   +0.32%   +20.47%
  20260112  20260113  002062宏润建设    +17.67    9.39  20260114     9.01   -4.05%   +16.43%
  20260113  20260114  000712锦龙股份    +16.83   12.51  20260115    12.41   -0.80%   +15.63%
  20260114  20260115  000712锦龙股份    +17.30   12.41  20260116    12.38   -0.24%   +15.38%
  20260115  20260116  000799酒鬼酒      +18.80   55.12  20260119    54.30   -1.49%   +13.90%
  20260116  20260119  002145钛能化学    +18.56    4.85  20260120     4.95   +2.06%   +15.96%
  20260119  20260120  600285羚锐制药    +18.47   20.89  20260121    21.20   +1.48%   +17.44%
  20260120  20260121  000029深深房A     +15.90   21.01  20260122    21.56   +2.62%   +20.06%
  20260121  20260122  002670国盛证券    +17.91   16.24  20260123    16.26   +0.12%   +20.18%
  20260122  20260123  002670国盛证券    +16.00   16.26  20260126    16.48   +1.35%   +21.54%
  20260123  20260126  002779中坚科技    +17.28  111.86  20260127   105.70   -5.51%   +16.03%
  20260126  20260127  002670国盛证券    +16.23   16.35  20260128    16.29   -0.37%   +15.66%
  20260127  20260128  600864哈投股份    +16.96    6.55  20260129     6.58   +0.46%   +16.12%
  20260128  20260129  002019亿帆医药    +17.68   12.36  20260130    12.33   -0.24%   +15.88%
  20260129  20260130  000062深圳华强    +16.34   25.40  20260202    25.99   +2.32%   +18.20%
  20260130  20260202  600536中国软件    +18.17   45.02  20260203    44.44   -1.29%   +16.91%
  20260202  20260203  002741光华科技    +17.64   20.60  20260204    20.60   +0.00%   +16.91%
  20260203  20260204  002287奇正藏药    +15.64   23.54  20260205    23.69   +0.64%   +17.55%
  20260204  20260205  600536中国软件    +17.57   44.78  20260206    44.73   -0.11%   +17.44%
  20260205  20260206  000887中鼎股份    +16.66   20.34  20260209    21.08   +3.64%   +21.08%
  20260206  20260209  000766通化金马    +15.67   23.15  20260210    23.80   +2.81%   +23.88%
  20260209  20260210  002741光华科技    +16.15   20.75  20260211    20.59   -0.77%   +23.11%
  20260210  20260211  601688华泰证券    +15.47   22.65  20260212    22.63   -0.09%   +23.03%
  20260211  20260212  002701奥瑞金      +16.31    5.75  20260213     5.67   -1.39%   +21.63%
  20260212  20260213  000592平潭发展    +16.93   10.67  20260224    10.71   +0.37%   +22.01%
  20260213  20260224  002670国盛证券    +16.90   15.95  20260225    15.90   -0.31%   +21.70%
  20260224  20260225  002626金达威      +16.39   18.94  20260226    19.38   +2.32%   +24.02%
  20260225  20260226  600536中国软件    +16.29   44.21  20260227    43.86   -0.79%   +23.23%
  20260226  20260227  002174游族网络    +16.81   11.11  20260302    10.91   -1.80%   +21.43%
  20260227  20260302  000810创维数字    +16.27   11.72  20260303    11.43   -2.47%   +18.95%
  20260302  20260303  002847盐津铺子    +16.80   62.23  20260304    61.88   -0.56%   +18.39%
  20260303  20260304  002456欧菲光      +16.39    8.88  20260305     9.04   +1.80%   +20.19%
  20260304  20260305  002773康弘药业    +17.61   27.05  20260306    27.01   -0.15%   +20.04%
  20260305  20260306  603236移远通信    +15.59   79.02  20260309    80.16   +1.44%   +21.49%
  20260306  20260309  000766通化金马    +19.34   21.15  20260310    21.40   +1.18%   +22.67%
  20260309  20260310  002698博实股份    +15.82   15.00  20260311    15.26   +1.73%   +24.40%
  20260310  20260311  600446金证股份    +17.00   14.43  20260312    14.24   -1.32%   +23.08%
  20260311  20260312  002174游族网络    +17.55   10.53  20260313    10.86   +3.13%   +26.22%
  20260312  20260313  002625光启技术    +16.78   43.29  20260316    43.25   -0.09%   +26.13%
  20260313  20260316  002402和而泰      +15.97   31.73  20260317    31.89   +0.50%   +26.63%
  20260316  20260317  600619海立股份    +18.17   17.84  20260318    18.41   +3.20%   +29.83%
  20260317  20260318  002174游族网络    +16.90   10.44  20260319    10.17   -2.59%   +27.24%
  20260318  20260319  002698博实股份    +18.36   14.69  20260320    14.50   -1.29%   +25.95%
  20260319  20260320  002174游族网络    +16.25    9.99  20260323     9.38   -6.11%   +19.84%
  20260320  20260323  002062宏润建设    +14.37    7.50  20260324     7.27   -3.07%   +16.77%
  20260323  20260324  002287奇正藏药    +15.45   22.39  20260325    22.43   +0.18%   +16.95%
  20260324  20260325  000099中信海直    +18.47   17.47  20260326    17.65   +1.03%   +17.98%
  20260325  20260326  603456九洲药业    +15.76   15.70  20260327    15.65   -0.32%   +17.66%
  20260326  20260327  000799酒鬼酒      +16.24   41.90  20260330    42.96   +2.53%   +20.19%
  20260327  20260330  000099中信海直    +15.63   17.05  20260331    17.18   +0.76%   +20.96%
  20260330  20260331  000801四川九洲    +18.75   13.22  20260401    13.94   +5.45%   +26.40%
  20260331  20260401  002062宏润建设    +15.35    7.58  20260402     7.53   -0.66%   +25.74%
  20260401  20260402  002011盾安环境    +15.91   11.88  20260403    11.78   -0.84%   +24.90%
  20260402  20260403  302132中航成飞    +15.21   66.53  20260407    66.00   -0.80%   +24.10%
  20260403  20260407  000801四川九洲    +18.08   13.23  20260408    13.61   +2.87%   +26.98%
  20260407  20260408  002065东华软件    +14.95    8.00  20260409     8.26   +3.25%   +30.23%
  20260408  20260409  002698博实股份    +16.13   13.61  20260410    13.68   +0.51%   +30.74%
  20260409  20260410  000801四川九洲    +20.01   13.78  20260413    13.70   -0.58%   +30.16%
  20260410  20260413  000700模塑科技    +18.70   11.20  20260414    11.30   +0.89%   +31.05%
  20260413  20260414  002011盾安环境    +17.34   11.99  20260415    12.16   +1.42%   +32.47%
  20260414  20260415  002215诺普信      +16.72   10.22  20260416    10.45   +2.25%   +34.72%
  20260415  20260416  603733仙鹤股份    +15.53   21.43  20260417    21.68   +1.17%   +35.89%
  20260416  20260417  002215诺普信      +15.64   10.32  20260420     9.99   -3.20%   +32.69%
  20260417  20260420  002698博实股份    +16.74   14.03  20260421    14.13   +0.71%   +33.40%
  20260420  20260421  000623吉林敖东    +17.31   17.92  20260422    17.82   -0.56%   +32.85%
  20260421  20260422  002698博实股份    +18.60   13.93  20260423    14.01   +0.57%   +33.42%
  20260422  20260423  000801四川九洲    +14.89   14.29  20260424    13.98   -2.17%   +31.25%
  20260423  20260424  002031巨轮智能    +15.85    5.94  20260427     5.81   -2.19%   +29.06%
  20260424  20260427  000623吉林敖东    +17.70   17.79  20260428    18.51   +4.05%   +33.11%
  20260427  20260428  000887中鼎股份    +16.65   18.12  20260429    17.43   -3.81%   +29.30%
  20260428  20260429  002268电科网安    +19.05   15.43  20260430    15.62   +1.23%   +30.53%
  20260429  20260430  600570恒生电子    +17.62   26.55  20260506    26.98   +1.62%   +32.15%
  20260430  20260506  000917电广传媒    +17.06    8.80  20260507     8.83   +0.34%   +32.49%
  20260506  20260507  002373千方科技    +18.05    9.12  20260508     9.15   +0.33%   +32.82%
  20260507  20260508  002258利尔化学    +18.55   12.47  20260511    12.41   -0.48%   +32.34%
  20260508  20260511  000917电广传媒    +15.49    9.03  20260512     8.88   -1.66%   +30.68%
  20260511  20260512  002373千方科技    +17.08    9.18  20260513     8.89   -3.16%   +27.52%
  20260512  20260513  002373千方科技    +16.47    8.89  20260514     9.01   +1.35%   +28.87%
  20260513  20260514  000568泸州老窖    +16.53   92.63  20260515    92.80   +0.18%   +29.05%
  20260514  20260515  002373千方科技    +17.58    8.62  20260518     8.58   -0.46%   +28.59%
  20260515  20260518  002945华林证券    +17.92   14.99  20260519    14.93   -0.40%   +28.19%
  20260518  20260519  002624完美世界    +15.57   15.44  20260520    15.11   -2.14%   +26.05%
  20260519  20260520  002019亿帆医药    +18.09   10.36  20260521    10.40   +0.39%   +26.44%
  20260520  20260521  002268电科网安    +14.82   15.71  20260522    15.30   -2.61%   +23.83%
  20260521  20260522  002670国盛证券    +15.65   11.99  20260525    11.94   -0.42%   +23.41%
  20260522  20260525  002215诺普信      +15.11    9.10  20260526     8.75   -3.85%   +19.57%
  20260525  20260526  002895川恒股份    +16.32   32.70  20260527    34.20   +4.59%   +24.15%
  20260526  20260527  000048京基智农    +18.63   13.27  20260528    12.90   -2.79%   +21.36%
  20260527  20260528  002312川发龙蟒    +18.04    9.17  20260529     9.15   -0.22%   +21.15%
  20260528  20260529  002268电科网安    +17.39   14.55  20260601    14.14   -2.82%   +18.33%
  20260529  20260601  002945华林证券    +17.44   14.50  20260602    14.57   +0.48%   +18.81%
  20260601  20260602  002268电科网安    +14.82   14.48  20260603    14.11   -2.56%   +16.26%
  20260602  20260603  002268电科网安    +15.32   14.11  20260604    13.93   -1.28%   +14.98%
  20260603  20260604  002276万马股份    +13.32   11.53  20260605    11.39   -1.21%   +13.77%
  20260604  20260605  000998隆平高科    +14.18    8.38  20260608     8.24   -1.67%   +12.10%
  20260605  20260608  002262恩华药业    +15.37   19.22  20260609    19.21   -0.05%   +12.04%
  20260608  20260609  002402和而泰      +13.03   24.77  20260610    24.59   -0.73%   +11.32%
  20260609  20260610  002268电科网安    +15.97   13.32  20260611    13.18   -1.05%   +10.27%
  20260610  20260611  002402和而泰      +16.55   23.96  20260612    24.20   +1.00%   +11.27%
  20260611  20260612  002262恩华药业    +16.85   19.18  20260615    19.46   +1.46%   +12.73%
  20260612  20260615  002366融发核电    +18.88    6.04  20260616     6.16   +1.99%   +14.71%
  20260615  20260616  600120浙江东方    +15.44    4.54  20260617     4.55   +0.22%   +14.93%
  20260616  20260617  002262恩华药业    +13.98   19.07  20260618    18.68   -2.05%   +12.89%
  20260617  20260618  002019亿帆医药    +16.76    9.78  20260622     9.70   -0.82%   +12.07%
  20260618  20260622  002555三七互娱    +14.19   17.28  20260623    18.05   +4.46%   +16.53%
  20260622  20260623  000998隆平高科    +16.74    7.80  20260624     7.85   +0.64%   +17.17%
  20260623  20260624  603619中曼石油    +15.69   21.03  20260625    20.40   -3.00%   +14.17%
  20260624  20260625  002268电科网安    +14.60   12.94  20260626    12.76   -1.39%   +12.78%
  20260625  20260626  000158常山北明    +14.69   13.18  20260629    12.65   -4.02%    +8.76%
  20260626  20260629  002366融发核电    +17.77    5.55  20260630     5.92   +6.67%   +15.43%
  20260629  20260630  600633浙数文化    +15.19   10.06  20260701    10.24   +1.79%   +17.22%
  20260630  20260701  002019亿帆医药    +17.06    9.30  20260702     9.76   +4.95%   +22.16%
  20260701  20260702  603619中曼石油    +16.99   18.20  20260703    18.88   +3.74%   +25.90%
  20260702  20260703  002195岩山科技    +16.80    6.42  20260706     6.57   +2.34%   +28.23%
  20260703  20260706  002131利欧股份    +15.32    4.51  20260707     4.28   -5.10%   +23.14%
  20260706  20260707  600602云赛智联    +16.15   15.63  20260708    14.96   -4.29%   +18.85%
  20260707  20260708  603185弘元绿能    +16.46   14.80  20260709    14.28   -3.51%   +15.33%
  20260708  20260709  000592平潭发展    +17.49    5.86  20260710     5.87   +0.17%   +15.51%
  20260709  20260710  000009中国宝安    +14.94    6.06  20260713     6.16   +1.65%   +17.16%
  20260710  20260713  000155川能动力    +16.09   10.86  20260714    10.83   -0.28%   +16.88%
  20260713  20260714  002366融发核电    +14.60    4.95  20260715     4.98   +0.61%   +17.49%
  20260714  20260715  002405四维图新    +18.74    6.06  20260716     6.13   +1.16%   +18.64%
  20260715  20260716  000155川能动力    +19.55   11.00  20260717    10.95   -0.45%   +18.19%
  20260716  20260717  601619嘉泽新能    +15.76    4.10  20260720     4.08   -0.49%   +17.70%
  20260717  20260720  000833粤桂股份    +17.27   19.39  20260721    19.02   -1.91%   +15.79%
  20260720  20260721  002647仁东控股    +17.96    8.46  20260722     8.39   -0.83%   +14.96%
  20260721  20260722  002865钧达股份    +17.92   41.41  20260723    42.24   +2.00%   +16.97%
  20260722  20260723  002387维信诺      +15.41    6.17  20260724     6.25   +1.30%   +18.26%
  20260723  20260724  000681视觉中国    +17.18   16.03  20260727    15.46   -3.56%   +14.71%
  20260724  20260727  000766通化金马    +16.56   15.08  20260728    15.99   +6.03%   +20.74%
  20260727  20260728  603868飞科电器    +15.94   29.24  20260729    29.85   +2.09%   +22.83%
  20260728  20260729  002926华西证券    +14.37    8.16  20260730     8.28   +1.47%   +24.30%
  20260729  20260730  002048宁波华翔    +17.61   18.11  20260731    18.12   +0.06%   +24.35%
  20260730  20260731  000065北方国际    +17.51    9.25  20260803     9.30   +0.54%   +24.89%
  20260731  20260803  002756永兴材料    +17.79   44.77  20260804    46.35   +3.53%   +28.42%
  20260803  20260804  002011盾安环境    +19.40   10.61  20260805    10.53   -0.75%   +27.67%
  20260804  20260805  600416湘电股份    +14.67    9.37  20260806     9.32   -0.53%   +27.14%
  20260805  20260806  600862中航高科    +16.67   18.48  20260807    18.27   -1.14%   +26.00%
  20260806  20260807  002459晶澳科技    +15.02    7.72  20260810     7.72   +0.00%   +26.00%
  20260807  20260810  002459晶澳科技    +15.01    7.72  20260811     7.76   +0.52%   +26.52%
  20260810  20260811  603305旭升集团    +16.92   11.90  20260812    11.93   +0.25%   +26.77%
  20260811  20260812  600268国电南自    +17.39   11.14  20260813    11.18   +0.36%   +27.13%
  20260812  20260813  600416湘电股份    +15.66    9.08  20260814     9.04   -0.44%   +26.69%
  20260813  20260814  600884杉杉股份    +16.86   11.97  20260817    12.10   +1.09%   +27.77%
  20260814  20260817  002011盾安环境    +16.21   10.12  20260818    10.08   -0.40%   +27.38%
  20260817  20260818  002011盾安环境    +20.64   10.08  20260819    10.07   -0.10%   +27.28%
  20260818  20260819  002074国轩高科    +16.36   26.66  20260820    26.52   -0.53%   +26.76%
  20260819  20260820  600021上海电力    +15.83   13.65  20260821    13.59   -0.44%   +26.32%
  20260820  20260821  000762西藏矿业    +17.81   22.12  20260824    23.60   +6.69%   +33.01%
  20260821  20260824  603613国联股份    +15.84   18.19  20260825    17.81   -2.09%   +30.92%
  20260824  20260825  002204大连重工    +14.66    5.10  20260826     5.14   +0.78%   +31.70%
  20260825  20260826  600089特变电工    +16.67   18.99  20260827    19.25   +1.37%   +33.07%
  20260826  20260827  002611东方精工    +17.91   14.60  20260828    14.74   +0.96%   +34.03%
  20260827  20260828  002439启明星辰    +14.77   13.85  20260831    13.35   -3.61%   +30.42%
  20260828  20260831  002056横店东磁    +14.64   21.01  20260901    21.26   +1.19%   +31.61%
  20260831  20260901  002204大连重工    +15.34    5.20  20260902     5.24   +0.77%   +32.38%
  20260901  20260902  002709天赐材料    +17.75   35.20  20260903        -        -   +32.38%
====================================================================================================

Realized: 242  |  Pending: 1
Cumulative: +0.3238 (+32.38%)  |  Win rate: 125/242 (51.7%)  |  Mean: +0.001338  |  MaxDD: -0.2713

=======================================================
  Recent 243d Summary  |  Top 1  |  Hold 1d
=======================================================
  Window     : 20250901 ~ 20260901  (243 days)
  Realized   : 242 days  |  Pending : 1 days
  Cum Return : +0.3238  (+32.38%)
  Daily Mean : +0.001338  (+0.1338%)
  Ann Return : 33.72%
  Sharpe     : 0.9689
  Win Rate   : 51.7%  (125/242)
  Best Day   : +0.1163  (20251128)
  Worst Day  : -0.0611  (20260319)
  Max Drawdown: -0.2713  (-27.13%)  at 20260625
=======================================================

[Pending] 1 date(s) — 1d return not yet realized:
  20260901: buy 20260902  ->  sell 20260903

=======================================================
  分散组合对比  |  Hold 1d  |  20250901 ~ 20260901
=======================================================
   构造  天数      日均      累计    胜率 年化Sharpe
 Top5 242 +0.137% +33.14% 55.0%    +1.50
Top10 242 +0.111% +26.93% 54.1%    +1.35
Top20 242 +0.125% +30.29% 55.4%    +1.59
  前1% 242 +0.114% +27.65% 54.1%    +1.37
  前5% 242 +0.112% +27.03% 58.3%    +1.48
 前10% 242 +0.115% +27.87% 56.6%    +1.56
=======================================================

[提示] Top1 单票的日盈亏由涨跌停等尾部事件主导, 统计意义很弱; 请以上表分散组合为准判断信号质量。
