[analysis] 跳过推演 (--skip-infer)
[analysis] ens23 组装完成: 246 天 × 962 股票 (20250901 ~ 20260904)
[analysis] 打分缓存: /autodl-fs/data/lingqiData/Model/V23/model_pred/2026q3/score_ens23.fea
# V23 每日报告 (ens23 trail轨迹打分 + Top2 持有≤20日+移动止损20% 开盘换仓, 含成本)

---Test 集合打分 (长周期, 可交易池)---
  打分区间: Test 集合 20250901 ~ 20260901 (严格样本外)

  ict      +0.0946
  ic10     +0.0786
  ic20     +0.0984
  topt     +0.0540
  top10    +0.0268
[说明] ict/ic10/ic20 = RankIC vs trail轨迹/10d/20d 收益; topt/top10 = Top1 的 trail/10d 平均收益

====================================================================================================
                    最新模型打分 Top 推荐
====================================================================================================
  报告截至因子日期：2026年9月4日 收盘, 以下展示最近 10 个交易日

────────────────────────────────────────────────────────────
  打分模型: ens23 = z(族a trail/10d/20d mix) + wc·z(族c trail/10d/20d mix)  (V23 自训 16 折)
  因子日期：2026年8月24日 收盘
  目标策略：2026年8月25日 开盘买入 Top2 → 持有 ≤ 20 个交易日; 收盘较持仓期峰值下跌 ≥ 20% → 次日开盘卖出 (开盘先卖后买)
────────────────────────────────────────────────────────────

  排名   代码        名称                  打分
  -------------------------------------
  1    600072    中船科技            +6.1082
  2    600446    金证股份            +5.3850
  3    002324    普利特             +5.3719
  4    002531    天顺风能            +5.1656
  5    002276    万马股份            +5.0992
  6    600850    电科数字            +5.0447
  7    002373    千方科技            +4.9290
  8    002092    中泰化学            +4.7695
  9    000969    安泰科技            +4.7488
  10   002063    远光软件            +4.7096


────────────────────────────────────────────────────────────
  打分模型: ens23 = z(族a trail/10d/20d mix) + wc·z(族c trail/10d/20d mix)  (V23 自训 16 折)
  因子日期：2026年8月25日 收盘
  目标策略：2026年8月26日 开盘买入 Top2 → 持有 ≤ 20 个交易日; 收盘较持仓期峰值下跌 ≥ 20% → 次日开盘卖出 (开盘先卖后买)
────────────────────────────────────────────────────────────

  排名   代码        名称                  打分
  -------------------------------------
  1    600072    中船科技            +5.5186
  2    002324    普利特             +5.5152
  3    600446    金证股份            +5.3487
  4    002063    远光软件            +5.3361
  5    600058    五矿发展            +5.1393
  6    600872    中炬高新            +5.1303
  7    002531    天顺风能            +5.0346
  8    000969    安泰科技            +5.0329
  9    601677    明泰铝业            +4.9882
  10   600623    华谊集团            +4.9279


────────────────────────────────────────────────────────────
  打分模型: ens23 = z(族a trail/10d/20d mix) + wc·z(族c trail/10d/20d mix)  (V23 自训 16 折)
  因子日期：2026年8月26日 收盘
  目标策略：2026年8月27日 开盘买入 Top2 → 持有 ≤ 20 个交易日; 收盘较持仓期峰值下跌 ≥ 20% → 次日开盘卖出 (开盘先卖后买)
────────────────────────────────────────────────────────────

  排名   代码        名称                  打分
  -------------------------------------
  1    002324    普利特             +6.2126
  2    002373    千方科技            +5.7517
  3    002413    雷科防务            +5.6464
  4    600201    生物股份            +5.5644
  5    002276    万马股份            +5.2293
  6    000762    西藏矿业            +5.1726
  7    002531    天顺风能            +5.1642
  8    603305    旭升集团            +4.9589
  9    002254    泰和新材            +4.8686
  10   002624    完美世界            +4.7410


────────────────────────────────────────────────────────────
  打分模型: ens23 = z(族a trail/10d/20d mix) + wc·z(族c trail/10d/20d mix)  (V23 自训 16 折)
  因子日期：2026年8月27日 收盘
  目标策略：2026年8月28日 开盘买入 Top2 → 持有 ≤ 20 个交易日; 收盘较持仓期峰值下跌 ≥ 20% → 次日开盘卖出 (开盘先卖后买)
────────────────────────────────────────────────────────────

  排名   代码        名称                  打分
  -------------------------------------
  1    002373    千方科技            +5.6801
  2    000917    电广传媒            +5.0993
  3    600058    五矿发展            +5.0517
  4    600720    中交设计            +4.9973
  5    002413    雷科防务            +4.9782
  6    002531    天顺风能            +4.9699
  7    002276    万马股份            +4.9473
  8    600859    王府井             +4.7165
  9    002019    亿帆医药            +4.6893
  10   002182    宝武镁业            +4.6597


────────────────────────────────────────────────────────────
  打分模型: ens23 = z(族a trail/10d/20d mix) + wc·z(族c trail/10d/20d mix)  (V23 自训 16 折)
  因子日期：2026年8月28日 收盘
  目标策略：2026年8月31日 开盘买入 Top2 → 持有 ≤ 20 个交易日; 收盘较持仓期峰值下跌 ≥ 20% → 次日开盘卖出 (开盘先卖后买)
────────────────────────────────────────────────────────────

  排名   代码        名称                  打分
  -------------------------------------
  1    002405    四维图新            +5.8257
  2    002410    广联达             +5.8025
  3    603305    旭升集团            +5.4428
  4    600201    生物股份            +5.3922
  5    002182    宝武镁业            +5.2797
  6    002063    远光软件            +5.2714
  7    002531    天顺风能            +5.1987
  8    002413    雷科防务            +5.0809
  9    002373    千方科技            +4.9916
  10   600446    金证股份            +4.9347


────────────────────────────────────────────────────────────
  打分模型: ens23 = z(族a trail/10d/20d mix) + wc·z(族c trail/10d/20d mix)  (V23 自训 16 折)
  因子日期：2026年8月31日 收盘
  目标策略：2026年9月1日 开盘买入 Top2 → 持有 ≤ 20 个交易日; 收盘较持仓期峰值下跌 ≥ 20% → 次日开盘卖出 (开盘先卖后买)
────────────────────────────────────────────────────────────

  排名   代码        名称                  打分
  -------------------------------------
  1    600201    生物股份            +6.3892
  2    600993    马应龙             +5.6233
  3    600446    金证股份            +5.5430
  4    002182    宝武镁业            +5.4489
  5    600718    东软集团            +5.3415
  6    600063    皖维高新            +4.8890
  7    002583    海能达             +4.8428
  8    600113    浙江东日            +4.8065
  9    600151    航天机电            +4.6588
  10   600057    厦门象屿            +4.6573


────────────────────────────────────────────────────────────
  打分模型: ens23 = z(族a trail/10d/20d mix) + wc·z(族c trail/10d/20d mix)  (V23 自训 16 折)
  因子日期：2026年9月1日 收盘
  目标策略：2026年9月2日 开盘买入 Top2 → 持有 ≤ 20 个交易日; 收盘较持仓期峰值下跌 ≥ 20% → 次日开盘卖出 (开盘先卖后买)
────────────────────────────────────────────────────────────

  排名   代码        名称                  打分
  -------------------------------------
  1    002182    宝武镁业            +6.0530
  2    600201    生物股份            +5.8616
  3    000762    西藏矿业            +5.6223
  4    002410    广联达             +5.1771
  5    600151    航天机电            +5.0595
  6    600063    皖维高新            +5.0535
  7    600773    西藏城投            +4.9750
  8    600338    西藏珠峰            +4.9402
  9    600732    爱旭股份            +4.8869
  10   002544    普天科技            +4.8436


────────────────────────────────────────────────────────────
  打分模型: ens23 = z(族a trail/10d/20d mix) + wc·z(族c trail/10d/20d mix)  (V23 自训 16 折)
  因子日期：2026年9月2日 收盘
  目标策略：2026年9月3日 开盘买入 Top2 → 持有 ≤ 20 个交易日; 收盘较持仓期峰值下跌 ≥ 20% → 次日开盘卖出 (开盘先卖后买)
────────────────────────────────────────────────────────────

  排名   代码        名称                  打分
  -------------------------------------
  1    600201    生物股份            +5.3543
  2    600151    航天机电            +5.0044
  3    600458    时代新材            +4.7364
  4    603026    石大胜华            +4.6782
  5    600859    王府井             +4.6692
  6    002326    永太科技            +4.6065
  7    000661    长春高新            +4.5424
  8    002373    千方科技            +4.4624
  9    000762    西藏矿业            +4.4533
  10   600718    东软集团            +4.3797


────────────────────────────────────────────────────────────
  打分模型: ens23 = z(族a trail/10d/20d mix) + wc·z(族c trail/10d/20d mix)  (V23 自训 16 折)
  因子日期：2026年9月3日 收盘
  目标策略：2026年9月4日 开盘买入 Top2 → 持有 ≤ 20 个交易日; 收盘较持仓期峰值下跌 ≥ 20% → 次日开盘卖出 (开盘先卖后买)
────────────────────────────────────────────────────────────

  排名   代码        名称                  打分
  -------------------------------------
  1    600201    生物股份            +5.3363
  2    002176    江特电机            +5.2038
  3    002326    永太科技            +5.1858
  4    603613    国联股份            +5.0355
  5    002583    海能达             +5.0126
  6    603888    新华网             +5.0102
  7    600063    皖维高新            +4.9764
  8    000762    西藏矿业            +4.9545
  9    600446    金证股份            +4.9038
  10   002048    宁波华翔            +4.8017


────────────────────────────────────────────────────────────
  打分模型: ens23 = z(族a trail/10d/20d mix) + wc·z(族c trail/10d/20d mix)  (V23 自训 16 折)
  因子日期：2026年9月4日 收盘
  目标策略：2026年9月7日 开盘买入 Top2 → 持有 ≤ 20 个交易日; 收盘较持仓期峰值下跌 ≥ 20% → 次日开盘卖出 (开盘先卖后买)
────────────────────────────────────────────────────────────

  排名   代码        名称                  打分
  -------------------------------------
  1    600773    西藏城投            +5.7914
  2    002544    普天科技            +5.7302
  3    603185    弘元绿能            +5.7173
  4    600718    东软集团            +5.1478
  5    000762    西藏矿业            +5.0550
  6    600821    金开新能            +5.0220
  7    002151    北斗星通            +4.9953
  8    600446    金证股份            +4.9637
  9    600343    航天动力            +4.9569
  10   002413    雷科防务            +4.9203


====================================================================================================
  Trade Log — ens23 目标协议 Top2+持有≤20日+移动止损20% | 开盘换仓 | 含成本 | 20250901 ~ 20260904
====================================================================================================
 BuyDt     SellDt    Code     Name       BuyPrc   SellPrc  Hold  Net%     Reason
----------------------------------------------------------------------------------------------------
 20250902  20250930  002271 东方雨虹         11.71     12.36   20 +544.74%  expiry
 20250902  20251020  002169 智光电气          6.65      7.59   28 +1402.97%  expiry
 20250930  20251105  002292 奥飞娱乐          9.08      8.74   20 -384.55%  expiry
 20251020  20251117  600151 航天机电          7.55      8.98   20 +1883.35%  expiry
 20251105  20251203  002020 京新药业         18.03     19.56   20 +838.17%  expiry
 20251117  20251215  002292 奥飞娱乐          8.59      9.57   20 +1130.37%  expiry
 20251203  20251231  600728 佳都科技          6.44      6.55   20 +160.57%  expiry
 20251215  20260114  002174 游族网络         11.47     13.45   20 +1715.60%  expiry
 20251231  20260130  000990 诚志股份          7.91      9.03   20 +1405.36%  expiry
 20260114  20260211  603118 共进股份         11.96     12.03   20  +48.32%  expiry
 20260130  20260309  002741 光华科技         21.31     20.41   20 -432.42%  expiry
 20260211  20260319  603936 博敏电子         12.05     14.25   20 +1815.05%  expiry
 20260309  20260407  002741 光华科技         20.41     16.65   20 -1851.95%  trail
 20260319  20260417  002297 博云新材         11.34     17.01   20 +4988.50%  expiry
 20260407  20260508  600326 西藏天路          9.15      9.45   20 +317.59%  expiry
 20260417  20260520  000905 厦门港务         10.94     10.74   20 -192.97%  expiry
 20260508  20260605  000099 中信海直         17.96     15.15   20 -1574.38%  expiry
 20260520  20260617  000902 新洋丰          14.03     12.54   20 -1071.93%  expiry
 20260605  20260629  600610 中毅达           7.37      6.59   15 -1068.27%  trail
 20260617  20260716  000901 航天科技         18.42     14.50   20 -2137.77%  trail
 20260629  20260720  603185 弘元绿能         15.80     13.20   15 -1655.34%  trail
 20260716  20260813  002276 万马股份          9.42     10.56   20 +1199.68%  expiry
 20260720  20260817  600446 金证股份          9.98     10.92   20 +931.44%  expiry
 20260813  20260904  002324 普利特           9.51      9.13   16 -409.67%  
 20260817  20260904  600446 金证股份         10.92     11.16   14 +209.53%  
====================================================================================================
Realized: 25  |  True equity (净值): +36.94%  |  逐笔复利: +66.90%  |  Win rate: 60.0%  |  Avg hold: 19.5 日
成本拖累: +1.73%  |  换手: 17.00  |  被阻买入 1 / 被阻卖出 0

=======================================================
  Recent Summary | ens21 + Top2 持有≤20日+移动止损20% | 开盘换仓 | 含成本 | 官方 Test 窗口
=======================================================
  Test 窗口  : 20250901 ~ 20260901  (243 交易日, 严格样本外)
  真实净值    : +36.94%  |  逐笔复利 +66.90%  |  Sharpe 1.071
  MaxDD      : -36.57%  |  胜率 60.0%  |  交易 25  |  成本拖累 +1.73%
  平均持有    : 19.5 交易日  |  资金闲置 3.3%
  分半 H1/H2 : 20250901~20260227 +59.42%  |  20260302~20260901 +30.86%
=======================================================

────────────────────────────────────────────────────────────
  目标策略指令 (Top2 双仓, 5W 账户口径)
  Top1: 600773  西藏城投   打分 +5.7914
  Top2: 002544  普天科技   打分 +5.7302
  动作: 2026年9月7日 开盘买入 (整手, 各 ~2.5W) → 持有 ≤ 20 个交易日
  风控: 收盘较持仓期峰值下跌 ≥ 20% → 次日开盘卖出; 换仓日开盘先卖后买 (1 份资金闭环)
  纸面账户: 当前持仓 000060 中金岭南 (买入 20260904)
  ⚠ 纸面持仓 000060 与今日 Top1 600773 不一致 — 状态可能过期/已人工调整, 以本指令为准
────────────────────────────────────────────────────────────
[analysis] 图已保存: /autodl-fs/data/lingqiData/Model/V23/model_pic/figure_01.png

[analysis] 报告已写入: /autodl-fs/data/lingqiData/Model/V23/model_pic/output.md (+figure_01.png)
