[analysis] 跳过推演 (--skip-infer)
[search] 家族组合 60 个 (A 30 + C 30)
[search] 族A 前6: ['A_w100.0_w200.25_wt1.0', 'A_w101.0_w200.25_wt2.0', 'A_w101.0_w200.5_wt2.0', 'A_w101.0_w200.5_wt3.0', 'A_w100.25_w200.0_wt1.0', 'A_w100.5_w200.0_wt1.0']
[search] 族C 前6: ['C_w100.0_w200.25_wt2.0', 'C_w100.0_w200.0_wt2.0', 'C_w100.0_w201.0_wt0.5', 'C_w100.25_w201.0_wt0.5', 'C_w100.25_w200.5_wt0.5', 'C_w100.25_w201.0_wt1.0']
[search] 跨族集成 180 组合
[search] 权重搜索结果 → /autodl-fs/data/lingqiData/Model/V23/model_pred/2026q3/weight_search.csv
[search] ens Top10 (cum_net):
                                             name  cum_net  sharpe  maxdd    h1    h2  n
 A_w101.0_w200.5_wt2.0+1.5xC_w100.25_w201.0_wt1.0    1.134   2.359 -0.142 0.671 0.278 25
 A_w101.0_w200.5_wt3.0+0.5xC_w100.0_w200.25_wt2.0    1.120   2.100 -0.246 0.431 0.481 26
A_w100.0_w200.25_wt1.0+0.5xC_w100.25_w201.0_wt1.0    1.044   2.277 -0.118 0.529 0.337 25
  A_w101.0_w200.5_wt3.0+2.0xC_w100.0_w201.0_wt0.5    1.019   2.406 -0.123 0.478 0.366 25
A_w101.0_w200.25_wt2.0+1.0xC_w100.0_w200.25_wt2.0    0.993   2.014 -0.360 0.781 0.119 25
 A_w100.5_w200.0_wt1.0+0.5xC_w100.25_w201.0_wt1.0    0.984   2.266 -0.130 0.477 0.343 25
A_w101.0_w200.25_wt2.0+1.0xC_w100.25_w200.5_wt0.5    0.984   2.266 -0.130 0.477 0.343 25
 A_w101.0_w200.5_wt3.0+1.5xC_w100.25_w201.0_wt0.5    0.943   2.212 -0.123 0.474 0.318 25
  A_w101.0_w200.5_wt3.0+1.5xC_w100.0_w201.0_wt0.5    0.943   2.212 -0.123 0.474 0.318 25
A_w100.25_w200.0_wt1.0+3.0xC_w100.25_w201.0_wt1.0    0.926   2.095 -0.139 0.495 0.288 25
[analysis] ens23 组装完成: 246 天 × 962 股票 (20250901 ~ 20260904)
[analysis] 打分缓存: /autodl-fs/data/lingqiData/Model/V23/model_pred/2026q3/score_ens23.fea
Traceback (most recent call last):
  File "/autodl-fs/data/lingqiData/Model/V23/analysis.py", line 606, in <module>
    main()
  File "/autodl-fs/data/lingqiData/Model/V23/analysis.py", line 536, in main
    bt = champion_backtest(score, split=True, verbose=False)
         ^^^^^^^^^^^^^^^^^^^^^^^^^^^^^^^^^^^^^^^^^^^^^^^^^^^
  File "/autodl-fs/data/lingqiData/Model/V23/model.py", line 846, in champion_backtest
    'trades': trades, 'equity': equity, 'name_map': eng.load_name_map(),
                                                    ^^^^^^^^^^^^^^^^^
AttributeError: module 'trading_engine' has no attribute 'load_name_map'
