base=/autodl-fs/data/lingqiData/debug/20260804/data10d
cur=/autodl-fs/data/lingqiData/debug/20260805/data10d
out=/autodl-fs/data/lingqiData/debug/20260805
window base=20260722~20260804 cur=20260723~20260805 overlap=['20260723', '20260724', '20260727', '20260728', '20260729', '20260730', '20260731', '20260803', '20260804']
  [raw] 500/3020
  [raw] 1000/3020
  [raw] 1500/3020
  [raw] 2000/3020
  [raw] 2500/3020
  [raw] 3000/3020
  [raw] 3020/3020
  [factors] 500/694
  [factors] 694/694
# 切片对比报告 20260804 vs 20260805

- base 窗口: 20260722 ~ 20260804
- cur 窗口: 20260723 ~ 20260805
- **重叠交易日 (9):** 20260723 20260724 20260727 20260728 20260729 20260730 20260731 20260803 20260804

## 一、raw 原始字段

### 长表单文件

| 文件 | 状态 | 变更行 | 变更格 | 按日期分布 | 主要列 | 最大绝对差 |
|------|------|--------|--------|-----------|--------|-----------|
| daily.parquet | ❌ 变动 | 4 | 4 | {"20260803": 1, "20260804": 3} | stock_name | 0.0 |
  变更样本: [['001232.SZ', '2026-08-04'], ['600530.SH', '2026-08-04'], ['920258.BJ', '2026-08-03'], ['920258.BJ', '2026-08-04']]
| daily_adj.parquet | ❌ 变动 | 12 | 46 | {"20260803": 5, "20260804": 7} | open,high,low,close,pct_chg,stock_name,change | 5.27 |
  变更样本: [['001232.SZ', '2026-08-04'], ['301172.SZ', '2026-08-03'], ['301172.SZ', '2026-08-04'], ['600266.SH', '2026-08-03'], ['600266.SH', '2026-08-04'], ['600530.SH', '2026-08-04'], ['600635.SH', '2026-08-03'], ['600635.SH', '2026-08-04'], ['600993.SH', '2026-08-03'], ['600993.SH', '2026-08-04']]
| finance.parquet | ❌ 变动 | 3353 | 3354 | {"20260803": 1, "20260804": 3352} | pe_ttm_percentile,stock_name | 1.0 |
  变更样本: [['000001.SZ', '2026-08-04'], ['000002.SZ', '2026-08-04'], ['000006.SZ', '2026-08-04'], ['000007.SZ', '2026-08-04'], ['000008.SZ', '2026-08-04'], ['000009.SZ', '2026-08-04'], ['000010.SZ', '2026-08-04'], ['000011.SZ', '2026-08-04'], ['000012.SZ', '2026-08-04'], ['000014.SZ', '2026-08-04']]
| cyq_perf.parquet | ✅ 无变动 | - | - | {} |  | - |
| main_fund_flow.parquet | ✅ 无变动 | - | - | {} |  | - |
| margin_detail.parquet | ✅ 无变动 | - | - | {} |  | - |
| ths_daily.parquet | ✅ 无变动 | - | - | {} |  | - |

### 静态表 (整体拷贝)

- stock_list.parquet: ❌ 变动 (None 格, None)
- ths_constituent_stocks.parquet: ✅ 无变动
- ths_sector_categories.parquet: ✅ 无变动
- calendar.parquet: ❌ 变动 (None 格, None)

### 按股票存储目录 (抽样 1000 只)

- **cyq_chips**: 1000 文件, **0 个变动** ✅
- **history_1min**: 1000 文件, **0 个变动** ✅
- **indicator_1min**: 1000 文件, **0 个变动** ✅

### daily_dump_1min: 9 个重叠日期文件, **0 个变动**

## 二、factors 因子

- 因子总数: 694 | 变动: **37** | cur 缺失: [] | cur 新增: []

### 变动因子明细 (重叠日期)

| 因子 | 变更格 | 按日期分布 | 主要股票列 | 最大绝对差 |
|------|--------|-----------|-----------|-----------|
| avg_cost_premium.fea | 5191 | {"20260723": 554, "20260724": 573, "20260727": 608, "20260728": 537, "20260729": 580, "20260730": 534, "20260731": 585, "20260803": 609, "20260804": 611} | 000965,600266,600502,600635,600993,601928,000612,000628,002157,002191 | 0.15768799102132436 |
| chip_above_below_ratio.fea | 13150 | {"20260723": 836, "20260724": 1478, "20260727": 1543, "20260728": 1615, "20260729": 1279, "20260730": 1666, "20260731": 1591, "20260803": 1360, "20260804": 1782} | 000063,000089,000516,000544,000600,000603,000607,000636,000650,000652 | 0.995230078563412 |
| chip_below_momentum.fea | 12647 | {"20260723": 1311, "20260724": 1309, "20260727": 1410, "20260728": 1459, "20260729": 1171, "20260730": 1414, "20260731": 1456, "20260803": 1390, "20260804": 1727} | 000006,000008,000012,000028,000029,000062,000099,000159,000301,000408 | 0.6777091521617069 |
| chip_bimodality.fea | 1235 | {"20260723": 0, "20260724": 0, "20260727": 0, "20260728": 0, "20260729": 0, "20260730": 0, "20260731": 0, "20260803": 237, "20260804": 998} | 000001,000061,000089,000166,000400,000415,000521,000534,000591,000600 | 0.24775533108866443 |
| chip_cost_premium_change_20.fea | 627 | {"20260723": 55, "20260724": 60, "20260727": 73, "20260728": 72, "20260729": 74, "20260730": 73, "20260731": 64, "20260803": 69, "20260804": 87} | 600266,600993,600635,000927,601717,000002,000025,000652,000883,002256 | 0.016282987085906697 |
| chip_cr3_factor.fea | 109 | {"20260723": 0, "20260724": 0, "20260727": 0, "20260728": 0, "20260729": 0, "20260730": 0, "20260731": 0, "20260803": 62, "20260804": 47} | 000513,000950,600586,000063,000089,000410,000531,000533,000537,000625 | 0.0011229646266142645 |
| chip_cr3_momentum.fea | 26 | {"20260723": 0, "20260724": 0, "20260727": 0, "20260728": 0, "20260729": 0, "20260730": 0, "20260731": 0, "20260803": 10, "20260804": 16} | 600368,000650,000850,000878,000883,000898,002061,002166,002180,002221 | 0.0005614823133072155 |
| chip_deep_trap_ratio.fea | 4823 | {"20260723": 544, "20260724": 33, "20260727": 71, "20260728": 135, "20260729": 882, "20260730": 470, "20260731": 665, "20260803": 990, "20260804": 1033} | 600993,600266,600635,600926,000157,000789,002444,601006,603197,000062 | 0.30993823694553624 |
| chip_high_float_ratio.fea | 2802 | {"20260723": 562, "20260724": 173, "20260727": 316, "20260728": 209, "20260729": 270, "20260730": 230, "20260731": 207, "20260803": 295, "20260804": 540} | 600993,600233,600536,603883,000957,000987,002044,002092,002149,002532 | 0.1263335204941045 |
| chip_mean_distance.fea | 5219 | {"20260723": 576, "20260724": 561, "20260727": 602, "20260728": 564, "20260729": 633, "20260730": 536, "20260731": 599, "20260803": 568, "20260804": 580} | 000829,002351,600266,600635,600993,000623,000628,000900,002004,002115 | 0.16329966329966328 |
| chip_median_distance.fea | 6575 | {"20260723": 638, "20260724": 679, "20260727": 681, "20260728": 655, "20260729": 634, "20260730": 711, "20260731": 765, "20260803": 770, "20260804": 1042} | 000581,000596,000726,000829,000875,000888,000959,002035,002239,002271 | 0.27272727272727276 |
| chip_median_momentum.fea | 1095 | {"20260723": 0, "20260724": 0, "20260727": 0, "20260728": 0, "20260729": 0, "20260730": 0, "20260731": 0, "20260803": 0, "20260804": 1095} | 000001,000002,000006,000008,000012,000027,000028,000029,000030,000031 | 0.4219977553310887 |
| chip_mode_mean_convergence.fea | 144 | {"20260723": 0, "20260724": 0, "20260727": 0, "20260728": 0, "20260729": 0, "20260730": 0, "20260731": 0, "20260803": 127, "20260804": 17} | 000423,000729,000887,002183,002653,603160,603699,000012,000021,000048 | 0.0707467714766985 |
| chip_mode_mean_gap.fea | 254 | {"20260723": 0, "20260724": 0, "20260727": 0, "20260728": 0, "20260729": 0, "20260730": 0, "20260731": 0, "20260803": 89, "20260804": 165} | 000400,000428,000685,000690,000802,000937,000968,002033,002235,002270 | 0.08810325476992142 |
| chip_momentum_resonance_20.fea | 78 | {"20260723": 0, "20260724": 0, "20260727": 0, "20260728": 0, "20260729": 0, "20260730": 0, "20260731": 0, "20260803": 49, "20260804": 29} | 000950,600771,000089,000533,000536,000557,000567,000681,000762,000778 | 0.0016844469399214246 |
| chip_peak_distance.fea | 7651 | {"20260723": 849, "20260724": 869, "20260727": 899, "20260728": 842, "20260729": 826, "20260730": 757, "20260731": 847, "20260803": 798, "20260804": 964} | 000402,000420,000563,000589,000728,000729,000758,000928,000930,000998 | 0.3441886580572712 |
| chip_peak_growing.fea | 50 | {"20260723": 0, "20260724": 0, "20260727": 0, "20260728": 0, "20260729": 0, "20260730": 0, "20260731": 0, "20260803": 26, "20260804": 24} | 000157,000069,000546,000718,000723,000801,000816,000880,000950,002007 | 0.0008422234699606568 |
| chip_peak_purity.fea | 293 | {"20260723": 0, "20260724": 0, "20260727": 0, "20260728": 0, "20260729": 0, "20260730": 0, "20260731": 0, "20260803": 146, "20260804": 147} | 000030,000521,000932,002011,002237,002299,002564,002706,002738,002783 | 0.0011229646266142645 |
| chip_peak_ratio.fea | 11692 | {"20260723": 1073, "20260724": 1318, "20260727": 1432, "20260728": 1288, "20260729": 1141, "20260730": 1325, "20260731": 1117, "20260803": 1270, "20260804": 1728} | 000036,000039,000099,000151,000301,000403,000420,000505,000519,000543 | 0.5822571588994947 |
| chip_percentile_20d.fea | 4713 | {"20260723": 703, "20260724": 652, "20260727": 706, "20260728": 694, "20260729": 499, "20260730": 294, "20260731": 336, "20260803": 341, "20260804": 488} | 600600,600635,600993,600266,600273,600315,600681,601311,000420,000550 | 0.33632790567097137 |
| chip_position.fea | 6632 | {"20260723": 718, "20260724": 829, "20260727": 812, "20260728": 739, "20260729": 673, "20260730": 669, "20260731": 675, "20260803": 643, "20260804": 874} | 000735,000822,000831,002166,600266,600478,600523,600635,600993,601801 | 0.20550252667040986 |
| chip_profit_loss_ratio.fea | 6368 | {"20260723": 747, "20260724": 787, "20260727": 795, "20260728": 715, "20260729": 688, "20260730": 625, "20260731": 637, "20260803": 615, "20260804": 759} | 000822,002472,600266,600635,600897,600993,603197,000410,000589,000735 | 0.2055025266704099 |
| chip_range_skew_factor.fea | 426 | {"20260723": 0, "20260724": 0, "20260727": 0, "20260728": 0, "20260729": 0, "20260730": 0, "20260731": 0, "20260803": 0, "20260804": 426} | 000001,000002,000008,000009,000012,000027,000030,000050,000060,000061 | 0.11784511784511784 |
| chip_resistance_distance.fea | 4013 | {"20260723": 411, "20260724": 426, "20260727": 389, "20260728": 349, "20260729": 446, "20260730": 431, "20260731": 505, "20260803": 465, "20260804": 591} | 000589,002507,600266,600635,600993,000957,002269,002351,600020,600369 | 0.09713644020213363 |
| chip_support_distance.fea | 7220 | {"20260723": 816, "20260724": 820, "20260727": 888, "20260728": 712, "20260729": 741, "20260730": 705, "20260731": 798, "20260803": 761, "20260804": 979} | 000655,000768,000822,000828,000885,000888,002022,002108,002124,002166 | 0.274564851207187 |
| chip_support_strength.fea | 6786 | {"20260723": 748, "20260724": 728, "20260727": 895, "20260728": 752, "20260729": 643, "20260730": 632, "20260731": 730, "20260803": 674, "20260804": 984} | 000589,000630,000650,000822,000930,002011,002099,002234,002285,002301 | 0.4060295060936498 |
| chip_weighted_mean_momentum.fea | 2 | {"20260723": 0, "20260724": 0, "20260727": 0, "20260728": 0, "20260729": 0, "20260730": 0, "20260731": 0, "20260803": 2, "20260804": 0} | 002453,600521 | 0.0005614823133071045 |
| chip_width_ratio_momentum.fea | 380 | {"20260723": 22, "20260724": 19, "20260727": 27, "20260728": 39, "20260729": 43, "20260730": 65, "20260731": 68, "20260803": 57, "20260804": 40} | 600266,600635,600993,000536,002271,000001,000088,000555,000558,000665 | 0.014590347923681302 |
| cost_displacement.fea | 5201 | {"20260723": 554, "20260724": 573, "20260727": 608, "20260728": 537, "20260729": 580, "20260730": 534, "20260731": 585, "20260803": 609, "20260804": 621} | 000965,600266,600502,600635,600993,601928,000612,000628,002157,002191 | 0.1576879910213243 |
| cost_displacement_extreme.fea | 6786 | {"20260723": 754, "20260724": 655, "20260727": 732, "20260728": 709, "20260729": 658, "20260730": 815, "20260731": 786, "20260803": 847, "20260804": 830} | 000623,002382,002458,002465,002523,002533,600266,600635,600993,000563 | 0.28972487366647953 |
| cost_support_strength.fea | 6448 | {"20260723": 640, "20260724": 679, "20260727": 681, "20260728": 656, "20260729": 634, "20260730": 711, "20260731": 766, "20260803": 772, "20260804": 909} | 000581,000726,000829,000875,000888,000959,002035,002239,002271,002351 | 0.27216610549943887 |
| coupling_ma_chip_resonance.fea | 72 | {"20260723": 0, "20260724": 0, "20260727": 0, "20260728": 0, "20260729": 0, "20260730": 0, "20260731": 0, "20260803": 48, "20260804": 24} | 000513,600168,603387,000089,000533,000728,000776,000778,000795,000839 | 0.002245929253228529 |
| coupling_macd_chip_divergence.fea | 100 | {"20260723": 0, "20260724": 0, "20260727": 0, "20260728": 0, "20260729": 0, "20260730": 0, "20260731": 0, "20260803": 56, "20260804": 44} | 000513,002217,000035,000100,000528,000537,000563,000567,000628,000716 | 0.001735106998264846 |
| hs_connect_flow_sensitivity.fea | 5365 | {"20260723": 178, "20260724": 338, "20260727": 1364, "20260728": 750, "20260729": 994, "20260730": 1317, "20260731": 302, "20260803": 0, "20260804": 122} | 000055,000151,000159,000428,000505,000530,000545,000554,000565,000607 | 0.7316114542391915 |
| indicator_dispersion.fea | 6918 | {"20260723": 790, "20260724": 627, "20260727": 821, "20260728": 803, "20260729": 769, "20260730": 694, "20260731": 694, "20260803": 804, "20260804": 916} | 000700,000737,000989,002081,002293,002326,002459,002565,002568,002600 | 0.007295173961840651 |
| multi_indicator_extreme.fea | 6853 | {"20260723": 782, "20260724": 594, "20260727": 764, "20260728": 904, "20260729": 789, "20260730": 701, "20260731": 702, "20260803": 776, "20260804": 841} | 000066,600456,000049,000065,000592,000596,000700,000717,000880,001914 | 0.005334081976417743 |
| owner_type_turnover_div.fea | 7853 | {"20260723": 1164, "20260724": 1164, "20260727": 1119, "20260728": 597, "20260729": 1039, "20260730": 616, "20260731": 695, "20260803": 626, "20260804": 833} | 000050,000069,000166,000505,000550,000591,000598,000617,000713,000717 | 0.13166855845629966 |

