base=/autodl-fs/data/lingqiData/debug/20260805/data10d
cur=/autodl-fs/data/lingqiData/debug/20260806/data10d
out=/autodl-fs/data/lingqiData/debug/20260806
window base=20260723~20260805 cur=20260724~20260806 overlap=['20260724', '20260727', '20260728', '20260729', '20260730', '20260731', '20260803', '20260804', '20260805']
  [raw] 500/5366
  [raw] 1000/5366
  [raw] 1500/5366
  [raw] 2000/5366
  [raw] 2500/5366
  [raw] 3000/5366
  [raw] 3500/5366
  [raw] 4000/5366
  [raw] 4500/5366
  [raw] 5000/5366
  [raw] 5366/5366
  [factors] 500/686
  [factors] 686/686
# 切片对比报告 20260805 vs 20260806

- base 窗口: 20260723 ~ 20260805
- cur 窗口: 20260724 ~ 20260806
- **重叠交易日 (9):** 20260724 20260727 20260728 20260729 20260730 20260731 20260803 20260804 20260805

## 一、raw 原始字段

### 长表单文件

| 文件 | 状态 | 变更行 | 变更格 | 按日期分布 | 主要列 | 最大绝对差 |
|------|------|--------|--------|-----------|--------|-----------|
| daily.parquet | ❌ 变动 | 7 | 7 | {"20260803": 2, "20260804": 1, "20260805": 4} | stock_name | 0.0 |
  变更样本: [['001232.SZ', '2026-08-04'], ['001232.SZ', '2026-08-05'], ['002214.SZ', '2026-08-03'], ['002214.SZ', '2026-08-05'], ['300311.SZ', '2026-08-03'], ['300311.SZ', '2026-08-05'], ['920038.BJ', '2026-08-05']]
| daily_adj.parquet | ❌ 变动 | 25 | 98 | {"20260803": 8, "20260804": 7, "20260805": 10} | open,high,low,close,pct_chg,stock_name,change | 5.590000000000002 |
  变更样本: [['001232.SZ', '2026-08-04'], ['001232.SZ', '2026-08-05'], ['002181.SZ', '2026-08-03'], ['002181.SZ', '2026-08-04'], ['002181.SZ', '2026-08-05'], ['002214.SZ', '2026-08-03'], ['002214.SZ', '2026-08-05'], ['300311.SZ', '2026-08-03'], ['300311.SZ', '2026-08-05'], ['600558.SH', '2026-08-03']]
| finance.parquet | ❌ 变动 | 2076 | 2076 | {"20260803": 2, "20260804": 1, "20260805": 2073} | pe_ttm_percentile,stock_name | 1.0 |
  变更样本: [['001232.SZ', '2026-08-04'], ['001232.SZ', '2026-08-05'], ['002214.SZ', '2026-08-03'], ['002214.SZ', '2026-08-05'], ['002306.SZ', '2026-08-05'], ['002307.SZ', '2026-08-05'], ['002309.SZ', '2026-08-05'], ['002310.SZ', '2026-08-05'], ['002311.SZ', '2026-08-05'], ['002312.SZ', '2026-08-05']]
| cyq_perf.parquet | ✅ 无变动 | - | - | {} |  | - |
| main_fund_flow.parquet | ✅ 无变动 | - | - | {} |  | - |
| margin_detail.parquet | ✅ 无变动 | - | - | {} |  | - |
| ths_daily.parquet | ❌ 变动 | 355 | 393 | {"20260805": 355} | turnover_rate,high,close,change,open,low,pct_change,vol,avg_price | 117286.33000001311 |
  变更样本: [['700012.TI', '2026-08-05'], ['700013.TI', '2026-08-05'], ['700014.TI', '2026-08-05'], ['700019.TI', '2026-08-05'], ['700055.TI', '2026-08-05'], ['700056.TI', '2026-08-05'], ['700301.TI', '2026-08-05'], ['700302.TI', '2026-08-05'], ['700303.TI', '2026-08-05'], ['700304.TI', '2026-08-05']]

### 静态表 (整体拷贝)

- stock_list.parquet: ❌ 变动 (None 格, None)
- ths_constituent_stocks.parquet: ✅ 无变动
- ths_sector_categories.parquet: ✅ 无变动
- calendar.parquet: ❌ 变动 (None 格, None)

### 按股票存储目录 (抽样 1000 只)

- **cyq_chips**: 1782 文件, **0 个变动** ✅
- **history_1min**: 1782 文件, **0 个变动** ✅
- **indicator_1min**: 1782 文件, **0 个变动** ✅

### daily_dump_1min: 9 个重叠日期文件, **0 个变动**

## 二、factors 因子

- 因子总数: 686 | 变动: **0** | cur 缺失: [] | cur 新增: []

所有因子在重叠日期上无变动 ✅

