base=/autodl-fs/data/lingqiData/debug/20260806/data10d
cur=/autodl-fs/data/lingqiData/debug/20260807/data10d
out=/autodl-fs/data/lingqiData/debug/20260807
window base=20260724~20260806 cur=20260727~20260807 overlap=['20260727', '20260728', '20260729', '20260730', '20260731', '20260803', '20260804', '20260805', '20260806']
  [raw] 500/5366
  [raw] 1000/5366
  [raw] 1500/5366
  [raw] 2000/5366
  [raw] 2500/5366
  [raw] 3000/5366
  [raw] 3500/5366
  [raw] 4000/5366
  [raw] 4500/5366
  [raw] 5000/5366
  [raw] 5366/5366
  [factors] 500/686
  [factors] 686/686
# 切片对比报告 20260806 vs 20260807

- base 窗口: 20260724 ~ 20260806
- cur 窗口: 20260727 ~ 20260807
- **重叠交易日 (9):** 20260727 20260728 20260729 20260730 20260731 20260803 20260804 20260805 20260806

## 一、raw 原始字段

### 长表单文件

| 文件 | 状态 | 变更行 | 变更格 | 按日期分布 | 主要列 | 最大绝对差 |
|------|------|--------|--------|-----------|--------|-----------|
| daily.parquet | ❌ 变动 | 1 | 1 | {"20260806": 1} | stock_name | 0.0 |
  变更样本: [['603468.SH', '2026-08-06']]
| daily_adj.parquet | ❌ 变动 | 57 | 274 | {"20260803": 14, "20260804": 14, "20260805": 14, "20260806": 15} | open,high,low,close,pct_chg,stock_name | 2.0600000000000023 |
  变更样本: [['000554.SZ', '2026-08-03'], ['000554.SZ', '2026-08-04'], ['000554.SZ', '2026-08-05'], ['000554.SZ', '2026-08-06'], ['000776.SZ', '2026-08-03'], ['000776.SZ', '2026-08-04'], ['000776.SZ', '2026-08-05'], ['000776.SZ', '2026-08-06'], ['002202.SZ', '2026-08-03'], ['002202.SZ', '2026-08-04']]
| finance.parquet | ❌ 变动 | 3916 | 3917 | {"20260806": 3916} | pe_ttm_percentile,stock_name | 1.0 |
  变更样本: [['300129.SZ', '2026-08-06'], ['300130.SZ', '2026-08-06'], ['300131.SZ', '2026-08-06'], ['300132.SZ', '2026-08-06'], ['300133.SZ', '2026-08-06'], ['300134.SZ', '2026-08-06'], ['300135.SZ', '2026-08-06'], ['300136.SZ', '2026-08-06'], ['300137.SZ', '2026-08-06'], ['300138.SZ', '2026-08-06']]
| cyq_perf.parquet | ✅ 无变动 | - | - | {} |  | - |
| main_fund_flow.parquet | ✅ 无变动 | - | - | {} |  | - |
| margin_detail.parquet | ✅ 无变动 | - | - | {} |  | - |
| ths_daily.parquet | ✅ 无变动 | - | - | {} |  | - |

### 静态表 (整体拷贝)

- stock_list.parquet: ❌ 变动 (None 格, None)
- ths_constituent_stocks.parquet: ❌ 变动 (None 格, None)
- ths_sector_categories.parquet: ❌ 变动 (None 格, None)
- calendar.parquet: ❌ 变动 (None 格, None)

### 按股票存储目录 (抽样 1000 只)

- **cyq_chips**: 1782 文件, **0 个变动** ✅
- **history_1min**: 1782 文件, **0 个变动** ✅
- **indicator_1min**: 1782 文件, **0 个变动** ✅

### daily_dump_1min: 9 个重叠日期文件, **0 个变动**

## 二、factors 因子

- 因子总数: 686 | 变动: **0** | cur 缺失: [] | cur 新增: []

所有因子在重叠日期上无变动 ✅

