
>>> 增量推演最新 10 个交易日: 20260820 ~ 20260902（覆盖上次结果; 上次已覆盖至 20260901。如需重算全部历史(如更换 checkpoint), 请删除 all_zscore_score.fea 后重跑）
[predict] feature_map has 848 factors, 848 available in DB, 0 missing
[predict] Final factor_list: 848 features → model input_dim=848
[predict] Using 8 fold(s)
[predict]   [fold1] epoch=21-val_rankic=0.1017.ckpt (val_rankic=0.1017)
[predict]   [fold2] epoch=0-val_rankic=0.0650.ckpt (val_rankic=0.0650)
[predict]   [fold3] epoch=0-val_rankic=0.0350.ckpt (val_rankic=0.0350)
[predict]   [fold4] epoch=0-val_rankic=0.0648.ckpt (val_rankic=0.0648)
[predict]   [fold5] epoch=5-val_rankic=0.0813.ckpt (val_rankic=0.0813)
[predict]   [fold6] epoch=15-val_rankic=0.0598.ckpt (val_rankic=0.0598)
[predict]   [fold7] epoch=0-val_rankic=0.0581.ckpt (val_rankic=0.0581)
[predict]   [fold8] epoch=0-val_rankic=0.0566.ckpt (val_rankic=0.0566)
[predict]   [20260820] done, 960 stocks
[predict]   [20260821] done, 960 stocks
[predict]   [20260824] done, 961 stocks
[predict]   [20260825] done, 961 stocks
[predict]   [20260826] done, 961 stocks
[predict]   [20260827] done, 962 stocks
[predict]   [20260828] done, 962 stocks
[predict]   [20260831] done, 962 stocks
[predict]   [20260901] done, 962 stocks
[predict]   [20260902] done, 962 stocks
[predict] Done, 10 days.

合并完成：原始 243 天 + 本次重推 10 天（其中覆盖 9 天） = 244 天
本次重推日期: ['20260820', '20260821', '20260824', '20260825', '20260826', '20260827', '20260828', '20260831', '20260901', '20260902']
已保存到: /autodl-fs/data/lingqiData/Model/V9/model_pred/2026q3

--- 与上次推演一致性验证 ---
  20260828: corr=1.000000, 共同股票数=962
  20260831: corr=1.000000, 共同股票数=962
  20260901: corr=1.000000, 共同股票数=962

---Test 集合打分---
  持仓数: 1 只
  打分区间: Test 集合 20250901 ~ 20260901 (242 天, 严格样本外, 与训练/验证无重叠)

模型评估结果
               模型值
指标                
RankIC      0.0451
RankICIR    0.3301
top_return  0.2274
[对照] 全池 Pearson IC: IC=+0.0162  ICIR=+0.1132
[提示] 后续回测章节使用同一 Test 区间的实际价格收益 (daily_adj open), 与训练 target 解耦
Price data: 8833662 rows, dates 20190102 ~ 20260902

========================================================================
                    最新模型打分 Top 推荐
========================================================================
  报告截至因子日期：2026年9月2日 收盘, 以下展示最近 10 个交易日

────────────────────────────────────────────────────────────
  因子日期：2026年8月20日 收盘
  模型预测1日收益率：2026年8月21日 买入 → 2026年8月24日 卖出
────────────────────────────────────────────────────────────

  排名   代码        名称                  打分
  -------------------------------------
  1    000600    建投能源        +  11.9124
  2    601788    光大证券        +  11.1776
  3    000762    西藏矿业        +  11.0078
  4    002182    宝武镁业        +  10.6020
  5    601615    明阳智能        +  10.1525
  6    600021    上海电力        +   9.9546
  7    002249    大洋电机        +   9.6714
  8    600410    华胜天成        +   9.4947
  9    600100    同方股份        +   9.4799
  10   601519    大智慧         +   9.4774

────────────────────────────────────────────────────────────
  因子日期：2026年8月21日 收盘
  模型预测1日收益率：2026年8月24日 买入 → 2026年8月25日 卖出
────────────────────────────────────────────────────────────

  排名   代码        名称                  打分
  -------------------------------------
  1    600509    天富能源        +  12.0874
  2    000682    东方电子        +  10.8962
  3    002183    怡亚通         +  10.8916
  4    002011    盾安环境        +  10.7086
  5    000543    皖能电力        +  10.6286
  6    600416    湘电股份        +   9.8829
  7    600877    电科芯片        +   9.5454
  8    600635    大众公用        +   9.3510
  9    000099    中信海直        +   9.3146
  10   002268    电科网安        +   9.1952

────────────────────────────────────────────────────────────
  因子日期：2026年8月24日 收盘
  模型预测1日收益率：2026年8月25日 买入 → 2026年8月26日 卖出
────────────────────────────────────────────────────────────

  排名   代码        名称                  打分
  -------------------------------------
  1    002204    大连重工        +  10.8054
  2    002182    宝武镁业        +   9.7071
  3    601901    方正证券        +   9.1046
  4    600271    航天信息        +   9.0838
  5    002020    京新药业        +   8.9512
  6    601888    中国中免        +   8.6297
  7    601375    中原证券        +   8.0698
  8    600085    同仁堂         +   7.9877
  9    002389    航天彩虹        +   7.9146
  10   600100    同方股份        +   7.9090

────────────────────────────────────────────────────────────
  因子日期：2026年8月25日 收盘
  模型预测1日收益率：2026年8月26日 买入 → 2026年8月27日 卖出
────────────────────────────────────────────────────────────

  排名   代码        名称                  打分
  -------------------------------------
  1    600089    特变电工        +  11.5790
  2    600509    天富能源        +  11.1237
  3    000682    东方电子        +  10.9768
  4    000422    湖北宜化        +  10.4558
  5    600862    中航高科        +  10.1093
  6    002204    大连重工        +   9.9758
  7    000951    中国重汽        +   9.6972
  8    002545    东方铁塔        +   9.5611
  9    002608    江苏国信        +   9.4330
  10   302132    中航成飞        +   9.4248

────────────────────────────────────────────────────────────
  因子日期：2026年8月26日 收盘
  模型预测1日收益率：2026年8月27日 买入 → 2026年8月28日 卖出
────────────────────────────────────────────────────────────

  排名   代码        名称                  打分
  -------------------------------------
  1    002611    东方精工        +  11.6932
  2    002011    盾安环境        +  10.7624
  3    002179    中航光电        +  10.5620
  4    600835    上海机电        +  10.2869
  5    600416    湘电股份        +  10.2048
  6    600480    凌云股份        +  10.1250
  7    600509    天富能源        +  10.1118
  8    000901    航天科技        +  10.0948
  9    600710    苏美达         +   9.2360
  10   600699    均胜电子        +   9.2186

────────────────────────────────────────────────────────────
  因子日期：2026年8月27日 收盘
  模型预测1日收益率：2026年8月28日 买入 → 2026年8月31日 卖出
────────────────────────────────────────────────────────────

  排名   代码        名称                  打分
  -------------------------------------
  1    603026    石大胜华        +  11.1661
  2    002416    爱施德         +  10.7447
  3    000719    中原传媒        +  10.4171
  4    000400    许继电气        +  10.3840
  5    600420    国药现代        +  10.1128
  6    600332    白云山         +   9.8818
  7    600509    天富能源        +   9.5324
  8    002011    盾安环境        +   9.5084
  9    000600    建投能源        +   9.4731
  10   000543    皖能电力        +   9.2037

────────────────────────────────────────────────────────────
  因子日期：2026年8月28日 收盘
  模型预测1日收益率：2026年8月31日 买入 → 2026年9月1日 卖出
────────────────────────────────────────────────────────────

  排名   代码        名称                  打分
  -------------------------------------
  1    000901    航天科技        +  10.4016
  2    601717    中创智领        +  10.1507
  3    000555    神州信息        +   9.6766
  4    002294    信立泰         +   9.5294
  5    603005    晶方科技        +   9.3982
  6    600761    安徽合力        +   9.2125
  7    600456    宝钛股份        +   9.1666
  8    002056    横店东磁        +   9.1507
  9    603906    龙蟠科技        +   9.0836
  10   600835    上海机电        +   8.9840

────────────────────────────────────────────────────────────
  因子日期：2026年8月31日 收盘
  模型预测1日收益率：2026年9月1日 买入 → 2026年9月2日 卖出
────────────────────────────────────────────────────────────

  排名   代码        名称                  打分
  -------------------------------------
  1    000028    国药一致        +  11.6144
  2    002204    大连重工        +  11.6113
  3    002139    拓邦股份        +  11.5302
  4    000400    许继电气        +  11.2547
  5    000528    柳工          +   9.9405
  6    002675    东诚药业        +   9.6232
  7    600993    马应龙         +   9.3913
  8    000591    太阳能         +   9.1911
  9    002051    中工国际        +   8.8924
  10   002468    申通快递        +   8.8204

────────────────────────────────────────────────────────────
  因子日期：2026年9月1日 收盘
  模型预测1日收益率：2026年9月2日 买入 → 2026年9月3日 卖出
────────────────────────────────────────────────────────────

  排名   代码        名称                  打分
  -------------------------------------
  1    002709    天赐材料        +  12.1754
  2    002074    国轩高科        +  11.5187
  3    002531    天顺风能        +  10.6847
  4    002139    拓邦股份        +  10.4435
  5    002625    光启技术        +  10.3590
  6    002230    科大讯飞        +  10.2564
  7    000400    许继电气        +   9.7476
  8    603501    豪威集团        +   9.5738
  9    002668    TCL智家       +   9.5555
  10   600511    国药股份        +   9.5537

────────────────────────────────────────────────────────────
  因子日期：2026年9月2日 收盘
  模型预测1日收益率：2026年9月3日 买入 → 2026年9月4日 卖出
────────────────────────────────────────────────────────────

  排名   代码        名称                  打分
  -------------------------------------
  1    002555    三七互娱        +  10.9440
  2    002074    国轩高科        +   9.9430
  3    600779    水井坊         +   9.9171
  4    002611    东方精工        +   9.6764
  5    600744    华银电力        +   9.2883
  6    603515    欧普照明        +   9.0975
  7    603906    龙蟠科技        +   8.9373
  8    002709    天赐材料        +   8.8753
  9    002326    永太科技        +   8.8535
  10   002865    钧达股份        +   8.7931
--- Backtest: 20250901 ~ 20260901 (Test 集合) ---
Window : 20250901 ~ 20260901  (243 trading days)
[Figure saved] ./model_pic/figure_01.png

====================================================================================================
  Trade Log — Top 1 | 243 days | hold 1d | Returns from daily_adj open prices
====================================================================================================
 FactorDt   BuyDt     Code     Name    Score   BuyPrc   SellDt   SellPrc   Ret%    累加收益 
--------------------------------------------------------------------------------------------
  20250901  20250902  002683广东宏大    +12.15   33.41  20250903    32.39   -3.05%    -3.05%
  20250902  20250903  603883老百姓      +13.37   17.51  20250904    17.16   -2.00%    -5.05%
  20250903  20250904  002703浙江世宝    +11.46   12.03  20250905    11.90   -1.08%    -6.13%
  20250904  20250905  000680山推股份    +12.48    9.28  20250908     9.43   +1.62%    -4.52%
  20250905  20250908  000429粤高速A     +11.58   11.49  20250909    11.52   +0.26%    -4.25%
  20250908  20250909  600201生物股份    +11.38    8.28  20250910     8.12   -1.93%    -6.19%
  20250909  20250910  600316洪都航空    +10.72   35.12  20250911    35.20   +0.23%    -5.96%
  20250910  20250911  000567海德股份    +13.27    6.32  20250912     6.46   +2.22%    -3.74%
  20250911  20250912  603883老百姓      +12.75   17.19  20250915    17.16   -0.17%    -3.92%
  20250912  20250915  002925盈趣科技    +10.96   17.65  20250916    17.65   +0.00%    -3.92%
  20250915  20250916  600765中航重机    +13.53   15.93  20250917    15.90   -0.19%    -4.11%
  20250916  20250917  000969安泰科技    +12.24   13.30  20250918    13.33   +0.23%    -3.88%
  20250917  20250918  600343航天动力    +12.75   14.13  20250919    13.95   -1.27%    -5.16%
  20250918  20250919  002413雷科防务    +10.52    5.36  20250922     5.36   +0.00%    -5.16%
  20250919  20250922  002149西部材料    +12.89   17.12  20250923    17.18   +0.35%    -4.81%
  20250922  20250923  000065北方国际    +11.75   10.88  20250924    10.75   -1.19%    -6.00%
  20250923  20250924  000065北方国际    +13.84   10.75  20250925    10.83   +0.74%    -5.26%
  20250924  20250925  002597金禾实业    +11.70   20.99  20250926    20.83   -0.76%    -6.02%
  20250925  20250926  000065北方国际    +12.57   10.71  20250929    10.66   -0.47%    -6.48%
  20250926  20250929  603883老百姓      +12.72   16.17  20250930    16.31   +0.87%    -5.62%
  20250929  20250930  002361神剑股份    +14.20    6.20  20251009     6.13   -1.13%    -6.75%
  20250930  20251009  600986浙文互联    +12.29    8.00  20251010     7.94   -0.75%    -7.50%
  20251009  20251010  600851海欣股份    +13.05    6.58  20251013     6.43   -2.28%    -9.78%
  20251010  20251013  002636金安国纪    +12.32   11.60  20251014    12.40   +6.90%    -2.88%
  20251013  20251014  600851海欣股份    +12.97    6.57  20251015     6.60   +0.46%    -2.42%
  20251014  20251015  002174游族网络    +12.26   11.09  20251016    11.28   +1.71%    -0.71%
  20251015  20251016  002312川发龙蟒    +10.88   10.84  20251017    10.67   -1.57%    -2.28%
  20251016  20251017  002832比音勒芬    +12.80   15.92  20251020    15.77   -0.94%    -3.22%
  20251017  20251020  002167东方锆业    +11.43   13.05  20251021    13.15   +0.77%    -2.46%
  20251020  20251021  002675东诚药业    +11.11   14.46  20251022    14.71   +1.73%    -0.73%
  20251021  20251022  002019亿帆医药    +13.16   13.09  20251023    13.01   -0.61%    -1.34%
  20251022  20251023  002461珠江啤酒    +11.25   10.10  20251024    10.08   -0.20%    -1.54%
  20251023  20251024  002019亿帆医药    +12.99   12.91  20251027    13.04   +1.01%    -0.53%
  20251024  20251027  002019亿帆医药    +12.55   13.04  20251028    13.02   -0.15%    -0.68%
  20251027  20251028  002019亿帆医药    +13.85   13.02  20251029    13.01   -0.08%    -0.76%
  20251028  20251029  002929润建股份    +11.74   44.63  20251030    44.74   +0.25%    -0.51%
  20251029  20251030  002647仁东控股    +11.19    6.85  20251031     6.80   -0.73%    -1.24%
  20251030  20251031  600258首旅酒店    +11.37   14.30  20251103    14.52   +1.54%    +0.30%
  20251031  20251103  600391航发科技    +14.01   26.91  20251104    26.61   -1.11%    -0.82%
  20251103  20251104  000651格力电器    +12.63   38.50  20251105    38.55   +0.13%    -0.69%
  20251104  20251105  601222林洋能源    +10.73    5.77  20251106     6.00   +3.99%    +3.30%
  20251105  20251106  600345长江通信    +11.75   25.51  20251107    25.50   -0.04%    +3.26%
  20251106  20251107  603800洪田股份    +11.96   48.00  20251110    47.98   -0.04%    +3.22%
  20251107  20251110  600366宁波韵升    +12.90   13.90  20251111    13.66   -1.73%    +1.49%
  20251110  20251111  002929润建股份    +13.20   42.24  20251112    41.30   -2.23%    -0.74%
  20251111  20251112  002901大博医疗    +10.40   49.13  20251113    49.88   +1.53%    +0.79%
  20251112  20251113  601137博威合金    +12.22   21.82  20251114    22.07   +1.15%    +1.94%
  20251113  20251114  002019亿帆医药    +13.84   13.14  20251117    13.15   +0.08%    +2.01%
  20251114  20251117  601137博威合金    +13.68   21.80  20251118    21.67   -0.60%    +1.42%
  20251117  20251118  601137博威合金    +12.64   21.67  20251119    21.73   +0.28%    +1.69%
  20251118  20251119  600206有研新材    +12.73   20.33  20251120    20.60   +1.33%    +3.02%
  20251119  20251120  002025航天电器    +11.63   43.10  20251121    41.90   -2.78%    +0.24%
  20251120  20251121  000970中科三环    +12.04   12.74  20251124    12.37   -2.90%    -2.67%
  20251121  20251124  000550江铃汽车    +11.64   18.67  20251125    18.78   +0.59%    -2.08%
  20251124  20251125  603063禾望电气    +12.78   28.58  20251126    28.88   +1.05%    -1.03%
  20251125  20251126  000062深圳华强    +12.18   25.31  20251127    25.45   +0.55%    -0.48%
  20251126  20251127  002906华阳集团    +11.57   28.09  20251128    28.52   +1.53%    +1.06%
  20251127  20251128  000550江铃汽车    +11.11   18.74  20251201    18.87   +0.69%    +1.75%
  20251128  20251201  600480凌云股份    +12.04   11.68  20251202    11.77   +0.77%    +2.52%
  20251201  20251202  002174游族网络    +14.14   11.88  20251203    11.66   -1.85%    +0.67%
  20251202  20251203  603678火炬电子    +11.29   30.72  20251204    30.37   -1.14%    -0.47%
  20251203  20251204  603678火炬电子    +13.56   30.37  20251205    30.93   +1.84%    +1.37%
  20251204  20251205  001696宗申动力    +11.38   21.44  20251208    21.68   +1.12%    +2.49%
  20251205  20251208  002299圣农发展    +10.68   15.63  20251209    15.81   +1.15%    +3.64%
  20251208  20251209  000581威孚高科    +10.88   20.40  20251210    20.07   -1.62%    +2.03%
  20251209  20251210  000048京基智农    +11.16   13.26  20251211    13.41   +1.13%    +3.16%
  20251210  20251211  002531天顺风能    +12.95    6.79  20251212     6.82   +0.44%    +3.60%
  20251211  20251212  603393新天然气    +12.40   26.88  20251215    26.82   -0.22%    +3.38%
  20251212  20251215  000810创维数字    +12.69   11.35  20251216    11.37   +0.18%    +3.55%
  20251215  20251216  000066中国长城    +12.21   13.91  20251217    13.68   -1.65%    +1.90%
  20251216  20251217  002245蔚蓝锂芯    +11.78   15.49  20251218    15.80   +2.00%    +3.90%
  20251217  20251218  000837秦川机床    +12.80   11.77  20251219    11.87   +0.85%    +4.75%
  20251218  20251219  600552凯盛科技    +10.93   10.85  20251222    10.86   +0.09%    +4.84%
  20251219  20251222  600552凯盛科技    +12.33   10.86  20251223    10.88   +0.18%    +5.03%
  20251222  20251223  002019亿帆医药    +12.61   11.94  20251224    11.77   -1.42%    +3.60%
  20251223  20251224  603693江苏新能    +11.78   11.77  20251225    11.85   +0.68%    +4.28%
  20251224  20251225  000837秦川机床    +10.83   12.13  20251226    12.41   +2.31%    +6.59%
  20251225  20251226  000810创维数字    +12.11   11.55  20251229    11.55   +0.00%    +6.59%
  20251226  20251229  603393新天然气    +11.54   27.07  20251230    26.86   -0.78%    +5.81%
  20251229  20251230  002145钛能化学    +13.03    4.94  20251231     4.92   -0.40%    +5.41%
  20251230  20251231  002019亿帆医药    +10.27   11.78  20260105    12.28   +4.24%    +9.65%
  20251231  20260105  002215诺普信      +10.53   10.61  20260106    10.79   +1.70%   +11.35%
  20260105  20260106  002926华西证券    +13.47    9.28  20260107     9.56   +3.02%   +14.37%
  20260106  20260107  002215诺普信      +12.31   11.01  20260108    10.78   -2.09%   +12.28%
  20260107  20260108  002215诺普信      +12.84   10.78  20260109    10.87   +0.83%   +13.11%
  20260108  20260109  000550江铃汽车    +10.89   18.20  20260112    18.25   +0.27%   +13.39%
  20260109  20260112  002062宏润建设    +14.08    9.36  20260113     9.39   +0.32%   +13.71%
  20260112  20260113  002062宏润建设    +13.59    9.39  20260114     9.01   -4.05%    +9.66%
  20260113  20260114  000712锦龙股份    +11.00   12.51  20260115    12.41   -0.80%    +8.86%
  20260114  20260115  002062宏润建设    +11.04    9.01  20260116     9.00   -0.11%    +8.75%
  20260115  20260116  002626金达威      +11.83   19.67  20260119    19.82   +0.76%    +9.51%
  20260116  20260119  002145钛能化学    +12.29    4.85  20260120     4.95   +2.06%   +11.58%
  20260119  20260120  600285羚锐制药    +11.16   20.89  20260121    21.20   +1.48%   +13.06%
  20260120  20260121  000029深深房A     +12.26   21.01  20260122    21.56   +2.62%   +15.68%
  20260121  20260122  002670国盛证券    +11.92   16.24  20260123    16.26   +0.12%   +15.80%
  20260122  20260123  603323苏农银行    +11.77    5.01  20260126     5.01   +0.00%   +15.80%
  20260123  20260126  002475立讯精密    +11.53   55.22  20260127    54.16   -1.92%   +13.88%
  20260126  20260127  002670国盛证券    +11.24   16.35  20260128    16.29   -0.37%   +13.51%
  20260127  20260128  600864哈投股份    +11.80    6.55  20260129     6.58   +0.46%   +13.97%
  20260128  20260129  600329达仁堂      +10.89   41.05  20260130    41.46   +1.00%   +14.97%
  20260129  20260130  002611东方精工    +11.20   17.83  20260202    18.20   +2.08%   +17.05%
  20260130  20260202  603906龙蟠科技    +11.62   17.90  20260203    17.82   -0.45%   +16.60%
  20260202  20260203  002741光华科技    +11.52   20.60  20260204    20.60   +0.00%   +16.60%
  20260203  20260204  000567海德股份    +12.64    5.79  20260205     5.90   +1.90%   +18.50%
  20260204  20260205  603800洪田股份    +11.99   39.28  20260206    38.49   -2.01%   +16.49%
  20260205  20260206  000887中鼎股份    +11.47   20.34  20260209    21.08   +3.64%   +20.13%
  20260206  20260209  002675东诚药业    +11.53   13.60  20260210    13.53   -0.51%   +19.61%
  20260209  20260210  000762西藏矿业    +10.83   26.11  20260211    25.87   -0.92%   +18.69%
  20260210  20260211  601688华泰证券    +12.16   22.65  20260212    22.63   -0.09%   +18.60%
  20260211  20260212  603063禾望电气    +12.05   30.66  20260213    29.90   -2.48%   +16.13%
  20260212  20260213  000592平潭发展    +12.70   10.67  20260224    10.71   +0.37%   +16.50%
  20260213  20260224  002626金达威      +13.12   18.84  20260225    18.94   +0.53%   +17.03%
  20260224  20260225  002626金达威      +13.08   18.94  20260226    19.38   +2.32%   +19.35%
  20260225  20260226  002139拓邦股份    +11.97   13.35  20260227    13.30   -0.37%   +18.98%
  20260226  20260227  002020京新药业    +11.44   16.21  20260302    16.20   -0.06%   +18.92%
  20260227  20260302  000810创维数字    +11.09   11.72  20260303    11.43   -2.47%   +16.44%
  20260302  20260303  600521华海药业    +11.42   15.82  20260304    15.20   -3.92%   +12.52%
  20260303  20260304  002611东方精工    +11.90   16.33  20260305    16.76   +2.63%   +15.16%
  20260304  20260305  002773康弘药业    +12.59   27.05  20260306    27.01   -0.15%   +15.01%
  20260305  20260306  002020京新药业    +11.13   15.35  20260309    15.59   +1.56%   +16.57%
  20260306  20260309  000766通化金马    +11.70   21.15  20260310    21.40   +1.18%   +17.76%
  20260309  20260310  002139拓邦股份    +11.98   12.80  20260311    12.70   -0.78%   +16.97%
  20260310  20260311  600446金证股份    +12.19   14.43  20260312    14.24   -1.32%   +15.66%
  20260311  20260312  002174游族网络    +12.54   10.53  20260313    10.86   +3.13%   +18.79%
  20260312  20260313  002215诺普信      +11.14   10.86  20260316    11.23   +3.41%   +22.20%
  20260313  20260316  002402和而泰      +10.95   31.73  20260317    31.89   +0.50%   +22.70%
  20260316  20260317  002174游族网络    +13.02   10.41  20260318    10.44   +0.29%   +22.99%
  20260317  20260318  002174游族网络    +12.44   10.44  20260319    10.17   -2.59%   +20.40%
  20260318  20260319  002698博实股份    +14.00   14.69  20260320    14.50   -1.29%   +19.11%
  20260319  20260320  600529山东药玻    +10.91   19.20  20260323    18.91   -1.51%   +17.60%
  20260320  20260323  002062宏润建设    +10.87    7.50  20260324     7.27   -3.07%   +14.53%
  20260323  20260324  600859王府井      +11.44   12.16  20260325    12.22   +0.49%   +15.03%
  20260324  20260325  000099中信海直    +12.35   17.47  20260326    17.65   +1.03%   +16.06%
  20260325  20260326  002062宏润建设    +11.68    7.49  20260327     7.15   -4.54%   +11.52%
  20260326  20260327  600859王府井      +11.72   12.08  20260330    12.15   +0.58%   +12.10%
  20260327  20260330  000099中信海直    +10.81   17.05  20260331    17.18   +0.76%   +12.86%
  20260330  20260331  002139拓邦股份    +13.16   12.15  20260401    12.26   +0.91%   +13.77%
  20260331  20260401  002062宏润建设    +11.21    7.58  20260402     7.53   -0.66%   +13.11%
  20260401  20260402  002741光华科技    +10.70   17.61  20260403    17.15   -2.61%   +10.49%
  20260402  20260403  002647仁东控股    +10.47    8.62  20260407     8.78   +1.86%   +12.35%
  20260403  20260407  000801四川九洲    +13.07   13.23  20260408    13.61   +2.87%   +15.22%
  20260407  20260408  000801四川九洲    +12.08   13.61  20260409    13.80   +1.40%   +16.62%
  20260408  20260409  002250联化科技    +11.38   16.21  20260410    16.25   +0.25%   +16.86%
  20260409  20260410  000801四川九洲    +14.51   13.78  20260413    13.70   -0.58%   +16.28%
  20260410  20260413  000700模塑科技    +13.47   11.20  20260414    11.30   +0.89%   +17.18%
  20260413  20260414  002011盾安环境    +12.22   11.99  20260415    12.16   +1.42%   +18.60%
  20260414  20260415  002215诺普信      +11.96   10.22  20260416    10.45   +2.25%   +20.85%
  20260415  20260416  603733仙鹤股份    +12.23   21.43  20260417    21.68   +1.17%   +22.01%
  20260416  20260417  002215诺普信      +10.76   10.32  20260420     9.99   -3.20%   +18.81%
  20260417  20260420  002698博实股份    +11.58   14.03  20260421    14.13   +0.71%   +19.53%
  20260420  20260421  601678滨化股份    +13.04    5.05  20260422     5.06   +0.20%   +19.73%
  20260421  20260422  002698博实股份    +12.08   13.93  20260423    14.01   +0.57%   +20.30%
  20260422  20260423  002215诺普信      +11.08   10.11  20260424    10.14   +0.30%   +20.60%
  20260423  20260424  002423中粮资本    +10.00   10.09  20260427    10.10   +0.10%   +20.70%
  20260424  20260427  000623吉林敖东    +13.02   17.79  20260428    18.51   +4.05%   +24.74%
  20260427  20260428  000887中鼎股份    +11.60   18.12  20260429    17.43   -3.81%   +20.93%
  20260428  20260429  002268电科网安    +12.21   15.43  20260430    15.62   +1.23%   +22.17%
  20260429  20260430  600570恒生电子    +11.15   26.55  20260506    26.98   +1.62%   +23.79%
  20260430  20260506  000917电广传媒    +11.27    8.80  20260507     8.83   +0.34%   +24.13%
  20260506  20260507  600764中国海防    +12.68   23.81  20260508    23.77   -0.17%   +23.96%
  20260507  20260508  002258利尔化学    +14.14   12.47  20260511    12.41   -0.48%   +23.48%
  20260508  20260511  000917电广传媒    +10.96    9.03  20260512     8.88   -1.66%   +21.82%
  20260511  20260512  002085万丰奥威    +10.55   14.25  20260513    13.90   -2.46%   +19.36%
  20260512  20260513  002626金达威      +11.06   15.91  20260514    16.22   +1.95%   +21.31%
  20260513  20260514  000099中信海直    +11.59   17.50  20260515    16.99   -2.91%   +18.39%
  20260514  20260515  000923河钢资源    +11.14   17.42  20260518    16.35   -6.14%   +12.25%
  20260515  20260518  002250联化科技    +12.32   15.48  20260519    15.03   -2.91%    +9.35%
  20260518  20260519  002624完美世界    +10.95   15.44  20260520    15.11   -2.14%    +7.21%
  20260519  20260520  002019亿帆医药    +13.30   10.36  20260521    10.40   +0.39%    +7.59%
  20260520  20260521  600161天坛生物    +10.31   13.22  20260522    13.47   +1.89%    +9.48%
  20260521  20260522  600038中直股份    +11.02   28.79  20260525    27.72   -3.72%    +5.77%
  20260522  20260525  002287奇正藏药    +12.38   21.90  20260526    21.66   -1.10%    +4.67%
  20260525  20260526  002895川恒股份    +11.45   32.70  20260527    34.20   +4.59%    +9.26%
  20260526  20260527  000048京基智农    +12.75   13.27  20260528    12.90   -2.79%    +6.47%
  20260527  20260528  002312川发龙蟒    +12.26    9.17  20260529     9.15   -0.22%    +6.25%
  20260528  20260529  002268电科网安    +12.89   14.55  20260601    14.14   -2.82%    +3.44%
  20260529  20260601  000612焦作万方    +11.93   11.57  20260602    11.84   +2.33%    +5.77%
  20260601  20260602  002276万马股份    +11.17   11.96  20260603    11.73   -1.92%    +3.85%
  20260602  20260603  002276万马股份    +10.91   11.73  20260604    11.53   -1.71%    +2.14%
  20260603  20260604  002276万马股份    +11.39   11.53  20260605    11.39   -1.21%    +0.93%
  20260604  20260605  002287奇正藏药    +10.67   20.35  20260608    20.55   +0.98%    +1.91%
  20260605  20260608  002204大连重工    +11.90    5.60  20260609     5.56   -0.71%    +1.20%
  20260608  20260609  002062宏润建设     +9.23    7.68  20260610     7.78   +1.30%    +2.50%
  20260609  20260610  002268电科网安    +11.47   13.32  20260611    13.18   -1.05%    +1.45%
  20260610  20260611  002402和而泰      +11.31   23.96  20260612    24.20   +1.00%    +2.45%
  20260611  20260612  002262恩华药业    +11.45   19.18  20260615    19.46   +1.46%    +3.91%
  20260612  20260615  002366融发核电    +13.13    6.04  20260616     6.16   +1.99%    +5.89%
  20260615  20260616  600120浙江东方    +11.36    4.54  20260617     4.55   +0.22%    +6.11%
  20260616  20260617  600764中国海防    +10.08   19.36  20260618    19.20   -0.83%    +5.29%
  20260617  20260618  002019亿帆医药    +11.44    9.78  20260622     9.70   -0.82%    +4.47%
  20260618  20260622  600648外高桥      +11.74    8.49  20260623     8.50   +0.12%    +4.59%
  20260622  20260623  002507涪陵榨菜    +11.97   11.27  20260624    11.48   +1.86%    +6.45%
  20260623  20260624  603619中曼石油    +11.15   21.03  20260625    20.40   -3.00%    +3.46%
  20260624  20260625  600633浙数文化    +10.62   10.45  20260626    10.41   -0.38%    +3.07%
  20260625  20260626  601966玲珑轮胎    +12.04   10.38  20260629    10.17   -2.02%    +1.05%
  20260626  20260629  002366融发核电    +12.20    5.55  20260630     5.92   +6.67%    +7.72%
  20260629  20260630  600718东软集团    +12.06    7.21  20260701     7.27   +0.83%    +8.55%
  20260630  20260701  600986浙文互联    +11.47    6.95  20260702     7.18   +3.31%   +11.86%
  20260701  20260702  603619中曼石油    +10.83   18.20  20260703    18.88   +3.74%   +15.59%
  20260702  20260703  000555神州信息    +11.95   10.13  20260706    10.27   +1.38%   +16.98%
  20260703  20260706  002131利欧股份    +10.85    4.51  20260707     4.28   -5.10%   +11.88%
  20260706  20260707  002151北斗星通    +10.95   30.99  20260708    30.44   -1.77%   +10.10%
  20260707  20260708  000009中国宝安    +11.31    6.28  20260709     6.15   -2.07%    +8.03%
  20260708  20260709  000592平潭发展    +12.72    5.86  20260710     5.87   +0.17%    +8.20%
  20260709  20260710  000537绿发电力    +11.24    6.94  20260713     7.11   +2.45%   +10.65%
  20260710  20260713  603626科森科技    +11.46   16.87  20260714    15.63   -7.35%    +3.30%
  20260713  20260714  000400许继电气    +11.36   19.66  20260715    19.82   +0.81%    +4.12%
  20260714  20260715  002405四维图新    +11.76    6.06  20260716     6.13   +1.16%    +5.27%
  20260715  20260716  000155川能动力    +12.77   11.00  20260717    10.95   -0.45%    +4.82%
  20260716  20260717  002611东方精工    +10.35   14.90  20260720    14.27   -4.23%    +0.59%
  20260717  20260720  000833粤桂股份    +11.51   19.39  20260721    19.02   -1.91%    -1.32%
  20260720  20260721  600063皖维高新    +12.04    5.26  20260722     5.50   +4.56%    +3.24%
  20260721  20260722  002169智光电气    +12.53   10.73  20260723    10.60   -1.21%    +2.03%
  20260722  20260723  002169智光电气    +11.25   10.60  20260724    11.01   +3.87%    +5.90%
  20260723  20260724  002429兆驰股份    +11.85    7.80  20260727     7.64   -2.05%    +3.85%
  20260724  20260727  000766通化金马    +11.46   15.08  20260728    15.99   +6.03%    +9.88%
  20260727  20260728  603305旭升集团    +11.88   10.62  20260729    10.77   +1.41%   +11.29%
  20260728  20260729  002361神剑股份    +12.51    9.43  20260730     9.26   -1.80%    +9.49%
  20260729  20260730  002048宁波华翔    +11.96   18.11  20260731    18.12   +0.06%    +9.55%
  20260730  20260731  000065北方国际    +12.84    9.25  20260803     9.30   +0.54%   +10.09%
  20260731  20260803  002756永兴材料    +13.41   44.77  20260804    46.35   +3.53%   +13.62%
  20260803  20260804  600330天通股份    +11.57   16.85  20260805    17.70   +5.04%   +18.66%
  20260804  20260805  603876鼎胜新材    +10.71   21.54  20260806    21.72   +0.84%   +19.50%
  20260805  20260806  600862中航高科    +11.96   18.48  20260807    18.27   -1.14%   +18.36%
  20260806  20260807  603328依顿电子    +10.71   10.44  20260810    11.94  +14.37%   +32.73%
  20260807  20260810  002459晶澳科技    +11.09    7.72  20260811     7.76   +0.52%   +33.25%
  20260810  20260811  603515欧普照明    +12.14   17.04  20260812    17.22   +1.06%   +34.30%
  20260811  20260812  002174游族网络    +12.20   11.79  20260813    13.19  +11.87%   +46.18%
  20260812  20260813  002011盾安环境    +10.38   10.31  20260814    10.21   -0.97%   +45.21%
  20260813  20260814  600884杉杉股份    +11.39   11.97  20260817    12.10   +1.09%   +46.29%
  20260814  20260817  600456宝钛股份    +10.81   27.58  20260818    27.80   +0.80%   +47.09%
  20260817  20260818  002011盾安环境    +14.66   10.08  20260819    10.07   -0.10%   +46.99%
  20260818  20260819  002074国轩高科    +11.67   26.66  20260820    26.52   -0.53%   +46.47%
  20260819  20260820  600021上海电力    +11.16   13.65  20260821    13.59   -0.44%   +46.03%
  20260820  20260821  000600建投能源    +11.91    7.88  20260824     7.97   +1.14%   +47.17%
  20260821  20260824  600509天富能源    +12.09    7.29  20260825     7.37   +1.10%   +48.27%
  20260824  20260825  002204大连重工    +10.81    5.10  20260826     5.14   +0.78%   +49.05%
  20260825  20260826  600089特变电工    +11.58   18.99  20260827    19.25   +1.37%   +50.42%
  20260826  20260827  002611东方精工    +11.69   14.60  20260828    14.74   +0.96%   +51.38%
  20260827  20260828  603026石大胜华    +11.17   63.05  20260831    63.04   -0.02%   +51.36%
  20260828  20260831  000901航天科技    +10.40   13.68  20260901    14.05   +2.70%   +54.07%
  20260831  20260901  000028国药一致    +11.61   19.91  20260902    20.10   +0.95%   +55.02%
  20260901  20260902  002709天赐材料    +12.18   35.20  20260903        -        -   +55.02%
====================================================================================================

Realized: 242  |  Pending: 1
Cumulative: +0.5502 (+55.02%)  |  Win rate: 133/242 (55.0%)  |  Mean: +0.002274  |  MaxDD: -0.2606

=======================================================
  Recent 243d Summary  |  Top 1  |  Hold 1d
=======================================================
  Window     : 20250901 ~ 20260901  (243 days)
  Realized   : 242 days  |  Pending : 1 days
  Cum Return : +0.5502  (+55.02%)
  Daily Mean : +0.002274  (+0.2274%)
  Ann Return : 57.30%
  Sharpe     : 1.5530
  Win Rate   : 55.0%  (133/242)
  Best Day   : +0.1437  (20260806)
  Worst Day  : -0.0735  (20260710)
  Max Drawdown: -0.2606  (-26.06%)  at 20260717
=======================================================

[Pending] 1 date(s) — 1d return not yet realized:
  20260901: buy 20260902  ->  sell 20260903

=======================================================
  分散组合对比  |  Hold 1d  |  20250901 ~ 20260901
=======================================================
   构造  天数      日均      累计    胜率 年化Sharpe
 Top5 242 +0.154% +37.21% 54.1%    +1.74
Top10 242 +0.082% +19.95% 52.9%    +0.99
Top20 242 +0.083% +20.06% 52.9%    +1.06
  前1% 242 +0.087% +20.99% 55.4%    +1.03
  前5% 242 +0.118% +28.58% 57.9%    +1.55
 前10% 242 +0.125% +30.27% 57.4%    +1.66
=======================================================

[提示] Top1 单票的日盈亏由涨跌停等尾部事件主导, 统计意义很弱; 请以上表分散组合为准判断信号质量。
