[2026-05-21 23:33:00] [incremental] 23 datasets | overlap=3 days | workers=6 | parallel=False
[2026-05-21 23:33:00] [incremental] Datasets: ['daily', 'daily_adj', 'finance', 'margin_detail', 'main_fund_flow', 'dragon_tiger', 'top_list', 'limit_up', 'limit_list', 'ths_daily', 'index_weight', 'holder_number', 'pledge_stat', 'financial_indicator', 'income', 'balancesheet', 'cashflow', 'calendar', 'stock_list', 'ths_sector_categories', 'ths_constituent_stocks', 'cyq_chips', 'cyq_perf']
[2026-05-21 23:33:00] 
============================================================
[2026-05-21 23:33:00] [calendar] Starting incremental update
[2026-05-21 23:33:01] [calendar] 2019-01-01 ~ 2026-05-21 | 2728 days | Trading: 1808 | Non-trading: 920
[2026-05-21 23:33:01] [calendar] Saved → /root/shared-nvme/lingqiData/data/calendar.parquet
[2026-05-21 23:33:01] [calendar] Re-fetched: 2728 rows → /root/shared-nvme/lingqiData/data/calendar.parquet
[2026-05-21 23:33:01] 
============================================================
[2026-05-21 23:33:01] [stock_list] Starting incremental update
[2026-05-21 23:33:03] [stock_list] page 0: 5843 rows | total=5843
[2026-05-21 23:33:03] [stock_list] Total: 5843 stocks, 11 columns
[2026-05-21 23:33:03] [stock_list] Saved -> /root/shared-nvme/lingqiData/data/stock_list.parquet
[2026-05-21 23:33:03] [stock_list] Re-fetched: 5843 rows → /root/shared-nvme/lingqiData/data/stock_list.parquet
[2026-05-21 23:33:03] 
============================================================
[2026-05-21 23:33:03] [ths_sector_categories] Starting incremental update
[2026-05-21 23:33:04] [ths_sector_categories] Total: 1237 categories | {'I': 594, 'N': 409, 'S': 124, 'BB': 46, 'R': 33, 'ST': 21, 'TH': 10}
[2026-05-21 23:33:04] [ths_sector_categories] Saved -> /root/shared-nvme/lingqiData/data/ths_sector_categories.parquet
[2026-05-21 23:33:04] [ths_sector_categories] Re-fetched: 1237 rows → /root/shared-nvme/lingqiData/data/ths_sector_categories.parquet
[2026-05-21 23:33:04] 
============================================================
[2026-05-21 23:33:04] [ths_constituent_stocks] Starting incremental update
[2026-05-21 23:33:04] [ths_constituent_stocks] Derived 1237 index codes from ths_sector_categories.parquet
[2026-05-21 23:33:59] [ths_constituent_stocks] [200/1237] indices done | 88171 rows accumulated
[2026-05-21 23:34:50] [ths_constituent_stocks] [400/1237] indices done | 96857 rows accumulated
[2026-05-21 23:35:41] [ths_constituent_stocks] [600/1237] indices done | 101274 rows accumulated
[2026-05-21 23:36:30] [ths_constituent_stocks] [800/1237] indices done | 139214 rows accumulated
[2026-05-21 23:37:19] [ths_constituent_stocks] [1000/1237] indices done | 163192 rows accumulated
[2026-05-21 23:38:07] [ths_constituent_stocks] [1200/1237] indices done | 202132 rows accumulated
[2026-05-21 23:38:19] [ths_constituent_stocks] [1237/1237] indices done | 233101 rows accumulated
[2026-05-21 23:38:20] [ths_constituent_stocks] Total: 233101 rows | 1171 unique indices | 233101 new from per-index fetch
[2026-05-21 23:38:20] [ths_constituent_stocks] Saved -> /root/shared-nvme/lingqiData/data/ths_constituent_stocks.parquet
[2026-05-21 23:38:20] [ths_constituent_stocks] Re-fetched: 233101 rows → /root/shared-nvme/lingqiData/data/ths_constituent_stocks.parquet
[2026-05-21 23:38:20] 
============================================================
[2026-05-21 23:38:20] [daily] Starting incremental update
[2026-05-21 23:38:21] [daily] Existing max date: 2026-05-20 | Fetching: 2026-05-17 ~ 2026-05-21
[2026-05-21 23:38:21] [daily] 1 months: 2026-05-17 ~ 2026-05-21
[2026-05-21 23:38:21] [daily] 1 to fetch, workers=6, tokens=254.2
[2026-05-21 23:38:24] [daily] [1/1] 2026-05 -> 21992 rows | tokens=267.7
[2026-05-21 23:38:24] [daily] Total: 21992 rows, 12 columns
[2026-05-21 23:38:24] [daily] Saved -> /root/shared-nvme/lingqiData/data/_incr_daily.tmp.parquet
[2026-05-21 23:38:24] [daily] Cleaned up 1 checkpoint files
[2026-05-21 23:38:34] [daily] Merge: 8424964 → 8430465 rows (+5501) | max_date: 2026-05-20 → 2026-05-21
[2026-05-21 23:38:34] 
============================================================
[2026-05-21 23:38:34] [daily_adj] Starting incremental update
[2026-05-21 23:38:35] [daily_adj] Existing max date: 2026-05-20 | Fetching: 2026-05-17 ~ 2026-05-21
[2026-05-21 23:38:35] [daily_adj] 1 months: 2026-05-17 ~ 2026-05-21
[2026-05-21 23:38:35] [daily_adj] 1 to fetch, workers=6, tokens=280.0
[2026-05-21 23:38:41] [daily_adj] [1/1] 2026-05 -> 21992 rows | tokens=280.0
[2026-05-21 23:38:41] [daily_adj] Total: 21992 rows, 11 columns
[2026-05-21 23:38:41] [daily_adj] Saved -> /root/shared-nvme/lingqiData/data/_incr_daily_adj.tmp.parquet
[2026-05-21 23:38:41] [daily_adj] Cleaned up 1 checkpoint files
[2026-05-21 23:38:51] [daily_adj] Merge: 8424964 → 8430465 rows (+5501) | max_date: 2026-05-20 → 2026-05-21
[2026-05-21 23:38:51] 
============================================================
[2026-05-21 23:38:51] [finance] Starting incremental update
[2026-05-21 23:38:51] [finance] Existing max date: 2026-05-20 | Fetching: 2026-05-17 ~ 2026-05-21
[2026-05-21 23:38:51] [finance] 1 months: 2026-05-17 ~ 2026-05-21
[2026-05-21 23:38:51] [finance] 1 to fetch, workers=6, tokens=280.0
[2026-05-21 23:38:59] [finance] [1/1] 2026-05 → 21992 rows | tokens=280.0
[2026-05-21 23:38:59] [finance] Total: 21992 rows, 20 columns
[2026-05-21 23:38:59] [finance] Saved → /root/shared-nvme/lingqiData/data/_incr_finance.tmp.parquet
[2026-05-21 23:38:59] [finance] Cleaned up 1 checkpoint files
[2026-05-21 23:39:11] [finance] Merge: 8411598 → 8417099 rows (+5501) | max_date: 2026-05-20 → 2026-05-21
[2026-05-21 23:39:11] 
============================================================
[2026-05-21 23:39:11] [margin_detail] Starting incremental update
[2026-05-21 23:39:11] [margin_detail] Existing max date: 2026-05-19 | Fetching: 2026-05-16 ~ 2026-05-21
[2026-05-21 23:39:11] [margin_detail] 1 months: 2026-05-16 ~ 2026-05-21
[2026-05-21 23:39:11] [margin_detail] 1 to fetch, workers=6, tokens=280.0
[2026-05-21 23:39:13] [margin_detail] [1/1] 2026-05 -> 8720 rows | tokens=280.0
[2026-05-21 23:39:13] [margin_detail] Total: 8720 rows, 10 columns
[2026-05-21 23:39:13] [margin_detail] Saved -> /root/shared-nvme/lingqiData/data/_incr_margin_detail.tmp.parquet
[2026-05-21 23:39:13] [margin_detail] Cleaned up 1 checkpoint files
[2026-05-21 23:39:20] [margin_detail] Merge: 5102583 → 5102583 rows (+0) | max_date: 2026-05-19 → 2026-05-19
[2026-05-21 23:39:27]   [backfill] Filled 5055 rows for 5055 stocks across 1 missing trading day(s)
[2026-05-21 23:39:27] 
============================================================
[2026-05-21 23:39:27] [main_fund_flow] Starting incremental update
[2026-05-21 23:39:27] [main_fund_flow] Existing max date: 2026-05-20 | Fetching: 2026-05-17 ~ 2026-05-21
[2026-05-21 23:39:27] [fund_flow] 1 months: 2026-05-17 ~ 2026-05-21
[2026-05-21 23:39:27] [fund_flow] 1 to fetch, workers=6, tokens=280.0
[2026-05-21 23:39:36] [fund_flow] [1/1] 2026-05 -> 20744 rows | tokens=280.0
[2026-05-21 23:39:36] [fund_flow] Total: 20744 rows, 20 columns
[2026-05-21 23:39:36] [fund_flow] Saved -> /root/shared-nvme/lingqiData/data/_incr_main_fund_flow.tmp.parquet
[2026-05-21 23:39:36] [fund_flow] Cleaned up 1 checkpoint files
[2026-05-21 23:39:49] [main_fund_flow] Merge: 7952495 → 7957684 rows (+5189) | max_date: 2026-05-20 → 2026-05-21
[2026-05-21 23:39:49] 
============================================================
[2026-05-21 23:39:49] [dragon_tiger] Starting incremental update
[2026-05-21 23:39:49] [dragon_tiger] Existing max date: 2026-05-20 | Fetching: 2026-05-17 ~ 2026-05-21
[2026-05-21 23:39:49] [dragon_tiger] 4 trading days: 2026-05-18 ~ 2026-05-21
[2026-05-21 23:39:49] [dragon_tiger] 1 months
[2026-05-21 23:39:49] [dragon_tiger] 1 months to fetch
[2026-05-21 23:39:49] [dragon_tiger] [1/1] 2026-05: 4 days
[2026-05-21 23:39:49]   [dragon_tiger/2026-05] [1/4] 2026-05-18 -> 874 rows
[2026-05-21 23:39:49]   [dragon_tiger/2026-05] [2/4] 2026-05-19 -> 972 rows
[2026-05-21 23:39:50]   [dragon_tiger/2026-05] [3/4] 2026-05-20 -> 930 rows
[2026-05-21 23:39:50]   [dragon_tiger/2026-05] [4/4] 2026-05-21 -> 728 rows
[2026-05-21 23:39:50] [dragon_tiger] [1/1] 2026-05 -> 3504 rows
[2026-05-21 23:39:50] [dragon_tiger] Total: 3504 rows, 10 columns
[2026-05-21 23:39:50] [dragon_tiger] Saved -> /root/shared-nvme/lingqiData/data/_incr_dragon_tiger.tmp.parquet
[2026-05-21 23:39:50] [dragon_tiger] Cleaned up 1 checkpoint files
[2026-05-21 23:39:50] [dragon_tiger] Merge: 103457 → 103527 rows (+70) | max_date: 2026-05-20 → 2026-05-21
[2026-05-21 23:39:50] 
============================================================
[2026-05-21 23:39:50] [top_list] Starting incremental update
[2026-05-21 23:39:50] [top_list] Existing max date: 2026-05-20 | Fetching: 2026-05-17 ~ 2026-05-21
[2026-05-21 23:39:50] [top_list] 4 trading days: 2026-05-18 ~ 2026-05-21
[2026-05-21 23:39:50] [top_list] 1 months
[2026-05-21 23:39:50] [top_list] 1 months to fetch
[2026-05-21 23:39:50] [top_list] [1/1] 2026-05: 4 days
[2026-05-21 23:39:51]   [top_list/2026-05] [1/4] 2026-05-18 -> 88 rows
[2026-05-21 23:39:51]   [top_list/2026-05] [2/4] 2026-05-19 -> 108 rows
[2026-05-21 23:39:51]   [top_list/2026-05] [3/4] 2026-05-20 -> 100 rows
[2026-05-21 23:39:52]   [top_list/2026-05] [4/4] 2026-05-21 -> 74 rows
[2026-05-21 23:39:52] [top_list] [1/1] 2026-05 -> 370 rows
[2026-05-21 23:39:52] [top_list] Dropped 30 rows with malformed stock_code
[2026-05-21 23:39:52] [top_list] Total: 340 rows, 15 columns
[2026-05-21 23:39:52] [top_list] Saved -> /root/shared-nvme/lingqiData/data/_incr_top_list.tmp.parquet
[2026-05-21 23:39:52] [top_list] Cleaned up 1 checkpoint files
[2026-05-21 23:39:52] [top_list] Merge: 99762 → 99824 rows (+62) | max_date: 2026-05-20 → 2026-05-21
[2026-05-21 23:39:52] 
============================================================
[2026-05-21 23:39:52] [limit_up] Starting incremental update
[2026-05-21 23:39:52] [limit_up] Existing max date: 2026-05-20 | Fetching: 2026-05-17 ~ 2026-05-21
[2026-05-21 23:39:52] [limit_up] 1 months: 2026-05-17 ~ 2026-05-21
[2026-05-21 23:39:52] [limit_up] 1 to fetch, workers=6, tokens=280.0
[2026-05-21 23:39:53] [limit_up] [1/1] 2026-05 -> 329 rows | tokens=280.0
[2026-05-21 23:39:53] [limit_up] Total: 329 rows, 17 columns
[2026-05-21 23:39:53] [limit_up] Saved -> /root/shared-nvme/lingqiData/data/_incr_limit_up.tmp.parquet
[2026-05-21 23:39:53] [limit_up] Cleaned up 1 checkpoint files
[2026-05-21 23:39:53] [limit_up] Merge: 122901 → 122937 rows (+36) | max_date: 2026-05-20 → 2026-05-21
[2026-05-21 23:39:53] 
============================================================
[2026-05-21 23:39:53] [limit_list] Starting incremental update
[2026-05-21 23:39:53] [limit_list] Existing max date: 2026-05-20 | Fetching: 2026-05-17 ~ 2026-05-21
[2026-05-21 23:39:53] [limit_list] 1 months: 2026-05-17 ~ 2026-05-21
[2026-05-21 23:39:53] [limit_list] 1 to fetch, workers=6, tokens=280.0
[2026-05-21 23:39:54] [limit_list] [1/1] 2026-05 -> 471 rows | tokens=280.0
[2026-05-21 23:39:54] [limit_list] Total: 471 rows, 18 columns
[2026-05-21 23:39:54] [limit_list] Saved -> /root/shared-nvme/lingqiData/data/_incr_limit_list.tmp.parquet
[2026-05-21 23:39:54] [limit_list] Cleaned up 1 checkpoint files
[2026-05-21 23:39:54] [limit_list] Merge: 153561 → 153686 rows (+125) | max_date: 2026-05-20 → 2026-05-21
[2026-05-21 23:39:54] 
============================================================
[2026-05-21 23:39:54] [ths_daily] Starting incremental update
[2026-05-21 23:39:54] [ths_daily] Existing max date: 2026-05-20 | Fetching: 2026-05-17 ~ 2026-05-21
[2026-05-21 23:39:54] [ths_daily] 1 months: 2026-05-17 ~ 2026-05-21
[2026-05-21 23:39:54] [ths_daily] 1 to fetch, workers=6, tokens=280.0
[2026-05-21 23:39:55] [ths_daily] [1/1] 2026-05 -> 4933 rows | tokens=280.0
[2026-05-21 23:39:55] [ths_daily] Total: 4933 rows, 12 columns
[2026-05-21 23:39:55] [ths_daily] Saved -> /root/shared-nvme/lingqiData/data/_incr_ths_daily.tmp.parquet
[2026-05-21 23:39:55] [ths_daily] Cleaned up 1 checkpoint files
[2026-05-21 23:39:57] [ths_daily] Merge: 1442604 → 1443837 rows (+1233) | max_date: 2026-05-20 → 2026-05-21
[2026-05-21 23:39:57] 
============================================================
[2026-05-21 23:39:57] [index_weight] Starting incremental update
[2026-05-21 23:39:57] [index_weight] Existing max date: 2026-04-01 | Fetching: 2026-01-06 ~ 2026-05-21
[2026-05-21 23:39:57] [index_weight] Using 8 default major indices
[2026-05-21 23:39:57] [index_weight] 8 indices × 5 months = 40 API calls | ~0 min | 2026-01-06 ~ 2026-05-21 | workers=6
[2026-05-21 23:39:57] [index_weight] 40 to fetch | tokens=280.0
[2026-05-21 23:39:58] [index_weight] [20/40] tokens=258/280
[2026-05-21 23:39:59] [index_weight] [40/40] tokens=247/280
[2026-05-21 23:39:59] [index_weight] Total: 18987 rows | 8 indices
[2026-05-21 23:39:59] [index_weight] Saved -> /root/shared-nvme/lingqiData/data/_incr_index_weight.tmp.parquet
[2026-05-21 23:39:59] [index_weight] Cleaned up 32 checkpoint files
[2026-05-21 23:39:59] [index_weight] Merge: 113671 → 113671 rows (+0) | max_date: 2026-04-01 → 2026-04-01
[2026-05-21 23:39:59] 
============================================================
[2026-05-21 23:39:59] [holder_number] Starting incremental update
[2026-05-21 23:39:59] [holder_number] Existing max date: 2026-05-18 | Fetching: 2026-02-12 ~ 2026-05-21
[2026-05-21 23:39:59] [holder_number] 4 months: 2026-02-12 ~ 2026-05-21
[2026-05-21 23:39:59] [holder_number] 4 to fetch, workers=6, tokens=248.7
[2026-05-21 23:39:59] [holder_number] [1/4] 2026-05 -> 797 rows | tokens=245.7
[2026-05-21 23:39:59] [holder_number] [2/4] 2026-04 -> 2972 rows | tokens=246.3
[2026-05-21 23:39:59] [holder_number] [3/4] 2026-02 -> 3064 rows | tokens=246.7
[2026-05-21 23:40:00] [holder_number] [4/4] 2026-03 -> 7798 rows | tokens=247.3
[2026-05-21 23:40:00] [holder_number] Total: 14631 rows, 4 columns
[2026-05-21 23:40:00] [holder_number] Saved -> /root/shared-nvme/lingqiData/data/_incr_holder_number.tmp.parquet
[2026-05-21 23:40:00] [holder_number] Cleaned up 4 checkpoint files
[2026-05-21 23:40:00] [holder_number] Merge: 321149 → 321269 rows (+120) | max_date: 2026-05-18 → 2026-05-20
[2026-05-21 23:40:00] 
============================================================
[2026-05-21 23:40:00] [pledge_stat] Starting incremental update
[2026-05-21 23:40:00] [pledge_stat] Existing max date: 2026-04-30 | Fetching: 2026-01-25 ~ 2026-05-21
[2026-05-21 23:40:00] [pledge_stat] 5 months: 2026-01-25 ~ 2026-05-21
[2026-05-21 23:40:00] [pledge_stat] 5 to fetch, workers=6, tokens=249.5
[2026-05-21 23:40:00] [pledge_stat] [1/5] 2026-02 -> 0 rows | tokens=245.3
[2026-05-21 23:40:00] [pledge_stat] [2/5] 2026-01 -> 0 rows | tokens=245.4
[2026-05-21 23:40:00] [pledge_stat] [3/5] 2026-05 -> 0 rows | tokens=245.6
[2026-05-21 23:40:00] [pledge_stat] [4/5] 2026-03 -> 0 rows | tokens=246.7
[2026-05-21 23:40:01] [pledge_stat] [5/5] 2026-04 -> 4193 rows | tokens=247.1
[2026-05-21 23:40:01] [pledge_stat] Total: 4193 rows, 7 columns
[2026-05-21 23:40:01] [pledge_stat] Saved -> /root/shared-nvme/lingqiData/data/_incr_pledge_stat.tmp.parquet
[2026-05-21 23:40:01] [pledge_stat] Cleaned up 1 checkpoint files
[2026-05-21 23:40:01] [pledge_stat] Merge: 86099 → 86099 rows (+0) | max_date: 2026-04-30 → 2026-04-30
[2026-05-21 23:40:01] 
============================================================
[2026-05-21 23:40:01] [financial_indicator] Starting incremental update
[2026-05-21 23:40:01] [financial_indicator] Existing max date: 2026-03-31 | Fetching: 2025-12-26 ~ 2026-05-21
[2026-05-21 23:40:01] [financial] 2 quarters: 2025-12-31 ~ 2026-03-31
[2026-05-21 23:40:01] [financial] 2 to fetch, workers=6, tokens=248.3
[2026-05-21 23:40:22] [financial] [1/2] 2026-03-31 → 5645 rows | tokens=280.0
[2026-05-21 23:40:25] [financial] [2/2] 2025-12-31 → 6489 rows | tokens=280.0
[2026-05-21 23:40:25] [financial] Dropped 423 rows with malformed stock_code
[2026-05-21 23:40:25] [financial] Total: 11711 rows, 167 columns
[2026-05-21 23:40:25] [financial] Saved → /root/shared-nvme/lingqiData/data/_incr_financial_indicator.tmp.parquet
[2026-05-21 23:40:25] [financial] Cleaned up 2 checkpoint files
[2026-05-21 23:40:30] [financial_indicator] Merge: 221793 → 233504 rows (+11711) | max_date: 2026-03-31 → 2026-03-31
[2026-05-21 23:40:30] 
============================================================
[2026-05-21 23:40:30] [income] Starting incremental update
[2026-05-21 23:40:30] [income] Existing max date: 2026-03-31 | Fetching: 2025-12-26 ~ 2026-05-21
[2026-05-21 23:40:30] [income] 2 quarters: 2025-12-31 ~ 2026-03-31
[2026-05-21 23:40:30] [income] 2 to fetch, workers=6, tokens=280.0
[2026-05-21 23:40:36] [income] [1/2] 2026-03-31 -> 5580 rows | tokens=280.0
[2026-05-21 23:40:37] [income] [2/2] 2025-12-31 -> 6217 rows | tokens=280.0
[2026-05-21 23:40:37] [income] Dropped 12 rows with malformed stock_code
[2026-05-21 23:40:37] [income] Total: 11785 rows, 96 columns
[2026-05-21 23:40:37] [income] Saved -> /root/shared-nvme/lingqiData/data/_incr_income.tmp.parquet
[2026-05-21 23:40:37] [income] Cleaned up 2 checkpoint files
[2026-05-21 23:40:39] [income] Merge: 152670 → 152675 rows (+5) | max_date: 2026-03-31 → 2026-03-31
[2026-05-21 23:40:39] 
============================================================
[2026-05-21 23:40:39] [balancesheet] Starting incremental update
[2026-05-21 23:40:39] [balancesheet] Existing max date: 2026-03-31 | Fetching: 2025-12-26 ~ 2026-05-21
[2026-05-21 23:40:39] [balancesheet] 2 quarters: 2025-12-31 ~ 2026-03-31
[2026-05-21 23:40:39] [balancesheet] 2 to fetch, workers=6, tokens=280.0
[2026-05-21 23:40:50] [balancesheet] [1/2] 2026-03-31 -> 5583 rows | tokens=280.0
[2026-05-21 23:40:53] [balancesheet] [2/2] 2025-12-31 -> 6220 rows | tokens=280.0
[2026-05-21 23:40:53] [balancesheet] Dropped 15 rows with malformed stock_code
[2026-05-21 23:40:53] [balancesheet] Total: 11788 rows, 157 columns
[2026-05-21 23:40:53] [balancesheet] Saved -> /root/shared-nvme/lingqiData/data/_incr_balancesheet.tmp.parquet
[2026-05-21 23:40:53] [balancesheet] Cleaned up 2 checkpoint files
[2026-05-21 23:40:55] [balancesheet] Merge: 151126 → 151131 rows (+5) | max_date: 2026-03-31 → 2026-03-31
[2026-05-21 23:40:55] 
============================================================
[2026-05-21 23:40:55] [cashflow] Starting incremental update
[2026-05-21 23:40:55] [cashflow] Existing max date: 2026-03-31 | Fetching: 2025-12-26 ~ 2026-05-21
[2026-05-21 23:40:55] [cashflow] 2 quarters: 2025-12-31 ~ 2026-03-31
[2026-05-21 23:40:55] [cashflow] 2 to fetch, workers=6, tokens=280.0
[2026-05-21 23:41:09] [cashflow] [1/2] 2026-03-31 -> 5214 rows | tokens=280.0
[2026-05-21 23:41:11] [cashflow] [2/2] 2025-12-31 -> 4802 rows | tokens=280.0
[2026-05-21 23:41:11] [cashflow] Dropped 6 rows with malformed stock_code
[2026-05-21 23:41:11] [cashflow] Total: 10010 rows, 97 columns
[2026-05-21 23:41:11] [cashflow] Saved -> /root/shared-nvme/lingqiData/data/_incr_cashflow.tmp.parquet
[2026-05-21 23:41:11] [cashflow] Cleaned up 2 checkpoint files
[2026-05-21 23:41:13] [cashflow] Merge: 140022 → 140022 rows (+0) | max_date: 2026-03-31 → 2026-03-31
[2026-05-21 23:41:13] 
============================================================
[2026-05-21 23:41:13] [cyq_chips] Starting incremental update
[2026-05-21 23:41:14] [cyq_chips] 2542 stocks | 2542 incremental | 0 skipped (no file) | 0 up-to-date
[2026-05-21 23:41:14] [cyq_chips] [incr] 2542 stocks in 26 batches (batch_size=100)
[2026-05-21 23:41:19] [cyq_chips] [incr] 2026-05-16 ~ 2026-05-22: 32442 rows, 4 pages, 5.4s
[2026-05-21 23:41:20] [cyq_chips] [incr] 2026-05-16 ~ 2026-05-22: 36754 rows, 4 pages, 5.9s
[2026-05-21 23:41:20] [cyq_chips] [incr] 2026-05-16 ~ 2026-05-22: 38665 rows, 4 pages, 5.9s
[2026-05-21 23:41:21] [cyq_chips] [incr] 2026-05-16 ~ 2026-05-22: 39792 rows, 4 pages, 6.5s
[2026-05-21 23:41:22] [cyq_chips] [incr] 2026-05-16 ~ 2026-05-22: 43122 rows, 5 pages, 7.5s
[2026-05-21 23:41:22] [cyq_chips] [incr] 2026-05-16 ~ 2026-05-22: 42655 rows, 5 pages, 7.6s
[2026-05-21 23:41:25] [cyq_chips] [incr] 2026-05-16 ~ 2026-05-22: 34397 rows, 4 pages, 5.4s
[2026-05-21 23:41:25] [cyq_chips] [incr] 2026-05-16 ~ 2026-05-22: 34092 rows, 4 pages, 6.0s
[2026-05-21 23:41:26] [cyq_chips] [incr] 2026-05-16 ~ 2026-05-22: 36937 rows, 4 pages, 6.3s
[2026-05-21 23:41:27] [cyq_chips] [incr] 2026-05-16 ~ 2026-05-22: 36071 rows, 4 pages, 5.6s
[2026-05-21 23:41:30] [cyq_chips] [incr] 2026-05-16 ~ 2026-05-22: 40301 rows, 5 pages, 8.1s
[2026-05-21 23:41:32] [cyq_chips] [incr] 2026-05-10 ~ 2026-05-22: 78046 rows, 8 pages, 11.8s
[2026-05-21 23:41:33] [cyq_chips] [incr] 2026-05-16 ~ 2026-05-22: 40051 rows, 5 pages, 7.3s
[2026-05-21 23:41:34] [cyq_chips] [incr] 2026-05-16 ~ 2026-05-22: 43961 rows, 5 pages, 8.4s
[2026-05-21 23:41:35] [cyq_chips] [incr] 2026-05-16 ~ 2026-05-22: 43795 rows, 5 pages, 8.3s
[2026-05-21 23:41:35] [cyq_chips] [incr] 2026-05-16 ~ 2026-05-22: 44723 rows, 5 pages, 7.6s
[2026-05-21 23:41:35] [cyq_chips] [incr] 1/26 | 100 stocks, 32442 rows, +15973 new | elapsed=21s ETA=525s | tokens=279.0
[2026-05-21 23:41:38] [cyq_chips] [incr] 2026-05-16 ~ 2026-05-22: 44263 rows, 5 pages, 8.2s
[2026-05-21 23:41:40] [cyq_chips] [incr] 2026-05-16 ~ 2026-05-22: 41433 rows, 5 pages, 7.2s
[2026-05-21 23:41:40] [cyq_chips] [incr] 2026-05-16 ~ 2026-05-22: 43096 rows, 5 pages, 7.0s
[2026-05-21 23:41:42] [cyq_chips] [incr] 2026-05-16 ~ 2026-05-22: 41398 rows, 5 pages, 6.9s
[2026-05-21 23:41:42] [cyq_chips] [incr] 2026-05-16 ~ 2026-05-22: 42645 rows, 5 pages, 7.8s
[2026-05-21 23:41:42] [cyq_chips] [incr] 2026-05-16 ~ 2026-05-22: 42528 rows, 5 pages, 7.5s
[2026-05-21 23:41:44] [cyq_chips] [incr] 2026-05-16 ~ 2026-05-22: 18041 rows, 2 pages, 2.1s
[2026-05-21 23:41:44] [cyq_chips] [incr] 2026-05-16 ~ 2026-05-22: 44402 rows, 5 pages, 6.3s
[2026-05-21 23:41:44] [cyq_chips] [incr] 2026-05-16 ~ 2026-05-22: 42728 rows, 5 pages, 4.7s
[2026-05-21 23:41:46] [cyq_chips] [incr] 2026-05-16 ~ 2026-05-22: 45252 rows, 5 pages, 6.6s
[2026-05-21 23:41:51] [cyq_chips] [incr] 2/26 | 100 stocks, 36754 rows, +17520 new | elapsed=37s ETA=449s | tokens=280.0
[2026-05-21 23:42:08] [cyq_chips] [incr] 3/26 | 100 stocks, 38665 rows, +19118 new | elapsed=54s ETA=413s | tokens=280.0
[2026-05-21 23:42:25] [cyq_chips] [incr] 4/26 | 100 stocks, 39792 rows, +19607 new | elapsed=71s ETA=389s | tokens=280.0
[2026-05-21 23:42:42] [cyq_chips] [incr] 5/26 | 100 stocks, 43122 rows, +21635 new | elapsed=88s ETA=369s | tokens=280.0
[2026-05-21 23:42:59] [cyq_chips] [incr] 6/26 | 100 stocks, 42655 rows, +21066 new | elapsed=105s ETA=350s | tokens=280.0
[2026-05-21 23:43:15] [cyq_chips] [incr] 7/26 | 100 stocks, 34397 rows, +17027 new | elapsed=121s ETA=328s | tokens=280.0
[2026-05-21 23:43:31] [cyq_chips] [incr] 8/26 | 100 stocks, 34092 rows, +16720 new | elapsed=137s ETA=309s | tokens=280.0
[2026-05-21 23:43:49] [cyq_chips] [incr] 9/26 | 100 stocks, 36937 rows, +18406 new | elapsed=154s ETA=292s | tokens=280.0
[2026-05-21 23:44:03] [cyq_chips] [incr] 10/26 | 100 stocks, 36071 rows, +17146 new | elapsed=168s ETA=270s | tokens=280.0
[2026-05-21 23:44:17] [cyq_chips] [incr] 11/26 | 100 stocks, 40301 rows, +18768 new | elapsed=183s ETA=250s | tokens=280.0
[2026-05-21 23:44:34] [cyq_chips] [incr] 12/26 | 100 stocks, 78046 rows, +16864 new | elapsed=200s ETA=233s | tokens=280.0
[2026-05-21 23:44:51] [cyq_chips] [incr] 13/26 | 100 stocks, 40051 rows, +19903 new | elapsed=217s ETA=217s | tokens=280.0
[2026-05-21 23:45:09] [cyq_chips] [incr] 14/26 | 100 stocks, 43961 rows, +22389 new | elapsed=235s ETA=201s | tokens=280.0
[2026-05-21 23:45:27] [cyq_chips] [incr] 15/26 | 100 stocks, 43795 rows, +21991 new | elapsed=253s ETA=185s | tokens=280.0
[2026-05-21 23:45:45] [cyq_chips] [incr] 16/26 | 100 stocks, 44723 rows, +22861 new | elapsed=271s ETA=169s | tokens=280.0
[2026-05-21 23:46:04] [cyq_chips] [incr] 17/26 | 100 stocks, 44263 rows, +21982 new | elapsed=290s ETA=153s | tokens=280.0
[2026-05-21 23:46:22] [cyq_chips] [incr] 18/26 | 100 stocks, 41433 rows, +20985 new | elapsed=308s ETA=137s | tokens=280.0
[2026-05-21 23:46:40] [cyq_chips] [incr] 19/26 | 100 stocks, 43096 rows, +21761 new | elapsed=326s ETA=120s | tokens=280.0
[2026-05-21 23:46:55] [cyq_chips] [incr] 20/26 | 100 stocks, 41398 rows, +20329 new | elapsed=341s ETA=102s | tokens=280.0
[2026-05-21 23:47:12] [cyq_chips] [incr] 21/26 | 100 stocks, 42645 rows, +21661 new | elapsed=358s ETA=85s | tokens=280.0
[2026-05-21 23:47:29] [cyq_chips] [incr] 22/26 | 100 stocks, 42528 rows, +21400 new | elapsed=375s ETA=68s | tokens=280.0
[2026-05-21 23:47:36] [cyq_chips] [incr] 23/26 | 42 stocks, 18041 rows, +8657 new | elapsed=381s ETA=50s | tokens=280.0
[2026-05-21 23:47:52] [cyq_chips] [incr] 24/26 | 100 stocks, 44402 rows, +22630 new | elapsed=398s ETA=33s | tokens=280.0
[2026-05-21 23:48:08] [cyq_chips] [incr] 25/26 | 100 stocks, 42728 rows, +21143 new | elapsed=414s ETA=17s | tokens=280.0
[2026-05-21 23:48:24] [cyq_chips] [incr] 26/26 | 100 stocks, 45252 rows, +21570 new | elapsed=430s ETA=0s | tokens=280.0
[2026-05-21 23:48:25] [cyq_chips] Done: 2542 stocks processed, 509112 new rows total
[2026-05-21 23:48:29]   [consolidate] [cyq_chips] Reading 2542 stock files...
[2026-05-21 23:49:08]   [consolidate] [cyq_chips] Concatenating 2542 DataFrames (39.2s reading)
[2026-05-21 23:49:22]   [consolidate] [cyq_chips] Sorting by ['stock_code', 'trade_date']...
[2026-05-21 23:50:36]   [consolidate] [cyq_chips] Writing 461,054,391 rows to /root/shared-nvme/lingqiData/data/cyq_chips.parquet...
[2026-05-21 23:52:15]   [consolidate] [cyq_chips] Done: 461,054,391 rows → /root/shared-nvme/lingqiData/data/cyq_chips.parquet (read=39.2s, sort=87.5s, write=99.3s, total=226.0s)
[2026-05-21 23:52:17] 
============================================================
[2026-05-21 23:52:17] [cyq_perf] Starting incremental update
[2026-05-21 23:52:18] [cyq_perf] Existing max date: 2026-05-20 | Fetching: 2026-05-15 ~ 2026-05-21
[2026-05-21 23:52:18] [cyq_perf] 1 months: 2026-05-15 ~ 2026-05-22
[2026-05-21 23:52:18] [cyq_perf] 1 to fetch, workers=6, tokens=280.0
[2026-05-21 23:52:23] [cyq_perf] [1/1] 2026-05 -> 27468 rows | tokens=280.0
[2026-05-21 23:52:23] [cyq_perf] Total: 27468 rows, 11 columns
[2026-05-21 23:52:23] [cyq_perf] Saved -> /root/shared-nvme/lingqiData/data/_incr_cyq_perf.tmp.parquet
[2026-05-21 23:52:23] [cyq_perf] Cleaned up 1 checkpoint files
[2026-05-21 23:52:32] [cyq_perf] Merge: 8245589 → 8254673 rows (+9084) | max_date: 2026-05-20 → 2026-05-21
[2026-05-21 23:52:32] 
============================================================
[2026-05-21 23:52:32] [incremental] Summary:
[2026-05-21 23:52:32]   [updated]  calendar: +2728 rows | ? → ?
[2026-05-21 23:52:32]   [updated]  stock_list: +5843 rows | ? → ?
[2026-05-21 23:52:32]   [updated]  ths_sector_categories: +1237 rows | ? → ?
[2026-05-21 23:52:32]   [updated]  ths_constituent_stocks: +233101 rows | ? → ?
[2026-05-21 23:52:32]   [updated]  daily: +5501 rows | 2026-05-20 → 2026-05-21
[2026-05-21 23:52:32]   [updated]  daily_adj: +5501 rows | 2026-05-20 → 2026-05-21
[2026-05-21 23:52:32]   [updated]  finance: +5501 rows | 2026-05-20 → 2026-05-21
[2026-05-21 23:52:32]   [updated]  margin_detail: +0 rows | 2026-05-19 → 2026-05-19
[2026-05-21 23:52:32]   [updated]  main_fund_flow: +5189 rows | 2026-05-20 → 2026-05-21
[2026-05-21 23:52:32]   [updated]  dragon_tiger: +70 rows | 2026-05-20 → 2026-05-21
[2026-05-21 23:52:32]   [updated]  top_list: +62 rows | 2026-05-20 → 2026-05-21
[2026-05-21 23:52:32]   [updated]  limit_up: +36 rows | 2026-05-20 → 2026-05-21
[2026-05-21 23:52:32]   [updated]  limit_list: +125 rows | 2026-05-20 → 2026-05-21
[2026-05-21 23:52:32]   [updated]  ths_daily: +1233 rows | 2026-05-20 → 2026-05-21
[2026-05-21 23:52:32]   [updated]  index_weight: +0 rows | 2026-04-01 → 2026-04-01
[2026-05-21 23:52:32]   [updated]  holder_number: +120 rows | 2026-05-18 → 2026-05-20
[2026-05-21 23:52:32]   [updated]  pledge_stat: +0 rows | 2026-04-30 → 2026-04-30
[2026-05-21 23:52:32]   [updated]  financial_indicator: +11711 rows | 2026-03-31 → 2026-03-31
[2026-05-21 23:52:32]   [updated]  income: +5 rows | 2026-03-31 → 2026-03-31
[2026-05-21 23:52:32]   [updated]  balancesheet: +5 rows | 2026-03-31 → 2026-03-31
[2026-05-21 23:52:32]   [updated]  cashflow: +0 rows | 2026-03-31 → 2026-03-31
[2026-05-21 23:52:32]   [updated]  cyq_chips: +? rows | ? → ?
[2026-05-21 23:52:32]   [updated]  cyq_perf: +9084 rows | 2026-05-20 → 2026-05-21
[2026-05-21 23:52:32] [incremental] Done: 23 updated, 0 uptodate, 0 skipped, 0 errors
[2026-05-21 23:52:32] [incremental] Total API calls: 1447
[2026-05-21 23:52:32]   basic/calendar: 1
[2026-05-21 23:52:32]   index/ths_constituent_stocks: 1237
[2026-05-21 23:52:32]   index/ths_daily: 1
[2026-05-21 23:52:32]   index/ths_sector_categories: 1
[2026-05-21 23:52:32]   index/weight: 40
[2026-05-21 23:52:32]   stock/balancesheet: 2
[2026-05-21 23:52:32]   stock/cashflow: 2
[2026-05-21 23:52:32]   stock/cyq_chips: 122
[2026-05-21 23:52:32]   stock/cyq_perf: 4
[2026-05-21 23:52:32]   stock/daily: 3
[2026-05-21 23:52:32]   stock/daily_adj: 3
[2026-05-21 23:52:32]   stock/dragon_tiger: 4
[2026-05-21 23:52:32]   stock/finance: 3
[2026-05-21 23:52:32]   stock/financial_indicator: 2
[2026-05-21 23:52:32]   stock/holder_number: 4
[2026-05-21 23:52:32]   stock/income: 2
[2026-05-21 23:52:32]   stock/limit_list: 1
[2026-05-21 23:52:32]   stock/limit_up: 1
[2026-05-21 23:52:32]   stock/list: 1
[2026-05-21 23:52:32]   stock/main_fund_flow: 3
[2026-05-21 23:52:32]   stock/margin_detail: 1
[2026-05-21 23:52:32]   stock/pledge_stat: 5
[2026-05-21 23:52:32]   stock/top_list: 4
[2026-05-21 23:52:32] 
[incremental] PENDING (server behind, will re-fetch with extended overlap next run):
[2026-05-21 23:52:32]   [pending] balancesheet                 last_data=2026-03-31  since=2026-05-14
[2026-05-21 23:52:32]   [pending] cashflow                     last_data=2026-03-31  since=2026-05-14
[2026-05-21 23:52:32]   [pending] financial_indicator          last_data=2026-03-31  since=2026-05-14
[2026-05-21 23:52:32]   [pending] history_15min                last_data=2026-05-19  since=2026-05-20
[2026-05-21 23:52:32]   [pending] history_30min                last_data=2026-05-19  since=2026-05-20
[2026-05-21 23:52:32]   [pending] history_60min                last_data=2026-05-19  since=2026-05-20
[2026-05-21 23:52:32]   [pending] holder_number                last_data=2026-05-20  since=2026-05-19
[2026-05-21 23:52:32]   [pending] income                       last_data=2026-03-31  since=2026-05-14
[2026-05-21 23:52:32]   [pending] index_weight                 last_data=2026-04-01  since=2026-05-16
[2026-05-21 23:52:32]   [pending] margin_detail                last_data=2026-05-19  since=2026-05-14
[2026-05-21 23:52:32]   [pending] pledge_stat                  last_data=2026-04-30  since=2026-05-14
[2026-05-21 23:52:32] 
============================================================
[2026-05-21 23:52:32] [timing] Per-dataset timing report
[2026-05-21 23:52:32] Dataset                      Phase                    Elapsed  Details
[2026-05-21 23:52:32] -------------------------------------------------------------------------------------
[2026-05-21 23:52:32]   balancesheet               fetch                     14.0s  
[2026-05-21 23:52:32]   balancesheet               merge                      2.3s  
[2026-05-21 23:52:32]   balancesheet               total                     16.4s  
[2026-05-21 23:52:32]   calendar                   fetch                      0.4s  
[2026-05-21 23:52:32]   calendar                   total                      0.5s  
[2026-05-21 23:52:32]   cashflow                   fetch                     15.5s  
[2026-05-21 23:52:32]   cashflow                   merge                      1.6s  
[2026-05-21 23:52:32]   cashflow                   total                     17.2s  
[2026-05-21 23:52:32]   cyq_chips                  fetch x26                178.5s  26 calls, 1,071,590 rows
[2026-05-21 23:52:32]   cyq_chips                  merge x26                424.8s  1,071,590 rows
[2026-05-21 23:52:32]   cyq_chips                  total                    664.3s  
[2026-05-21 23:52:32]   cyq_perf                   fetch                      4.8s  
[2026-05-21 23:52:32]   cyq_perf                   merge                      7.8s  
[2026-05-21 23:52:32]   cyq_perf                   total                     15.3s  
[2026-05-21 23:52:32]   daily                      fetch                      3.7s  
[2026-05-21 23:52:32]   daily                      merge                      9.0s  
[2026-05-21 23:52:32]   daily                      total                     14.1s  
[2026-05-21 23:52:32]   daily_adj                  fetch                      6.4s  
[2026-05-21 23:52:32]   daily_adj                  merge                      8.7s  
[2026-05-21 23:52:32]   daily_adj                  total                     16.6s  
[2026-05-21 23:52:32]   dragon_tiger               fetch                      1.5s  
[2026-05-21 23:52:32]   dragon_tiger               merge                      0.2s  
[2026-05-21 23:52:32]   dragon_tiger               total                      1.7s  
[2026-05-21 23:52:32]   finance                    fetch                      7.9s  
[2026-05-21 23:52:32]   finance                    merge                     10.7s  
[2026-05-21 23:52:32]   finance                    total                     20.1s  
[2026-05-21 23:52:32]   financial_indicator        fetch                     24.7s  
[2026-05-21 23:52:32]   financial_indicator        merge                      4.7s  
[2026-05-21 23:52:33]   financial_indicator        total                     29.5s  
[2026-05-21 23:52:33]   holder_number              fetch                      0.6s  
[2026-05-21 23:52:33]   holder_number              merge                      0.3s  
[2026-05-21 23:52:33]   holder_number              total                      1.1s  
[2026-05-21 23:52:33]   income                     fetch                      7.1s  
[2026-05-21 23:52:33]   income                     merge                      1.5s  
[2026-05-21 23:52:33]   income                     total                      8.7s  
[2026-05-21 23:52:33]   index_weight               fetch                      1.7s  
[2026-05-21 23:52:33]   index_weight               merge                      0.1s  
[2026-05-21 23:52:33]   index_weight               total                      1.8s  
[2026-05-21 23:52:33]   limit_list                 fetch                      0.5s  
[2026-05-21 23:52:33]   limit_list                 merge                      0.4s  
[2026-05-21 23:52:33]   limit_list                 total                      1.0s  
[2026-05-21 23:52:33]   limit_up                   fetch                      1.0s  
[2026-05-21 23:52:33]   limit_up                   merge                      0.3s  
[2026-05-21 23:52:33]   limit_up                   total                      1.4s  
[2026-05-21 23:52:33]   main_fund_flow             fetch                      8.7s  
[2026-05-21 23:52:33]   main_fund_flow             merge                     12.0s  
[2026-05-21 23:52:33]   main_fund_flow             total                     22.1s  
[2026-05-21 23:52:33]   margin_detail              fetch                      1.8s  
[2026-05-21 23:52:33]   margin_detail              merge                      5.8s  
[2026-05-21 23:52:33]   margin_detail              total                     15.8s  
[2026-05-21 23:52:33]   pledge_stat                fetch                      0.6s  
[2026-05-21 23:52:33]   pledge_stat                merge                      0.1s  
[2026-05-21 23:52:33]   pledge_stat                total                      0.8s  
[2026-05-21 23:52:33]   stock_list                 fetch                      1.9s  
[2026-05-21 23:52:33]   stock_list                 total                      2.0s  
[2026-05-21 23:52:33]   ths_constituent_stocks     fetch                    316.3s  
[2026-05-21 23:52:33]   ths_constituent_stocks     total                    316.4s  
[2026-05-21 23:52:33]   ths_daily                  fetch                      1.0s  
[2026-05-21 23:52:33]   ths_daily                  merge                      1.4s  
[2026-05-21 23:52:33]   ths_daily                  total                      2.8s  
[2026-05-21 23:52:33]   ths_sector_categories      fetch                      0.6s  
[2026-05-21 23:52:33]   ths_sector_categories      total                      0.7s  
[2026-05-21 23:52:33]   top_list                   fetch                      1.2s  
[2026-05-21 23:52:33]   top_list                   merge                      0.2s  
[2026-05-21 23:52:33]   top_list                   total                      1.5s  
[2026-05-21 23:52:33] -------------------------------------------------------------------------------------
[2026-05-21 23:52:33]   TOTAL                                              2264.0s
[2026-05-21 23:52:33] 
[timing] Top 5 slowest datasets:
[2026-05-21 23:52:33]   cyq_chips                   1267.6s ( 56.0%) ###########
[2026-05-21 23:52:33]   ths_constituent_stocks       632.7s ( 27.9%) #####
[2026-05-21 23:52:33]   financial_indicator           58.8s (  2.6%) 
[2026-05-21 23:52:33]   main_fund_flow                42.9s (  1.9%) 
[2026-05-21 23:52:33]   finance                       38.7s (  1.7%) 
