[2026-05-20 23:47:46] [main] start | rate_limit=280 req/min | parallel=False | workers=10 | tasks=['history']
[2026-05-20 23:47:46] [main] === history (2019-01-01 ~ 2026-05-20) ===
[2026-05-20 23:47:46] [minute] 2 API key(s) loaded, 560 req/min capacity
[2026-05-20 23:47:46] [minute] 2542 stocks loaded from Code_num.txt
[2026-05-20 23:47:46] [history_1min] 2542 stocks | level=1min | 2019-01-01 ~ 2026-05-20
[2026-05-20 23:47:46] [history_1min] 2 key(s) | 6 in-flight max | rate-limit: 560/min
[2026-05-20 23:47:46] [history_1min] ~38130 API calls (15 chunks/stock × 2542 stocks) | ~68 min est
[2026-05-20 23:47:47] [history_1min] 2542 stocks to fetch (parallel ×6 slots)
[2026-05-20 23:48:56]   [000009.SZ] chunk 1/15 2019-01-01~2019-06-29 → 28438r/69.6s (total 28438r/70s)
[2026-05-20 23:48:56]   [000008.SZ] chunk 1/15 2019-01-01~2019-06-29 → 28438r/69.6s (total 28438r/70s)
[2026-05-20 23:48:57]   [000001.SZ] chunk 1/15 2019-01-01~2019-06-29 → 28438r/70.0s (total 28438r/70s)
[2026-05-20 23:49:05]   [000007.SZ] chunk 1/15 2019-01-01~2019-06-29 → 28438r/78.4s (total 28438r/78s)
[2026-05-20 23:49:05]   [000002.SZ] chunk 1/15 2019-01-01~2019-06-29 → 28438r/78.5s (total 28438r/78s)
[2026-05-20 23:49:11]   [000008.SZ] chunk 2/15 2019-06-30~2019-12-26 → 29643r/14.2s (total 58081r/84s)
[2026-05-20 23:49:20]   [000009.SZ] chunk 2/15 2019-06-30~2019-12-26 → 29643r/23.8s (total 58081r/93s)
[2026-05-20 23:49:25]   [000006.SZ] chunk 1/15 2019-01-01~2019-06-29 → 28438r/98.3s (total 28438r/98s)
[2026-05-20 23:49:26]   [000007.SZ] chunk 2/15 2019-06-30~2019-12-26 → 29643r/21.0s (total 58081r/99s)
[2026-05-20 23:49:45]   [000002.SZ] chunk 2/15 2019-06-30~2019-12-26 → 29643r/39.4s (total 58081r/118s)
[2026-05-20 23:49:45]   [000006.SZ] chunk 2/15 2019-06-30~2019-12-26 → 29643r/20.3s (total 58081r/119s)
[2026-05-20 23:50:00]   [000001.SZ] chunk 2/15 2019-06-30~2019-12-26 → 29643r/63.0s (total 58081r/133s)
[2026-05-20 23:50:11]   [000002.SZ] chunk 3/15 2019-12-27~2020-06-23 → 28202r/26.6s (total 86283r/144s)
[2026-05-20 23:50:15]   [000008.SZ] chunk 3/15 2019-12-27~2020-06-23 → 28202r/64.6s (total 86283r/148s)
[2026-05-20 23:50:19]   [000007.SZ] chunk 3/15 2019-12-27~2020-06-23 → 28202r/52.9s (total 86283r/152s)
[2026-05-20 23:50:19]   [000009.SZ] chunk 3/15 2019-12-27~2020-06-23 → 28202r/59.2s (total 86283r/153s)
[2026-05-20 23:50:26]   [000002.SZ] chunk 4/15 2020-06-24~2020-12-20 → 28920r/15.1s (total 115203r/160s)
[2026-05-20 23:50:27]   [000006.SZ] chunk 3/15 2019-12-27~2020-06-23 → 28202r/41.1s (total 86283r/160s)
[2026-05-20 23:50:29]   [000001.SZ] chunk 3/15 2019-12-27~2020-06-23 → 28202r/29.2s (total 86283r/162s)
[2026-05-20 23:50:48]   [000009.SZ] chunk 4/15 2020-06-24~2020-12-20 → 28920r/28.9s (total 115203r/182s)
[2026-05-20 23:50:49]   [000006.SZ] chunk 4/15 2020-06-24~2020-12-20 → 28920r/22.8s (total 115203r/183s)
[2026-05-20 23:51:13]   [000008.SZ] chunk 4/15 2020-06-24~2020-12-20 → 28920r/58.1s (total 115203r/207s)
[2026-05-20 23:51:19]   [000007.SZ] chunk 4/15 2020-06-24~2020-12-20 → 28920r/60.2s (total 115203r/213s)
[2026-05-20 23:51:33]   [000009.SZ] chunk 5/15 2020-12-21~2021-06-18 → 28679r/44.3s (total 143882r/226s)
[2026-05-20 23:51:42]   [000002.SZ] chunk 5/15 2020-12-21~2021-06-18 → 28679r/75.4s (total 143882r/235s)
[2026-05-20 23:51:53]   [000006.SZ] chunk 5/15 2020-12-21~2021-06-18 → 28679r/63.7s (total 143882r/246s)
[2026-05-20 23:51:57]   [000008.SZ] chunk 5/15 2020-12-21~2021-06-18 → 28679r/43.7s (total 143882r/250s)
[2026-05-20 23:51:59]   [000001.SZ] chunk 4/15 2020-06-24~2020-12-20 → 28920r/89.5s (total 115203r/252s)
[2026-05-20 23:52:00]   [000009.SZ] chunk 6/15 2021-06-19~2021-12-15 → 29161r/27.5s (total 173043r/253s)
[2026-05-20 23:52:12]   [000002.SZ] chunk 6/15 2021-06-19~2021-12-15 → 29161r/30.2s (total 173043r/265s)
[2026-05-20 23:52:25]   [000007.SZ] chunk 5/15 2020-12-21~2021-06-18 → 28438r/65.6s (total 143641r/278s)
[2026-05-20 23:52:28]   [000006.SZ] chunk 6/15 2021-06-19~2021-12-15 → 29161r/35.3s (total 173043r/282s)
[2026-05-20 23:52:30]   [000008.SZ] chunk 6/15 2021-06-19~2021-12-15 → 29161r/32.5s (total 173043r/283s)
[2026-05-20 23:52:42]   [000009.SZ] chunk 7/15 2021-12-16~2022-06-13 → 27956r/41.6s (total 200999r/295s)
[2026-05-20 23:52:54]   [000007.SZ] chunk 6/15 2021-06-19~2021-12-15 → 29161r/28.9s (total 172802r/307s)
[2026-05-20 23:52:54]   [000002.SZ] chunk 7/15 2021-12-16~2022-06-13 → 27956r/42.0s (total 200999r/307s)
[2026-05-20 23:53:21]   [000001.SZ] chunk 5/15 2020-12-21~2021-06-18 → 28679r/82.7s (total 143882r/334s)
[2026-05-20 23:53:22]   [000006.SZ] chunk 7/15 2021-12-16~2022-06-13 → 27956r/53.2s (total 200999r/335s)
[2026-05-20 23:53:22]   [000009.SZ] chunk 8/15 2022-06-14~2022-12-10 → 29643r/40.2s (total 230642r/335s)
[2026-05-20 23:53:38]   [000008.SZ] chunk 7/15 2021-12-16~2022-06-13 → 27956r/68.3s (total 200999r/351s)
[2026-05-20 23:53:43]   [000002.SZ] chunk 8/15 2022-06-14~2022-12-10 → 29643r/48.8s (total 230642r/356s)
[2026-05-20 23:53:43]   [000007.SZ] chunk 7/15 2021-12-16~2022-06-13 → 27956r/48.9s (total 200758r/356s)
[2026-05-20 23:54:03]   [000006.SZ] chunk 8/15 2022-06-14~2022-12-10 → 29643r/41.8s (total 230642r/377s)
[2026-05-20 23:54:04]   [000009.SZ] chunk 9/15 2022-12-11~2023-06-08 → 28679r/41.5s (total 259321r/377s)
[2026-05-20 23:54:06]   [000001.SZ] chunk 6/15 2021-06-19~2021-12-15 → 29161r/45.0s (total 173043r/379s)
[2026-05-20 23:54:24]   [000008.SZ] chunk 8/15 2022-06-14~2022-12-10 → 29643r/45.8s (total 230642r/397s)
[2026-05-20 23:54:35]   [000007.SZ] chunk 8/15 2022-06-14~2022-12-10 → 29402r/52.2s (total 230160r/408s)
[2026-05-20 23:54:48]   [000002.SZ] chunk 9/15 2022-12-11~2023-06-08 → 28679r/64.9s (total 259321r/421s)
[2026-05-20 23:55:01]   [000001.SZ] chunk 7/15 2021-12-16~2022-06-13 → 27956r/54.5s (total 200999r/434s)
[2026-05-20 23:55:08]   [000006.SZ] chunk 9/15 2022-12-11~2023-06-08 → 28679r/64.9s (total 259321r/442s)
[2026-05-20 23:55:19]   [000007.SZ] chunk 9/15 2022-12-11~2023-06-08 → 28438r/43.3s (total 258598r/452s)
[2026-05-20 23:55:35]   [000002.SZ] chunk 10/15 2023-06-09~2023-12-05 → 28920r/47.1s (total 288241r/468s)
[2026-05-20 23:55:40]   [000008.SZ] chunk 9/15 2022-12-11~2023-06-08 → 28679r/76.0s (total 259321r/473s)
[2026-05-20 23:55:44]   [000009.SZ] chunk 10/15 2023-06-09~2023-12-05 → 28920r/100.3s (total 288241r/477s)
[2026-05-20 23:56:02]   [000007.SZ] chunk 10/15 2023-06-09~2023-12-05 → 28920r/43.8s (total 287518r/495s)
[2026-05-20 23:56:04]   [000006.SZ] chunk 10/15 2023-06-09~2023-12-05 → 28920r/55.2s (total 288241r/497s)
[2026-05-20 23:56:07]   [000001.SZ] chunk 8/15 2022-06-14~2022-12-10 → 29643r/66.5s (total 230642r/501s)
[2026-05-20 23:56:15]   [000002.SZ] chunk 11/15 2023-12-06~2024-06-02 → 27956r/39.9s (total 316197r/508s)
[2026-05-20 23:56:18]   [000008.SZ] chunk 10/15 2023-06-09~2023-12-05 → 28920r/37.7s (total 288241r/511s)
[2026-05-20 23:56:29]   [000009.SZ] chunk 11/15 2023-12-06~2024-06-02 → 27956r/45.1s (total 316197r/522s)
[2026-05-20 23:56:31]   [000001.SZ] chunk 9/15 2022-12-11~2023-06-08 → 28679r/23.8s (total 259321r/524s)
[2026-05-20 23:56:35]   [000007.SZ] chunk 11/15 2023-12-06~2024-06-02 → 27956r/33.0s (total 315474r/528s)
[2026-05-20 23:56:38]   [000008.SZ] chunk 11/15 2023-12-06~2024-06-02 → 27956r/20.8s (total 316197r/532s)
[2026-05-20 23:56:52]   [000006.SZ] chunk 11/15 2023-12-06~2024-06-02 → 27956r/48.4s (total 316197r/545s)
[2026-05-20 23:56:53]   [000002.SZ] chunk 12/15 2024-06-03~2024-11-29 → 29402r/38.5s (total 345599r/547s)
[2026-05-20 23:57:21]   [000009.SZ] chunk 12/15 2024-06-03~2024-11-29 → 29402r/52.3s (total 345599r/574s)
[2026-05-20 23:57:21]   [000007.SZ] chunk 12/15 2024-06-03~2024-11-29 → 29161r/46.0s (total 344635r/574s)
[2026-05-20 23:57:29]   [000008.SZ] chunk 12/15 2024-06-03~2024-11-29 → 29402r/50.4s (total 345599r/582s)
[2026-05-20 23:57:40]   [000006.SZ] chunk 12/15 2024-06-03~2024-11-29 → 29402r/48.4s (total 345599r/594s)
[2026-05-20 23:57:41]   [000001.SZ] chunk 10/15 2023-06-09~2023-12-05 → 28920r/70.0s (total 288241r/594s)
[2026-05-20 23:57:47]   [000002.SZ] chunk 13/15 2024-11-30~2025-05-28 → 28197r/53.6s (total 373796r/600s)
[2026-05-20 23:57:54]   [000007.SZ] chunk 13/15 2024-11-30~2025-05-28 → 28197r/32.9s (total 372832r/607s)
[2026-05-20 23:58:08]   [000009.SZ] chunk 13/15 2024-11-30~2025-05-28 → 28197r/47.0s (total 373796r/621s)
[2026-05-20 23:58:22]   [000008.SZ] chunk 13/15 2024-11-30~2025-05-28 → 28197r/52.8s (total 373796r/635s)
[2026-05-20 23:58:22]   [000006.SZ] chunk 13/15 2024-11-30~2025-05-28 → 28197r/42.0s (total 373796r/636s)
[2026-05-20 23:58:25]   [000001.SZ] chunk 11/15 2023-12-06~2024-06-02 → 27956r/44.0s (total 316197r/638s)
[2026-05-20 23:58:31]   [000002.SZ] chunk 14/15 2025-05-29~2025-11-24 → 29161r/43.9s (total 402957r/644s)
[2026-05-20 23:58:42]   [000007.SZ] chunk 14/15 2025-05-29~2025-11-24 → 29161r/47.9s (total 401993r/655s)
[2026-05-20 23:58:42]   [000008.SZ] chunk 14/15 2025-05-29~2025-11-24 → 29161r/20.7s (total 402957r/655s)
[2026-05-20 23:58:45]   [000009.SZ] chunk 14/15 2025-05-29~2025-11-24 → 29161r/36.4s (total 402957r/658s)
[2026-05-20 23:58:52]   [000001.SZ] chunk 12/15 2024-06-03~2024-11-29 → 29402r/26.3s (total 345599r/665s)
[2026-05-20 23:59:07]   [000008.SZ] chunk 15/15 2025-11-25~2026-05-20 → 26992r/25.1s (total 429949r/681s)
[2026-05-20 23:59:08] [history_1min] [--------------------]   0.0%  1/2542  0 st/min  ETA 28859.7m  rows:429949  fail:0  tok:560/560
[2026-05-20 23:59:18]   [000006.SZ] chunk 14/15 2025-05-29~2025-11-24 → 29161r/56.0s (total 402957r/692s)
[2026-05-20 23:59:23]   [000007.SZ] chunk 15/15 2025-11-25~2026-05-20 → 26992r/40.8s (total 428985r/696s)
[2026-05-20 23:59:24] [history_1min] [--------------------]   0.1%  2/2542  0 st/min  ETA 14749.2m  rows:858934  fail:0  tok:559/560
[2026-05-20 23:59:41]   [000009.SZ] chunk 15/15 2025-11-25~2026-05-20 → 26992r/55.9s (total 429949r/714s)
[2026-05-20 23:59:41]   [000001.SZ] chunk 13/15 2024-11-30~2025-05-28 → 28197r/49.1s (total 373796r/714s)
[2026-05-20 23:59:41] [history_1min] [--------------------]   0.1%  3/2542  0 st/min  ETA 10078.6m  rows:1288883  fail:0  tok:560/560
[2026-05-20 23:59:44]   [000011.SZ] chunk 1/15 2019-01-01~2019-06-29 → 28438r/35.7s (total 28438r/36s)
[2026-05-20 23:59:46]   [000002.SZ] chunk 15/15 2025-11-25~2026-05-20 → 26992r/74.7s (total 429949r/719s)
[2026-05-20 23:59:47] [history_1min] [--------------------]   0.2%  4/2542  0 st/min  ETA 7611.8m  rows:1718832  fail:0  tok:560/560
[2026-05-20 23:59:52]   [000012.SZ] chunk 1/15 2019-01-01~2019-06-29 → 28438r/28.4s (total 28438r/28s)
[2026-05-21 00:00:03]   [000012.SZ] chunk 2/15 2019-06-30~2019-12-26 → 29643r/10.7s (total 58081r/39s)
[2026-05-21 00:00:03]   [000017.SZ] chunk 1/15 2019-01-01~2019-06-29 → 28438r/16.1s (total 28438r/16s)
[2026-05-21 00:00:03]   [000014.SZ] chunk 1/15 2019-01-01~2019-06-29 → 28438r/21.6s (total 28438r/22s)
[2026-05-21 00:00:03]   [000006.SZ] chunk 15/15 2025-11-25~2026-05-20 → 26992r/44.7s (total 429949r/736s)
[2026-05-21 00:00:04] [history_1min] [--------------------]   0.2%  5/2542  0 st/min  ETA 6232.9m  rows:2148781  fail:0  tok:560/560
[2026-05-21 00:00:30]   [000014.SZ] chunk 2/15 2019-06-30~2019-12-26 → 29643r/27.0s (total 58081r/49s)
[2026-05-21 00:00:30]   [000017.SZ] chunk 2/15 2019-06-30~2019-12-26 → 29643r/27.3s (total 58081r/43s)
[2026-05-21 00:00:33]   [000011.SZ] chunk 2/15 2019-06-30~2019-12-26 → 29643r/49.2s (total 58081r/85s)
