[2026-05-21 16:05:02] [incremental] DRY-RUN: 1 datasets | overlap=3 days | workers=6 | parallel=False
[2026-05-21 16:05:02] [incremental] Datasets: ['history_1min']
[2026-05-21 16:05:02] 
============================================================
[2026-05-21 16:05:02] [history_1min] Starting incremental update
[2026-05-21 16:05:30] [history_1min] Up to date (max=2026-05-20)
[2026-05-21 16:05:30] 
============================================================
[2026-05-21 16:05:30] [incremental] DRY-RUN Summary:
[2026-05-21 16:05:30]   [dry-run] history_1min: 
[2026-05-21 16:05:30] [incremental] Done: 0 updated, 0 uptodate, 0 skipped, 0 errors
[2026-05-21 16:05:30] [incremental] Total API calls: 0
[2026-05-21 16:05:30] 
[incremental] PENDING (server behind, will re-fetch with extended overlap next run):
[2026-05-21 16:05:30]   [pending] balancesheet                 last_data=2026-03-31  since=2026-05-14
[2026-05-21 16:05:30]   [pending] cashflow                     last_data=2026-03-31  since=2026-05-14
[2026-05-21 16:05:30]   [pending] financial_indicator          last_data=2026-03-31  since=2026-05-14
[2026-05-21 16:05:30]   [pending] history_15min                last_data=2026-05-19  since=2026-05-20
[2026-05-21 16:05:30]   [pending] history_30min                last_data=2026-05-19  since=2026-05-20
[2026-05-21 16:05:30]   [pending] history_60min                last_data=2026-05-19  since=2026-05-20
[2026-05-21 16:05:30]   [pending] holder_number                last_data=2026-05-20  since=2026-05-19
[2026-05-21 16:05:30]   [pending] income                       last_data=2026-03-31  since=2026-05-14
[2026-05-21 16:05:30]   [pending] index_weight                 last_data=2026-04-01  since=2026-05-16
[2026-05-21 16:05:30]   [pending] margin_detail                last_data=2026-05-19  since=2026-05-14
[2026-05-21 16:05:30]   [pending] pledge_stat                  last_data=2026-04-30  since=2026-05-14
[2026-05-21 16:05:31] 
============================================================
[2026-05-21 16:05:31] [timing] Per-dataset timing report
[2026-05-21 16:05:31] Dataset                      Phase                    Elapsed  Details
[2026-05-21 16:05:31] -------------------------------------------------------------------------------------
[2026-05-21 16:05:31]   history_1min               total                     28.7s  
[2026-05-21 16:05:31] -------------------------------------------------------------------------------------
[2026-05-21 16:05:31]   TOTAL                                                28.7s
[2026-05-21 16:05:31] 
[timing] Top 5 slowest datasets:
[2026-05-21 16:05:31]   history_1min                  28.7s (100.0%) ####################
