[2026-05-22 01:27:44] [incremental] DRY-RUN: 1 datasets | overlap=3 days | workers=6 | parallel=False
[2026-05-22 01:27:44] [incremental] Datasets: ['history_1min']
[2026-05-22 01:27:44] 
============================================================
[2026-05-22 01:27:44] [history_1min] Starting incremental update
[2026-05-22 01:27:44] [history_1min] Found unprocessed daily dump file: 2026-05-21
[2026-05-22 01:27:44] [history_1min] Last date: 2026-05-20 | Fetching: 2026-05-17 ~ 2026-05-22
[2026-05-22 01:27:44] [history_1min] DRY-RUN: would process 2026-05-17 ~ 2026-05-22 via daily_dump/1min
[2026-05-22 01:27:44] [history_1min] DRY-RUN: 1 local file(s) would be read (no API calls)
[2026-05-22 01:27:44] 
============================================================
[2026-05-22 01:27:44] [incremental] DRY-RUN Summary:
[2026-05-22 01:27:44]   [dry-run] history_1min: 
[2026-05-22 01:27:44] [incremental] Done: 0 updated, 0 uptodate, 0 skipped, 0 errors
[2026-05-22 01:27:44] [incremental] Total API calls: 0
[2026-05-22 01:27:44] 
[incremental] PENDING (server behind, will re-fetch with extended overlap next run):
[2026-05-22 01:27:44]   [pending] balancesheet                 last_data=2026-03-31  since=2026-05-14
[2026-05-22 01:27:44]   [pending] cashflow                     last_data=2026-03-31  since=2026-05-14
[2026-05-22 01:27:44]   [pending] financial_indicator          last_data=2026-03-31  since=2026-05-14
[2026-05-22 01:27:44]   [pending] history_15min                last_data=2026-05-19  since=2026-05-20
[2026-05-22 01:27:44]   [pending] history_30min                last_data=2026-05-19  since=2026-05-20
[2026-05-22 01:27:44]   [pending] history_60min                last_data=2026-05-19  since=2026-05-20
[2026-05-22 01:27:44]   [pending] income                       last_data=2026-03-31  since=2026-05-14
[2026-05-22 01:27:44]   [pending] index_weight                 last_data=2026-04-01  since=2026-05-16
[2026-05-22 01:27:44]   [pending] margin_detail                last_data=2026-05-19  since=2026-05-14
[2026-05-22 01:27:44]   [pending] pledge_stat                  last_data=2026-04-30  since=2026-05-14
[2026-05-22 01:27:44] 
============================================================
[2026-05-22 01:27:44] [timing] Per-dataset timing report
[2026-05-22 01:27:44] Dataset                      Phase                    Elapsed  Details
[2026-05-22 01:27:44] -------------------------------------------------------------------------------------
[2026-05-22 01:27:44]   history_1min               total                      0.0s  
[2026-05-22 01:27:44] -------------------------------------------------------------------------------------
[2026-05-22 01:27:44]   TOTAL                                                 0.0s
[2026-05-22 01:27:44] 
[timing] Top 5 slowest datasets:
[2026-05-22 01:27:44]   history_1min                   0.0s (100.0%) ####################
