[2026-05-20 23:35:22] [incremental] 1 datasets | overlap=3 days | workers=6 | parallel=False
[2026-05-20 23:35:22] [incremental] Datasets: ['cyq_chips']
[2026-05-20 23:35:22] 
============================================================
[2026-05-20 23:35:22] [cyq_chips] Starting incremental update
[2026-05-20 23:35:24] [cyq_chips] 2542 stocks | 2542 incremental | 0 skipped (no file) | 0 up-to-date
[2026-05-20 23:35:24] [cyq_chips] [incr] 2542 stocks in 26 batches (batch_size=100)
[2026-05-20 23:35:36] [cyq_chips] [incr] 2026-05-16 ~ 2026-05-21: 19547 rows, 2 pages, 12.1s
[2026-05-20 23:35:45] [cyq_chips] [incr] 2026-05-16 ~ 2026-05-21: 16469 rows, 2 pages, 21.0s
[2026-05-20 23:35:46] [cyq_chips] [incr] 2026-05-16 ~ 2026-05-21: 21487 rows, 3 pages, 22.1s
[2026-05-20 23:35:46] [cyq_chips] [incr] 2026-05-16 ~ 2026-05-21: 19234 rows, 2 pages, 22.3s
[2026-05-20 23:35:47] [cyq_chips] [incr] 2026-05-16 ~ 2026-05-21: 20185 rows, 3 pages, 23.6s
[2026-05-20 23:35:48] [cyq_chips] [incr] 2026-05-16 ~ 2026-05-21: 21589 rows, 3 pages, 23.7s
[2026-05-20 23:35:51] [cyq_chips] [incr] 2026-05-16 ~ 2026-05-21: 18925 rows, 2 pages, 3.4s
[2026-05-20 23:35:51] [cyq_chips] [incr] 2026-05-16 ~ 2026-05-21: 18531 rows, 2 pages, 6.1s
[2026-05-20 23:35:53] [cyq_chips] [incr] 1/26 | 100 stocks, 19547 rows, +0 new | elapsed=29s ETA=730s | tokens=115.5
[2026-05-20 23:35:55] [cyq_chips] [incr] 2026-05-16 ~ 2026-05-21: 17370 rows, 2 pages, 9.0s
[2026-05-20 23:36:09] [cyq_chips] [incr] 2/26 | 100 stocks, 16469 rows, +0 new | elapsed=45s ETA=539s | tokens=180.8
[2026-05-20 23:36:11] [cyq_chips] [incr] 2026-05-16 ~ 2026-05-21: 21533 rows, 3 pages, 23.5s
[2026-05-20 23:36:11] [cyq_chips] [incr] 2026-05-16 ~ 2026-05-21: 17372 rows, 2 pages, 35.2s
[2026-05-20 23:36:12] [cyq_chips] [incr] 2026-05-16 ~ 2026-05-21: 21572 rows, 3 pages, 20.7s
[2026-05-20 23:36:22] [cyq_chips] [incr] 2026-05-16 ~ 2026-05-21: 20148 rows, 3 pages, 31.0s
[2026-05-20 23:36:24] [cyq_chips] [incr] 2026-05-16 ~ 2026-05-21: 22281 rows, 3 pages, 12.5s
[2026-05-20 23:36:26] [cyq_chips] [incr] 3/26 | 100 stocks, 21487 rows, +0 new | elapsed=63s ETA=481s | tokens=248.8
[2026-05-20 23:36:28] [cyq_chips] [incr] 2026-05-16 ~ 2026-05-21: 21862 rows, 3 pages, 16.5s
[2026-05-20 23:36:29] [cyq_chips] [incr] 2026-05-16 ~ 2026-05-21: 21804 rows, 3 pages, 33.7s
[2026-05-20 23:36:29] [cyq_chips] [incr] 2026-05-10 ~ 2026-05-21: 61182 rows, 7 pages, 43.0s
[2026-05-20 23:36:34] [cyq_chips] [incr] 2026-05-16 ~ 2026-05-21: 20984 rows, 3 pages, 10.7s
[2026-05-20 23:36:38] [cyq_chips] [incr] 2026-05-16 ~ 2026-05-21: 20448 rows, 3 pages, 26.7s
[2026-05-20 23:36:43] [cyq_chips] [incr] 4/26 | 100 stocks, 19234 rows, +0 new | elapsed=79s ETA=436s | tokens=279.5
[2026-05-20 23:36:50] [cyq_chips] [incr] 2026-05-16 ~ 2026-05-21: 21128 rows, 3 pages, 22.7s
[2026-05-20 23:36:51] [cyq_chips] [incr] 2026-05-16 ~ 2026-05-21: 21069 rows, 3 pages, 22.0s
[2026-05-20 23:36:51] [cyq_chips] [incr] 2026-05-16 ~ 2026-05-21: 21772 rows, 3 pages, 21.7s
[2026-05-20 23:36:52] [cyq_chips] [incr] 2026-05-16 ~ 2026-05-21: 9384 rows, 1 pages, 1.4s
[2026-05-20 23:36:53] [cyq_chips] [incr] 2026-05-16 ~ 2026-05-21: 23682 rows, 3 pages, 18.7s
[2026-05-20 23:37:00] [cyq_chips] [incr] 2026-05-16 ~ 2026-05-21: 21335 rows, 3 pages, 38.1s
[2026-05-20 23:37:00] [cyq_chips] [incr] 5/26 | 100 stocks, 20185 rows, +0 new | elapsed=97s ETA=406s | tokens=280.0
[2026-05-20 23:37:07] [cyq_chips] [incr] 2026-05-16 ~ 2026-05-21: 21585 rows, 3 pages, 28.4s
[2026-05-20 23:37:18] [cyq_chips] [incr] 6/26 | 100 stocks, 21589 rows, +0 new | elapsed=114s ETA=381s | tokens=280.0
[2026-05-20 23:37:32] [cyq_chips] [incr] 7/26 | 100 stocks, 18925 rows, +0 new | elapsed=128s ETA=348s | tokens=280.0
[2026-05-20 23:37:49] [cyq_chips] [incr] 8/26 | 100 stocks, 18531 rows, +0 new | elapsed=145s ETA=327s | tokens=280.0
[2026-05-20 23:38:05] [cyq_chips] [incr] 9/26 | 100 stocks, 17370 rows, +0 new | elapsed=161s ETA=305s | tokens=280.0
[2026-05-20 23:38:20] [cyq_chips] [incr] 10/26 | 100 stocks, 21533 rows, +0 new | elapsed=176s ETA=282s | tokens=280.0
[2026-05-20 23:38:36] [cyq_chips] [incr] 11/26 | 100 stocks, 17372 rows, +0 new | elapsed=192s ETA=262s | tokens=280.0
[2026-05-20 23:38:53] [cyq_chips] [incr] 12/26 | 100 stocks, 21572 rows, +0 new | elapsed=210s ETA=244s | tokens=280.0
[2026-05-20 23:39:10] [cyq_chips] [incr] 13/26 | 100 stocks, 20148 rows, +0 new | elapsed=227s ETA=227s | tokens=280.0
[2026-05-20 23:39:29] [cyq_chips] [incr] 14/26 | 100 stocks, 22281 rows, +0 new | elapsed=246s ETA=211s | tokens=280.0
[2026-05-20 23:39:48] [cyq_chips] [incr] 15/26 | 100 stocks, 21862 rows, +0 new | elapsed=265s ETA=194s | tokens=280.0
[2026-05-20 23:40:06] [cyq_chips] [incr] 16/26 | 100 stocks, 21804 rows, +0 new | elapsed=282s ETA=177s | tokens=280.0
[2026-05-20 23:40:22] [cyq_chips] [incr] 17/26 | 100 stocks, 61182 rows, +0 new | elapsed=298s ETA=158s | tokens=280.0
[2026-05-20 23:40:39] [cyq_chips] [incr] 18/26 | 100 stocks, 20984 rows, +0 new | elapsed=316s ETA=140s | tokens=280.0
[2026-05-20 23:40:57] [cyq_chips] [incr] 19/26 | 100 stocks, 20448 rows, +0 new | elapsed=334s ETA=123s | tokens=280.0
[2026-05-20 23:41:14] [cyq_chips] [incr] 20/26 | 100 stocks, 21128 rows, +0 new | elapsed=350s ETA=105s | tokens=280.0
[2026-05-20 23:41:29] [cyq_chips] [incr] 21/26 | 100 stocks, 21069 rows, +0 new | elapsed=365s ETA=87s | tokens=280.0
[2026-05-20 23:41:45] [cyq_chips] [incr] 22/26 | 100 stocks, 21772 rows, +0 new | elapsed=381s ETA=69s | tokens=280.0
[2026-05-20 23:41:52] [cyq_chips] [incr] 23/26 | 42 stocks, 9384 rows, +0 new | elapsed=388s ETA=51s | tokens=280.0
[2026-05-20 23:42:08] [cyq_chips] [incr] 24/26 | 100 stocks, 23682 rows, +0 new | elapsed=405s ETA=34s | tokens=280.0
[2026-05-20 23:42:27] [cyq_chips] [incr] 25/26 | 100 stocks, 21335 rows, +0 new | elapsed=423s ETA=17s | tokens=280.0
[2026-05-20 23:42:43] [cyq_chips] [incr] 26/26 | 100 stocks, 21585 rows, +0 new | elapsed=439s ETA=0s | tokens=280.0
[2026-05-20 23:42:43] [cyq_chips] Done: 2542 stocks processed, 0 new rows total
[2026-05-20 23:42:48]   [consolidate] [cyq_chips] Reading 2542 stock files...
[2026-05-20 23:43:27]   [consolidate] [cyq_chips] Concatenating 2542 DataFrames (38.8s reading)
[2026-05-20 23:43:48]   [consolidate] [cyq_chips] Sorting by ['stock_code', 'trade_date']...
[2026-05-20 23:45:05]   [consolidate] [cyq_chips] Writing 460,545,279 rows to /root/shared-nvme/lingqiData/data/cyq_chips.parquet...
[2026-05-20 23:46:45]   [consolidate] [cyq_chips] Done: 460,545,279 rows → /root/shared-nvme/lingqiData/data/cyq_chips.parquet (read=38.8s, sort=98.4s, write=99.3s, total=236.5s)
[2026-05-20 23:46:46] 
============================================================
[2026-05-20 23:46:46] [incremental] Summary:
[2026-05-20 23:46:46]   [updated]  cyq_chips: +? rows | ? → ?
[2026-05-20 23:46:46] [incremental] Done: 1 updated, 0 uptodate, 0 skipped, 0 errors
[2026-05-20 23:46:46] [incremental] Total API calls: 73
[2026-05-20 23:46:46]   stock/cyq_chips: 73
[2026-05-20 23:46:46] 
[incremental] PENDING (server behind, will re-fetch with extended overlap next run):
[2026-05-20 23:46:46]   [pending] balancesheet                 last_data=2026-03-31  since=2026-05-14
[2026-05-20 23:46:46]   [pending] cashflow                     last_data=2026-03-31  since=2026-05-14
[2026-05-20 23:46:46]   [pending] cyq_chips                    last_data=2026-05-19  since=2026-05-20
[2026-05-20 23:46:46]   [pending] financial_indicator          last_data=2026-03-31  since=2026-05-14
[2026-05-20 23:46:46]   [pending] history_15min                last_data=2026-05-19  since=2026-05-20
[2026-05-20 23:46:46]   [pending] history_30min                last_data=2026-05-19  since=2026-05-20
[2026-05-20 23:46:46]   [pending] history_60min                last_data=2026-05-19  since=2026-05-20
[2026-05-20 23:46:46]   [pending] holder_number                last_data=2026-05-18  since=2026-05-19
[2026-05-20 23:46:46]   [pending] income                       last_data=2026-03-31  since=2026-05-14
[2026-05-20 23:46:46]   [pending] index_weight                 last_data=2026-04-01  since=2026-05-16
[2026-05-20 23:46:46]   [pending] margin_detail                last_data=2026-05-19  since=2026-05-14
[2026-05-20 23:46:46]   [pending] pledge_stat                  last_data=2026-04-30  since=2026-05-14
[2026-05-20 23:46:46] 
============================================================
[2026-05-20 23:46:46] [timing] Per-dataset timing report
[2026-05-20 23:46:46] Dataset                      Phase                    Elapsed  Details
[2026-05-20 23:46:46] -------------------------------------------------------------------------------------
[2026-05-20 23:46:47]   cyq_chips                  fetch x26                550.5s  26 calls, 562,478 rows
[2026-05-20 23:46:47]   cyq_chips                  merge x26                427.1s  562,478 rows
[2026-05-20 23:46:47]   cyq_chips                  total                    684.2s  
[2026-05-20 23:46:47] -------------------------------------------------------------------------------------
[2026-05-20 23:46:47]   TOTAL                                              1661.8s
[2026-05-20 23:46:47] 
[timing] Top 5 slowest datasets:
[2026-05-20 23:46:47]   cyq_chips                   1661.8s (100.0%) ####################
