[2026-05-22 10:38:19] [incremental] 1 datasets | overlap=3 days | workers=6 | parallel=False
[2026-05-22 10:38:19] [incremental] Datasets: ['history_1min']
[2026-05-22 10:38:19] 
============================================================
[2026-05-22 10:38:19] [history_1min] Starting incremental update
[2026-05-22 10:38:21] [history_1min] Up to date (max=2026-05-21)
[2026-05-22 10:38:21] [history_1min] Consolidated file missing, creating...
[2026-05-22 10:38:21]   [consolidate] [history_1min] Streaming 2542 files → /root/shared-nvme/lingqiData/data/history_1min.parquet (9 batches of ~300, 6 workers)
[2026-05-22 10:56:40]   [consolidate] [history_1min] Done: 1,052,467,105 rows, 15.9 GB → /root/shared-nvme/lingqiData/data/history_1min.parquet (avg 122.1s/batch, 0 skipped, total 1098.9s)
[2026-05-22 10:56:41] 
============================================================
[2026-05-22 10:56:41] [incremental] Summary:
[2026-05-22 10:56:41]   [updated]  history_1min: +? rows | ? → ?
[2026-05-22 10:56:41] [incremental] Done: 1 updated, 0 uptodate, 0 skipped, 0 errors
[2026-05-22 10:56:41] [incremental] Total API calls: 0
[2026-05-22 10:56:41] 
[incremental] PENDING (server behind, will re-fetch with extended overlap next run):
[2026-05-22 10:56:41]   [pending] balancesheet                 last_data=2026-03-31  since=2026-05-14
[2026-05-22 10:56:41]   [pending] cashflow                     last_data=2026-03-31  since=2026-05-14
[2026-05-22 10:56:41]   [pending] financial_indicator          last_data=2026-03-31  since=2026-05-14
[2026-05-22 10:56:41]   [pending] history_15min                last_data=2026-05-19  since=2026-05-20
[2026-05-22 10:56:41]   [pending] history_30min                last_data=2026-05-19  since=2026-05-20
[2026-05-22 10:56:41]   [pending] history_60min                last_data=2026-05-19  since=2026-05-20
[2026-05-22 10:56:41]   [pending] income                       last_data=2026-03-31  since=2026-05-14
[2026-05-22 10:56:41]   [pending] index_weight                 last_data=2026-04-01  since=2026-05-16
[2026-05-22 10:56:41]   [pending] margin_detail                last_data=2026-05-19  since=2026-05-14
[2026-05-22 10:56:41]   [pending] pledge_stat                  last_data=2026-04-30  since=2026-05-14
[2026-05-22 10:56:41] 
============================================================
[2026-05-22 10:56:41] [timing] Per-dataset timing report
[2026-05-22 10:56:41] Dataset                      Phase                    Elapsed  Details
[2026-05-22 10:56:41] -------------------------------------------------------------------------------------
[2026-05-22 10:56:41]   history_1min               total                   1101.7s  
[2026-05-22 10:56:41] -------------------------------------------------------------------------------------
[2026-05-22 10:56:41]   TOTAL                                              1101.7s
[2026-05-22 10:56:41] 
[timing] Top 5 slowest datasets:
[2026-05-22 10:56:41]   history_1min                1101.7s (100.0%) ####################
