[2026-05-20 15:44:58] [minute] 2 API key(s) loaded, 560 req/min capacity
[2026-05-20 15:44:58] [minute] 2542 stocks loaded from Code_num.txt
[2026-05-20 15:44:58] [test_parallel] 2542 stocks | level=1min | 2019-01-02 ~ 2019-01-04
[2026-05-20 15:44:58] [test_parallel] 2 key(s) | 6 in-flight max | rate-limit: 560/min
[2026-05-20 15:44:58] [test_parallel] ~2542 API calls (1 chunks/stock × 2542 stocks) | ~5 min est
[2026-05-20 15:44:58] [test_parallel] 2542 stocks to fetch (parallel ×6 slots)
[2026-05-20 15:45:00]   [000006.SZ] chunk 1/1 2019-01-02~2019-01-04 → 723r/2.6s (total 723r/3s)
[2026-05-20 15:45:00] [test_parallel] [--------------------]   0.0%  1/2542  23 st/min  ETA 111.3m  rows:723  fail:0  tok:12/560
[2026-05-20 15:45:00]   [000001.SZ] chunk 1/1 2019-01-02~2019-01-04 → 723r/2.6s (total 723r/3s)
[2026-05-20 15:45:00]   [000008.SZ] chunk 1/1 2019-01-02~2019-01-04 → 723r/2.7s (total 723r/3s)
[2026-05-20 15:45:00]   [000002.SZ] chunk 1/1 2019-01-02~2019-01-04 → 723r/2.7s (total 723r/3s)
[2026-05-20 15:45:00]   [000007.SZ] chunk 1/1 2019-01-02~2019-01-04 → 723r/2.7s (total 723r/3s)
[2026-05-20 15:45:04]   [000009.SZ] chunk 1/1 2019-01-02~2019-01-04 → 723r/6.3s (total 723r/6s)
[2026-05-20 15:45:04] [test_parallel] [--------------------]   0.2%  6/2542  57 st/min  ETA 44.6m  rows:4338  fail:0  tok:42/560
[2026-05-20 15:45:07]   [000014.SZ] chunk 1/1 2019-01-02~2019-01-04 → 723r/6.8s (total 723r/7s)
[2026-05-20 15:45:07]   [000011.SZ] chunk 1/1 2019-01-02~2019-01-04 → 723r/6.9s (total 723r/7s)
[2026-05-20 15:45:07] [test_parallel] [--------------------]   0.3%  7/2542  44 st/min  ETA 57.4m  rows:5061  fail:0  tok:68/560
[2026-05-20 15:45:07]   [000012.SZ] chunk 1/1 2019-01-02~2019-01-04 → 723r/7.0s (total 723r/7s)
[2026-05-20 15:45:08]   [000025.SZ] chunk 1/1 2019-01-02~2019-01-04 → 723r/1.1s (total 723r/1s)
[2026-05-20 15:45:08] [test_parallel] [--------------------]   0.4%  10/2542  56 st/min  ETA 45.0m  rows:7230  fail:0  tok:73/560
[2026-05-20 15:45:17]   [000021.SZ] chunk 1/1 2019-01-02~2019-01-04 → 723r/9.8s (total 723r/10s)
[2026-05-20 15:45:17] [test_parallel] [--------------------]   0.4%  11/2542  34 st/min  ETA 74.3m  rows:7953  fail:0  tok:152/560
[2026-05-20 15:45:21]   [000020.SZ] chunk 1/1 2019-01-02~2019-01-04 → 723r/17.3s (total 723r/17s)
[2026-05-20 15:45:21] [test_parallel] [--------------------]   0.5%  12/2542  30 st/min  ETA 83.1m  rows:8676  fail:0  tok:191/560
[2026-05-20 15:45:24]   [000026.SZ] chunk 1/1 2019-01-02~2019-01-04 → 723r/16.7s (total 723r/17s)
[2026-05-20 15:45:24] [test_parallel] [--------------------]   0.5%  13/2542  30 st/min  ETA 85.7m  rows:9399  fail:0  tok:212/560
[2026-05-20 15:45:24]   [000028.SZ] chunk 1/1 2019-01-02~2019-01-04 → 723r/7.1s (total 723r/7s)
[2026-05-20 15:45:24]   [000019.SZ] chunk 1/1 2019-01-02~2019-01-04 → 723r/23.8s (total 723r/24s)
[2026-05-20 15:45:24]   [000017.SZ] chunk 1/1 2019-01-02~2019-01-04 → 723r/23.9s (total 723r/24s)
[2026-05-20 15:45:25]   [000032.SZ] chunk 1/1 2019-01-02~2019-01-04 → 723r/1.1s (total 723r/1s)
[2026-05-20 15:45:25] [test_parallel] [--------------------]   0.7%  17/2542  37 st/min  ETA 68.3m  rows:12291  fail:0  tok:217/560
[2026-05-20 15:45:29]   [000027.SZ] chunk 1/1 2019-01-02~2019-01-04 → 723r/20.2s (total 723r/20s)
[2026-05-20 15:45:29] [test_parallel] [--------------------]   0.7%  18/2542  35 st/min  ETA 72.2m  rows:13014  fail:0  tok:244/560
[2026-05-20 15:45:29]   [000029.SZ] chunk 1/1 2019-01-02~2019-01-04 → 0r/7.3s (total 0r/7s)
[2026-05-20 15:45:29]   [000035.SZ] chunk 1/1 2019-01-02~2019-01-04 → 723r/3.4s (total 723r/3s)
[2026-05-20 15:45:29]   [000034.SZ] chunk 1/1 2019-01-02~2019-01-04 → 723r/4.4s (total 723r/4s)
[2026-05-20 15:45:31]   [000030.SZ] chunk 1/1 2019-01-02~2019-01-04 → 723r/7.0s (total 723r/7s)
[2026-05-20 15:45:31] [test_parallel] [--------------------]   0.9%  22/2542  40 st/min  ETA 63.7m  rows:15183  fail:1  tok:263/560
[2026-05-20 15:45:32]   [000031.SZ] chunk 1/1 2019-01-02~2019-01-04 → 723r/8.1s (total 723r/8s)
[2026-05-20 15:45:32] [test_parallel] [--------------------]   0.9%  23/2542  40 st/min  ETA 63.2m  rows:15906  fail:1  tok:273/560
[2026-05-20 15:45:37]   [000042.SZ] chunk 1/1 2019-01-02~2019-01-04 → 723r/8.0s (total 723r/8s)
[2026-05-20 15:45:37] [test_parallel] [--------------------]   0.9%  24/2542  37 st/min  ETA 68.2m  rows:16629  fail:1  tok:311/560
