[2026-05-22 01:28:26] [incremental] 1 datasets | overlap=3 days | workers=6 | parallel=False
[2026-05-22 01:28:26] [incremental] Datasets: ['history_1min']
[2026-05-22 01:28:26] 
============================================================
[2026-05-22 01:28:26] [history_1min] Starting incremental update
[2026-05-22 01:28:28] [history_1min] Found unprocessed daily dump file: 2026-05-21
[2026-05-22 01:28:28] [history_1min] Last date: 2026-05-20 | Fetching: 2026-05-17 ~ 2026-05-22
[2026-05-22 01:28:28] [history_1min] Will process 5 trading days via daily_dump/1min
[2026-05-22 01:28:28] [history_1min] [1/5] 2026-05-18: filtered 712,878 non-target stocks (612,381 rows remain)
[2026-05-22 01:28:30] [history_1min] [1/5] 2026-05-18 FAILED: [Errno 13] Permission denied: '/root/shared-nvme/lingqiData/data/history_1min/000001.SZ.parquet.tmp'
[2026-05-22 01:28:30] [daily_dump] POST https://data.diemeng.chat/api/stock/daily_dump  date=2026-05-19  level=1min
[2026-05-22 01:29:27] [daily_dump] 1324054 rows | 5494 stocks in 54.6s
[2026-05-22 01:29:28] [daily_dump] Saved → /root/shared-nvme/lingqiData/data/daily_dump_1min/2026-05-19.parquet  (1,324,054 rows, 19.4 MB)
[2026-05-22 01:29:28] [history_1min] [2/5] 2026-05-19: filtered 711,673 non-target stocks (612,381 rows remain)
[2026-05-22 01:29:31] [history_1min] [2/5] 2026-05-19 FAILED: [Errno 13] Permission denied: '/root/shared-nvme/lingqiData/data/history_1min/000001.SZ.parquet.tmp'
[2026-05-22 01:29:31] [history_1min] [3/5] 2026-05-20: filtered 712,637 non-target stocks (612,381 rows remain)
[2026-05-22 01:29:33] [history_1min] [3/5] 2026-05-20 FAILED: [Errno 13] Permission denied: '/root/shared-nvme/lingqiData/data/history_1min/000001.SZ.parquet.tmp'
[2026-05-22 01:29:34] [history_1min] [4/5] 2026-05-21: filtered 713,119 non-target stocks (612,622 rows remain)
[2026-05-22 01:29:36] [history_1min] [4/5] 2026-05-21 FAILED: [Errno 13] Permission denied: '/root/shared-nvme/lingqiData/data/history_1min/000001.SZ.parquet.tmp'
[2026-05-22 01:29:36] [daily_dump] POST https://data.diemeng.chat/api/stock/daily_dump  date=2026-05-22  level=1min
[2026-05-22 01:29:36] [history_1min] [5/5] 2026-05-22 FAILED: API Error: code=400, msg=当日数据尚未收盘，收盘后再生成并下载完整缓存
[2026-05-22 01:29:36] [history_1min] Done: 0 new rows total (3 local reads, 1 API calls)
[2026-05-22 01:29:36] [history_1min] UNEXPECTED ERROR: [Errno 13] Permission denied: '/root/shared-nvme/lingqiData/data/history_1min/.done'
[2026-05-22 01:29:36] 
============================================================
[2026-05-22 01:29:36] [incremental] Summary:
[2026-05-22 01:29:36]   [error]    history_1min: [Errno 13] Permission denied: '/root/shared-nvme/lingqiData/data/history_1min/.done'
[2026-05-22 01:29:36] [incremental] Done: 0 updated, 0 uptodate, 0 skipped, 1 errors
[2026-05-22 01:29:36] [incremental] Total API calls: 2
[2026-05-22 01:29:36]   stock/daily_dump: 2
[2026-05-22 01:29:36] 
[incremental] PENDING (server behind, will re-fetch with extended overlap next run):
[2026-05-22 01:29:36]   [pending] balancesheet                 last_data=2026-03-31  since=2026-05-14
[2026-05-22 01:29:36]   [pending] cashflow                     last_data=2026-03-31  since=2026-05-14
[2026-05-22 01:29:36]   [pending] financial_indicator          last_data=2026-03-31  since=2026-05-14
[2026-05-22 01:29:36]   [pending] history_15min                last_data=2026-05-19  since=2026-05-20
[2026-05-22 01:29:36]   [pending] history_1min                 last_data=2026-05-20  since=2026-05-22
[2026-05-22 01:29:36]   [pending] history_30min                last_data=2026-05-19  since=2026-05-20
[2026-05-22 01:29:36]   [pending] history_60min                last_data=2026-05-19  since=2026-05-20
[2026-05-22 01:29:36]   [pending] income                       last_data=2026-03-31  since=2026-05-14
[2026-05-22 01:29:36]   [pending] index_weight                 last_data=2026-04-01  since=2026-05-16
[2026-05-22 01:29:36]   [pending] margin_detail                last_data=2026-05-19  since=2026-05-14
[2026-05-22 01:29:36]   [pending] pledge_stat                  last_data=2026-04-30  since=2026-05-14
[2026-05-22 01:29:36] 
============================================================
[2026-05-22 01:29:36] [timing] Per-dataset timing report
[2026-05-22 01:29:36] Dataset                      Phase                    Elapsed  Details
[2026-05-22 01:29:36] -------------------------------------------------------------------------------------
[2026-05-22 01:29:36]   history_1min               fetch x4                  57.9s  5,300,072 rows
[2026-05-22 01:29:36]   history_1min               total                     69.8s  
[2026-05-22 01:29:36] -------------------------------------------------------------------------------------
[2026-05-22 01:29:36]   TOTAL                                               127.7s
[2026-05-22 01:29:36] 
[timing] Top 5 slowest datasets:
[2026-05-22 01:29:36]   history_1min                 127.7s (100.0%) ####################
