
===== 全集 30 =====
  HYB 慢腿:  正收益 26/30, 中位 +31.7%, 中位MaxDD -23.1%, H1/H2双正 16/30
  PAIR 双腿3只: 正收益 30/30, 中位 +115.3%, 中位MaxDD -16.2%, 中位Sharpe 2.42, H1/H2双正 30/30
  超基线B0(隔日换仓): HYB 23/30, PAIR 28/30

===== 高IC组 (实测≥0.040, 14) =====
  HYB 慢腿:  正收益 13/14, 中位 +40.4%, 中位MaxDD -23.2%, H1/H2双正 10/14
  PAIR 双腿3只: 正收益 14/14, 中位 +119.3%, 中位MaxDD -16.8%, 中位Sharpe 2.55, H1/H2双正 14/14
  超基线B0(隔日换仓): HYB 11/14, PAIR 13/14

===== 其余/低IC组 (16) =====
  HYB 慢腿:  正收益 13/16, 中位 +21.8%, 中位MaxDD -23.1%, H1/H2双正 6/16
  PAIR 双腿3只: 正收益 16/16, 中位 +111.1%, 中位MaxDD -15.8%, 中位Sharpe 2.39, H1/H2双正 16/16
  超基线B0(隔日换仓): HYB 12/16, PAIR 15/16

===== 逐模型明细 (按 ic1d 降序) =====
       set    ic1d      b0     d01  hyb_cum  hyb_dd  hyb_h1  hyb_h2  pair_cum  pair_dd  pair_sh  pair_h1  pair_h2
    V18_f1  0.0645  0.5107 -0.0835   0.0933 -0.3965  0.3903 -0.2136    1.0348  -0.1645   2.3125   0.6853   0.2074
    V18_f2  0.0617  1.1950  0.1189   0.2583 -0.1148  0.1810  0.0654    1.1218  -0.1346   2.6219   0.5836   0.3399
  V19_meta  0.0505  0.1205  0.3361  -0.0970 -0.2564  0.0190 -0.1138    0.9465  -0.1482   2.2302   0.5036   0.2945
   V9_allz  0.0453  0.2277  1.2790   0.5507 -0.1651  0.2336  0.2570    1.2714  -0.1805   2.6528   0.6122   0.4089
  V12_allz  0.0448  0.0675  0.1866   0.2134 -0.3386  0.1478  0.0572    1.1082  -0.1797   2.3879   0.5712   0.3418
  V10_allz  0.0448  0.0619  0.3131   0.3748 -0.2365  0.4407 -0.0457    1.1870  -0.1785   2.6320   0.7145   0.2756
  V11_allz  0.0446 -0.0305  0.0700   0.5240 -0.1762  0.2622  0.2074    1.2521  -0.1561   2.6906   0.6231   0.3875
   V8_allz  0.0444  0.0893  0.1248   0.7910 -0.1614  0.3176  0.3593    1.3854  -0.1452   2.9473   0.6512   0.4447
 V20_ensw2  0.0429  0.2881  1.9660   0.4226 -0.2978  0.4150  0.0053    1.1998  -0.1705   2.3978   0.6981   0.2955
 V11_ensw2  0.0422  0.2881  1.9660   0.4226 -0.2978  0.4150  0.0053    1.1998  -0.1705   2.3978   0.6981   0.2955
  V14_allz  0.0418  0.1524 -0.3636   0.2485 -0.2265  0.2639 -0.0122    1.1164  -0.1791   2.3853   0.6243   0.3030
   V7_allz  0.0410 -0.2842 -0.2872   0.3859 -0.2579  0.1639  0.1907    1.1856  -0.1827   2.6107   0.5755   0.3873
V20b_ensw2  0.0406 -0.0627 -0.3547   0.5578 -0.1789  0.3697  0.1373    1.2688  -0.1474   2.5948   0.6764   0.3534
V20c_ensw2  0.0401 -0.2539  0.3920   0.4259 -0.2132  0.3368  0.0667    1.2095  -0.1589   2.4960   0.6626   0.3290
 V13b_allz  0.0371  0.2372 -0.1761   0.0266 -0.2450 -0.0630  0.0957    1.0069  -0.1945   2.1592   0.4627   0.3721
   V6_allz  0.0363  0.0927  1.3570   0.3771 -0.1874  0.1811  0.1660    1.1847  -0.1776   2.6645   0.5856   0.3778
  V17_allz  0.0363 -0.0475  0.5084   0.0939 -0.3286  0.1333 -0.0348    1.0518  -0.1788   2.2876   0.5651   0.3110
  V13_allz  0.0357  0.0018  1.3343  -0.1027 -0.3659  0.2079 -0.2571    0.9495  -0.1801   2.0734   0.5991   0.2191
  V16_allz  0.0347  0.0700  1.2134   0.4016 -0.3039  0.5506 -0.0961    1.1952  -0.1648   2.4309   0.7669   0.2424
 V13c_allz  0.0332 -0.0492 -0.3099   0.2311 -0.2548  0.1959  0.0294    1.1216  -0.1450   2.3818   0.5969   0.3286
   V2_allz  0.0197 -0.4977 -0.4213  -0.0070 -0.2340  0.2427 -0.2009    0.9961  -0.1481   2.4046   0.6161   0.2352
   V5_allz  0.0116 -0.3132 -0.2355  -0.0076 -0.2109  0.0636 -0.0670    0.9992  -0.1548   2.3461   0.5296   0.3070
  V15_allz  0.0102  1.2625 -0.2368   0.0303 -0.3369  0.3197 -0.2193    1.0263  -0.1857   2.1334   0.6580   0.2222
   V3_allz -0.0022 -0.3767 -0.0793   0.2144 -0.2272  0.4331 -0.1527    1.1138  -0.1650   2.4480   0.7124   0.2344
   V4_allz -0.0135 -0.0739  0.3661   0.0991 -0.3552  0.2852 -0.1447    1.0487  -0.1601   2.2634   0.6371   0.2514
   V1_allz     NaN  0.6755  0.7477   0.4594 -0.0963  0.3052  0.1182    1.2217  -0.1314   2.7077   0.6451   0.3505
  V11_mixC     NaN -0.0305  0.0700   0.5240 -0.1762  0.2622  0.2074    1.2521  -0.1561   2.6906   0.6231   0.3875
  V11_mixB     NaN  0.1321 -0.0005   0.5877 -0.1266  0.2443  0.2759    1.2836  -0.1546   2.7476   0.6143   0.4146
  V11_mixA     NaN  0.2033  0.6551   0.6743 -0.1763  0.3619  0.2293    1.3277  -0.1517   2.8015   0.6731   0.3912
 V24_ensw2     NaN -0.1762 -0.1519   0.2226 -0.2009  0.2382 -0.0125    1.1086  -0.1529   2.3271   0.6137   0.3067

→ /autodl-fs/data/lingqiData/Model/Trading/results/iter12_full_verify.csv
