[iter7] 注册打分集 V20b_ensw2 → Model/V20b/model_pred/2026q3/score_ens_w2.fea
[iter7] 注册打分集 V20c_ensw2 → Model/V20c/model_pred/2026q3/score_ens_w2.fea
[iter7] V20_ensw2: 243 个因子日 (20250901~20260901)
[iter7] V20b_ensw2: 243 个因子日 (20250901~20260901)
[iter7] V20c_ensw2: 243 个因子日 (20250901~20260901)
[iter7] 三单元公共因子日: 243

===== 1) unit × proto 指标 (真实净值) =====
      unit      proto       cum    sharpe     maxdd       h1        h2        t1        t2        t3      win  n  roll_pos  roll_n     min_h     min_t  roll_pct
 V20_ensw2 h20tr20_t2  3.521134  3.474255 -0.205555 1.333381  0.937589  0.376498  1.833285  0.314778 0.576923 26       152     185  0.937589  0.314778  0.821622
 V20_ensw2        D01  1.965958  2.606740 -0.189562 0.977057  0.500188  0.087212  1.250531  0.247150 0.560000 50       174     185  0.500188  0.087212  0.940541
 V20_ensw2  hold20_t1  3.132567  2.665819 -0.301744 2.023675  0.366737  0.277819  1.671663  0.248325 0.615385 13       147     185  0.366737  0.248325  0.794595
 V20_ensw2         S2  0.527082  1.447295 -0.203019 0.360728  0.122254  0.050323  0.473795  0.010482 0.551724 87       126     185  0.122254  0.010482  0.681081
V20b_ensw2 h20tr20_t2  0.369848  1.054296 -0.356818 0.316737  0.040336  0.189018 -0.022262  0.274716 0.576923 26        82     185  0.040336 -0.022262  0.443243
V20b_ensw2        D01 -0.354664 -0.869224 -0.500651 0.065694 -0.394445 -0.020244 -0.131102 -0.265969 0.460000 50        40     185 -0.394445 -0.265969  0.216216
V20b_ensw2  hold20_t1  0.047931  0.322551 -0.381214 0.276213 -0.178874  0.102344  0.035388 -0.093211 0.538462 13        64     185 -0.178874 -0.093211  0.345946
V20b_ensw2         S2  0.480806  1.340077 -0.211239 0.335921  0.108453  0.328429 -0.021409  0.145557 0.584416 77       118     185  0.108453 -0.021409  0.637838
V20c_ensw2 h20tr20_t2  0.387844  1.089857 -0.310238 0.400326 -0.008914  0.140887  0.394678 -0.121816 0.615385 26       123     185 -0.008914 -0.121816  0.664865
V20c_ensw2        D01  0.392030  0.977097 -0.333760 0.537620 -0.094685  0.350552  0.127946 -0.097717 0.520000 50        93     185 -0.094685 -0.097717  0.502703
V20c_ensw2  hold20_t1  0.049013  0.327473 -0.389955 0.072490 -0.021890  0.190603 -0.127518  0.000140 0.615385 13        52     185 -0.021890 -0.127518  0.281081
V20c_ensw2         S2  0.296495  0.976493 -0.260092 0.336327 -0.029807  0.143628  0.166704 -0.011442 0.567010 97       133     185 -0.029807 -0.011442  0.718919

===== 2) 逐日 Top2 重叠 (主协议打分, 公共因子日) =====
  V20_ensw2 vs V20b_ensw2: 平均 Jaccard=0.082  同日全同占比=0.8%
  V20_ensw2 vs V20c_ensw2: 平均 Jaccard=0.081  同日全同占比=1.6%
  V20b_ensw2 vs V20c_ensw2: 平均 Jaccard=0.108  同日全同占比=2.9%
  三者同日 Top2 全同占比 = 0.4%
  三者公共成员均值 (0~2) = 0.041

===== 3) h20tr20_t2 成交/净值重叠 =====
  成交 (buy_dt×code) Jaccard V20_ensw2 vs V20b_ensw2 = 0.020  (1 笔共同 / 26+26 笔)
  成交 (buy_dt×code) Jaccard V20_ensw2 vs V20c_ensw2 = 0.083  (4 笔共同 / 26+26 笔)
  成交 (buy_dt×code) Jaccard V20b_ensw2 vs V20c_ensw2 = 0.040  (2 笔共同 / 26+26 笔)
  日净值收益 Pearson 相关:
            V20_ensw2  V20b_ensw2  V20c_ensw2
V20_ensw2    1.000000    0.339400    0.419146
V20b_ensw2   0.339400    1.000000    0.522155
V20c_ensw2   0.419146    0.522155    1.000000

===== 4) ens3 (h20tr20_t2) =====
  cum=0.373 sharpe=1.08 maxdd=-0.319 h1=0.524 h2=-0.099 t1=0.282 t2=0.112 t3=-0.017 win=57.69% n=26 roll=121/185

===== 4) ens3 (D01) =====
  cum=-0.507 sharpe=-1.53 maxdd=-0.606 h1=-0.187 h2=-0.393 t1=-0.046 t2=-0.250 t3=-0.329 win=37.25% n=51 roll=24/185

[iter7] 已写入: /autodl-fs/data/lingqiData/Model/Trading/results/seed_stability.csv + seed_stability_overlap.csv
