[grid] 522 配置 × 2 打分集 = 1044 次回测
[grid] 完成 1044 行 → /autodl-fs/data/lingqiData/Model/Trading/results/iter1_protocol_grid.csv

== V11_ensw2 Top15 by cum_net ==
                cfg  cum_net  cum_trade  sharpe  maxdd  h1_cum  h2_cum  win_rate  n_trades  avg_hold    t1    t2     t3
    H_hold30_sl5_t1    3.396      3.529   2.984 -0.248   2.065   0.434     0.538        13    18.692 0.255 3.299 -0.161
        H_hold20_t1    3.382      3.525   2.819 -0.251   1.911   0.506     0.615        13    18.769 0.278 1.572  0.377
   H_hold20_tr20_t1    2.851      2.978   2.727 -0.251   1.911   0.323     0.615        13    18.769 0.278 1.572  0.210
     H_hold5_sl8_t1    2.611      2.729   2.962 -0.156   1.134   0.693     0.620        50     4.880 0.113 1.372  0.413
 H_hold5_sl8tr15_t1    2.611      2.729   2.962 -0.156   1.134   0.693     0.620        50     4.880 0.113 1.372  0.413
H_hold20_sl8tr15_t1    2.587      2.698   2.682 -0.232   1.911   0.232     0.600        15    16.267 0.273 1.207  0.316
    H_hold20_sl8_t1    2.587      2.698   2.682 -0.232   1.911   0.232     0.600        15    16.267 0.273 1.207  0.316
   H_hold20_sl10_t1    2.587      2.698   2.682 -0.232   1.911   0.232     0.600        15    16.267 0.273 1.207  0.316
        H_hold10_t1    2.364      2.476   2.656 -0.350   1.707   0.243     0.560        25     9.760 0.099 1.958  0.069
       NR_hold10_t1    2.364      2.476   2.656 -0.350   1.707   0.243     0.560        25     9.760 0.099 1.958  0.069
   H_hold10_tr20_t1    2.364      2.476   2.656 -0.350   1.707   0.243     0.560        25     9.760 0.099 1.958  0.069
   H_hold20_tr15_t1    2.223      2.318   2.485 -0.314   1.911   0.107     0.500        14    17.429 0.278 1.300  0.129
   H_hold10_sl10_t1    2.145      2.242   2.515 -0.394   1.707   0.162     0.538        26     9.385 0.099 1.958 -0.003
   H_hold10_tr12_t1    2.145      2.242   2.515 -0.394   1.707   0.162     0.538        26     9.385 0.099 1.958 -0.003
   H_hold20_tr12_t1    2.129      2.231   2.385 -0.334   1.911   0.075     0.429        14    17.429 0.278 1.434  0.039

== V20_ensw2 Top15 by cum_net ==
                cfg  cum_net  cum_trade  sharpe  maxdd  h1_cum  h2_cum  win_rate  n_trades  avg_hold    t1    t2     t3
   H_hold20_tr20_t2    3.521     14.919   3.474 -0.206   1.333   0.938     0.577        26    18.769 0.729 4.661  0.627
        H_hold20_t2    3.316     13.282   3.357 -0.206   1.333   0.850     0.615        26    18.769 0.729 4.661  0.459
        H_hold20_t1    3.133      3.262   2.666 -0.302   2.024   0.367     0.615        13    18.769 0.278 1.672  0.248
    H_hold30_sl5_t1    2.663      2.773   2.433 -0.384   2.065   0.195     0.583        12    20.333 0.255 1.351  0.278
    H_hold20_sl8_t1    2.652      2.772   2.672 -0.248   2.024   0.208     0.667        15    16.267 0.323 1.167  0.316
   H_hold20_sl10_t1    2.652      2.772   2.672 -0.248   2.024   0.208     0.667        15    16.267 0.323 1.167  0.316
H_hold20_sl8tr15_t1    2.652      2.772   2.672 -0.248   2.024   0.208     0.667        15    16.267 0.323 1.167  0.316
H_hold10_sl8tr15_t1    2.457      2.552   2.594 -0.335   1.541   0.360     0.481        27     9.037 0.089 1.358  0.384
   H_hold20_tr12_t1    2.251      2.356   2.456 -0.333   2.024   0.075     0.500        14    17.429 0.278 1.528  0.039
   H_hold20_tr20_t1    2.222      2.321   2.350 -0.302   2.024   0.066     0.538        13    18.769 0.278 1.672 -0.027
   H_hold60_tr20_t1    2.177      2.285   2.141 -0.238   1.046   0.553     1.000         6    40.667 0.669 0.206  0.632
       NR_hold10_t1    2.153      2.245   2.491 -0.342   1.541   0.241     0.560        25     9.760 0.099 1.769  0.067
        H_hold10_t1    2.153      2.245   2.491 -0.342   1.541   0.241     0.560        25     9.760 0.099 1.769  0.067
   H_hold10_tr20_t1    2.153      2.245   2.491 -0.342   1.541   0.241     0.560        25     9.760 0.099 1.769  0.067
    H_hold25_sl8_t3    2.087     19.606   3.179 -0.153   1.421   0.275     0.647        34    21.529 1.849 2.160  1.289
