[scores] 家族组合 128 个 (A/C 各 64)
[scores] 阶段1: 1206 任务
[scores] 阶段1 完成 → /autodl-fs/data/lingqiData/Model/Trading/results/iter1_scores_fam.csv

== D01_t1h5sl8 Top8 ==
              score  cum_net  cum_trade  sharpe  maxdd  h1_cum  h2_cum  n_trades
          V11_ensw2    2.611      2.729   2.962 -0.156   1.134   0.693        50
     ENS_v11_0.5v20    2.091      2.181   2.761 -0.176   1.014   0.534        50
     ENS_v11_1.5v20    2.076      2.173   2.720 -0.177   1.012   0.529        50
     ENS_v11_1.0v20    2.076      2.173   2.720 -0.177   1.012   0.529        50
     ENS_v11_2.0v20    2.002      2.097   2.658 -0.198   1.012   0.492        50
          V20_ensw2    1.966      2.052   2.607 -0.190   0.977   0.500        50
C_w31.0_w50.0_wt3.0    1.435      1.434   2.261 -0.297   0.681   0.449        49
C_w30.5_w50.5_wt3.0    1.405      1.397   2.186 -0.337   0.681   0.431        49

== hold20_t1 Top8 ==
               score  cum_net  cum_trade  sharpe  maxdd  h1_cum  h2_cum  n_trades
      ENS_v11_0.5v20    3.382      3.525   2.819 -0.251   1.911   0.506        13
           V11_ensw2    3.382      3.525   2.819 -0.251   1.911   0.506        13
           V20_ensw2    3.133      3.262   2.666 -0.302   2.024   0.367        13
      ENS_v11_2.0v20    3.133      3.262   2.666 -0.302   2.024   0.367        13
      ENS_v11_1.5v20    2.969      3.101   2.658 -0.302   2.024   0.312        13
      ENS_v11_1.0v20    2.969      3.101   2.658 -0.302   2.024   0.312        13
C_w30.25_w51.0_wt3.0    2.225      2.205   2.472 -0.263  -0.067   2.457        13
 C_w30.0_w50.5_wt3.0    2.119      1.996   2.308 -0.321  -0.019   2.179        13

== hold30sl5_t1 Top8 ==
               score  cum_net  cum_trade  sharpe  maxdd  h1_cum  h2_cum  n_trades
      ENS_v11_1.5v20    3.419      3.552   2.993 -0.248   2.065   0.441        14
           V11_ensw2    3.419      3.552   2.993 -0.248   2.065   0.441        14
      ENS_v11_0.5v20    3.419      3.552   2.993 -0.248   2.065   0.441        14
      ENS_v11_1.0v20    3.419      3.552   2.993 -0.248   2.065   0.441        14
           V20_ensw2    2.663      2.773   2.433 -0.384   2.065   0.195        12
      ENS_v11_2.0v20    2.580      2.691   2.464 -0.231   2.065   0.168        12
C_w30.5_w50.25_wt3.0    1.146      1.118   1.710 -0.393   0.542   0.391        16
C_w30.0_w50.25_wt2.0    1.108      1.081   1.676 -0.393   0.542   0.367        16

== h20tr20_t2 Top8 ==
                score  cum_net  cum_trade  sharpe  maxdd  h1_cum  h2_cum  n_trades
            V20_ensw2    3.521     14.919   3.474 -0.206   1.333   0.938        26
  C_w30.0_w51.0_wt3.0    2.799     10.534   3.086 -0.281   0.858   1.044        26
  C_w30.0_w50.5_wt2.0    2.520      8.854   2.953 -0.293   0.766   0.993        26
  C_w30.5_w50.5_wt3.0    2.520      8.854   2.953 -0.293   0.766   0.993        26
 C_w30.25_w51.0_wt3.0    2.419      8.214   2.985 -0.293   0.766   0.936        26
 C_w30.0_w50.25_wt2.0    1.734      4.407   2.480 -0.358   0.765   0.549        27
  C_w31.0_w50.0_wt3.0    1.617      4.968   2.382 -0.293   0.289   1.029        26
C_w30.25_w50.25_wt2.0    1.565      4.763   2.389 -0.292   0.295   0.981        26

== hold20_t2 Top8 ==
                score  cum_net  cum_trade  sharpe  maxdd  h1_cum  h2_cum  n_trades
            V20_ensw2    3.316     13.282   3.357 -0.206   1.333   0.850        26
  C_w30.0_w51.0_wt3.0    2.799     10.534   3.086 -0.281   0.858   1.044        26
  C_w30.0_w50.5_wt2.0    2.520      8.854   2.953 -0.293   0.766   0.993        26
  C_w30.5_w50.5_wt3.0    2.520      8.854   2.953 -0.293   0.766   0.993        26
 C_w30.25_w51.0_wt3.0    2.419      8.214   2.985 -0.293   0.766   0.936        26
 C_w30.0_w50.25_wt2.0    1.994      5.923   2.598 -0.339   0.765   0.696        26
  C_w31.0_w50.0_wt3.0    1.617      4.968   2.382 -0.293   0.289   1.029        26
C_w30.25_w50.25_wt2.0    1.565      4.763   2.389 -0.292   0.295   0.981        26

== h25sl8_t3 Top8 ==
               score  cum_net  cum_trade  sharpe  maxdd  h1_cum  h2_cum  n_trades
           V20_ensw2    2.087     19.606   3.179 -0.153   1.421   0.275        34
      ENS_v11_0.5v20    1.002      4.262   2.245 -0.158   0.966   0.019        37
      ENS_v11_1.5v20    0.976      4.067   2.177 -0.156   0.931   0.023        38
      ENS_v11_1.0v20    0.976      4.067   2.177 -0.156   0.931   0.023        38
      ENS_v11_2.0v20    0.976      4.067   2.177 -0.156   0.931   0.023        38
A_w30.25_w50.0_wt2.0    0.963      5.441   2.156 -0.216   0.508   0.302        36
A_w30.0_w50.25_wt2.0    0.875      4.723   2.045 -0.218   0.434   0.308        36
 A_w30.0_w50.5_wt2.0    0.837      3.868   1.999 -0.165   0.688   0.088        38

== S2_re300 Top8 ==
                score  cum_net  cum_trade  sharpe  maxdd  h1_cum  h2_cum  n_trades
  A_w30.0_w50.0_wt2.0    1.741      6.489   3.165 -0.129   0.595   0.718        72
            V11_ensw2    1.242      3.698   2.531 -0.156   0.793   0.250        91
 A_w31.0_w50.25_wt3.0    0.910      2.483   2.228 -0.239   0.610   0.186        89
 A_w30.25_w51.0_wt3.0    0.893      2.237   2.176 -0.224   0.618   0.170        88
 A_w30.25_w50.0_wt2.0    0.875      2.396   2.258 -0.191   0.377   0.362        80
A_w30.25_w50.25_wt3.0    0.796      2.248   1.967 -0.210   0.621   0.108        68
 A_w30.25_w50.0_wt3.0    0.794      2.071   1.768 -0.140   0.408   0.274        58
 A_w30.5_w50.25_wt2.0    0.730      1.801   2.028 -0.136   0.395   0.240        88

== UU4_re300h20tr12 Top8 ==
               score  cum_net  cum_trade  sharpe  maxdd  h1_cum  h2_cum  n_trades
           V11_ensw2    1.370      4.284   2.641 -0.141   0.807   0.311        87
      ENS_v11_0.5v20    1.239      3.604   2.426 -0.147   0.770   0.265        85
A_w30.25_w50.0_wt3.0    1.151      3.331   2.169 -0.204   0.716   0.253        63
A_w31.0_w50.25_wt3.0    1.066      3.099   2.519 -0.162   0.555   0.328        84
 A_w30.0_w50.0_wt2.0    1.060      3.205   2.374 -0.186   0.494   0.379        77
 A_w31.0_w50.0_wt3.0    0.945      2.568   2.266 -0.166   0.319   0.474        87
A_w30.0_w50.25_wt3.0    0.918      2.386   1.860 -0.250   0.670   0.149        66
 A_w30.0_w50.0_wt3.0    0.900      2.213   1.895 -0.219   0.716   0.107        68

== N2_re300 Top8 ==
               score  cum_net  cum_trade  sharpe  maxdd  h1_cum  h2_cum  n_trades
           V11_ensw2    1.162      3.370   2.365 -0.197   0.754   0.232        82
 A_w30.0_w50.0_wt2.0    1.061      3.088   2.293 -0.151   0.549   0.331        73
      ENS_v11_0.5v20    0.997      2.587   2.134 -0.209   0.740   0.147        81
A_w31.0_w50.25_wt3.0    0.946      2.549   2.326 -0.167   0.555   0.251        83
 A_w30.5_w50.5_wt3.0    0.863      2.288   2.145 -0.189   0.404   0.327        81
A_w30.0_w50.25_wt2.0    0.723      1.858   1.830 -0.170   0.220   0.412        72
 A_w30.5_w50.0_wt2.0    0.680      1.643   1.828 -0.230   0.321   0.272        80
 A_w31.0_w50.0_wt3.0    0.671      1.625   1.790 -0.192   0.314   0.272        84
