[search] 103 家族组合

== h20tr20_t2 ens Top8 ==
                                              name  cum_net  sharpe  maxdd    h1     h2  n
A_w31.0_w50.0_wt3.0+3.0xC_w11.0_w30.0_w50.25_wt2.0    2.539   3.081 -0.214 0.975  0.792 26
A_w31.0_w50.0_wt3.0+3.0xC_w11.0_w30.25_w50.0_wt2.0    2.539   3.081 -0.214 0.975  0.792 26
A_w30.0_w50.0_wt3.0+0.5xC_w10.25_w30.0_w50.0_wt0.5    1.145   2.050 -0.295 1.033  0.056 26
 A_w30.0_w50.0_wt3.0+0.5xC_w10.5_w30.0_w50.0_wt1.0    1.145   2.050 -0.295 1.033  0.056 26
 A_w30.0_w50.0_wt3.0+0.5xC_w11.0_w30.0_w50.0_wt2.0    1.145   2.050 -0.295 1.033  0.056 26
A_w31.0_w50.0_wt3.0+1.5xC_w11.0_w30.0_w50.25_wt2.0    0.908   1.782 -0.358 1.046 -0.067 26
A_w30.0_w50.0_wt2.0+0.5xC_w11.0_w30.0_w50.25_wt2.0    0.871   1.749 -0.239 0.895 -0.013 27
A_w30.0_w50.0_wt2.0+0.5xC_w11.0_w30.25_w50.0_wt2.0    0.871   1.749 -0.239 0.895 -0.013 27

== hold20_t2 ens Top8 ==
                                                name  cum_net  sharpe  maxdd    h1    h2  n
  A_w30.0_w50.0_wt3.0+3.0xC_w11.0_w30.25_w50.0_wt2.0    2.672   3.059 -0.214 1.154 0.705 26
  A_w30.0_w50.5_wt3.0+2.0xC_w10.25_w30.0_w50.0_wt0.5    2.386   2.878 -0.213 0.984 0.706 26
A_w30.25_w50.25_wt3.0+2.0xC_w10.25_w30.0_w50.0_wt0.5    2.386   2.878 -0.213 0.984 0.706 26
   A_w30.0_w50.5_wt3.0+2.0xC_w11.0_w30.0_w50.0_wt2.0    2.386   2.878 -0.213 0.984 0.706 26
   A_w30.0_w50.5_wt3.0+2.0xC_w10.5_w30.0_w50.0_wt1.0    2.386   2.878 -0.213 0.984 0.706 26
 A_w30.25_w50.25_wt3.0+2.0xC_w10.5_w30.0_w50.0_wt1.0    2.386   2.878 -0.213 0.984 0.706 26
 A_w30.25_w50.25_wt3.0+2.0xC_w11.0_w30.0_w50.0_wt2.0    2.386   2.878 -0.213 0.984 0.706 26
  A_w30.0_w50.0_wt3.0+3.0xC_w11.0_w30.0_w50.25_wt2.0    2.386   2.878 -0.213 0.984 0.706 26

== hold20_t1 ens Top8 ==
                                                name  cum_net  sharpe  maxdd    h1    h2  n
A_w31.0_w50.25_wt0.5+2.0xC_w10.25_w30.5_w50.25_wt2.0    6.214    3.65  -0.21 2.056 1.361 13
 A_w31.0_w50.0_wt0.5+2.0xC_w10.25_w30.0_w50.25_wt1.0    6.214    3.65  -0.21 2.056 1.361 13
 A_w31.0_w50.0_wt0.5+3.0xC_w10.5_w30.25_w50.25_wt2.0    6.214    3.65  -0.21 2.056 1.361 13
 A_w31.0_w50.0_wt0.5+2.0xC_w10.5_w30.25_w50.25_wt2.0    6.214    3.65  -0.21 2.056 1.361 13
 A_w31.0_w50.0_wt0.5+2.0xC_w10.25_w30.5_w50.25_wt2.0    6.214    3.65  -0.21 2.056 1.361 13
A_w31.0_w50.25_wt0.5+2.0xC_w10.25_w30.0_w50.25_wt1.0    6.214    3.65  -0.21 2.056 1.361 13
A_w31.0_w50.25_wt0.5+2.0xC_w10.5_w30.25_w50.25_wt2.0    6.214    3.65  -0.21 2.056 1.361 13
A_w31.0_w50.25_wt0.5+3.0xC_w10.5_w30.25_w50.25_wt2.0    6.214    3.65  -0.21 2.056 1.361 13

== D01_t1h5sl8 ens Top8 ==
                                               name  cum_net  sharpe  maxdd    h1    h2  n
A_w30.25_w50.0_wt2.0+1.5xC_w10.25_w30.5_w50.0_wt1.0    3.157   3.183 -0.171 1.059 1.019 50
A_w30.25_w50.0_wt2.0+2.0xC_w10.25_w30.5_w50.0_wt1.0    2.915   3.067 -0.187 0.962 0.995 50
A_w30.5_w50.25_wt3.0+3.0xC_w11.0_w30.25_w50.0_wt2.0    2.713   2.912 -0.225 0.977 0.878 50
A_w30.5_w50.25_wt3.0+2.0xC_w10.25_w30.5_w50.0_wt1.0    2.700   2.959 -0.187 0.852 0.997 50
A_w30.25_w50.0_wt2.0+3.0xC_w11.0_w30.25_w50.0_wt2.0    2.695   2.916 -0.224 0.977 0.869 50
A_w30.0_w50.25_wt3.0+3.0xC_w10.25_w30.5_w50.0_wt1.0    2.663   2.932 -0.216 1.074 0.766 50
A_w30.25_w50.0_wt3.0+3.0xC_w10.25_w30.5_w50.0_wt1.0    2.663   2.932 -0.216 1.074 0.766 50
A_w31.0_w50.25_wt3.0+1.5xC_w11.0_w30.25_w50.0_wt2.0    2.588   2.875 -0.197 0.874 0.915 50

→ /autodl-fs/data/lingqiData/Model/Trading/results/iter4_v11v13_weights.csv
