[matrix] 264 行 / 264 任务 (9s)

===== 基线 B0 (买入Top1隔日换仓) 跨 24 模型 =====
  median=+6.5%  mean=+12.0%  pos=14/24  medianMaxDD=-38.0%  medianSharpe=0.36

===== 每策略跨模型聚合 (24 模型, cum_net 真实净值) =====
             strategy  median_cum  mean_cum  n_pos  n_beat_base  h1h2_both  median_maxdd  median_sharpe  median_win  median_hold     U
          S4_re300_t2       0.436     0.432     20           19         14        -0.213          1.540       0.562        6.790 0.877
 S5_re300_sl8_tr15_t2       0.364     0.374     20           20         16        -0.223          1.237       0.564        6.257 0.865
 S8_re300_sl8_tp40_t2       0.364     0.371     19           20         16        -0.223          1.237       0.564        6.257 0.843
S10_re300_sl8_q0.3_t2       0.265     0.288     21           19         11        -0.221          1.011       0.547        6.200 0.738
         S2_h5_sl8_t2       0.292     0.270     18           19          9        -0.270          0.948       0.485        4.919 0.527
       S6_h20_tr20_t2       0.312     0.345     18           15          9        -0.254          1.030       0.500       18.769 0.407
            S3_nr3_t1       0.272     0.331     16           16         11        -0.313          0.875       0.500        3.038 0.398
   S9_rat20_10_sl8_t2       0.239     0.300     18           17          9        -0.260          0.869       0.513        9.208 0.378
         S1_h5_sl8_t1       0.122     0.381     15           17          9        -0.335          0.510       0.510        4.880 0.238
       S7_h10_tr12_t1       0.124     0.467     17           14          6        -0.340          0.526       0.520        9.760 0.130

===== 逐模型 cum_net 宽表 =====
strategy    B0_daily_top1  S1_h5_sl8_t1  S2_h5_sl8_t2  S3_nr3_t1  S4_re300_t2  S5_re300_sl8_tr15_t2  S6_h20_tr20_t2  S7_h10_tr12_t1  S8_re300_sl8_tp40_t2  S9_rat20_10_sl8_t2  S10_re300_sl8_q0.3_t2
set                                                                                                                                                                                                 
V10_allz            0.062         0.313         0.459      0.065        0.436                 0.522           0.179           0.237                 0.522               0.078                  0.404
V11_allz           -0.031         0.070         0.316      0.292        0.769                 0.496          -0.139           0.082                 0.496               0.284                  0.260
V11_ensw2           0.031         2.611         0.732      1.310        1.139                 1.258           0.744           2.145                 1.258               1.088                  0.224
V11_mixA            0.203         0.655         0.612      1.074        0.679                 0.891           0.499           0.051                 0.866               0.329                  0.487
V11_mixB            0.132        -0.001         0.306      0.362        0.564                 0.493          -0.139           0.004                 0.493               0.272                  0.286
V11_mixC           -0.031         0.070         0.316      0.292        0.769                 0.496          -0.139           0.082                 0.496               0.284                  0.260
V12_allz            0.067         0.187         0.070     -0.153       -0.006                 0.386           0.175          -0.126                 0.386               0.135                  0.283
V13_allz           -0.173         1.595         0.279      0.550        0.122                 0.369           2.646           5.387                 0.369               2.490                  0.324
V14_allz            0.152        -0.364        -0.188      0.356        0.129                 0.128           0.001           0.053                 0.128              -0.038                 -0.039
V15_allz            1.262        -0.237         0.140      1.046        0.699                 0.004           0.619          -0.279                -0.045              -0.287                  0.159
V16_allz            0.070         1.213         0.862      1.165        1.151                 1.018           0.833           1.482                 1.018               0.834                  1.134
V17_allz           -0.047         0.508         0.064     -0.258        0.118                 0.090          -0.342          -0.165                 0.090               0.075                  0.263
V18_f1              0.511        -0.083        -0.185     -0.001       -0.031                -0.053           0.168          -0.135                -0.053              -0.217                 -0.105
V18_f2              1.195         0.119         0.386      0.270        0.302                 0.213           0.269           0.316                 0.213               0.089                  0.262
V1_allz             0.676         0.748         0.397      0.450        0.972                 0.825           0.517           0.629                 0.825               0.267                  0.818
V20b_ensw2         -0.063        -0.355         0.090     -0.126        0.262                 0.481           0.370           0.220                 0.481               0.322                  0.359
V2_allz            -0.498        -0.421        -0.221     -0.337        0.039                -0.019           0.354          -0.485                -0.019              -0.121                 -0.006
V3_allz            -0.377        -0.079        -0.087     -0.084       -0.114                -0.090          -0.011           0.512                -0.090               0.164                  0.418
V4_allz            -0.074         0.366         0.361      0.167        0.608                 0.236           0.411          -0.042                 0.236              -0.152                  0.267
V5_allz            -0.313        -0.235        -0.081     -0.109       -0.222                -0.173          -0.233           0.166                -0.173              -0.050                  0.036
V6_allz             0.093         1.357         0.956      1.289        0.308                 0.116           0.470           0.712                 0.116               0.454                  0.370
V7_allz            -0.284        -0.287        -0.026      0.275        0.436                 0.310           0.095          -0.041                 0.310               0.366                  0.134
V8_allz             0.089         0.125         0.112      0.170        0.540                 0.360           0.431           0.197                 0.360               0.318                  0.292
V9_allz             0.228         1.279         0.808     -0.119        0.701                 0.615           0.493           0.211                 0.615               0.211                  0.020
[matrix] figures → fig_strategy_heatmap.png / fig_strategy_equity.png
[matrix] → STRATEGY_MATRIX_REPORT.md

[matrix] 完成 → /autodl-fs/data/lingqiData/Model/Trading/results/strategy_matrix.csv / strategy_summary.csv / strategy_matrix_wide.csv / STRATEGY_MATRIX_REPORT.md
