
>>> 首次统一推演 243 个日期: 20250901 ~ 20260901
[predict] feature_map has 848 factors, 848 available in DB, 0 missing
[predict] Final factor_list: 848 features → model input_dim=848
[predict] Using 8 fold(s)
[predict]   [fold1] epoch=22-val_rankic=0.0979.ckpt (val_rankic=0.0979)
[predict]   [fold2] epoch=2-val_rankic=0.0666.ckpt (val_rankic=0.0666)
[predict]   [fold3] epoch=4-val_rankic=0.0727.ckpt (val_rankic=0.0727)
[predict]   [fold4] epoch=0-val_rankic=0.0370.ckpt (val_rankic=0.0370)
[predict]   [fold5] epoch=0-val_rankic=0.0560.ckpt (val_rankic=0.0560)
[predict]   [fold6] epoch=0-val_rankic=0.0796.ckpt (val_rankic=0.0796)
[predict]   [fold7] epoch=28-val_rankic=0.0960.ckpt (val_rankic=0.0960)
[predict]   [fold8] epoch=0-val_rankic=0.0443.ckpt (val_rankic=0.0443)
[predict]   [20250901] done, 962 stocks
[predict]   [20250902] done, 962 stocks
[predict]   [20250903] done, 962 stocks
[predict]   [20250904] done, 962 stocks
[predict]   [20250905] done, 962 stocks
[predict]   [20250908] done, 962 stocks
[predict]   [20250909] done, 962 stocks
[predict]   [20250910] done, 962 stocks
[predict]   [20250911] done, 962 stocks
[predict]   [20250912] done, 962 stocks
[predict]   [20250915] done, 962 stocks
[predict]   [20250916] done, 962 stocks
[predict]   [20250917] done, 962 stocks
[predict]   [20250918] done, 962 stocks
[predict]   [20250919] done, 962 stocks
[predict]   [20250922] done, 962 stocks
[predict]   [20250923] done, 962 stocks
[predict]   [20250924] done, 962 stocks
[predict]   [20250925] done, 961 stocks
[predict]   [20250926] done, 961 stocks
[predict]   [20250929] done, 960 stocks
[predict]   [20250930] done, 960 stocks
[predict]   [20251009] done, 960 stocks
[predict]   [20251010] done, 960 stocks
[predict]   [20251013] done, 960 stocks
[predict]   [20251014] done, 960 stocks
[predict]   [20251015] done, 960 stocks
[predict]   [20251016] done, 960 stocks
[predict]   [20251017] done, 962 stocks
[predict]   [20251020] done, 962 stocks
[predict]   [20251021] done, 962 stocks
[predict]   [20251022] done, 962 stocks
[predict]   [20251023] done, 962 stocks
[predict]   [20251024] done, 962 stocks
[predict]   [20251027] done, 961 stocks
[predict]   [20251028] done, 961 stocks
[predict]   [20251029] done, 961 stocks
[predict]   [20251030] done, 961 stocks
[predict]   [20251031] done, 961 stocks
[predict]   [20251103] done, 961 stocks
[predict]   [20251104] done, 961 stocks
[predict]   [20251105] done, 961 stocks
[predict]   [20251106] done, 961 stocks
[predict]   [20251107] done, 961 stocks
[predict]   [20251110] done, 962 stocks
[predict]   [20251111] done, 961 stocks
[predict]   [20251112] done, 962 stocks
[predict]   [20251113] done, 962 stocks
[predict]   [20251114] done, 962 stocks
[predict]   [20251117] done, 962 stocks
[predict]   [20251118] done, 961 stocks
[predict]   [20251119] done, 961 stocks
[predict]   [20251120] done, 960 stocks
[predict]   [20251121] done, 961 stocks
[predict]   [20251124] done, 961 stocks
[predict]   [20251125] done, 961 stocks
[predict]   [20251126] done, 961 stocks
[predict]   [20251127] done, 961 stocks
[predict]   [20251128] done, 961 stocks
[predict]   [20251201] done, 960 stocks
[predict]   [20251202] done, 960 stocks
[predict]   [20251203] done, 960 stocks
[predict]   [20251204] done, 960 stocks
[predict]   [20251205] done, 960 stocks
[predict]   [20251208] done, 960 stocks
[predict]   [20251209] done, 960 stocks
[predict]   [20251210] done, 960 stocks
[predict]   [20251211] done, 960 stocks
[predict]   [20251212] done, 960 stocks
[predict]   [20251215] done, 961 stocks
[predict]   [20251216] done, 961 stocks
[predict]   [20251217] done, 961 stocks
[predict]   [20251218] done, 962 stocks
[predict]   [20251219] done, 961 stocks
[predict]   [20251222] done, 961 stocks
[predict]   [20251223] done, 962 stocks
[predict]   [20251224] done, 962 stocks
[predict]   [20251225] done, 962 stocks
[predict]   [20251226] done, 962 stocks
[predict]   [20251229] done, 962 stocks
[predict]   [20251230] done, 960 stocks
[predict]   [20251231] done, 960 stocks
[predict]   [20260105] done, 960 stocks
[predict]   [20260106] done, 960 stocks
[predict]   [20260107] done, 960 stocks
[predict]   [20260108] done, 960 stocks
[predict]   [20260109] done, 960 stocks
[predict]   [20260112] done, 959 stocks
[predict]   [20260113] done, 957 stocks
[predict]   [20260114] done, 957 stocks
[predict]   [20260115] done, 958 stocks
[predict]   [20260116] done, 957 stocks
[predict]   [20260119] done, 957 stocks
[predict]   [20260120] done, 958 stocks
[predict]   [20260121] done, 959 stocks
[predict]   [20260122] done, 959 stocks
[predict]   [20260123] done, 960 stocks
[predict]   [20260126] done, 961 stocks
[predict]   [20260127] done, 961 stocks
[predict]   [20260128] done, 961 stocks
[predict]   [20260129] done, 961 stocks
[predict]   [20260130] done, 961 stocks
[predict]   [20260202] done, 961 stocks
[predict]   [20260203] done, 961 stocks
[predict]   [20260204] done, 961 stocks
[predict]   [20260205] done, 961 stocks
[predict]   [20260206] done, 961 stocks
[predict]   [20260209] done, 960 stocks
[predict]   [20260210] done, 961 stocks
[predict]   [20260211] done, 961 stocks
[predict]   [20260212] done, 961 stocks
[predict]   [20260213] done, 961 stocks
[predict]   [20260224] done, 961 stocks
[predict]   [20260225] done, 960 stocks
[predict]   [20260226] done, 960 stocks
[predict]   [20260227] done, 960 stocks
[predict]   [20260302] done, 959 stocks
[predict]   [20260303] done, 958 stocks
[predict]   [20260304] done, 958 stocks
[predict]   [20260305] done, 958 stocks
[predict]   [20260306] done, 958 stocks
[predict]   [20260309] done, 959 stocks
[predict]   [20260310] done, 959 stocks
[predict]   [20260311] done, 960 stocks
[predict]   [20260312] done, 960 stocks
[predict]   [20260313] done, 960 stocks
[predict]   [20260316] done, 961 stocks
[predict]   [20260317] done, 962 stocks
[predict]   [20260318] done, 962 stocks
[predict]   [20260319] done, 961 stocks
[predict]   [20260320] done, 961 stocks
[predict]   [20260323] done, 962 stocks
[predict]   [20260324] done, 962 stocks
[predict]   [20260325] done, 962 stocks
[predict]   [20260326] done, 962 stocks
[predict]   [20260327] done, 962 stocks
[predict]   [20260330] done, 962 stocks
[predict]   [20260331] done, 962 stocks
[predict]   [20260401] done, 962 stocks
[predict]   [20260402] done, 962 stocks
[predict]   [20260403] done, 961 stocks
[predict]   [20260407] done, 961 stocks
[predict]   [20260408] done, 961 stocks
[predict]   [20260409] done, 961 stocks
[predict]   [20260410] done, 961 stocks
[predict]   [20260413] done, 961 stocks
[predict]   [20260414] done, 962 stocks
[predict]   [20260415] done, 962 stocks
[predict]   [20260416] done, 962 stocks
[predict]   [20260417] done, 962 stocks
[predict]   [20260420] done, 961 stocks
[predict]   [20260421] done, 961 stocks
[predict]   [20260422] done, 960 stocks
[predict]   [20260423] done, 960 stocks
[predict]   [20260424] done, 961 stocks
[predict]   [20260427] done, 961 stocks
[predict]   [20260428] done, 961 stocks
[predict]   [20260429] done, 961 stocks
[predict]   [20260430] done, 961 stocks
[predict]   [20260506] done, 961 stocks
[predict]   [20260507] done, 962 stocks
[predict]   [20260508] done, 962 stocks
[predict]   [20260511] done, 962 stocks
[predict]   [20260512] done, 962 stocks
[predict]   [20260513] done, 962 stocks
[predict]   [20260514] done, 962 stocks
[predict]   [20260515] done, 962 stocks
[predict]   [20260518] done, 962 stocks
[predict]   [20260519] done, 962 stocks
[predict]   [20260520] done, 962 stocks
[predict]   [20260521] done, 962 stocks
[predict]   [20260522] done, 962 stocks
[predict]   [20260525] done, 962 stocks
[predict]   [20260526] done, 962 stocks
[predict]   [20260527] done, 962 stocks
[predict]   [20260528] done, 962 stocks
[predict]   [20260529] done, 962 stocks
[predict]   [20260601] done, 962 stocks
[predict]   [20260602] done, 962 stocks
[predict]   [20260603] done, 962 stocks
[predict]   [20260604] done, 962 stocks
[predict]   [20260605] done, 962 stocks
[predict]   [20260608] done, 962 stocks
[predict]   [20260609] done, 961 stocks
[predict]   [20260610] done, 961 stocks
[predict]   [20260611] done, 961 stocks
[predict]   [20260612] done, 961 stocks
[predict]   [20260615] done, 961 stocks
[predict]   [20260616] done, 961 stocks
[predict]   [20260617] done, 961 stocks
[predict]   [20260618] done, 961 stocks
[predict]   [20260622] done, 961 stocks
[predict]   [20260623] done, 962 stocks
[predict]   [20260624] done, 962 stocks
[predict]   [20260625] done, 962 stocks
[predict]   [20260626] done, 962 stocks
[predict]   [20260629] done, 961 stocks
[predict]   [20260630] done, 961 stocks
[predict]   [20260701] done, 961 stocks
[predict]   [20260702] done, 961 stocks
[predict]   [20260703] done, 961 stocks
[predict]   [20260706] done, 961 stocks
[predict]   [20260707] done, 961 stocks
[predict]   [20260708] done, 961 stocks
[predict]   [20260709] done, 961 stocks
[predict]   [20260710] done, 961 stocks
[predict]   [20260713] done, 962 stocks
[predict]   [20260714] done, 962 stocks
[predict]   [20260715] done, 962 stocks
[predict]   [20260716] done, 962 stocks
[predict]   [20260717] done, 962 stocks
[predict]   [20260720] done, 962 stocks
[predict]   [20260721] done, 962 stocks
[predict]   [20260722] done, 962 stocks
[predict]   [20260723] done, 962 stocks
[predict]   [20260724] done, 962 stocks
[predict]   [20260727] done, 962 stocks
[predict]   [20260728] done, 962 stocks
[predict]   [20260729] done, 962 stocks
[predict]   [20260730] done, 962 stocks
[predict]   [20260731] done, 962 stocks
[predict]   [20260803] done, 962 stocks
[predict]   [20260804] done, 962 stocks
[predict]   [20260805] done, 962 stocks
[predict]   [20260806] done, 962 stocks
[predict]   [20260807] done, 962 stocks
[predict]   [20260810] done, 962 stocks
[predict]   [20260811] done, 962 stocks
[predict]   [20260812] done, 962 stocks
[predict]   [20260813] done, 962 stocks
[predict]   [20260814] done, 962 stocks
[predict]   [20260817] done, 962 stocks
[predict]   [20260818] done, 961 stocks
[predict]   [20260819] done, 961 stocks
[predict]   [20260820] done, 960 stocks
[predict]   [20260821] done, 960 stocks
[predict]   [20260824] done, 961 stocks
[predict]   [20260825] done, 961 stocks
[predict]   [20260826] done, 961 stocks
[predict]   [20260827] done, 962 stocks
[predict]   [20260828] done, 962 stocks
[predict]   [20260831] done, 962 stocks
[predict]   [20260901] done, 962 stocks
[predict] Done, 243 days.

合并完成：首次推演 243 天
已保存到: /autodl-fs/data/lingqiData/Model/best_new_seed3/model_pred/2026q3

---Test 集合打分---
  持仓数: 1 只
  打分区间: Test 集合 20250901 ~ 20260901 (243 天, 严格样本外, 与训练/验证无重叠)

模型评估结果
               模型值
指标                
RankIC      0.0422
RankICIR    0.3069
top_return  0.3379
[对照] 全池 Pearson IC: IC=+0.0174  ICIR=+0.1300
[提示] 后续回测章节使用同一 Test 区间的实际价格收益 (daily_adj open), 与训练 target 解耦
Price data: 8844759 rows, dates 20190102 ~ 20260904

========================================================================
                    最新模型打分 Top 推荐
========================================================================
  报告截至因子日期：2026年9月1日 收盘, 以下展示最近 10 个交易日

────────────────────────────────────────────────────────────
  因子日期：2026年8月19日 收盘
  模型预测1日收益率：2026年8月20日 买入 → 2026年8月21日 卖出
────────────────────────────────────────────────────────────

  排名   代码        名称                  打分
  -------------------------------------
  1    002182    宝武镁业        +  12.2930
  2    000555    神州信息        +  11.3542
  3    600446    金证股份        +  10.9292
  4    002324    普利特         +  10.9009
  5    000762    西藏矿业        +  10.8997
  6    002074    国轩高科        +  10.6654
  7    002268    电科网安        +  10.4457
  8    002405    四维图新        +  10.1571
  9    002456    欧菲光         +   9.7756
  10   001896    豫能控股        +   9.6990

────────────────────────────────────────────────────────────
  因子日期：2026年8月20日 收盘
  模型预测1日收益率：2026年8月21日 买入 → 2026年8月24日 卖出
────────────────────────────────────────────────────────────

  排名   代码        名称                  打分
  -------------------------------------
  1    000762    西藏矿业        +  13.6291
  2    600877    电科芯片        +  12.9563
  3    002074    国轩高科        +  12.5427
  4    600595    中孚实业        +  11.9194
  5    600509    天富能源        +  11.6774
  6    600268    国电南自        +  11.3573
  7    002756    永兴材料        +  11.2386
  8    600550    保变电气        +  11.0941
  9    600744    华银电力        +  10.7783
  10   000733    振华科技        +  10.3812

────────────────────────────────────────────────────────────
  因子日期：2026年8月21日 收盘
  模型预测1日收益率：2026年8月24日 买入 → 2026年8月25日 卖出
────────────────────────────────────────────────────────────

  排名   代码        名称                  打分
  -------------------------------------
  1    002831    裕同科技        +  12.9437
  2    002063    远光软件        +  10.7925
  3    000970    中科三环        +  10.0695
  4    600882    妙可蓝多        +   9.8470
  5    002268    电科网安        +   9.7926
  6    600268    国电南自        +   9.6114
  7    002008    大族激光        +   9.4939
  8    600872    中炬高新        +   9.2532
  9    600877    电科芯片        +   9.1792
  10   000400    许继电气        +   9.1774

────────────────────────────────────────────────────────────
  因子日期：2026年8月24日 收盘
  模型预测1日收益率：2026年8月25日 买入 → 2026年8月26日 卖出
────────────────────────────────────────────────────────────

  排名   代码        名称                  打分
  -------------------------------------
  1    600850    电科数字        +  11.2977
  2    600821    金开新能        +  10.4790
  3    002195    岩山科技        +  10.1570
  4    600872    中炬高新        +  10.1192
  5    002020    京新药业        +  10.0389
  6    600879    航天电子        +   9.8839
  7    002317    众生药业        +   9.7842
  8    002487    大金重工        +   9.2136
  9    002249    大洋电机        +   9.1115
  10   002265    建设工业        +   8.9688

────────────────────────────────────────────────────────────
  因子日期：2026年8月25日 收盘
  模型预测1日收益率：2026年8月26日 买入 → 2026年8月27日 卖出
────────────────────────────────────────────────────────────

  排名   代码        名称                  打分
  -------------------------------------
  1    002545    东方铁塔        +  13.2581
  2    000034    神州数码        +  11.6410
  3    002611    东方精工        +  11.0056
  4    600550    保变电气        +  10.8769
  5    002832    比音勒芬        +  10.7572
  6    600143    金发科技        +  10.7302
  7    002831    裕同科技        +  10.5882
  8    002773    康弘药业        +  10.2621
  9    603026    石大胜华        +  10.2347
  10   002379    宏桥控股        +  10.1048

────────────────────────────────────────────────────────────
  因子日期：2026年8月26日 收盘
  模型预测1日收益率：2026年8月27日 买入 → 2026年8月28日 卖出
────────────────────────────────────────────────────────────

  排名   代码        名称                  打分
  -------------------------------------
  1    600589    大位科技        +  12.2592
  2    002326    永太科技        +  11.5333
  3    000034    神州数码        +  11.3288
  4    002429    兆驰股份        +  10.6541
  5    000066    中国长城        +  10.6520
  6    002611    东方精工        +  10.5832
  7    603826    坤彩科技        +  10.4671
  8    600732    爱旭股份        +  10.1735
  9    600879    航天电子        +  10.1203
  10   000970    中科三环        +   9.8828

────────────────────────────────────────────────────────────
  因子日期：2026年8月27日 收盘
  模型预测1日收益率：2026年8月28日 买入 → 2026年8月31日 卖出
────────────────────────────────────────────────────────────

  排名   代码        名称                  打分
  -------------------------------------
  1    600438    通威股份        +  12.0356
  2    603026    石大胜华        +  12.0214
  3    002611    东方精工        +  11.3817
  4    600763    通策医疗        +  11.2888
  5    002668    TCL智家       +  10.8049
  6    600058    五矿发展        +  10.2258
  7    002250    联化科技        +  10.2172
  8    002416    爱施德         +  10.1505
  9    600732    爱旭股份        +   9.9469
  10   600879    航天电子        +   9.8690

────────────────────────────────────────────────────────────
  因子日期：2026年8月28日 收盘
  模型预测1日收益率：2026年8月31日 买入 → 2026年9月1日 卖出
────────────────────────────────────────────────────────────

  排名   代码        名称                  打分
  -------------------------------------
  1    002698    博实股份        +  14.1726
  2    603005    晶方科技        +  11.6076
  3    603267    鸿远电子        +  11.1039
  4    600143    金发科技        +  10.7768
  5    603026    石大胜华        +  10.7534
  6    002668    TCL智家       +  10.5099
  7    600744    华银电力        +  10.4396
  8    601717    中创智领        +  10.0988
  9    600877    电科芯片        +  10.0712
  10   002747    埃斯顿         +   9.9125

────────────────────────────────────────────────────────────
  因子日期：2026年8月31日 收盘
  模型预测1日收益率：2026年9月1日 买入 → 2026年9月2日 卖出
────────────────────────────────────────────────────────────

  排名   代码        名称                  打分
  -------------------------------------
  1    000009    中国宝安        +  13.1196
  2    002216    三全食品        +  11.8727
  3    600744    华银电力        +  11.3583
  4    001896    豫能控股        +  11.1933
  5    002946    新乳业         +  10.9526
  6    600732    爱旭股份        +  10.6709
  7    603026    石大胜华        +  10.6482
  8    002468    申通快递        +  10.5711
  9    603301    振德医疗        +  10.5707
  10   600850    电科数字        +  10.4302

────────────────────────────────────────────────────────────
  因子日期：2026年9月1日 收盘
  模型预测1日收益率：2026年9月2日 买入 → 2026年9月3日 卖出
────────────────────────────────────────────────────────────

  排名   代码        名称                  打分
  -------------------------------------
  1    002643    万润股份        +  11.0641
  2    600366    宁波韵升        +  10.8542
  3    603667    五洲新春        +  10.7889
  4    601636    旗滨集团        +  10.7237
  5    603906    龙蟠科技        +  10.6603
  6    603026    石大胜华        +  10.1897
  7    002326    永太科技        +   9.8571
  8    600151    航天机电        +   9.7584
  9    603005    晶方科技        +   9.6869
  10   603317    天味食品        +   9.6037
--- Backtest: 20250901 ~ 20260901 (Test 集合) ---
Window : 20250901 ~ 20260901  (243 trading days)
  predicted: 243 days  (20250901~20260901)
[Figure saved] ./model_pic/figure_01.png

====================================================================================================
  Trade Log — Top 1 | 243 days | hold 1d | Returns from daily_adj open prices
====================================================================================================
 FactorDt   BuyDt     Code     Name    Score   BuyPrc   SellDt   SellPrc   Ret%    累加收益 
--------------------------------------------------------------------------------------------
  20250901  20250902  002675东诚药业    +13.43   16.58  20250903    16.17   -2.47%    -2.47%
  20250902  20250903  002675东诚药业    +13.53   16.17  20250904    15.95   -1.36%    -3.83%
  20250903  20250904  600063皖维高新    +12.96    4.86  20250905     4.91   +1.03%    -2.80%
  20250904  20250905  002373千方科技    +12.60   10.40  20250908    10.50   +0.96%    -1.84%
  20250905  20250908  001696宗申动力    +11.41   23.89  20250909    24.30   +1.72%    -0.13%
  20250908  20250909  002338奥普光电    +14.21   49.63  20250910    48.32   -2.64%    -2.77%
  20250909  20250910  600216浙江医药    +11.68   15.24  20250911    15.10   -0.92%    -3.69%
  20250910  20250911  002925盈趣科技    +13.28   17.31  20250912    17.68   +2.14%    -1.55%
  20250911  20250912  002387维信诺      +13.04    9.55  20250915     9.59   +0.42%    -1.13%
  20250912  20250915  002338奥普光电    +12.90   49.66  20250916    50.20   +1.09%    -0.04%
  20250915  20250916  002675东诚药业    +14.48   15.72  20250917    15.86   +0.89%    +0.85%
  20250916  20250917  000969安泰科技    +13.31   13.30  20250918    13.33   +0.23%    +1.07%
  20250917  20250918  002015协鑫能科    +14.35   11.89  20250919    11.62   -2.27%    -1.20%
  20250918  20250919  002926华西证券    +12.51    9.68  20250922     9.78   +1.03%    -0.16%
  20250919  20250922  002675东诚药业    +12.98   15.43  20250923    15.36   -0.45%    -0.62%
  20250922  20250923  002675东诚药业    +13.10   15.36  20250924    15.27   -0.59%    -1.20%
  20250923  20250924  002926华西证券    +11.57    9.58  20250925     9.56   -0.21%    -1.41%
  20250924  20250925  002926华西证券    +12.43    9.56  20250926     9.46   -1.05%    -2.46%
  20250925  20250926  600058五矿发展    +13.02    8.76  20250929     9.07   +3.54%    +1.08%
  20250926  20250929  002636金安国纪    +12.59   12.21  20250930    12.44   +1.88%    +2.97%
  20250929  20250930  603601再升科技    +13.23    4.91  20251009     5.03   +2.44%    +5.41%
  20250930  20251009  002636金安国纪    +14.75   12.40  20251010    12.28   -0.97%    +4.44%
  20251009  20251010  002636金安国纪    +14.56   12.28  20251013    11.60   -5.54%    -1.10%
  20251010  20251013  002174游族网络    +13.81   11.05  20251014    11.23   +1.63%    +0.53%
  20251013  20251014  000963华东医药    +12.00   40.35  20251015    39.38   -2.40%    -1.87%
  20251014  20251015  002015协鑫能科    +15.29   11.20  20251016    11.40   +1.79%    -0.09%
  20251015  20251016  002174游族网络    +12.76   11.28  20251017    11.12   -1.42%    -1.50%
  20251016  20251017  002324普利特      +13.10   13.31  20251020    12.97   -2.55%    -4.06%
  20251017  20251020  603601再升科技    +13.54    4.75  20251021     4.78   +0.63%    -3.43%
  20251020  20251021  603328依顿电子    +12.28   10.52  20251022    10.87   +3.33%    -0.10%
  20251021  20251022  002015协鑫能科    +13.29   10.98  20251023    10.87   -1.00%    -1.10%
  20251022  20251023  002324普利特      +13.26   13.07  20251024    13.13   +0.46%    -0.64%
  20251023  20251024  600259中稀有色    +11.78   54.85  20251027    55.36   +0.93%    +0.29%
  20251024  20251027  002755奥赛康      +13.04   18.68  20251028    19.11   +2.30%    +2.59%
  20251027  20251028  002020京新药业    +12.52   18.08  20251029    18.14   +0.33%    +2.92%
  20251028  20251029  002020京新药业    +13.71   18.14  20251030    18.29   +0.83%    +3.75%
  20251029  20251030  002020京新药业    +13.48   18.29  20251031    17.60   -3.77%    -0.02%
  20251030  20251031  600703三安光电    +11.68   13.92  20251103    13.86   -0.43%    -0.46%
  20251031  20251103  002364中恒电气    +12.96   25.31  20251104    26.20   +3.52%    +3.06%
  20251103  20251104  601137博威合金    +13.52   21.68  20251105    21.25   -1.98%    +1.08%
  20251104  20251105  601137博威合金    +12.21   21.25  20251106    22.35   +5.18%    +6.25%
  20251105  20251106  603936博敏电子    +11.43   11.62  20251107    11.59   -0.26%    +6.00%
  20251106  20251107  600366宁波韵升    +12.90   13.79  20251110    13.90   +0.80%    +6.79%
  20251107  20251110  600366宁波韵升    +13.70   13.90  20251111    13.66   -1.73%    +5.07%
  20251110  20251111  601958金钼股份    +12.08   14.90  20251112    14.54   -2.42%    +2.65%
  20251111  20251112  002273水晶光电    +12.40   23.81  20251113    24.06   +1.05%    +3.70%
  20251112  20251113  002624完美世界    +11.72   15.36  20251114    15.40   +0.26%    +3.96%
  20251113  20251114  600114东睦股份    +13.79   28.00  20251117    26.86   -4.07%    -0.11%
  20251114  20251117  600114东睦股份    +13.67   26.86  20251118    26.72   -0.52%    -0.63%
  20251117  20251118  002706良信股份    +12.27   10.60  20251119    10.45   -1.42%    -2.05%
  20251118  20251119  601615明阳智能    +13.05   13.82  20251120    13.83   +0.07%    -1.97%
  20251119  20251120  601208东材科技    +10.53   17.50  20251121    17.70   +1.14%    -0.83%
  20251120  20251121  002011盾安环境    +12.99   12.69  20251124    12.55   -1.10%    -1.93%
  20251121  20251124  002015协鑫能科    +10.83    9.94  20251125    10.08   +1.41%    -0.53%
  20251124  20251125  600933爱柯迪      +12.03   19.29  20251126    19.20   -0.47%    -0.99%
  20251125  20251126  002015协鑫能科    +12.27   10.07  20251127     9.97   -0.99%    -1.99%
  20251126  20251127  601958金钼股份    +12.49   13.78  20251128    13.80   +0.15%    -1.84%
  20251127  20251128  002838道恩股份    +13.19   21.26  20251201    21.64   +1.79%    -0.05%
  20251128  20251201  601958金钼股份    +12.48   14.11  20251202    14.13   +0.14%    +0.09%
  20251201  20251202  002414高德红外    +15.94   12.31  20251203    12.14   -1.38%    -1.29%
  20251202  20251203  002859洁美科技    +13.30   28.95  20251204    28.67   -0.97%    -2.26%
  20251203  20251204  002167东方锆业    +12.39   12.01  20251205    11.92   -0.75%    -3.01%
  20251204  20251205  002245蔚蓝锂芯    +14.46   15.79  20251208    16.18   +2.47%    -0.54%
  20251205  20251208  002245蔚蓝锂芯    +11.82   16.18  20251209    16.20   +0.12%    -0.42%
  20251208  20251209  002145钛能化学    +12.59    5.00  20251210     4.92   -1.60%    -2.02%
  20251209  20251210  002056横店东磁    +11.84   19.20  20251211    19.20   +0.00%    -2.02%
  20251210  20251211  002091江苏国泰    +13.63    8.86  20251212     8.67   -2.14%    -4.16%
  20251211  20251212  002091江苏国泰    +12.45    8.67  20251215     8.55   -1.38%    -5.54%
  20251212  20251215  600773西藏城投    +13.60   11.50  20251216    11.64   +1.22%    -4.33%
  20251215  20251216  002011盾安环境    +11.86   12.43  20251217    12.19   -1.93%    -6.26%
  20251216  20251217  002957科瑞技术    +13.42   18.85  20251218    19.02   +0.90%    -5.36%
  20251217  20251218  600326西藏天路    +11.81   10.70  20251219    10.70   +0.00%    -5.36%
  20251218  20251219  002176江特电机    +13.49    9.24  20251222     9.58   +3.68%    -1.68%
  20251219  20251222  600580卧龙电驱    +12.03   40.78  20251223    43.63   +6.99%    +5.31%
  20251222  20251223  002859洁美科技    +11.93   28.36  20251224    28.42   +0.21%    +5.52%
  20251223  20251224  002062宏润建设    +12.24    9.15  20251225     9.16   +0.11%    +5.63%
  20251224  20251225  002294信立泰      +13.61   56.60  20251226    57.79   +2.10%    +7.74%
  20251225  20251226  000029深深房A     +13.79   23.00  20251229    23.20   +0.87%    +8.61%
  20251226  20251229  002859洁美科技    +15.01   28.02  20251230    28.05   +0.11%    +8.71%
  20251229  20251230  000029深深房A     +12.58   22.44  20251231    22.31   -0.58%    +8.13%
  20251230  20251231  600773西藏城投    +12.21   12.32  20260105    12.50   +1.46%    +9.59%
  20251231  20260105  002020京新药业    +12.65   18.98  20260106    19.68   +3.69%   +13.28%
  20260105  20260106  002534西子洁能    +13.37   16.87  20260107    16.46   -2.43%   +10.85%
  20260106  20260107  002062宏润建设    +14.39    9.30  20260108     9.06   -2.58%    +8.27%
  20260107  20260108  000567海德股份    +13.18    6.18  20260109     6.25   +1.13%    +9.40%
  20260108  20260109  002668TCL智家     +13.06   10.18  20260112    10.21   +0.29%    +9.70%
  20260109  20260112  603766隆鑫通用    +14.40   14.80  20260113    14.69   -0.74%    +8.96%
  20260112  20260113  603301振德医疗    +14.34   67.60  20260114    67.40   -0.30%    +8.66%
  20260113  20260114  000685中山公用    +13.38   11.98  20260115    11.80   -1.50%    +7.16%
  20260114  20260115  603185弘元绿能    +13.54   26.92  20260116    27.55   +2.34%    +9.50%
  20260115  20260116  002062宏润建设    +14.17    9.00  20260119     9.10   +1.11%   +10.61%
  20260116  20260119  002043兔宝宝      +13.79   13.09  20260120    13.50   +3.13%   +13.74%
  20260119  20260120  000029深深房A     +13.42   21.15  20260121    21.01   -0.66%   +13.08%
  20260120  20260121  002491通鼎互联    +12.50    5.83  20260122     5.98   +2.57%   +15.65%
  20260121  20260122  603118共进股份    +13.14   11.73  20260123    12.19   +3.92%   +19.57%
  20260122  20260123  002320海峡股份    +11.55   10.59  20260126    10.80   +1.98%   +21.56%
  20260123  20260126  002020京新药业    +12.77   18.10  20260127    17.80   -1.66%   +19.90%
  20260126  20260127  600110诺德股份    +13.46    7.01  20260128     6.75   -3.71%   +16.19%
  20260127  20260128  002241歌尔股份    +13.35   27.80  20260129    26.67   -4.06%   +12.13%
  20260128  20260129  002625光启技术    +11.89   47.76  20260130    46.90   -1.80%   +10.32%
  20260129  20260130  002913奥士康      +13.93   39.79  20260202    39.68   -0.28%   +10.05%
  20260130  20260202  002706良信股份    +12.38   10.54  20260203    10.53   -0.09%    +9.95%
  20260202  20260203  600246万通发展    +10.66   11.84  20260204    11.99   +1.27%   +11.22%
  20260203  20260204  002176江特电机    +12.54    9.20  20260205     9.11   -0.98%   +10.24%
  20260204  20260205  002913奥士康      +12.39   39.73  20260206    39.24   -1.23%    +9.01%
  20260205  20260206  600641先导基电    +13.82   17.18  20260209    17.56   +2.21%   +11.22%
  20260206  20260209  601038一拖股份    +12.80   13.89  20260210    13.94   +0.36%   +11.58%
  20260209  20260210  600737中粮糖业    +13.18   16.16  20260211    16.01   -0.93%   +10.65%
  20260210  20260211  600773西藏城投    +12.51   13.02  20260212    13.35   +2.53%   +13.19%
  20260211  20260212  002768国恩股份    +12.80   50.61  20260213    51.49   +1.74%   +14.93%
  20260212  20260213  600641先导基电    +13.48   17.82  20260224    18.95   +6.34%   +21.27%
  20260213  20260224  603906龙蟠科技    +12.16   18.32  20260225    18.61   +1.58%   +22.85%
  20260224  20260225  600776东方通信    +13.32   17.87  20260226    18.00   +0.73%   +23.58%
  20260225  20260226  000009中国宝安    +12.78    9.64  20260227     9.45   -1.97%   +21.61%
  20260226  20260227  002174游族网络    +12.77   11.11  20260302    10.91   -1.80%   +19.81%
  20260227  20260302  603185弘元绿能    +12.60   24.95  20260303    24.48   -1.88%   +17.92%
  20260302  20260303  002153石基信息    +13.24   11.45  20260304    10.80   -5.68%   +12.25%
  20260303  20260304  002410广联达      +11.58   12.30  20260305    12.43   +1.06%   +13.30%
  20260304  20260305  002410广联达      +11.37   12.43  20260306    12.31   -0.97%   +12.34%
  20260305  20260306  600201生物股份    +14.51   14.56  20260309    14.79   +1.58%   +13.92%
  20260306  20260309  601608中信重工    +12.03    7.22  20260310     7.17   -0.69%   +13.22%
  20260309  20260310  600711盛屯矿业    +10.59   14.50  20260311    14.64   +0.97%   +14.19%
  20260310  20260311  000923河钢资源    +16.38   21.20  20260312    21.15   -0.24%   +13.95%
  20260311  20260312  600711盛屯矿业    +14.86   14.13  20260313    13.83   -2.12%   +11.83%
  20260312  20260313  000923河钢资源    +13.95   21.04  20260316    20.52   -2.47%    +9.36%
  20260313  20260316  603516淳中科技    +12.32  146.27  20260317   158.91   +8.64%   +18.00%
  20260316  20260317  600776东方通信    +13.64   16.08  20260318    15.74   -2.11%   +15.89%
  20260317  20260318  002297博云新材    +12.83   11.34  20260319    11.34   +0.00%   +15.89%
  20260318  20260319  600316洪都航空    +11.62   37.57  20260320    37.27   -0.80%   +15.09%
  20260319  20260320  002324普利特      +11.44   15.53  20260323    14.80   -4.70%   +10.39%
  20260320  20260323  002174游族网络    +11.53    9.38  20260324     9.12   -2.77%    +7.62%
  20260323  20260324  000923河钢资源    +10.86   18.04  20260325    18.74   +3.88%   +11.50%
  20260324  20260325  002324普利特      +12.54   14.57  20260326    14.84   +1.85%   +13.35%
  20260325  20260326  002838道恩股份    +14.87   24.34  20260327    24.30   -0.16%   +13.18%
  20260326  20260327  002268电科网安    +11.06   16.35  20260330    16.61   +1.59%   +14.77%
  20260327  20260330  600353旭光电子    +11.47   13.80  20260331    14.41   +4.42%   +19.19%
  20260330  20260331  600366宁波韵升    +12.33   11.74  20260401    11.94   +1.70%   +20.90%
  20260331  20260401  600362江西铜业    +12.35   44.29  20260402    44.27   -0.05%   +20.85%
  20260401  20260402  600475华光环能    +12.10   17.56  20260403    17.24   -1.82%   +19.03%
  20260402  20260403  002617露笑科技    +11.86    7.15  20260407     7.18   +0.42%   +19.45%
  20260403  20260407  000878云南铜业    +11.69   17.46  20260408    18.26   +4.58%   +24.03%
  20260407  20260408  002268电科网安    +12.99   16.57  20260409    16.95   +2.29%   +26.33%
  20260408  20260409  000738航发控制    +13.23   21.26  20260410    21.18   -0.38%   +25.95%
  20260409  20260410  002268电科网安    +12.02   16.80  20260413    16.94   +0.83%   +26.78%
  20260410  20260413  000700模塑科技    +13.11   11.20  20260414    11.30   +0.89%   +27.68%
  20260413  20260414  603179新泉股份    +13.89   62.95  20260415    63.68   +1.16%   +28.84%
  20260414  20260415  600131国网信通    +15.02   18.20  20260416    18.29   +0.49%   +29.33%
  20260415  20260416  000758中色股份    +12.78    6.72  20260417     6.83   +1.64%   +30.97%
  20260416  20260417  002405四维图新    +12.88    9.09  20260420     9.20   +1.21%   +32.18%
  20260417  20260420  002174游族网络    +12.15    9.62  20260421     9.67   +0.52%   +32.70%
  20260420  20260421  000700模塑科技    +13.48   11.40  20260422    11.52   +1.05%   +33.75%
  20260421  20260422  600201生物股份    +13.13   14.35  20260423    14.16   -1.32%   +32.43%
  20260422  20260423  601155新城控股    +11.76   14.48  20260424    14.31   -1.17%   +31.25%
  20260423  20260424  600547山东黄金    +13.39   35.65  20260427    35.43   -0.62%   +30.63%
  20260424  20260427  002169智光电气    +11.38   12.94  20260428    12.78   -1.24%   +29.40%
  20260427  20260428  600201生物股份    +13.37   13.56  20260429    13.66   +0.74%   +30.13%
  20260428  20260429  000901航天科技    +11.94   21.51  20260430    23.10   +7.39%   +37.53%
  20260429  20260430  002048宁波华翔    +12.68   26.42  20260506    26.20   -0.83%   +36.69%
  20260430  20260506  000917电广传媒    +13.78    8.80  20260507     8.83   +0.34%   +37.04%
  20260506  20260507  002373千方科技    +13.38    9.12  20260508     9.15   +0.33%   +37.36%
  20260507  20260508  002258利尔化学    +14.01   12.47  20260511    12.41   -0.48%   +36.88%
  20260508  20260511  000917电广传媒    +12.48    9.03  20260512     8.88   -1.66%   +35.22%
  20260511  20260512  000933神火股份    +13.64   31.54  20260513    31.50   -0.13%   +35.09%
  20260512  20260513  000555神州信息    +13.37   14.23  20260514    14.96   +5.13%   +40.22%
  20260513  20260514  002624完美世界    +12.80   17.79  20260515    16.11   -9.44%   +30.78%
  20260514  20260515  000917电广传媒    +12.00    8.40  20260518     8.25   -1.79%   +29.00%
  20260515  20260518  002250联化科技    +12.44   15.48  20260519    15.03   -2.91%   +26.09%
  20260518  20260519  002624完美世界    +13.14   15.44  20260520    15.11   -2.14%   +23.95%
  20260519  20260520  002167东方锆业    +13.52   11.88  20260521    12.14   +2.19%   +26.14%
  20260520  20260521  002624完美世界    +12.99   14.94  20260522    14.41   -3.55%   +22.59%
  20260521  20260522  600392盛和资源    +11.59   23.25  20260525    23.98   +3.14%   +25.73%
  20260522  20260525  002597金禾实业    +11.20   20.28  20260526    20.80   +2.56%   +28.30%
  20260525  20260526  002624完美世界    +13.52   13.73  20260527    13.88   +1.09%   +29.39%
  20260526  20260527  603516淳中科技    +11.53  118.94  20260528   116.39   -2.14%   +27.24%
  20260527  20260528  600773西藏城投    +11.64   17.95  20260529    18.12   +0.95%   +28.19%
  20260528  20260529  603588高能环境    +12.82   12.47  20260601    12.32   -1.20%   +26.99%
  20260529  20260601  000970中科三环    +13.03   11.16  20260602    11.09   -0.63%   +26.36%
  20260601  20260602  600366宁波韵升    +12.65   12.20  20260603    12.30   +0.82%   +27.18%
  20260602  20260603  002250联化科技    +11.11   14.20  20260604    14.08   -0.85%   +26.34%
  20260603  20260604  002246北化股份    +10.98   20.00  20260605    20.02   +0.10%   +26.44%
  20260604  20260605  600410华胜天成    +11.56   18.03  20260608    17.30   -4.05%   +22.39%
  20260605  20260608  600410华胜天成    +13.19   17.30  20260609    17.54   +1.39%   +23.77%
  20260608  20260609  002062宏润建设    +11.52    7.68  20260610     7.78   +1.30%   +25.08%
  20260609  20260610  600685中船防务    +12.51   25.70  20260611    25.19   -1.98%   +23.09%
  20260610  20260611  600531豫光金铅    +11.40   11.45  20260612    12.40   +8.30%   +31.39%
  20260611  20260612  000612焦作万方    +11.45   10.75  20260615    11.48   +6.79%   +38.18%
  20260612  20260615  600986浙文互联    +13.64    7.80  20260616     8.01   +2.69%   +40.87%
  20260615  20260616  603619中曼石油    +12.80   23.43  20260617    22.74   -2.94%   +37.93%
  20260616  20260617  600331宏达股份    +13.63   12.88  20260618    12.91   +0.23%   +38.16%
  20260617  20260618  002216三全食品    +13.64   11.67  20260622    11.60   -0.60%   +37.56%
  20260618  20260622  000155川能动力    +12.85   12.45  20260623    13.16   +5.70%   +43.26%
  20260622  20260623  601339百隆东方    +12.55    6.79  20260624     7.24   +6.63%   +49.89%
  20260623  20260624  000547航天发展    +11.17   18.77  20260625    18.91   +0.75%   +50.64%
  20260624  20260625  603619中曼石油    +12.42   20.40  20260626    19.70   -3.43%   +47.21%
  20260625  20260626  002246北化股份    +12.74   19.09  20260629    18.37   -3.77%   +43.43%
  20260626  20260629  000534万泽股份    +12.55   27.54  20260630    27.38   -0.58%   +42.85%
  20260629  20260630  002922伊戈尔      +12.33   31.00  20260701    32.82   +5.87%   +48.72%
  20260630  20260701  002545东方铁塔    +13.81   16.16  20260702    18.80  +16.34%   +65.06%
  20260701  20260702  002531天顺风能    +14.03    8.16  20260703     8.24   +0.98%   +66.04%
  20260702  20260703  002922伊戈尔      +12.22   29.72  20260706    30.25   +1.78%   +67.82%
  20260703  20260706  002922伊戈尔      +13.36   30.25  20260707    31.39   +3.77%   +71.59%
  20260706  20260707  600410华胜天成    +13.71   14.80  20260708    14.49   -2.09%   +69.50%
  20260707  20260708  002531天顺风能    +12.47    7.78  20260709     7.55   -2.96%   +66.54%
  20260708  20260709  002246北化股份    +12.26   17.49  20260710    17.88   +2.23%   +68.77%
  20260709  20260710  002531天顺风能    +11.93    7.48  20260713     7.60   +1.60%   +70.38%
  20260710  20260713  002645华宏科技    +13.45   22.00  20260714    20.48   -6.91%   +63.47%
  20260713  20260714  600744华银电力    +10.55    5.25  20260715     5.41   +3.05%   +66.51%
  20260714  20260715  603613国联股份    +11.77   17.46  20260716    18.15   +3.95%   +70.47%
  20260715  20260716  002756永兴材料    +11.56   44.37  20260717    44.17   -0.45%   +70.02%
  20260716  20260717  002237恒邦股份    +11.31   12.51  20260720    12.24   -2.16%   +67.86%
  20260717  20260720  002324普利特       +9.82    9.01  20260721     8.70   -3.44%   +64.42%
  20260720  20260721  002169智光电气    +13.10   10.60  20260722    10.73   +1.23%   +65.64%
  20260721  20260722  002324普利特      +13.72    8.76  20260723     8.50   -2.97%   +62.68%
  20260722  20260723  002647仁东控股    +11.65    8.18  20260724     8.01   -2.08%   +60.60%
  20260723  20260724  600418江淮汽车    +14.23   20.51  20260727    19.66   -4.14%   +56.45%
  20260724  20260727  600879航天电子    +11.98   14.60  20260728    14.89   +1.99%   +58.44%
  20260727  20260728  603826坤彩科技    +11.62   15.46  20260729    14.95   -3.30%   +55.14%
  20260728  20260729  002402和而泰      +12.61   19.70  20260730    19.89   +0.96%   +56.10%
  20260729  20260730  002048宁波华翔    +12.34   18.11  20260731    18.12   +0.06%   +56.16%
  20260730  20260731  000070特发信息    +12.33   12.80  20260803    12.55   -1.95%   +54.21%
  20260731  20260803  000935四川双马    +12.29   21.22  20260804    21.50   +1.32%   +55.53%
  20260803  20260804  600500中化国际    +12.92    4.62  20260805     4.72   +2.16%   +57.69%
  20260804  20260805  002838道恩股份    +13.98   25.09  20260806    25.91   +3.27%   +60.96%
  20260805  20260806  000672上峰材料    +14.98   13.71  20260807    13.89   +1.31%   +62.27%
  20260806  20260807  000935四川双马    +11.17   22.58  20260810    21.90   -3.01%   +59.26%
  20260807  20260810  600416湘电股份    +13.03    9.10  20260811     9.13   +0.33%   +59.59%
  20260810  20260811  002475立讯精密    +11.98   55.31  20260812    55.68   +0.67%   +60.26%
  20260811  20260812  002174游族网络    +15.33   11.79  20260813    13.19  +11.87%   +72.13%
  20260812  20260813  002261拓维信息    +12.19   26.66  20260814    26.20   -1.73%   +70.41%
  20260813  20260814  000672上峰材料    +12.87   13.92  20260817    13.93   +0.07%   +70.48%
  20260814  20260817  603730岱美股份    +12.38   10.17  20260818    10.30   +1.28%   +71.76%
  20260817  20260818  600509天富能源    +13.77    7.49  20260819     7.45   -0.53%   +71.22%
  20260818  20260819  002531天顺风能    +12.67    6.38  20260820     6.12   -4.08%   +67.15%
  20260819  20260820  002182宝武镁业    +12.29   11.89  20260821    11.70   -1.60%   +65.55%
  20260820  20260821  000762西藏矿业    +13.63   22.12  20260824    23.60   +6.69%   +72.24%
  20260821  20260824  002831裕同科技    +12.94   25.56  20260825    24.89   -2.62%   +69.62%
  20260824  20260825  600850电科数字    +11.30   14.15  20260826    14.50   +2.47%   +72.09%
  20260825  20260826  002545东方铁塔    +13.26   16.86  20260827    17.71   +5.04%   +77.14%
  20260826  20260827  600589大位科技    +12.26    7.49  20260828     7.65   +2.14%   +79.27%
  20260827  20260828  600438通威股份    +12.04   11.84  20260831    11.75   -0.76%   +78.51%
  20260828  20260831  002698博实股份    +14.17   12.18  20260901    12.48   +2.46%   +80.97%
  20260831  20260901  000009中国宝安    +13.12    7.07  20260902     7.15   +1.13%   +82.11%
  20260901  20260902  002643万润股份    +11.06   12.99  20260903    12.99   +0.00%   +82.11%
====================================================================================================

Realized: 243  |  Pending: 0
Cumulative: +0.8211 (+82.11%)  |  Win rate: 130/243 (53.5%)  |  Mean: +0.003379  |  MaxDD: -0.1784

=======================================================
  Recent 243d Summary  |  Top 1  |  Hold 1d
=======================================================
  Window     : 20250901 ~ 20260901  (243 days)
  Realized   : 243 days  |  Pending : 0 days
  Cum Return : +0.8211  (+82.11%)
  Daily Mean : +0.003379  (+0.3379%)
  Ann Return : 85.15%
  Sharpe     : 1.8773
  Win Rate   : 53.5%  (130/243)
  Best Day   : +0.1634  (20260630)
  Worst Day  : -0.0944  (20260513)
  Max Drawdown: -0.1784  (-17.84%)  at 20260604
=======================================================

=======================================================
  分散组合对比  |  Hold 1d  |  20250901 ~ 20260901
=======================================================
   构造  天数      日均      累计    胜率 年化Sharpe
 Top5 243 +0.170% +41.41% 53.1%    +1.48
Top10 243 +0.183% +44.58% 53.5%    +1.70
Top20 243 +0.158% +38.30% 54.7%    +1.56
  前1% 243 +0.167% +40.63% 53.1%    +1.53
  前5% 243 +0.159% +38.61% 55.6%    +1.66
 前10% 243 +0.131% +31.78% 53.9%    +1.43
=======================================================

[提示] Top1 单票的日盈亏由涨跌停等尾部事件主导, 统计意义很弱; 请以上表分散组合为准判断信号质量。
