[analysis] heads 缺失 (a=None, c=None) → 首次全窗口推演
[analysis] feature_map: 848 因子
[analysis] 待推演 246 日 (增量): 20250901 ~ 20260904
[analysis] 因子行 236652 (缺失列补 0: 0)
[analysis] 实际使用特征列 848
[analysis]   fold1 (族a/k1): epoch=5-val_rankic=0.0769.ckpt (val=0.0769)
[analysis]   fold2 (族a/k2): epoch=0-val_rankic=0.0969.ckpt (val=0.0969)
[analysis]   fold3 (族a/k3): epoch=12-val_rankic=0.0846.ckpt (val=0.0846)
[analysis]   fold4 (族a/k4): epoch=0-val_rankic=0.0426.ckpt (val=0.0426)
[analysis]   fold5 (族a/k5): epoch=4-val_rankic=0.0697.ckpt (val=0.0697)
[analysis]   fold6 (族a/k6): epoch=2-val_rankic=0.0965.ckpt (val=0.0965)
[analysis]   fold7 (族a/k7): epoch=0-val_rankic=0.0823.ckpt (val=0.0823)
[analysis]   fold8 (族a/k8): epoch=1-val_rankic=0.0400.ckpt (val=0.0400)
[analysis]   fold9 (族c/k1): epoch=0-val_rankic=0.1064.ckpt (val=0.1064)
[analysis]   fold10 (族c/k2): epoch=18-val_rankic=0.1293.ckpt (val=0.1293)
[analysis]   fold11 (族c/k3): epoch=3-val_rankic=0.0818.ckpt (val=0.0818)
[analysis]   fold12 (族c/k4): epoch=10-val_rankic=0.0331.ckpt (val=0.0331)
[analysis]   fold13 (族c/k5): epoch=0-val_rankic=0.1094.ckpt (val=0.1094)
[analysis]   fold14 (族c/k6): epoch=20-val_rankic=0.1161.ckpt (val=0.1161)
[analysis]   fold15 (族c/k7): epoch=2-val_rankic=0.0844.ckpt (val=0.0844)
[analysis]   fold16 (族c/k8): epoch=0-val_rankic=0.0570.ckpt (val=0.0570)
[analysis] 推演进度 80/3936 (最新 20250905)
[analysis] 推演进度 160/3936 (最新 20250912)
[analysis] 推演进度 240/3936 (最新 20250919)
[analysis] 推演进度 320/3936 (最新 20250926)
[analysis] 推演进度 400/3936 (最新 20251013)
[analysis] 推演进度 480/3936 (最新 20251020)
[analysis] 推演进度 560/3936 (最新 20251027)
[analysis] 推演进度 640/3936 (最新 20251103)
[analysis] 推演进度 720/3936 (最新 20251110)
[analysis] 推演进度 800/3936 (最新 20251117)
[analysis] 推演进度 880/3936 (最新 20251124)
[analysis] 推演进度 960/3936 (最新 20251201)
[analysis] 推演进度 1040/3936 (最新 20251208)
[analysis] 推演进度 1120/3936 (最新 20251215)
[analysis] 推演进度 1200/3936 (最新 20251222)
[analysis] 推演进度 1280/3936 (最新 20251229)
[analysis] 推演进度 1360/3936 (最新 20260107)
[analysis] 推演进度 1440/3936 (最新 20260114)
[analysis] 推演进度 1520/3936 (最新 20260121)
[analysis] 推演进度 1600/3936 (最新 20260128)
[analysis] 推演进度 1680/3936 (最新 20260204)
[analysis] 推演进度 1760/3936 (最新 20260211)
[analysis] 推演进度 1840/3936 (最新 20260226)
[analysis] 推演进度 1920/3936 (最新 20260305)
[analysis] 推演进度 2000/3936 (最新 20260312)
[analysis] 推演进度 2080/3936 (最新 20260319)
[analysis] 推演进度 2160/3936 (最新 20260326)
[analysis] 推演进度 2240/3936 (最新 20260402)
[analysis] 推演进度 2320/3936 (最新 20260410)
[analysis] 推演进度 2400/3936 (最新 20260417)
[analysis] 推演进度 2480/3936 (最新 20260424)
[analysis] 推演进度 2560/3936 (最新 20260506)
[analysis] 推演进度 2640/3936 (最新 20260513)
[analysis] 推演进度 2720/3936 (最新 20260520)
[analysis] 推演进度 2800/3936 (最新 20260527)
[analysis] 推演进度 2880/3936 (最新 20260603)
[analysis] 推演进度 2960/3936 (最新 20260610)
[analysis] 推演进度 3040/3936 (最新 20260617)
[analysis] 推演进度 3120/3936 (最新 20260625)
[analysis] 推演进度 3200/3936 (最新 20260702)
[analysis] 推演进度 3280/3936 (最新 20260709)
[analysis] 推演进度 3360/3936 (最新 20260716)
[analysis] 推演进度 3440/3936 (最新 20260723)
[analysis] 推演进度 3520/3936 (最新 20260730)
[analysis] 推演进度 3600/3936 (最新 20260806)
[analysis] 推演进度 3680/3936 (最新 20260813)
[analysis] 推演进度 3760/3936 (最新 20260820)
[analysis] 推演进度 3840/3936 (最新 20260827)
[analysis] 推演进度 3920/3936 (最新 20260903)
[analysis] 推演进度 3936/3936 (最新 20260904)
[analysis] 推演完成, 合并落盘 heads ...
[analysis] heads 落盘完成: /autodl-fs/data/lingqiData/Model/V20c/model_pred/2026q3/heads_a / /autodl-fs/data/lingqiData/Model/V20c/model_pred/2026q3/heads_c
[analysis] ens_w2 组装完成: 246 天 × 962 股票 (20250901 ~ 20260904)
[analysis] 打分缓存: /autodl-fs/data/lingqiData/Model/V20c/model_pred/2026q3/score_ens_w2.fea
# V20c 冠军系统每日报告 (ens_w2 + hold5s8-收盘卖, 含成本)

---Test 集合打分---
  打分区间: Test 集合 20250901 ~ 20260901 (严格样本外, 与训练/验证无重叠)

  RankIC     +0.0401
  RankICIR   +0.2864
  top_return +0.0195
[提示] 回测/交易日志章节使用同一区间的实际价格收益 (daily_adj), 与训练 target 解耦

====================================================================================================
                    最新模型打分 Top 推荐
====================================================================================================
  报告截至因子日期：2026年9月4日 收盘, 以下展示最近 10 个交易日

────────────────────────────────────────────────────────────
  打分模型: ens_w2 = z(族a mixA) + 2·z(族c r1+top)  (V20c 自训 16 折)
  因子日期：2026年8月24日 收盘
  冠军策略：2026年8月25日 开盘买入 Top1 → 持有 5 个交易日 (2026年9月1日 收盘卖出); 持仓期收盘较买入价下跌 ≥ 8% → 次日开盘止损
────────────────────────────────────────────────────────────

  排名   代码        名称                  打分
  -------------------------------------
  1    002130    沃尔核材            +5.8463
  2    002020    京新药业            +5.7782
  3    000534    万泽股份            +5.5710
  4    000661    长春高新            +5.1610
  5    002182    宝武镁业            +5.0566
  6    002444    巨星科技            +4.9861
  7    002611    东方精工            +4.9611
  8    002459    晶澳科技            +4.8734
  9    002317    众生药业            +4.8548
  10   002402    和而泰             +4.8304


────────────────────────────────────────────────────────────
  打分模型: ens_w2 = z(族a mixA) + 2·z(族c r1+top)  (V20c 自训 16 折)
  因子日期：2026年8月25日 收盘
  冠军策略：2026年8月26日 开盘买入 Top1 → 持有 5 个交易日 (2026年9月2日 收盘卖出); 持仓期收盘较买入价下跌 ≥ 8% → 次日开盘止损
────────────────────────────────────────────────────────────

  排名   代码        名称                  打分
  -------------------------------------
  1    002709    天赐材料            +6.3559
  2    002895    川恒股份            +6.1520
  3    600141    兴发集团            +5.6555
  4    000960    锡业股份            +5.5288
  5    002545    东方铁塔            +5.5260
  6    600259    中稀有色            +5.5245
  7    002432    九安医疗            +5.2361
  8    000875    电投绿能            +5.0541
  9    002832    比音勒芬            +5.0202
  10   002326    永太科技            +5.0061


────────────────────────────────────────────────────────────
  打分模型: ens_w2 = z(族a mixA) + 2·z(族c r1+top)  (V20c 自训 16 折)
  因子日期：2026年8月26日 收盘
  冠军策略：2026年8月27日 开盘买入 Top1 → 持有 5 个交易日 (2026年9月3日 收盘卖出); 持仓期收盘较买入价下跌 ≥ 8% → 次日开盘止损
────────────────────────────────────────────────────────────

  排名   代码        名称                  打分
  -------------------------------------
  1    002169    智光电气            +6.2208
  2    603005    晶方科技            +5.9135
  3    002611    东方精工            +5.4882
  4    600673    东阳光             +5.2650
  5    000066    中国长城            +5.2396
  6    002056    横店东磁            +5.1741
  7    002643    万润股份            +5.1712
  8    002326    永太科技            +5.1051
  9    603662    柯力传感            +5.0781
  10   000880    潍柴重机            +5.0032


────────────────────────────────────────────────────────────
  打分模型: ens_w2 = z(族a mixA) + 2·z(族c r1+top)  (V20c 自训 16 折)
  因子日期：2026年8月27日 收盘
  冠军策略：2026年8月28日 开盘买入 Top1 → 持有 5 个交易日 (2026年9月4日 收盘卖出); 持仓期收盘较买入价下跌 ≥ 8% → 次日开盘止损
────────────────────────────────────────────────────────────

  排名   代码        名称                  打分
  -------------------------------------
  1    000719    中原传媒            +7.7240
  2    002250    联化科技            +7.2141
  3    002668    TCL智家           +6.6750
  4    000400    许继电气            +6.4552
  5    600428    中远海特            +5.8902
  6    600763    通策医疗            +5.7504
  7    600058    五矿发展            +5.3189
  8    603005    晶方科技            +5.0076
  9    600873    梅花生物            +4.9966
  10   002534    西子洁能            +4.9796


────────────────────────────────────────────────────────────
  打分模型: ens_w2 = z(族a mixA) + 2·z(族c r1+top)  (V20c 自训 16 折)
  因子日期：2026年8月28日 收盘
  冠军策略：2026年8月31日 开盘买入 Top1 → 持有 5 个交易日 (2026年9月7日 收盘卖出); 持仓期收盘较买入价下跌 ≥ 8% → 次日开盘止损
────────────────────────────────────────────────────────────

  排名   代码        名称                  打分
  -------------------------------------
  1    002048    宁波华翔            +6.7852
  2    002056    横店东磁            +6.2107
  3    002169    智光电气            +5.7690
  4    002668    TCL智家           +5.7324
  5    603005    晶方科技            +5.2534
  6    002245    蔚蓝锂芯            +5.2455
  7    002747    埃斯顿             +5.1670
  8    603063    禾望电气            +4.9665
  9    002050    三花智控            +4.9537
  10   600875    东方电气            +4.9249


────────────────────────────────────────────────────────────
  打分模型: ens_w2 = z(族a mixA) + 2·z(族c r1+top)  (V20c 自训 16 折)
  因子日期：2026年8月31日 收盘
  冠军策略：2026年9月1日 开盘买入 Top1 → 持有 5 个交易日 (2026年9月8日 收盘卖出); 持仓期收盘较买入价下跌 ≥ 8% → 次日开盘止损
────────────────────────────────────────────────────────────

  排名   代码        名称                  打分
  -------------------------------------
  1    000973    佛塑科技            +6.7368
  2    002216    三全食品            +6.4535
  3    603713    密尔克卫            +5.9850
  4    002056    横店东磁            +5.9327
  5    600619    海立股份            +5.6230
  6    600113    浙江东日            +5.5977
  7    002468    申通快递            +5.4249
  8    002422    科伦药业            +5.4176
  9    600732    爱旭股份            +5.3374
  10   600058    五矿发展            +5.3125


────────────────────────────────────────────────────────────
  打分模型: ens_w2 = z(族a mixA) + 2·z(族c r1+top)  (V20c 自训 16 折)
  因子日期：2026年9月1日 收盘
  冠军策略：2026年9月2日 开盘买入 Top1 → 持有 5 个交易日 (2026年9月9日 收盘卖出); 持仓期收盘较买入价下跌 ≥ 8% → 次日开盘止损
────────────────────────────────────────────────────────────

  排名   代码        名称                  打分
  -------------------------------------
  1    000973    佛塑科技            +5.7706
  2    002326    永太科技            +5.6327
  3    603906    龙蟠科技            +5.4157
  4    002643    万润股份            +5.3969
  5    600619    海立股份            +5.2810
  6    601615    明阳智能            +5.2464
  7    600366    宁波韵升            +5.1861
  8    002138    顺络电子            +5.1731
  9    002460    赣锋锂业            +5.0837
  10   601231    环旭电子            +5.0565


────────────────────────────────────────────────────────────
  打分模型: ens_w2 = z(族a mixA) + 2·z(族c r1+top)  (V20c 自训 16 折)
  因子日期：2026年9月2日 收盘
  冠军策略：2026年9月3日 开盘买入 Top1 → 持有 5 个交易日 (2026年9月10日 收盘卖出); 持仓期收盘较买入价下跌 ≥ 8% → 次日开盘止损
────────────────────────────────────────────────────────────

  排名   代码        名称                  打分
  -------------------------------------
  1    000792    盐湖股份            +5.9981
  2    002459    晶澳科技            +5.5259
  3    002555    三七互娱            +5.4283
  4    002074    国轩高科            +5.3195
  5    002497    雅化集团            +5.0077
  6    600875    东方电气            +4.9691
  7    603876    鼎胜新材            +4.8877
  8    002643    万润股份            +4.8150
  9    002240    盛新锂能            +4.7380
  10   600619    海立股份            +4.7302


────────────────────────────────────────────────────────────
  打分模型: ens_w2 = z(族a mixA) + 2·z(族c r1+top)  (V20c 自训 16 折)
  因子日期：2026年9月3日 收盘
  冠军策略：2026年9月4日 开盘买入 Top1 → 持有 5 个交易日 (2026年9月11日 收盘卖出); 持仓期收盘较买入价下跌 ≥ 8% → 次日开盘止损
────────────────────────────────────────────────────────────

  排名   代码        名称                  打分
  -------------------------------------
  1    002429    兆驰股份            +6.1063
  2    603800    洪田股份            +6.0044
  3    603876    鼎胜新材            +5.8044
  4    002245    蔚蓝锂芯            +5.4599
  5    002020    京新药业            +4.9500
  6    002183    怡亚通             +4.8518
  7    002545    东方铁塔            +4.7465
  8    002273    水晶光电            +4.6729
  9    002643    万润股份            +4.6472
  10   000688    国城矿业            +4.6428


────────────────────────────────────────────────────────────
  打分模型: ens_w2 = z(族a mixA) + 2·z(族c r1+top)  (V20c 自训 16 折)
  因子日期：2026年9月4日 收盘
  冠军策略：2026年9月7日 开盘买入 Top1 → 持有 5 个交易日 (2026年9月14日 收盘卖出); 持仓期收盘较买入价下跌 ≥ 8% → 次日开盘止损
────────────────────────────────────────────────────────────

  排名   代码        名称                  打分
  -------------------------------------
  1    002429    兆驰股份            +6.1473
  2    002019    亿帆医药            +5.9801
  3    002151    北斗星通            +5.5747
  4    000792    盐湖股份            +5.5517
  5    002611    东方精工            +5.3120
  6    603906    龙蟠科技            +5.2769
  7    002497    雅化集团            +5.2604
  8    002020    京新药业            +5.2456
  9    002176    江特电机            +5.2183
  10   000422    湖北宜化            +5.1936


====================================================================================================
  Trade Log — ens_w2 冠军协议 hold5s8 收盘卖 | Top 1 | 含成本 | 20250901 ~ 20260904
====================================================================================================
 FactorDt   BuyDt     Code     Name      Score   BuyPrc   SellDt  SellPrc   Net%   累加收益(净,复利)
----------------------------------------------------------------------------------------------------
 20250901  20250902  002276 万马股份        +5.86    15.56  20250909     17.46  +12.11%    +12.11%
 20250908  20250909  002913 奥士康         +6.23    37.23  20250916     42.65  +14.45%    +28.31%
 20250915  20250916  600312 平高电气        +6.35    15.11  20250923     15.57   +2.94%    +32.08%
 20250922  20250923  600618 氯碱化工        +6.08    10.15  20250930     10.36   +1.97%    +34.68%
 20250929  20250930  002361 神剑股份        +6.33     6.20  20251015      6.62   +6.67%    +43.66%
 20251014  20251015  002396 星网锐捷        +6.24    28.20  20251022     26.19   -7.23%    +33.28%
 20251021  20251022  601137 博威合金        +6.15    22.72  20251029     22.51   -1.03%    +31.91%
 20251028  20251029  600366 宁波韵升        +5.85    13.96  20251105     13.70   -1.96%    +29.32%
 20251104  20251105  002245 蔚蓝锂芯        +5.77    17.65  20251112     17.41   -1.46%    +27.43%
 20251111  20251112  002683 广东宏大        +5.50    37.67  20251119     40.45   +7.28%    +36.70%
 20251118  20251119  002182 宝武镁业        +6.13    13.85  20251126     13.12   -5.37%    +29.36%
 20251125  20251126  002158 汉钟精机        +6.54    21.97  20251203     22.16   +0.76%    +30.35%
 20251202  20251203  002261 拓维信息        +5.67    31.10  20251210     30.59   -1.74%    +28.08%
 20251209  20251210  600547 山东黄金        +5.75    35.00  20251217     36.18   +3.27%    +32.26%
 20251216  20251217  002957 科瑞技术        +6.60    18.85  20251224     22.18  +17.56%    +55.49%
 20251223  20251224  002768 国恩股份        +7.43    51.53  20251231     52.68   +2.13%    +58.80%
 20251230  20251231  002020 京新药业        +5.37    18.89  20260109     20.32   +7.47%    +70.65%
 20260108  20260109  000528 柳工          +5.94    11.85  20260116     11.47   -3.31%    +65.01%
 20260115  20260116  600732 爱旭股份        +7.05    13.64  20260123     14.74   +7.96%    +78.14%
 20260122  20260123  002169 智光电气        +6.59    11.57  20260130     13.00  +12.25%    +99.98%
 20260129  20260130  002158 汉钟精机        +5.98    24.68  20260206     24.98   +1.11%   +102.20%
 20260205  20260206  000762 西藏矿业        +6.27    25.06  20260213     27.05   +7.84%   +118.05%
 20260212  20260213  002204 大连重工        +6.79     7.25  20260302      7.45   +2.66%   +123.84%
 20260227  20260302  600418 江淮汽车        +6.56    53.75  20260309     50.21   -6.69%   +108.87%
 20260306  20260309  002276 万马股份        +6.02    16.50  20260316     15.38   -6.89%    +94.49%
 20260313  20260316  603127 昭衍新药        +5.50    32.39  20260318     29.28   -9.70%    +75.62%
 20260317  20260318  002402 和而泰         +5.77    31.31  20260324     28.93   -7.70%    +62.09%
 20260323  20260324  002617 露笑科技        +5.37     7.53  20260331      7.30   -3.16%    +56.98%
 20260330  20260331  002602 世纪华通        +6.44    15.80  20260408     17.63  +11.48%    +74.99%
 20260407  20260408  000034 神州数码        +6.04    32.96  20260415     34.90   +5.78%    +85.11%
 20260414  20260415  600651 飞乐音响        +5.85     6.85  20260422      6.85   -0.10%    +84.92%
 20260421  20260422  002539 云图控股        +5.78    14.18  20260429     15.47   +8.99%   +101.55%
 20260428  20260429  002276 万马股份        +5.87    13.08  20260511     13.81   +5.48%   +112.60%
 20260508  20260511  002541 鸿路钢构        +6.24    20.26  20260514     18.58   -8.39%    +94.75%
 20260513  20260514  601020 华钰矿业        +6.36    29.12  20260521     26.57   -8.86%    +77.51%
 20260520  20260521  000158 常山北明        +5.47    16.10  20260528     15.84   -1.72%    +74.46%
 20260527  20260528  600131 国网信通        +5.38    17.10  20260604     16.40   -4.19%    +67.14%
 20260603  20260604  002468 申通快递        +5.44    14.07  20260611     13.91   -1.24%    +65.07%
 20260610  20260611  002402 和而泰         +5.61    23.96  20260618     24.78   +3.32%    +70.55%
 20260617  20260618  000923 河钢资源        +5.88    13.82  20260626     12.48   -9.80%    +53.84%
 20260625  20260626  600126 杭钢股份        +6.06     6.34  20260703      6.05   -4.67%    +46.65%
 20260702  20260703  600577 精达股份        +6.11     9.45  20260709      8.64   -8.67%    +33.94%
 20260708  20260709  000592 平潭发展        +5.78     5.86  20260716      5.80   -1.13%    +32.43%
 20260715  20260716  000155 川能动力        +5.85    11.00  20260723     12.29  +11.62%    +47.82%
 20260722  20260723  002176 江特电机        +5.64     7.59  20260730      8.16   +7.41%    +58.77%
 20260729  20260730  002048 宁波华翔        +7.92    18.11  20260806     19.14   +5.58%    +67.63%
 20260805  20260806  600873 梅花生物        +6.85     7.93  20260813      7.92   -0.23%    +67.25%
 20260812  20260813  603026 石大胜华        +6.17    67.00  20260820     63.33   -5.58%    +57.92%
 20260819  20260820  002130 沃尔核材        +5.50    16.42  20260827     17.23   +4.83%    +65.55%
 20260826  20260827  002169 智光电气        +6.22    12.13  20260903     12.45   +2.54%    +69.74%
 20260903  20260904  002429 兆驰股份        +6.11     8.08  20260911         -        -    +69.74%
====================================================================================================
Realized: 50  |  Pending: 1
Cumulative(净,复利): +0.6974 (+69.74%)  |  Win rate: 26/50 (52.0%)  |  Mean(笔均): +0.01293  |  MaxDD: 见下方 Summary (官方口径)

=======================================================
  Recent Summary | ens_w2 冠军协议 hold5s8 收盘卖 | 含成本 | 官方 Test 集窗口
=======================================================
  Test 窗口  : 20250901 ~ 20260901  (243 交易日, 严格样本外)
  Net Cum    : +65.55%  |  净年化 +70.15%  |  Sharpe 1.306
  MaxDD      : -40.84%  |  胜率 51.0%  (26/50 已实现)  |  成本拖累 5.01%
  累计(复利) : 至 20260904 因子日 = +69.74% (含 1 笔待定未计入)
  分半 H1/H2 : 20250901~20260227 +123.84%  |  20260302~20260901 -11.01%
=======================================================

[Pending] 1 笔持仓未到期 (卖出日价格尚未出现): 见 Trade Log 末行

────────────────────────────────────────────────────────────
  冠军策略指令 (Top1 单票, 5W 账户口径)
  Top1: 002429  兆驰股份   打分 +6.1473
  动作: 2026年9月7日 开盘买入 (整手) → 持有 5 个交易日 → 2026年9月14日 收盘卖出
  风控: 持仓期收盘较买入价下跌 ≥ 8% → 次日开盘止损
  纸面账户: 当前持仓 000060 中金岭南 (买入 20260904)
  ⚠ 纸面持仓 000060 与今日 Top1 002429 不一致 — 状态可能过期/已人工调整, 以本指令为准
────────────────────────────────────────────────────────────
[analysis] 图已保存: /autodl-fs/data/lingqiData/Model/V20c/model_pic/figure_01.png

[analysis] 报告已写入: /autodl-fs/data/lingqiData/Model/V20c/model_pic/output.md (+figure_01.png)
