[analysis] heads 缺失 (a=None, c=None) → 首次全窗口推演
[analysis] feature_map: 848 因子
[analysis] 待推演 246 日 (增量): 20250901 ~ 20260904
[analysis] 因子行 236652 (缺失列补 0: 0)
[analysis] 实际使用特征列 848
[analysis]   fold1 (族a/k1): epoch=1-val_rankic=0.0640.ckpt (val=0.0640)
[analysis]   fold2 (族a/k2): epoch=14-val_rankic=0.0673.ckpt (val=0.0673)
[analysis]   fold3 (族a/k3): epoch=2-val_rankic=0.1001.ckpt (val=0.1001)
[analysis]   fold4 (族a/k4): epoch=19-val_rankic=0.0615.ckpt (val=0.0615)
[analysis]   fold5 (族a/k5): epoch=1-val_rankic=0.0847.ckpt (val=0.0847)
[analysis]   fold6 (族a/k6): epoch=1-val_rankic=0.0669.ckpt (val=0.0669)
[analysis]   fold7 (族a/k7): epoch=12-val_rankic=0.1070.ckpt (val=0.1070)
[analysis]   fold8 (族a/k8): epoch=0-val_rankic=0.0550.ckpt (val=0.0550)
[analysis]   fold9 (族c/k1): epoch=27-val_rankic=0.1085.ckpt (val=0.1085)
[analysis]   fold10 (族c/k2): epoch=9-val_rankic=0.0611.ckpt (val=0.0611)
[analysis]   fold11 (族c/k3): epoch=1-val_rankic=0.1178.ckpt (val=0.1178)
[analysis]   fold12 (族c/k4): epoch=0-val_rankic=0.0590.ckpt (val=0.0590)
[analysis]   fold13 (族c/k5): epoch=0-val_rankic=0.1084.ckpt (val=0.1084)
[analysis]   fold14 (族c/k6): epoch=0-val_rankic=0.0611.ckpt (val=0.0611)
[analysis]   fold15 (族c/k7): epoch=14-val_rankic=0.1074.ckpt (val=0.1074)
[analysis]   fold16 (族c/k8): epoch=0-val_rankic=0.0308.ckpt (val=0.0308)
[analysis] 推演进度 80/3936 (最新 20250905)
[analysis] 推演进度 160/3936 (最新 20250912)
[analysis] 推演进度 240/3936 (最新 20250919)
[analysis] 推演进度 320/3936 (最新 20250926)
[analysis] 推演进度 400/3936 (最新 20251013)
[analysis] 推演进度 480/3936 (最新 20251020)
[analysis] 推演进度 560/3936 (最新 20251027)
[analysis] 推演进度 640/3936 (最新 20251103)
[analysis] 推演进度 720/3936 (最新 20251110)
[analysis] 推演进度 800/3936 (最新 20251117)
[analysis] 推演进度 880/3936 (最新 20251124)
[analysis] 推演进度 960/3936 (最新 20251201)
[analysis] 推演进度 1040/3936 (最新 20251208)
[analysis] 推演进度 1120/3936 (最新 20251215)
[analysis] 推演进度 1200/3936 (最新 20251222)
[analysis] 推演进度 1280/3936 (最新 20251229)
[analysis] 推演进度 1360/3936 (最新 20260107)
[analysis] 推演进度 1440/3936 (最新 20260114)
[analysis] 推演进度 1520/3936 (最新 20260121)
[analysis] 推演进度 1600/3936 (最新 20260128)
[analysis] 推演进度 1680/3936 (最新 20260204)
[analysis] 推演进度 1760/3936 (最新 20260211)
[analysis] 推演进度 1840/3936 (最新 20260226)
[analysis] 推演进度 1920/3936 (最新 20260305)
[analysis] 推演进度 2000/3936 (最新 20260312)
[analysis] 推演进度 2080/3936 (最新 20260319)
[analysis] 推演进度 2160/3936 (最新 20260326)
[analysis] 推演进度 2240/3936 (最新 20260402)
[analysis] 推演进度 2320/3936 (最新 20260410)
[analysis] 推演进度 2400/3936 (最新 20260417)
[analysis] 推演进度 2480/3936 (最新 20260424)
[analysis] 推演进度 2560/3936 (最新 20260506)
[analysis] 推演进度 2640/3936 (最新 20260513)
[analysis] 推演进度 2720/3936 (最新 20260520)
[analysis] 推演进度 2800/3936 (最新 20260527)
[analysis] 推演进度 2880/3936 (最新 20260603)
[analysis] 推演进度 2960/3936 (最新 20260610)
[analysis] 推演进度 3040/3936 (最新 20260617)
[analysis] 推演进度 3120/3936 (最新 20260625)
[analysis] 推演进度 3200/3936 (最新 20260702)
[analysis] 推演进度 3280/3936 (最新 20260709)
[analysis] 推演进度 3360/3936 (最新 20260716)
[analysis] 推演进度 3440/3936 (最新 20260723)
[analysis] 推演进度 3520/3936 (最新 20260730)
[analysis] 推演进度 3600/3936 (最新 20260806)
[analysis] 推演进度 3680/3936 (最新 20260813)
[analysis] 推演进度 3760/3936 (最新 20260820)
[analysis] 推演进度 3840/3936 (最新 20260827)
[analysis] 推演进度 3920/3936 (最新 20260903)
[analysis] 推演进度 3936/3936 (最新 20260904)
[analysis] 推演完成, 合并落盘 heads ...
[analysis] heads 落盘完成: /autodl-fs/data/lingqiData/Model/V28/model_pred/2026q3/heads_a / /autodl-fs/data/lingqiData/Model/V28/model_pred/2026q3/heads_c
[analysis] ens_w2 组装完成: 246 天 × 962 股票 (20250901 ~ 20260904)
[analysis] 打分缓存: /autodl-fs/data/lingqiData/Model/V28/model_pred/2026q3/score_ens_w2.fea
# V28 冠军系统每日报告 (ens_w2 + hold5s8-收盘卖, 含成本)

---Test 集合打分---
  打分区间: Test 集合 20250901 ~ 20260901 (严格样本外, 与训练/验证无重叠)

  RankIC     +0.0360
  RankICIR   +0.2390
  top_return +0.0509
[提示] 回测/交易日志章节使用同一区间的实际价格收益 (daily_adj), 与训练 target 解耦

====================================================================================================
                    最新模型打分 Top 推荐
====================================================================================================
  报告截至因子日期：2026年9月4日 收盘, 以下展示最近 10 个交易日

────────────────────────────────────────────────────────────
  打分模型: ens_w2 = z(族a mixA) + 2·z(族c r1+top)  (V28 自训 16 折)
  因子日期：2026年8月24日 收盘
  冠军策略：2026年8月25日 开盘买入 Top1 → 持有 5 个交易日 (2026年9月1日 收盘卖出); 持仓期收盘较买入价下跌 ≥ 8% → 次日开盘止损
────────────────────────────────────────────────────────────

  排名   代码        名称                  打分
  -------------------------------------
  1    002195    岩山科技            +5.9459
  2    000970    中科三环            +5.6894
  3    000799    酒鬼酒             +5.4360
  4    000725    京东方A            +5.4028
  5    000066    中国长城            +5.3663
  6    002130    沃尔核材            +5.3004
  7    000534    万泽股份            +5.1948
  8    002709    天赐材料            +5.0401
  9    600867    通化东宝            +4.9700
  10   002020    京新药业            +4.9651


────────────────────────────────────────────────────────────
  打分模型: ens_w2 = z(族a mixA) + 2·z(族c r1+top)  (V28 自训 16 折)
  因子日期：2026年8月25日 收盘
  冠军策略：2026年8月26日 开盘买入 Top1 → 持有 5 个交易日 (2026年9月2日 收盘卖出); 持仓期收盘较买入价下跌 ≥ 8% → 次日开盘止损
────────────────────────────────────────────────────────────

  排名   代码        名称                  打分
  -------------------------------------
  1    600143    金发科技            +6.7032
  2    601677    明泰铝业            +6.4548
  3    002832    比音勒芬            +6.4250
  4    002709    天赐材料            +5.8489
  5    603317    天味食品            +5.5660
  6    002156    通富微电            +5.5650
  7    000612    焦作万方            +5.5523
  8    302132    中航成飞            +5.3813
  9    002895    川恒股份            +5.3687
  10   000422    湖北宜化            +5.2940


────────────────────────────────────────────────────────────
  打分模型: ens_w2 = z(族a mixA) + 2·z(族c r1+top)  (V28 自训 16 折)
  因子日期：2026年8月26日 收盘
  冠军策略：2026年8月27日 开盘买入 Top1 → 持有 5 个交易日 (2026年9月3日 收盘卖出); 持仓期收盘较买入价下跌 ≥ 8% → 次日开盘止损
────────────────────────────────────────────────────────────

  排名   代码        名称                  打分
  -------------------------------------
  1    002611    东方精工            +6.4717
  2    000725    京东方A            +6.3112
  3    000880    潍柴重机            +5.7056
  4    002747    埃斯顿             +5.6563
  5    002129    TCL中环           +5.5785
  6    603501    豪威集团            +5.5695
  7    000100    TCL科技           +5.5354
  8    600438    通威股份            +5.4301
  9    000066    中国长城            +5.4024
  10   000938    紫光股份            +5.2568


────────────────────────────────────────────────────────────
  打分模型: ens_w2 = z(族a mixA) + 2·z(族c r1+top)  (V28 自训 16 折)
  因子日期：2026年8月27日 收盘
  冠军策略：2026年8月28日 开盘买入 Top1 → 持有 5 个交易日 (2026年9月4日 收盘卖出); 持仓期收盘较买入价下跌 ≥ 8% → 次日开盘止损
────────────────────────────────────────────────────────────

  排名   代码        名称                  打分
  -------------------------------------
  1    002400    省广集团            +6.8668
  2    603185    弘元绿能            +5.8003
  3    002250    联化科技            +5.6920
  4    002258    利尔化学            +5.4903
  5    002129    TCL中环           +5.4033
  6    600428    中远海特            +5.3192
  7    002668    TCL智家           +5.3014
  8    002326    永太科技            +5.2158
  9    000100    TCL科技           +5.1344
  10   603305    旭升集团            +5.1151


────────────────────────────────────────────────────────────
  打分模型: ens_w2 = z(族a mixA) + 2·z(族c r1+top)  (V28 自训 16 折)
  因子日期：2026年8月28日 收盘
  冠军策略：2026年8月31日 开盘买入 Top1 → 持有 5 个交易日 (2026年9月7日 收盘卖出); 持仓期收盘较买入价下跌 ≥ 8% → 次日开盘止损
────────────────────────────────────────────────────────────

  排名   代码        名称                  打分
  -------------------------------------
  1    002747    埃斯顿             +6.0062
  2    002048    宁波华翔            +5.9326
  3    002698    博实股份            +5.7427
  4    002020    京新药业            +5.7117
  5    002195    岩山科技            +5.6539
  6    002668    TCL智家           +5.5954
  7    000917    电广传媒            +5.4692
  8    603906    龙蟠科技            +5.3553
  9    002050    三花智控            +5.2651
  10   000100    TCL科技           +5.2198


────────────────────────────────────────────────────────────
  打分模型: ens_w2 = z(族a mixA) + 2·z(族c r1+top)  (V28 自训 16 折)
  因子日期：2026年8月31日 收盘
  冠军策略：2026年9月1日 开盘买入 Top1 → 持有 5 个交易日 (2026年9月8日 收盘卖出); 持仓期收盘较买入价下跌 ≥ 8% → 次日开盘止损
────────────────────────────────────────────────────────────

  排名   代码        名称                  打分
  -------------------------------------
  1    600732    爱旭股份            +5.7610
  2    002216    三全食品            +5.6973
  3    002459    晶澳科技            +5.6904
  4    601636    旗滨集团            +5.4397
  5    000973    佛塑科技            +5.3885
  6    603027    千禾味业            +5.2338
  7    002074    国轩高科            +5.2008
  8    603185    弘元绿能            +5.1897
  9    600884    杉杉股份            +5.1887
  10   002202    金风科技            +5.1711


────────────────────────────────────────────────────────────
  打分模型: ens_w2 = z(族a mixA) + 2·z(族c r1+top)  (V28 自训 16 折)
  因子日期：2026年9月1日 收盘
  冠军策略：2026年9月2日 开盘买入 Top1 → 持有 5 个交易日 (2026年9月9日 收盘卖出); 持仓期收盘较买入价下跌 ≥ 8% → 次日开盘止损
────────────────────────────────────────────────────────────

  排名   代码        名称                  打分
  -------------------------------------
  1    603906    龙蟠科技            +6.3381
  2    002709    天赐材料            +6.0966
  3    002174    游族网络            +5.7266
  4    600366    宁波韵升            +5.6365
  5    603667    五洲新春            +5.4914
  6    002460    赣锋锂业            +5.4738
  7    002202    金风科技            +5.2928
  8    603799    华友钴业            +5.2728
  9    002326    永太科技            +5.1711
  10   002701    奥瑞金             +5.1700


────────────────────────────────────────────────────────────
  打分模型: ens_w2 = z(族a mixA) + 2·z(族c r1+top)  (V28 自训 16 折)
  因子日期：2026年9月2日 收盘
  冠军策略：2026年9月3日 开盘买入 Top1 → 持有 5 个交易日 (2026年9月10日 收盘卖出); 持仓期收盘较买入价下跌 ≥ 8% → 次日开盘止损
────────────────────────────────────────────────────────────

  排名   代码        名称                  打分
  -------------------------------------
  1    600619    海立股份            +6.5946
  2    600744    华银电力            +5.9402
  3    000100    TCL科技           +5.6709
  4    002459    晶澳科技            +5.4143
  5    600755    厦门国贸            +5.2884
  6    000725    京东方A            +5.1661
  7    600352    浙江龙盛            +5.1524
  8    600732    爱旭股份            +4.9174
  9    600703    三安光电            +4.8987
  10   002326    永太科技            +4.8907


────────────────────────────────────────────────────────────
  打分模型: ens_w2 = z(族a mixA) + 2·z(族c r1+top)  (V28 自训 16 折)
  因子日期：2026年9月3日 收盘
  冠军策略：2026年9月4日 开盘买入 Top1 → 持有 5 个交易日 (2026年9月11日 收盘卖出); 持仓期收盘较买入价下跌 ≥ 8% → 次日开盘止损
────────────────────────────────────────────────────────────

  排名   代码        名称                  打分
  -------------------------------------
  1    000725    京东方A            +5.9656
  2    002183    怡亚通             +5.6250
  3    600063    皖维高新            +5.5764
  4    600459    贵研铂业            +5.4974
  5    002019    亿帆医药            +5.4655
  6    000630    铜陵有色            +5.3576
  7    600392    盛和资源            +5.2719
  8    600143    金发科技            +5.1992
  9    603019    中科曙光            +5.1775
  10   002195    岩山科技            +4.9954


────────────────────────────────────────────────────────────
  打分模型: ens_w2 = z(族a mixA) + 2·z(族c r1+top)  (V28 自训 16 折)
  因子日期：2026年9月4日 收盘
  冠军策略：2026年9月7日 开盘买入 Top1 → 持有 5 个交易日 (2026年9月14日 收盘卖出); 持仓期收盘较买入价下跌 ≥ 8% → 次日开盘止损
────────────────────────────────────────────────────────────

  排名   代码        名称                  打分
  -------------------------------------
  1    000422    湖北宜化            +6.6498
  2    002129    TCL中环           +5.9926
  3    000100    TCL科技           +5.8729
  4    600063    皖维高新            +5.7888
  5    002176    江特电机            +5.7857
  6    601678    滨化股份            +5.4796
  7    000725    京东方A            +5.4047
  8    600331    宏达股份            +5.2375
  9    002611    东方精工            +5.1701
  10   000155    川能动力            +5.1565


====================================================================================================
  Trade Log — ens_w2 冠军协议 hold5s8 收盘卖 | Top 1 | 含成本 | 20250901 ~ 20260904
====================================================================================================
 FactorDt   BuyDt     Code     Name      Score   BuyPrc   SellDt  SellPrc   Net%   累加收益(净,复利)
----------------------------------------------------------------------------------------------------
 20250901  20250902  000690 宝新能源        +7.32     4.57  20250909      4.72   +3.18%     +3.18%
 20250908  20250909  002745 木林森         +6.42     8.69  20250916      9.06   +4.15%     +7.47%
 20250915  20250916  000969 安泰科技        +7.55    13.47  20250923     12.79   -5.15%     +1.93%
 20250922  20250923  002092 中泰化学        +6.69     4.68  20250930      4.60   -1.81%     +0.09%
 20250929  20250930  002292 奥飞娱乐        +6.83     9.08  20251015      8.74   -3.85%     -3.76%
 20251014  20251015  000034 神州数码        +7.02    38.61  20251022     39.12   +1.22%     -2.59%
 20251021  20251022  002167 东方锆业        +6.40    12.91  20251029     13.42   +3.85%     +1.16%
 20251028  20251029  002706 良信股份        +6.11    10.60  20251105     11.37   +7.16%     +8.40%
 20251104  20251105  002130 沃尔核材        +5.64    26.50  20251112     25.67   -3.23%     +4.90%
 20251111  20251112  002645 华宏科技        +6.15    15.48  20251119     14.98   -3.33%     +1.40%
 20251118  20251119  002010 传化智联        +6.63     6.09  20251126      5.71   -6.34%     -5.03%
 20251125  20251126  001896 豫能控股        +6.49     5.50  20251203      5.53   +0.44%     -4.61%
 20251202  20251203  002167 东方锆业        +6.47    12.13  20251210     12.18   +0.31%     -4.31%
 20251209  20251210  002354 天娱数科        +6.87     6.41  20251217      6.15   -4.16%     -8.29%
 20251216  20251217  000837 秦川机床        +6.48    11.80  20251224     12.13   +2.69%     -5.82%
 20251223  20251224  000685 中山公用        +7.63    11.34  20251231     11.65   +2.63%     -3.34%
 20251230  20251231  000400 许继电气        +6.94    25.86  20260109     27.72   +7.09%     +3.51%
 20260108  20260109  002668 TCL智家       +6.89    10.18  20260116     10.00   -1.87%     +1.58%
 20260115  20260116  600438 通威股份        +6.77    20.15  20260122     18.82   -6.70%     -5.23%
 20260121  20260122  600186 莲花控股        +6.53     6.05  20260129      6.13   +1.22%     -4.07%
 20260128  20260129  002626 金达威         +6.05    19.19  20260205     19.00   -1.09%     -5.12%
 20260204  20260205  002171 楚江新材        +6.46    12.84  20260212     12.97   +0.91%     -4.26%
 20260211  20260212  002792 通宇通讯        +6.02    46.31  20260227     47.96   +3.46%     -0.94%
 20260226  20260227  002174 游族网络        +6.41    11.11  20260305     10.35   -6.94%     -7.82%
 20260304  20260305  002326 永太科技        +6.11    22.81  20260312     23.70   +3.80%     -4.32%
 20260311  20260312  600201 生物股份        +6.29    14.75  20260319     14.83   +0.44%     -3.90%
 20260318  20260319  002237 恒邦股份        +6.14    15.78  20260324     14.31   -9.42%    -12.94%
 20260323  20260324  000158 常山北明        +6.70    17.42  20260331     17.40   -0.22%    -13.13%
 20260330  20260331  002555 三七互娱        +6.95    21.35  20260408     22.94   +7.34%     -6.75%
 20260407  20260408  002706 良信股份        +6.52     9.50  20260415     10.11   +6.32%     -0.86%
 20260414  20260415  600651 飞乐音响        +6.98     6.85  20260422      6.85   -0.10%     -0.96%
 20260421  20260422  002092 中泰化学        +6.06     6.10  20260429      6.93  +13.50%    +12.41%
 20260428  20260429  000917 电广传媒        +6.37     8.96  20260511      8.88   -0.99%    +11.29%
 20260508  20260511  000917 电广传媒        +7.37     9.03  20260518      8.42   -6.86%     +3.66%
 20260515  20260518  002167 东方锆业        +6.10    12.04  20260525     12.78   +6.04%     +9.92%
 20260522  20260525  600268 国电南自        +6.29    14.05  20260601     14.17   +0.75%    +10.75%
 20260529  20260601  002402 和而泰         +6.50    27.15  20260608     24.17  -11.08%     -1.52%
 20260605  20260608  002366 融发核电        +5.62     6.14  20260615      6.15   +0.06%     -1.46%
 20260612  20260615  002366 融发核电        +6.59     6.04  20260623      5.94   -1.76%     -3.19%
 20260622  20260623  002413 雷科防务        +5.84     9.96  20260630      9.76   -2.11%     -5.23%
 20260629  20260630  600490 鹏欣资源        +7.44     5.91  20260707      6.11   +3.28%     -2.12%
 20260706  20260707  000901 航天科技        +6.34    17.02  20260714     14.93  -12.38%    -14.24%
 20260713  20260714  002249 大洋电机        +6.02     6.89  20260721      6.93   +0.48%    -13.83%
 20260720  20260721  002645 华宏科技        +5.79    16.39  20260728     17.05   +3.92%    -10.44%
 20260727  20260728  000612 焦作万方        +6.76    10.47  20260804     11.38   +8.59%     -2.75%
 20260803  20260804  002245 蔚蓝锂芯        +6.75    15.90  20260811     17.74  +11.47%     +8.40%
 20260810  20260811  600320 振华重工        +6.25     4.19  20260818      4.10   -2.25%     +5.96%
 20260817  20260818  600509 天富能源        +6.80     7.49  20260825      7.40   -1.30%     +4.58%
 20260824  20260825  002195 岩山科技        +5.95     6.16  20260901      6.57   +6.55%    +11.43%
 20260901  20260902  603906 龙蟠科技        +6.34    18.90  20260909         -        -    +11.43%
====================================================================================================
Realized: 49  |  Pending: 1
Cumulative(净,复利): +0.1143 (+11.43%)  |  Win rate: 27/49 (55.1%)  |  Mean(笔均): +0.00366  |  MaxDD: 见下方 Summary (官方口径)

=======================================================
  Recent Summary | ens_w2 冠军协议 hold5s8 收盘卖 | 含成本 | 官方 Test 集窗口
=======================================================
  Test 窗口  : 20250901 ~ 20260901  (243 交易日, 严格样本外)
  Net Cum    : +11.43%  |  净年化 +11.93%  |  Sharpe 0.481
  MaxDD      : -23.70%  |  胜率 55.1%  (27/49 已实现)  |  成本拖累 5.00%
  累计(复利) : 至 20260904 因子日 = +11.43% (含 1 笔待定未计入)
  分半 H1/H2 : 20250901~20260227 -0.94%  |  20260302~20260901 +4.74%
=======================================================

[Pending] 1 笔持仓未到期 (卖出日价格尚未出现): 见 Trade Log 末行

────────────────────────────────────────────────────────────
  冠军策略指令 (Top1 单票, 5W 账户口径)
  Top1: 000422  湖北宜化   打分 +6.6498
  动作: 2026年9月7日 开盘买入 (整手) → 持有 5 个交易日 → 2026年9月14日 收盘卖出
  风控: 持仓期收盘较买入价下跌 ≥ 8% → 次日开盘止损
  纸面账户: 当前持仓 000060 中金岭南 (买入 20260904)
  ⚠ 纸面持仓 000060 与今日 Top1 000422 不一致 — 状态可能过期/已人工调整, 以本指令为准
────────────────────────────────────────────────────────────
[analysis] 图已保存: /autodl-fs/data/lingqiData/Model/V28/model_pic/figure_01.png

[analysis] 报告已写入: /autodl-fs/data/lingqiData/Model/V28/model_pic/output.md (+figure_01.png)
