[analysis] heads 缺失 (a=None, c=None) → 首次全窗口推演
[analysis] feature_map: 848 因子
[analysis] 待推演 246 日 (增量): 20250901 ~ 20260904
[analysis] 因子行 236652 (缺失列补 0: 0)
[analysis] 实际使用特征列 848
[analysis]   fold1 (族a/k1): epoch=1-val_rankic=0.0640.ckpt (val=0.0640)
[analysis]   fold2 (族a/k2): epoch=14-val_rankic=0.0673.ckpt (val=0.0673)
[analysis]   fold3 (族a/k3): epoch=2-val_rankic=0.1001.ckpt (val=0.1001)
[analysis]   fold4 (族a/k4): epoch=19-val_rankic=0.0615.ckpt (val=0.0615)
[analysis]   fold5 (族a/k5): epoch=1-val_rankic=0.0847.ckpt (val=0.0847)
[analysis]   fold6 (族a/k6): epoch=1-val_rankic=0.0669.ckpt (val=0.0669)
[analysis]   fold7 (族a/k7): epoch=12-val_rankic=0.1070.ckpt (val=0.1070)
[analysis]   fold8 (族a/k8): epoch=0-val_rankic=0.0550.ckpt (val=0.0550)
[analysis]   fold9 (族c/k1): epoch=0-val_rankic=0.1104.ckpt (val=0.1104)
[analysis]   fold10 (族c/k2): epoch=3-val_rankic=0.0606.ckpt (val=0.0606)
[analysis]   fold11 (族c/k3): epoch=7-val_rankic=0.0974.ckpt (val=0.0974)
[analysis]   fold12 (族c/k4): epoch=0-val_rankic=0.0664.ckpt (val=0.0664)
[analysis]   fold13 (族c/k5): epoch=0-val_rankic=0.0921.ckpt (val=0.0921)
[analysis]   fold14 (族c/k6): epoch=2-val_rankic=0.0594.ckpt (val=0.0594)
[analysis]   fold15 (族c/k7): epoch=10-val_rankic=0.1076.ckpt (val=0.1076)
[analysis]   fold16 (族c/k8): epoch=1-val_rankic=0.0289.ckpt (val=0.0289)
[analysis] 推演进度 80/3936 (最新 20250905)
[analysis] 推演进度 160/3936 (最新 20250912)
[analysis] 推演进度 240/3936 (最新 20250919)
[analysis] 推演进度 320/3936 (最新 20250926)
[analysis] 推演进度 400/3936 (最新 20251013)
[analysis] 推演进度 480/3936 (最新 20251020)
[analysis] 推演进度 560/3936 (最新 20251027)
[analysis] 推演进度 640/3936 (最新 20251103)
[analysis] 推演进度 720/3936 (最新 20251110)
[analysis] 推演进度 800/3936 (最新 20251117)
[analysis] 推演进度 880/3936 (最新 20251124)
[analysis] 推演进度 960/3936 (最新 20251201)
[analysis] 推演进度 1040/3936 (最新 20251208)
[analysis] 推演进度 1120/3936 (最新 20251215)
[analysis] 推演进度 1200/3936 (最新 20251222)
[analysis] 推演进度 1280/3936 (最新 20251229)
[analysis] 推演进度 1360/3936 (最新 20260107)
[analysis] 推演进度 1440/3936 (最新 20260114)
[analysis] 推演进度 1520/3936 (最新 20260121)
[analysis] 推演进度 1600/3936 (最新 20260128)
[analysis] 推演进度 1680/3936 (最新 20260204)
[analysis] 推演进度 1760/3936 (最新 20260211)
[analysis] 推演进度 1840/3936 (最新 20260226)
[analysis] 推演进度 1920/3936 (最新 20260305)
[analysis] 推演进度 2000/3936 (最新 20260312)
[analysis] 推演进度 2080/3936 (最新 20260319)
[analysis] 推演进度 2160/3936 (最新 20260326)
[analysis] 推演进度 2240/3936 (最新 20260402)
[analysis] 推演进度 2320/3936 (最新 20260410)
[analysis] 推演进度 2400/3936 (最新 20260417)
[analysis] 推演进度 2480/3936 (最新 20260424)
[analysis] 推演进度 2560/3936 (最新 20260506)
[analysis] 推演进度 2640/3936 (最新 20260513)
[analysis] 推演进度 2720/3936 (最新 20260520)
[analysis] 推演进度 2800/3936 (最新 20260527)
[analysis] 推演进度 2880/3936 (最新 20260603)
[analysis] 推演进度 2960/3936 (最新 20260610)
[analysis] 推演进度 3040/3936 (最新 20260617)
[analysis] 推演进度 3120/3936 (最新 20260625)
[analysis] 推演进度 3200/3936 (最新 20260702)
[analysis] 推演进度 3280/3936 (最新 20260709)
[analysis] 推演进度 3360/3936 (最新 20260716)
[analysis] 推演进度 3440/3936 (最新 20260723)
[analysis] 推演进度 3520/3936 (最新 20260730)
[analysis] 推演进度 3600/3936 (最新 20260806)
[analysis] 推演进度 3680/3936 (最新 20260813)
[analysis] 推演进度 3760/3936 (最新 20260820)
[analysis] 推演进度 3840/3936 (最新 20260827)
[analysis] 推演进度 3920/3936 (最新 20260903)
[analysis] 推演进度 3936/3936 (最新 20260904)
[analysis] 推演完成, 合并落盘 heads ...
[analysis] heads 落盘完成: /autodl-fs/data/lingqiData/Model/V27/model_pred/2026q3/heads_a / /autodl-fs/data/lingqiData/Model/V27/model_pred/2026q3/heads_c
[analysis] ens_w2 组装完成: 246 天 × 962 股票 (20250901 ~ 20260904)
[analysis] 打分缓存: /autodl-fs/data/lingqiData/Model/V27/model_pred/2026q3/score_ens_w2.fea
# V27 冠军系统每日报告 (ens_w2 + hold5s8-收盘卖, 含成本)

---Test 集合打分---
  打分区间: Test 集合 20250901 ~ 20260901 (严格样本外, 与训练/验证无重叠)

  RankIC     +0.0366
  RankICIR   +0.2454
  top_return +0.1506
[提示] 回测/交易日志章节使用同一区间的实际价格收益 (daily_adj), 与训练 target 解耦

====================================================================================================
                    最新模型打分 Top 推荐
====================================================================================================
  报告截至因子日期：2026年9月4日 收盘, 以下展示最近 10 个交易日

────────────────────────────────────────────────────────────
  打分模型: ens_w2 = z(族a mixA) + 2·z(族c r1+top)  (V27 自训 16 折)
  因子日期：2026年8月24日 收盘
  冠军策略：2026年8月25日 开盘买入 Top1 → 持有 5 个交易日 (2026年9月1日 收盘卖出); 持仓期收盘较买入价下跌 ≥ 8% → 次日开盘止损
────────────────────────────────────────────────────────────

  排名   代码        名称                  打分
  -------------------------------------
  1    000970    中科三环            +6.0940
  2    000066    中国长城            +5.7081
  3    002317    众生药业            +5.6299
  4    601179    中国西电            +5.2758
  5    600867    通化东宝            +5.2655
  6    000661    长春高新            +5.1167
  7    000100    TCL科技           +5.1114
  8    600380    健康元             +5.0099
  9    600063    皖维高新            +4.9588
  10   002195    岩山科技            +4.9563


────────────────────────────────────────────────────────────
  打分模型: ens_w2 = z(族a mixA) + 2·z(族c r1+top)  (V27 自训 16 折)
  因子日期：2026年8月25日 收盘
  冠军策略：2026年8月26日 开盘买入 Top1 → 持有 5 个交易日 (2026年9月2日 收盘卖出); 持仓期收盘较买入价下跌 ≥ 8% → 次日开盘止损
────────────────────────────────────────────────────────────

  排名   代码        名称                  打分
  -------------------------------------
  1    002832    比音勒芬            +6.7565
  2    603317    天味食品            +6.6085
  3    002545    东方铁塔            +6.0196
  4    601677    明泰铝业            +5.9724
  5    600143    金发科技            +5.7429
  6    002379    宏桥控股            +5.7427
  7    302132    中航成飞            +5.6145
  8    600352    浙江龙盛            +5.3697
  9    002156    通富微电            +5.3450
  10   000032    深桑达A            +5.3194


────────────────────────────────────────────────────────────
  打分模型: ens_w2 = z(族a mixA) + 2·z(族c r1+top)  (V27 自训 16 折)
  因子日期：2026年8月26日 收盘
  冠军策略：2026年8月27日 开盘买入 Top1 → 持有 5 个交易日 (2026年9月3日 收盘卖出); 持仓期收盘较买入价下跌 ≥ 8% → 次日开盘止损
────────────────────────────────────────────────────────────

  排名   代码        名称                  打分
  -------------------------------------
  1    002611    东方精工            +6.3819
  2    000100    TCL科技           +6.0948
  3    000725    京东方A            +5.9258
  4    000066    中国长城            +5.6271
  5    600219    南山铝业            +5.5591
  6    002709    天赐材料            +5.5140
  7    600588    用友网络            +5.4883
  8    000977    浪潮信息            +5.4647
  9    600993    马应龙             +5.3132
  10   603267    鸿远电子            +5.0883


────────────────────────────────────────────────────────────
  打分模型: ens_w2 = z(族a mixA) + 2·z(族c r1+top)  (V27 自训 16 折)
  因子日期：2026年8月27日 收盘
  冠军策略：2026年8月28日 开盘买入 Top1 → 持有 5 个交易日 (2026年9月4日 收盘卖出); 持仓期收盘较买入价下跌 ≥ 8% → 次日开盘止损
────────────────────────────────────────────────────────────

  排名   代码        名称                  打分
  -------------------------------------
  1    600428    中远海特            +6.4597
  2    002400    省广集团            +6.1998
  3    002668    TCL智家           +6.0900
  4    002250    联化科技            +5.7923
  5    000683    博源化工            +5.7627
  6    603027    千禾味业            +5.6352
  7    000100    TCL科技           +5.6268
  8    002216    三全食品            +5.6090
  9    002603    以岭药业            +5.5453
  10   600521    华海药业            +5.5373


────────────────────────────────────────────────────────────
  打分模型: ens_w2 = z(族a mixA) + 2·z(族c r1+top)  (V27 自训 16 折)
  因子日期：2026年8月28日 收盘
  冠军策略：2026年8月31日 开盘买入 Top1 → 持有 5 个交易日 (2026年9月7日 收盘卖出); 持仓期收盘较买入价下跌 ≥ 8% → 次日开盘止损
────────────────────────────────────────────────────────────

  排名   代码        名称                  打分
  -------------------------------------
  1    002668    TCL智家           +6.1277
  2    002020    京新药业            +5.8749
  3    002379    宏桥控股            +5.8573
  4    000100    TCL科技           +5.4890
  5    002747    埃斯顿             +5.3356
  6    000791    甘肃能源            +5.3076
  7    002698    博实股份            +5.3014
  8    600578    京能电力            +5.2820
  9    600875    东方电气            +5.2615
  10   002195    岩山科技            +5.2358


────────────────────────────────────────────────────────────
  打分模型: ens_w2 = z(族a mixA) + 2·z(族c r1+top)  (V27 自训 16 折)
  因子日期：2026年8月31日 收盘
  冠军策略：2026年9月1日 开盘买入 Top1 → 持有 5 个交易日 (2026年9月8日 收盘卖出); 持仓期收盘较买入价下跌 ≥ 8% → 次日开盘止损
────────────────────────────────────────────────────────────

  排名   代码        名称                  打分
  -------------------------------------
  1    000973    佛塑科技            +6.2589
  2    000600    建投能源            +6.2357
  3    002051    中工国际            +5.9422
  4    600352    浙江龙盛            +5.8280
  5    002216    三全食品            +5.7958
  6    600863    华能蒙电            +5.7129
  7    603027    千禾味业            +5.5500
  8    601636    旗滨集团            +5.5463
  9    002422    科伦药业            +5.5446
  10   002202    金风科技            +5.4428


────────────────────────────────────────────────────────────
  打分模型: ens_w2 = z(族a mixA) + 2·z(族c r1+top)  (V27 自训 16 折)
  因子日期：2026年9月1日 收盘
  冠军策略：2026年9月2日 开盘买入 Top1 → 持有 5 个交易日 (2026年9月9日 收盘卖出); 持仓期收盘较买入价下跌 ≥ 8% → 次日开盘止损
────────────────────────────────────────────────────────────

  排名   代码        名称                  打分
  -------------------------------------
  1    002709    天赐材料            +6.7764
  2    603906    龙蟠科技            +6.2432
  3    600366    宁波韵升            +6.0617
  4    002174    游族网络            +5.9489
  5    603799    华友钴业            +5.9348
  6    002202    金风科技            +5.7871
  7    002701    奥瑞金             +5.4977
  8    000600    建投能源            +5.2378
  9    000970    中科三环            +5.2311
  10   601636    旗滨集团            +5.1917


────────────────────────────────────────────────────────────
  打分模型: ens_w2 = z(族a mixA) + 2·z(族c r1+top)  (V27 自训 16 折)
  因子日期：2026年9月2日 收盘
  冠军策略：2026年9月3日 开盘买入 Top1 → 持有 5 个交易日 (2026年9月10日 收盘卖出); 持仓期收盘较买入价下跌 ≥ 8% → 次日开盘止损
────────────────────────────────────────────────────────────

  排名   代码        名称                  打分
  -------------------------------------
  1    600352    浙江龙盛            +6.3356
  2    000338    潍柴动力            +5.8848
  3    600619    海立股份            +5.7865
  4    000630    铜陵有色            +5.7656
  5    600744    华银电力            +5.7655
  6    002182    宝武镁业            +5.6850
  7    600703    三安光电            +5.2545
  8    603906    龙蟠科技            +5.1050
  9    600909    华安证券            +5.0299
  10   002645    华宏科技            +5.0101


────────────────────────────────────────────────────────────
  打分模型: ens_w2 = z(族a mixA) + 2·z(族c r1+top)  (V27 自训 16 折)
  因子日期：2026年9月3日 收盘
  冠军策略：2026年9月4日 开盘买入 Top1 → 持有 5 个交易日 (2026年9月11日 收盘卖出); 持仓期收盘较买入价下跌 ≥ 8% → 次日开盘止损
────────────────────────────────────────────────────────────

  排名   代码        名称                  打分
  -------------------------------------
  1    600392    盛和资源            +6.4400
  2    000960    锡业股份            +6.3068
  3    000630    铜陵有色            +6.1869
  4    000725    京东方A            +6.1133
  5    600063    皖维高新            +6.0162
  6    002176    江特电机            +5.8013
  7    600497    驰宏锌锗            +5.7454
  8    600459    贵研铂业            +5.6698
  9    002183    怡亚通             +5.6512
  10   601958    金钼股份            +5.5722


────────────────────────────────────────────────────────────
  打分模型: ens_w2 = z(族a mixA) + 2·z(族c r1+top)  (V27 自训 16 折)
  因子日期：2026年9月4日 收盘
  冠军策略：2026年9月7日 开盘买入 Top1 → 持有 5 个交易日 (2026年9月14日 收盘卖出); 持仓期收盘较买入价下跌 ≥ 8% → 次日开盘止损
────────────────────────────────────────────────────────────

  排名   代码        名称                  打分
  -------------------------------------
  1    000422    湖北宜化            +6.6677
  2    601678    滨化股份            +6.3268
  3    000725    京东方A            +6.0044
  4    002176    江特电机            +5.9417
  5    600063    皖维高新            +5.9249
  6    002497    雅化集团            +5.7187
  7    600141    兴发集团            +5.4592
  8    000833    粤桂股份            +5.3903
  9    600331    宏达股份            +5.3728
  10   600392    盛和资源            +5.3072


====================================================================================================
  Trade Log — ens_w2 冠军协议 hold5s8 收盘卖 | Top 1 | 含成本 | 20250901 ~ 20260904
====================================================================================================
 FactorDt   BuyDt     Code     Name      Score   BuyPrc   SellDt  SellPrc   Net%   累加收益(净,复利)
----------------------------------------------------------------------------------------------------
 20250901  20250902  002276 万马股份        +8.09    15.56  20250909     17.46  +12.11%    +12.11%
 20250908  20250909  002338 奥普光电        +7.00    49.63  20250916     50.56   +1.77%    +14.09%
 20250915  20250916  000969 安泰科技        +6.81    13.47  20250923     12.79   -5.15%     +8.22%
 20250922  20250923  002174 游族网络        +6.66    11.81  20250930     11.59   -1.96%     +6.09%
 20250929  20250930  002929 润建股份        +7.76    50.12  20251015     45.71   -8.90%     -3.35%
 20251014  20251015  000034 神州数码        +6.51    38.61  20251022     39.12   +1.22%     -2.17%
 20251021  20251022  002182 宝武镁业        +6.61    13.85  20251029     14.47   +4.37%     +2.11%
 20251028  20251029  002237 恒邦股份        +7.90    12.94  20251105     13.12   +1.29%     +3.42%
 20251104  20251105  002716 湖南白银        +6.37     6.00  20251112      6.44   +7.23%    +10.90%
 20251111  20251112  002645 华宏科技        +6.81    15.48  20251119     14.98   -3.33%     +7.21%
 20251118  20251119  002237 恒邦股份        +6.68    13.08  20251126     12.72   -2.85%     +4.15%
 20251125  20251126  002145 钛能化学        +7.00     4.93  20251203      5.01   +1.52%     +5.73%
 20251202  20251203  000969 安泰科技        +6.45    17.99  20251210     18.45   +2.45%     +8.32%
 20251209  20251210  000922 佳电股份        +6.18    12.53  20251217     12.70   +1.25%     +9.68%
 20251216  20251217  002957 科瑞技术        +6.79    18.85  20251224     22.18  +17.56%    +28.94%
 20251223  20251224  000685 中山公用        +8.89    11.34  20251231     11.65   +2.63%    +32.34%
 20251230  20251231  000543 皖能电力        +6.79     8.06  20260109      8.38   +3.87%    +37.45%
 20260108  20260109  002249 大洋电机        +7.50    10.78  20260116     11.15   +3.33%    +42.03%
 20260115  20260116  000410 沈阳机床        +6.81     7.50  20260123      7.84   +4.43%    +48.32%
 20260122  20260123  002947 恒铭达         +7.87    48.40  20260130     45.50   -6.09%    +39.29%
 20260129  20260130  002430 杭氧股份        +6.98    30.69  20260206     30.27   -1.47%    +37.24%
 20260205  20260206  600718 东软集团        +6.89    10.16  20260213     10.42   +2.46%    +40.61%
 20260212  20260213  002183 怡亚通         +7.12     5.15  20260302      5.13   -0.49%    +39.92%
 20260227  20260302  002048 宁波华翔        +7.24    31.21  20260305     28.93   -7.41%    +29.56%
 20260304  20260305  002326 永太科技        +6.68    22.81  20260312     23.70   +3.80%    +34.48%
 20260311  20260312  000923 河钢资源        +7.20    21.15  20260319     19.05  -10.03%    +20.99%
 20260318  20260319  600352 浙江龙盛        +6.54    14.15  20260324     12.73  -10.13%     +8.73%
 20260323  20260324  002400 省广集团        +5.92     8.37  20260331      8.53   +1.81%    +10.70%
 20260330  20260331  002555 三七互娱        +6.57    21.35  20260408     22.94   +7.34%    +18.83%
 20260407  20260408  000875 电投绿能        +6.28     6.20  20260415      6.49   +4.57%    +24.26%
 20260414  20260415  002062 宏润建设        +6.75     7.35  20260422      9.40  +27.78%    +58.79%
 20260421  20260422  002539 云图控股        +7.27    14.18  20260429     15.47   +8.99%    +73.07%
 20260428  20260429  000917 电广传媒        +6.94     8.96  20260511      8.88   -0.99%    +71.34%
 20260508  20260511  002408 齐翔腾达        +7.85     5.99  20260518      5.81   -3.11%    +66.02%
 20260515  20260518  000901 航天科技        +6.36    22.05  20260525     20.74   -6.04%    +55.99%
 20260522  20260525  600268 国电南自        +6.94    14.05  20260601     14.17   +0.75%    +57.16%
 20260529  20260601  002250 联化科技        +6.49    14.24  20260608     13.54   -5.02%    +49.28%
 20260605  20260608  002203 海亮股份        +6.67    17.89  20260615     24.79  +38.46%   +106.69%
 20260612  20260615  002366 融发核电        +6.49     6.04  20260623      5.94   -1.76%   +103.06%
 20260622  20260623  002081 金螳螂         +6.54     4.69  20260630      4.33   -7.78%    +87.27%
 20260629  20260630  600490 鹏欣资源        +6.79     5.91  20260707      6.11   +3.28%    +93.41%
 20260706  20260707  002645 华宏科技        +7.20    24.26  20260713     20.31  -16.38%    +61.73%
 20260710  20260713  002645 华宏科技        +7.21    22.00  20260717     17.60  -20.10%    +29.23%
 20260716  20260717  002131 利欧股份        +5.85     4.13  20260724      3.85   -6.88%    +20.34%
 20260723  20260724  603358 华达科技        +7.75    32.50  20260731     37.54  +15.40%    +38.87%
 20260730  20260731  002169 智光电气        +5.79    10.67  20260807     12.91  +20.89%    +67.88%
 20260806  20260807  600348 华阳股份        +6.48     8.51  20260814      8.87   +4.13%    +74.81%
 20260813  20260814  000725 京东方Ａ        +6.41     5.93  20260821      6.00   +1.08%    +76.69%
 20260820  20260821  000600 建投能源        +6.16     7.88  20260828      8.00   +1.42%    +79.20%
 20260827  20260828  600428 中远海特        +6.46    11.05  20260904     11.66   +5.42%    +88.91%
====================================================================================================
Realized: 50  |  Pending: 0
Cumulative(净,复利): +0.8891 (+88.91%)  |  Win rate: 30/50 (60.0%)  |  Mean(笔均): +0.01735  |  MaxDD: 见下方 Summary (官方口径)

=======================================================
  Recent Summary | ens_w2 冠军协议 hold5s8 收盘卖 | 含成本 | 官方 Test 集窗口
=======================================================
  Test 窗口  : 20250901 ~ 20260901  (243 交易日, 严格样本外)
  Net Cum    : +79.20%  |  净年化 +84.50%  |  Sharpe 1.181
  MaxDD      : -41.78%  |  胜率 59.2%  (30/50 已实现)  |  成本拖累 5.02%
  累计(复利) : 至 20260904 因子日 = +88.91% (含 0 笔待定未计入)
  分半 H1/H2 : 20250901~20260227 +39.92%  |  20260302~20260901 +24.84%
=======================================================

────────────────────────────────────────────────────────────
  冠军策略指令 (Top1 单票, 5W 账户口径)
  Top1: 000422  湖北宜化   打分 +6.6677
  动作: 2026年9月7日 开盘买入 (整手) → 持有 5 个交易日 → 2026年9月14日 收盘卖出
  风控: 持仓期收盘较买入价下跌 ≥ 8% → 次日开盘止损
  纸面账户: 当前持仓 000060 中金岭南 (买入 20260904)
  ⚠ 纸面持仓 000060 与今日 Top1 000422 不一致 — 状态可能过期/已人工调整, 以本指令为准
────────────────────────────────────────────────────────────
[analysis] 图已保存: /autodl-fs/data/lingqiData/Model/V27/model_pic/figure_01.png

[analysis] 报告已写入: /autodl-fs/data/lingqiData/Model/V27/model_pic/output.md (+figure_01.png)
