2026-09-02 22:01:12 [INFO   ] root: Log file  : /autodl-fs/data/lingqiData/featureengineering/data/logs/featureengineering_20260902_220112.log
2026-09-02 22:01:12 [INFO   ] root: Python    : 3.12.3
2026-09-02 22:01:12 [INFO   ] root: pandas    : 3.0.3
2026-09-02 22:01:12 [INFO   ] root: numpy     : 2.3.2
2026-09-02 22:01:13 [WARNING] featureengineering.factor_loader: Disabled 6 non-point-in-time factors: industry_relative_momentum_20, pb_industry_adjusted, ps_ttm_sector_neutral, sector_amount_momentum_5d, sector_amount_rank, sector_mv_rank
2026-09-02 22:01:13 [DEBUG  ] featureengineering.factor_loader: No manifests found — skipping non-continuous filter
2026-09-02 22:01:13 [WARNING] featureengineering.builder: max_workers=28 exceeds memory-safe recommendation (12) for the available memory ceiling — using 12
2026-09-02 22:01:13 [INFO   ] featureengineering.builder: Effective end date: 20260902  |  466 factors to check
2026-09-02 22:01:16 [DEBUG  ] featureengineering.factor_loader: No manifests found — skipping non-continuous filter
2026-09-02 22:01:16 [DEBUG  ] featureengineering.factor_loader: No manifests found — skipping non-continuous filter
2026-09-02 22:01:16 [DEBUG  ] featureengineering.factor_loader: No manifests found — skipping non-continuous filter
2026-09-02 22:01:16 [DEBUG  ] featureengineering.factor_loader: No manifests found — skipping non-continuous filter
2026-09-02 22:01:16 [DEBUG  ] featureengineering.factor_loader: No manifests found — skipping non-continuous filter
2026-09-02 22:01:16 [DEBUG  ] featureengineering.factor_loader: No manifests found — skipping non-continuous filter
2026-09-02 22:01:16 [DEBUG  ] featureengineering.factor_loader: No manifests found — skipping non-continuous filter
2026-09-02 22:01:16 [DEBUG  ] featureengineering.factor_loader: No manifests found — skipping non-continuous filter
2026-09-02 22:01:16 [DEBUG  ] featureengineering.factor_loader: No manifests found — skipping non-continuous filter
2026-09-02 22:01:16 [DEBUG  ] featureengineering.factor_loader: No manifests found — skipping non-continuous filter
2026-09-02 22:01:16 [DEBUG  ] featureengineering.factor_loader: No manifests found — skipping non-continuous filter
2026-09-02 22:01:16 [DEBUG  ] featureengineering.factor_loader: No manifests found — skipping non-continuous filter
2026-09-02 22:06:25 [INFO   ] featureengineering.builder: Build complete — 466 ok, 0 skip, 0 error | 3637 s wall | 753478 total rows
2026-09-02 22:25:26 [INFO   ] featureengineering.builder: Effective end date: 20260902  |  147 factors to check
2026-09-02 22:26:43 [INFO   ] featureengineering.builder: Build complete — 147 ok, 0 skip, 0 error | 291 s wall | 237699 total rows
