2026-08-11 10:38:54 [INFO   ] root: Log file  : /autodl-fs/data/lingqiData/featureengineering/data/logs/featureengineering_20260811_103854.log
2026-08-11 10:38:54 [INFO   ] root: Python    : 3.12.3
2026-08-11 10:38:54 [INFO   ] root: pandas    : 3.0.3
2026-08-11 10:38:54 [INFO   ] root: numpy     : 2.3.2
2026-08-11 10:38:55 [WARNING] featureengineering.factor_loader: Disabled 6 non-point-in-time factors: industry_relative_momentum_20, pb_industry_adjusted, ps_ttm_sector_neutral, sector_amount_momentum_5d, sector_amount_rank, sector_mv_rank
2026-08-11 10:38:55 [DEBUG  ] featureengineering.factor_loader: No manifests found — skipping non-continuous filter
2026-08-11 10:38:55 [WARNING] featureengineering.builder: max_workers=28 exceeds memory-safe recommendation (16) for the available memory ceiling — using 16
2026-08-11 10:38:56 [INFO   ] featureengineering.builder: Effective end date: 20260810  |  395 factors to check
2026-08-11 10:39:03 [DEBUG  ] featureengineering.factor_loader: No manifests found — skipping non-continuous filter
2026-08-11 10:39:03 [DEBUG  ] featureengineering.factor_loader: No manifests found — skipping non-continuous filter
2026-08-11 10:39:03 [DEBUG  ] featureengineering.factor_loader: No manifests found — skipping non-continuous filter
2026-08-11 10:39:03 [DEBUG  ] featureengineering.factor_loader: No manifests found — skipping non-continuous filter
2026-08-11 10:39:03 [DEBUG  ] featureengineering.factor_loader: No manifests found — skipping non-continuous filter
2026-08-11 10:39:03 [DEBUG  ] featureengineering.factor_loader: No manifests found — skipping non-continuous filter
2026-08-11 10:39:03 [DEBUG  ] featureengineering.factor_loader: No manifests found — skipping non-continuous filter
2026-08-11 10:39:03 [DEBUG  ] featureengineering.factor_loader: No manifests found — skipping non-continuous filter
2026-08-11 10:39:03 [DEBUG  ] featureengineering.factor_loader: No manifests found — skipping non-continuous filter
2026-08-11 10:39:03 [DEBUG  ] featureengineering.factor_loader: No manifests found — skipping non-continuous filter
2026-08-11 10:39:03 [DEBUG  ] featureengineering.factor_loader: No manifests found — skipping non-continuous filter
2026-08-11 10:39:03 [DEBUG  ] featureengineering.factor_loader: No manifests found — skipping non-continuous filter
2026-08-11 10:39:03 [DEBUG  ] featureengineering.factor_loader: No manifests found — skipping non-continuous filter
2026-08-11 10:39:03 [DEBUG  ] featureengineering.factor_loader: No manifests found — skipping non-continuous filter
2026-08-11 10:39:03 [DEBUG  ] featureengineering.factor_loader: No manifests found — skipping non-continuous filter
2026-08-11 10:39:03 [DEBUG  ] featureengineering.factor_loader: No manifests found — skipping non-continuous filter
2026-08-11 10:43:16 [INFO   ] featureengineering.builder: Build complete — 395 ok, 0 skip, 0 error | 3959 s wall | 631956 total rows
2026-08-11 11:11:08 [INFO   ] featureengineering.builder: Effective end date: 20260810  |  147 factors to check
2026-08-11 11:13:04 [INFO   ] featureengineering.builder: Build complete — 147 ok, 0 skip, 0 error | 615 s wall | 235200 total rows
