2026-06-17 23:41:34 [INFO   ] root: Log file  : /autodl-fs/data/lingqiData/featureengineering/data/logs/featureengineering_20260617_234134.log
2026-06-17 23:41:35 [INFO   ] root: Python    : 3.12.3
2026-06-17 23:41:35 [INFO   ] root: pandas    : 3.0.3
2026-06-17 23:41:35 [INFO   ] root: numpy     : 2.3.2
2026-06-17 23:41:57 [INFO   ] build_factors: Factor build started — 4 stage(s)
2026-06-17 23:41:57 [INFO   ] build_factors: 
################################################################
#  BUILD START
################################################################
2026-06-17 23:41:57 [INFO   ] build_factors: 
################################################################
#  STAGE 1/4: Class 1 (Panel)
################################################################
2026-06-17 23:41:57 [INFO   ] build_factors: Stage 1/4: Class 1 (Panel) — launching subprocess
2026-06-17 23:41:59 [INFO   ] featureengineering.builder: Effective end date: 20260617  |  727 factors to check
2026-06-17 23:41:59 [INFO   ] featureengineering.builder: Dashboard disabled — stdout is not a TTY (likely piped to parent)
2026-06-17 23:43:20 [INFO   ] featureengineering.builder: Build complete — 10 ok, 717 skip, 0 error | 183 s wall | 0 total rows
2026-06-17 23:43:20 [WARNING] py.warnings: /autodl-fs/data/lingqiData/featureengineering/build_factors.py:139: ResourceWarning: unclosed file <_io.TextIOWrapper name=31 encoding='UTF-8'>
  rc = _stream_subprocess(cmd, label)

2026-06-17 23:43:20 [INFO   ] build_factors: Stage 1/4: Class 1 (Panel) — OK (83s)
2026-06-17 23:43:20 [INFO   ] build_factors: 
################################################################
#  STAGE 2/4: Class 2 (cyq_chips)
################################################################
2026-06-17 23:43:20 [INFO   ] build_factors: Stage 2/4: Class 2 (cyq_chips) — launching subprocess
2026-06-17 23:48:02 [INFO   ] build_factors: Stage 2/4: Class 2 (cyq_chips) — OK (282s)
2026-06-17 23:48:02 [INFO   ] build_factors: 
################################################################
#  STAGE 3/4: Class 3 (intraday)
################################################################
2026-06-17 23:48:02 [INFO   ] build_factors: Stage 3/4: Class 3 (intraday) — launching subprocess
2026-06-18 00:05:59 [INFO   ] build_factors: Stage 3/4: Class 3 (intraday) — OK (1077s)
2026-06-18 00:05:59 [INFO   ] build_factors: 
################################################################
#  STAGE 4/4: Class 4 (Coupling)
################################################################
2026-06-18 00:05:59 [INFO   ] build_factors: Stage 4/4: Class 4 (Coupling) — launching subprocess
2026-06-18 00:06:01 [INFO   ] featureengineering.builder: Effective end date: 20260617  |  128 factors to check
2026-06-18 00:08:47 [INFO   ] featureengineering.builder: Build complete — 128 ok, 0 skip, 0 error | 1066 s wall | 0 total rows
2026-06-18 00:08:47 [INFO   ] build_factors: Stage 4/4: Class 4 (Coupling) — OK (168s)
2026-06-18 00:08:47 [INFO   ] build_factors: Factor build finished — OK, total elapsed: 1610 s
2026-06-18 00:08:47 [INFO   ] build_factors: 
################################################################
#  BUILD DONE — OK (total: 1610s)
################################################################
