2026-06-17 23:06:38 [INFO   ] root: Log file  : /autodl-fs/data/lingqiData/featureengineering/data/logs/featureengineering_20260617_230638.log
2026-06-17 23:06:39 [INFO   ] root: Python    : 3.12.3
2026-06-17 23:06:39 [INFO   ] root: pandas    : 3.0.3
2026-06-17 23:06:39 [INFO   ] root: numpy     : 2.3.2
2026-06-17 23:06:39 [INFO   ] build_factors: Factor build started — 4 stage(s)
2026-06-17 23:06:39 [INFO   ] build_factors: 
################################################################
#  BUILD START
################################################################
2026-06-17 23:06:39 [INFO   ] build_factors: 
################################################################
#  STAGE 1/4: Class 1 (Panel)
################################################################
2026-06-17 23:06:39 [INFO   ] build_factors: Stage 1/4: Class 1 (Panel) — launching subprocess
2026-06-17 23:06:40 [INFO   ] featureengineering.builder: Effective end date: 20260617  |  727 factors to check
2026-06-17 23:06:40 [INFO   ] featureengineering.builder: Dashboard disabled — stdout is not a TTY (likely piped to parent)
2026-06-17 23:32:21 [INFO   ] featureengineering.builder: Build complete — 727 ok, 0 skip, 0 error | 35029 s wall | 0 total rows
2026-06-17 23:32:21 [WARNING] py.warnings: /autodl-fs/data/lingqiData/featureengineering/build_factors.py:132: ResourceWarning: unclosed file <_io.TextIOWrapper name=4 encoding='UTF-8'>
  overall_rc = 0

2026-06-17 23:32:21 [INFO   ] build_factors: Stage 1/4: Class 1 (Panel) — OK (1542s)
2026-06-17 23:32:21 [INFO   ] build_factors: 
################################################################
#  STAGE 2/4: Class 2 (cyq_chips)
################################################################
2026-06-17 23:32:21 [INFO   ] build_factors: Stage 2/4: Class 2 (cyq_chips) — launching subprocess
2026-06-17 23:36:36 [INFO   ] build_factors: Stage 2/4: Class 2 (cyq_chips) — OK (255s)
2026-06-17 23:36:36 [INFO   ] build_factors: 
################################################################
#  STAGE 3/4: Class 3 (intraday)
################################################################
2026-06-17 23:36:36 [INFO   ] build_factors: Stage 3/4: Class 3 (intraday) — launching subprocess
2026-06-17 23:41:02 [WARNING] py.warnings: sys:1: ResourceWarning: unclosed file <_io.TextIOWrapper name=4 encoding='UTF-8'>

