2026-05-26 13:29:24 [INFO] featureengineering.builder: Build plan: 201 rebuild | 0 incremental | 0 skip
2026-05-26 13:47:18 [INFO] featureengineering.builder: Build summary: {'rebuild': 201}
2026-05-26 13:47:18 [INFO] featureengineering.builder: Slowest factors:
2026-05-26 13:47:18 [INFO] featureengineering.builder:   holder_num_percentile                  444.5s  (rebuild)
2026-05-26 13:47:18 [INFO] featureengineering.builder:   accruals_ratio                         143.8s  (rebuild)
2026-05-26 13:47:18 [INFO] featureengineering.builder:   ebitda_to_ev                           127.5s  (rebuild)
2026-05-26 13:47:18 [INFO] featureengineering.builder:   contract_liab_ratio                     96.4s  (rebuild)
2026-05-26 13:47:18 [INFO] featureengineering.builder:   investment_intensity                    94.6s  (rebuild)
2026-05-26 13:47:41 [INFO] featureengineering.builder: Build plan: 1 rebuild | 0 incremental | 0 skip
2026-05-26 14:07:12 [INFO] featureengineering.builder: Build plan: 1 rebuild | 0 incremental | 0 skip
2026-05-26 14:17:45 [INFO] featureengineering.builder: Build plan: 1 rebuild | 0 incremental | 0 skip
2026-05-26 23:27:24 [INFO] featureengineering.builder: Build plan: 4 rebuild | 100 incremental | 97 skip
2026-05-26 23:30:52 [INFO] featureengineering.builder: Build summary: {'skip': 97, 'incremental': 100, 'rebuild': 4}
2026-05-26 23:30:52 [INFO] featureengineering.builder: Slowest factors:
2026-05-26 23:30:52 [INFO] featureengineering.builder:   big_order_divergence                    25.6s  (incremental)
2026-05-26 23:30:52 [INFO] featureengineering.builder:   mom_x_winner                            23.9s  (incremental)
2026-05-26 23:30:52 [INFO] featureengineering.builder:   mf_net_inflow_trend_5d                  23.6s  (incremental)
2026-05-26 23:30:52 [INFO] featureengineering.builder:   chip_position                           23.0s  (incremental)
2026-05-26 23:30:52 [INFO] featureengineering.builder:   winner_rate_reversal_divergence         22.8s  (incremental)
2026-05-26 23:32:28 [INFO] featureengineering.builder: Build plan: 0 rebuild | 1 incremental | 0 skip
2026-05-26 23:52:03 [INFO] featureengineering.builder: Build plan: 0 rebuild | 1 incremental | 0 skip
2026-05-27 00:03:45 [INFO] featureengineering.builder: Build plan: 0 rebuild | 1 incremental | 0 skip
2026-05-27 08:59:02 [INFO] featureengineering.builder: Build plan: 4 rebuild | 97 incremental | 100 skip
2026-05-27 09:08:56 [INFO] featureengineering.builder: Build summary: {'incremental': 97, 'skip': 100, 'rebuild': 4}
2026-05-27 09:08:56 [INFO] featureengineering.builder: Slowest factors:
2026-05-27 09:08:56 [INFO] featureengineering.builder:   accruals_ratio                         132.8s  (incremental)
2026-05-27 09:08:56 [INFO] featureengineering.builder:   ebitda_to_ev                           104.0s  (incremental)
2026-05-27 09:08:56 [INFO] featureengineering.builder:   holder_num_percentile                   91.7s  (incremental)
2026-05-27 09:08:56 [INFO] featureengineering.builder:   depr_amort_to_revenue                   90.1s  (incremental)
2026-05-27 09:08:56 [INFO] featureengineering.builder:   investment_intensity                    88.3s  (incremental)
