2026-08-06 10:49:21 [INFO   ] root: Log file  : /autodl-fs/data/lingqiData/featureengineering/data/logs/featureengineering_20260806_104921.log
2026-08-06 10:49:21 [INFO   ] root: Python    : 3.12.3
2026-08-06 10:49:21 [INFO   ] root: pandas    : 3.0.3
2026-08-06 10:49:21 [INFO   ] root: numpy     : 2.3.2
2026-08-06 10:49:22 [DEBUG  ] featureengineering.factor_loader: No manifests found — skipping non-continuous filter
2026-08-06 10:49:23 [INFO   ] featureengineering.builder: Effective end date: 20260805  |  376 factors to check
2026-08-06 10:49:31 [DEBUG  ] featureengineering.factor_loader: No manifests found — skipping non-continuous filter
2026-08-06 10:49:31 [DEBUG  ] featureengineering.factor_loader: No manifests found — skipping non-continuous filter
2026-08-06 10:49:31 [DEBUG  ] featureengineering.factor_loader: No manifests found — skipping non-continuous filter
2026-08-06 10:49:31 [DEBUG  ] featureengineering.factor_loader: No manifests found — skipping non-continuous filter
2026-08-06 10:49:31 [DEBUG  ] featureengineering.factor_loader: No manifests found — skipping non-continuous filter
2026-08-06 10:49:31 [DEBUG  ] featureengineering.factor_loader: No manifests found — skipping non-continuous filter
2026-08-06 10:49:31 [DEBUG  ] featureengineering.factor_loader: No manifests found — skipping non-continuous filter
2026-08-06 10:49:31 [DEBUG  ] featureengineering.factor_loader: No manifests found — skipping non-continuous filter
2026-08-06 10:49:31 [DEBUG  ] featureengineering.factor_loader: No manifests found — skipping non-continuous filter
2026-08-06 10:49:31 [DEBUG  ] featureengineering.factor_loader: No manifests found — skipping non-continuous filter
2026-08-06 10:49:31 [DEBUG  ] featureengineering.factor_loader: No manifests found — skipping non-continuous filter
2026-08-06 10:49:31 [DEBUG  ] featureengineering.factor_loader: No manifests found — skipping non-continuous filter
2026-08-06 10:49:31 [DEBUG  ] featureengineering.factor_loader: No manifests found — skipping non-continuous filter
2026-08-06 10:49:31 [DEBUG  ] featureengineering.factor_loader: No manifests found — skipping non-continuous filter
2026-08-06 10:49:31 [DEBUG  ] featureengineering.factor_loader: No manifests found — skipping non-continuous filter
2026-08-06 10:49:31 [DEBUG  ] featureengineering.factor_loader: No manifests found — skipping non-continuous filter
2026-08-06 10:49:31 [DEBUG  ] featureengineering.factor_loader: No manifests found — skipping non-continuous filter
2026-08-06 10:49:31 [DEBUG  ] featureengineering.factor_loader: No manifests found — skipping non-continuous filter
2026-08-06 10:49:31 [DEBUG  ] featureengineering.factor_loader: No manifests found — skipping non-continuous filter
2026-08-06 10:49:31 [DEBUG  ] featureengineering.factor_loader: No manifests found — skipping non-continuous filter
2026-08-06 10:49:31 [DEBUG  ] featureengineering.factor_loader: No manifests found — skipping non-continuous filter
2026-08-06 10:49:31 [DEBUG  ] featureengineering.factor_loader: No manifests found — skipping non-continuous filter
2026-08-06 10:49:31 [DEBUG  ] featureengineering.factor_loader: No manifests found — skipping non-continuous filter
2026-08-06 10:49:31 [DEBUG  ] featureengineering.factor_loader: No manifests found — skipping non-continuous filter
2026-08-06 10:49:31 [DEBUG  ] featureengineering.factor_loader: No manifests found — skipping non-continuous filter
2026-08-06 10:49:31 [DEBUG  ] featureengineering.factor_loader: No manifests found — skipping non-continuous filter
2026-08-06 10:49:31 [DEBUG  ] featureengineering.factor_loader: No manifests found — skipping non-continuous filter
2026-08-06 10:49:31 [DEBUG  ] featureengineering.factor_loader: No manifests found — skipping non-continuous filter
2026-08-06 10:52:15 [INFO   ] featureengineering.builder: Build complete — 376 ok, 0 skip, 0 error | 4397 s wall | 0 total rows
2026-08-06 11:17:18 [INFO   ] featureengineering.builder: Effective end date: 20260805  |  116 factors to check
2026-08-06 11:17:31 [INFO   ] featureengineering.factor_loader: Filtered 6 non-continuous factors from registry (691 remaining)
2026-08-06 11:17:31 [INFO   ] featureengineering.factor_loader: Filtered 6 non-continuous factors from registry (691 remaining)
2026-08-06 11:17:31 [INFO   ] featureengineering.factor_loader: Filtered 6 non-continuous factors from registry (691 remaining)
2026-08-06 11:17:31 [INFO   ] featureengineering.factor_loader: Filtered 6 non-continuous factors from registry (691 remaining)
2026-08-06 11:17:31 [INFO   ] featureengineering.factor_loader: Filtered 6 non-continuous factors from registry (691 remaining)
2026-08-06 11:17:31 [INFO   ] featureengineering.factor_loader: Filtered 6 non-continuous factors from registry (691 remaining)
2026-08-06 11:17:31 [INFO   ] featureengineering.factor_loader: Filtered 6 non-continuous factors from registry (691 remaining)
2026-08-06 11:17:31 [INFO   ] featureengineering.factor_loader: Filtered 6 non-continuous factors from registry (691 remaining)
2026-08-06 11:17:31 [INFO   ] featureengineering.factor_loader: Filtered 6 non-continuous factors from registry (691 remaining)
2026-08-06 11:17:31 [INFO   ] featureengineering.factor_loader: Filtered 6 non-continuous factors from registry (691 remaining)
2026-08-06 11:17:31 [INFO   ] featureengineering.factor_loader: Filtered 6 non-continuous factors from registry (691 remaining)
2026-08-06 11:17:31 [INFO   ] featureengineering.factor_loader: Filtered 6 non-continuous factors from registry (691 remaining)
2026-08-06 11:17:31 [INFO   ] featureengineering.factor_loader: Filtered 6 non-continuous factors from registry (691 remaining)
2026-08-06 11:17:31 [INFO   ] featureengineering.factor_loader: Filtered 6 non-continuous factors from registry (691 remaining)
2026-08-06 11:17:31 [INFO   ] featureengineering.factor_loader: Filtered 6 non-continuous factors from registry (691 remaining)
2026-08-06 11:17:31 [INFO   ] featureengineering.factor_loader: Filtered 6 non-continuous factors from registry (691 remaining)
2026-08-06 11:17:31 [INFO   ] featureengineering.factor_loader: Filtered 6 non-continuous factors from registry (691 remaining)
2026-08-06 11:17:31 [INFO   ] featureengineering.factor_loader: Filtered 6 non-continuous factors from registry (691 remaining)
2026-08-06 11:17:31 [INFO   ] featureengineering.factor_loader: Filtered 6 non-continuous factors from registry (691 remaining)
2026-08-06 11:17:31 [INFO   ] featureengineering.factor_loader: Filtered 6 non-continuous factors from registry (691 remaining)
2026-08-06 11:17:31 [INFO   ] featureengineering.factor_loader: Filtered 6 non-continuous factors from registry (691 remaining)
2026-08-06 11:17:31 [INFO   ] featureengineering.factor_loader: Filtered 6 non-continuous factors from registry (691 remaining)
2026-08-06 11:17:31 [INFO   ] featureengineering.factor_loader: Filtered 6 non-continuous factors from registry (691 remaining)
2026-08-06 11:17:31 [INFO   ] featureengineering.factor_loader: Filtered 6 non-continuous factors from registry (691 remaining)
2026-08-06 11:17:31 [INFO   ] featureengineering.factor_loader: Filtered 6 non-continuous factors from registry (691 remaining)
2026-08-06 11:17:31 [INFO   ] featureengineering.factor_loader: Filtered 6 non-continuous factors from registry (691 remaining)
2026-08-06 11:17:31 [INFO   ] featureengineering.factor_loader: Filtered 6 non-continuous factors from registry (691 remaining)
2026-08-06 11:17:31 [INFO   ] featureengineering.factor_loader: Filtered 6 non-continuous factors from registry (691 remaining)
2026-08-06 11:17:31 [INFO   ] featureengineering.factor_loader: Filtered 6 non-continuous factors from registry (691 remaining)
2026-08-06 11:17:31 [INFO   ] featureengineering.factor_loader: Filtered 6 non-continuous factors from registry (691 remaining)
2026-08-06 11:17:31 [INFO   ] featureengineering.factor_loader: Filtered 6 non-continuous factors from registry (691 remaining)
2026-08-06 11:17:31 [INFO   ] featureengineering.factor_loader: Filtered 6 non-continuous factors from registry (691 remaining)
2026-08-06 11:17:31 [INFO   ] featureengineering.factor_loader: Filtered 6 non-continuous factors from registry (691 remaining)
2026-08-06 11:17:31 [INFO   ] featureengineering.factor_loader: Filtered 6 non-continuous factors from registry (691 remaining)
2026-08-06 11:17:31 [INFO   ] featureengineering.factor_loader: Filtered 6 non-continuous factors from registry (691 remaining)
2026-08-06 11:17:31 [INFO   ] featureengineering.factor_loader: Filtered 6 non-continuous factors from registry (691 remaining)
2026-08-06 11:17:31 [INFO   ] featureengineering.factor_loader: Filtered 6 non-continuous factors from registry (691 remaining)
2026-08-06 11:17:31 [INFO   ] featureengineering.factor_loader: Filtered 6 non-continuous factors from registry (691 remaining)
2026-08-06 11:17:31 [INFO   ] featureengineering.factor_loader: Filtered 6 non-continuous factors from registry (691 remaining)
2026-08-06 11:17:31 [INFO   ] featureengineering.factor_loader: Filtered 6 non-continuous factors from registry (691 remaining)
2026-08-06 11:17:31 [INFO   ] featureengineering.factor_loader: Filtered 6 non-continuous factors from registry (691 remaining)
2026-08-06 11:17:31 [INFO   ] featureengineering.factor_loader: Filtered 6 non-continuous factors from registry (691 remaining)
2026-08-06 11:17:31 [INFO   ] featureengineering.factor_loader: Filtered 6 non-continuous factors from registry (691 remaining)
2026-08-06 11:17:31 [INFO   ] featureengineering.factor_loader: Filtered 6 non-continuous factors from registry (691 remaining)
2026-08-06 11:17:31 [INFO   ] featureengineering.factor_loader: Filtered 6 non-continuous factors from registry (691 remaining)
2026-08-06 11:17:31 [INFO   ] featureengineering.factor_loader: Filtered 6 non-continuous factors from registry (691 remaining)
2026-08-06 11:17:31 [INFO   ] featureengineering.factor_loader: Filtered 6 non-continuous factors from registry (691 remaining)
2026-08-06 11:17:31 [INFO   ] featureengineering.factor_loader: Filtered 6 non-continuous factors from registry (691 remaining)
2026-08-06 11:17:31 [INFO   ] featureengineering.factor_loader: Filtered 6 non-continuous factors from registry (691 remaining)
2026-08-06 11:17:31 [INFO   ] featureengineering.factor_loader: Filtered 6 non-continuous factors from registry (691 remaining)
2026-08-06 11:19:08 [INFO   ] featureengineering.builder: Build complete — 116 ok, 0 skip, 0 error | 998 s wall | 0 total rows
