2026-07-10 20:13:28 [INFO   ] root: Log file  : /autodl-fs/data/lingqiData/featureengineering/data/logs/featureengineering_20260710_201328.log
2026-07-10 20:13:42 [INFO   ] root: Python    : 3.12.3
2026-07-10 20:13:42 [INFO   ] root: pandas    : 3.0.3
2026-07-10 20:13:42 [INFO   ] root: numpy     : 2.3.2
2026-07-10 20:14:39 [INFO   ] build_factors: Factor build started — 4 stage(s)
2026-07-10 20:14:39 [INFO   ] build_factors: 
################################################################
#  BUILD START
################################################################
2026-07-10 20:14:39 [INFO   ] build_factors: 
################################################################
#  STAGE 1/4: Class 1 (Panel)
################################################################
2026-07-10 20:14:39 [INFO   ] build_factors: Stage 1/4: Class 1 (Panel) — launching subprocess
2026-07-10 20:14:47 [INFO   ] featureengineering.builder: Effective end date: 20260709  |  1028 factors to check
2026-07-10 20:14:48 [INFO   ] featureengineering.builder: Dashboard disabled — stdout is not a TTY (likely piped to parent)
2026-07-10 20:42:38 [INFO   ] featureengineering.builder: Build complete — 1028 ok, 0 skip, 0 error | 40253 s wall | 0 total rows
2026-07-10 20:42:38 [WARNING] py.warnings: /autodl-fs/data/lingqiData/featureengineering/build_factors.py:139: ResourceWarning: unclosed file <_io.TextIOWrapper name=31 encoding='UTF-8'>
  rc = _stream_subprocess(cmd, label)

2026-07-10 20:42:38 [INFO   ] build_factors: Stage 1/4: Class 1 (Panel) — OK (1679s)
2026-07-10 20:42:38 [INFO   ] build_factors: 
################################################################
#  STAGE 2/4: Class 2 (cyq_chips)
################################################################
2026-07-10 20:42:38 [INFO   ] build_factors: Stage 2/4: Class 2 (cyq_chips) — launching subprocess
2026-07-10 20:45:52 [INFO   ] build_factors: Stage 2/4: Class 2 (cyq_chips) — OK (194s)
2026-07-10 20:45:52 [INFO   ] build_factors: 
################################################################
#  STAGE 3/4: Class 3 (intraday)
################################################################
2026-07-10 20:45:52 [INFO   ] build_factors: Stage 3/4: Class 3 (intraday) — launching subprocess
2026-07-10 20:57:48 [INFO   ] build_factors: Stage 3/4: Class 3 (intraday) — OK (716s)
2026-07-10 20:57:48 [INFO   ] build_factors: 
################################################################
#  STAGE 4/4: Class 4 (Coupling)
################################################################
2026-07-10 20:57:48 [INFO   ] build_factors: Stage 4/4: Class 4 (Coupling) — launching subprocess
2026-07-10 20:57:50 [INFO   ] featureengineering.builder: Effective end date: 20260709  |  211 factors to check
2026-07-10 20:59:58 [INFO   ] featureengineering.builder: Build complete — 211 ok, 0 skip, 0 error | 1425 s wall | 0 total rows
2026-07-10 20:59:58 [INFO   ] build_factors: Stage 4/4: Class 4 (Coupling) — OK (130s)
2026-07-10 20:59:58 [INFO   ] build_factors: Factor build finished — OK, total elapsed: 2719 s
2026-07-10 20:59:58 [INFO   ] build_factors: 
################################################################
#  BUILD DONE — OK (total: 2719s)
################################################################
