2026-06-26 22:13:14 [INFO   ] root: Log file  : /autodl-fs/data/lingqiData/featureengineering/data/logs/featureengineering_20260626_221314.log
2026-06-26 22:13:23 [INFO   ] root: Python    : 3.12.3
2026-06-26 22:13:23 [INFO   ] root: pandas    : 3.0.3
2026-06-26 22:13:23 [INFO   ] root: numpy     : 2.3.2
2026-06-26 22:13:56 [INFO   ] build_factors: Factor build started — 4 stage(s)
2026-06-26 22:13:56 [INFO   ] build_factors: 
################################################################
#  BUILD START
################################################################
2026-06-26 22:13:56 [INFO   ] build_factors: 
################################################################
#  STAGE 1/4: Class 1 (Panel)
################################################################
2026-06-26 22:13:56 [INFO   ] build_factors: Stage 1/4: Class 1 (Panel) — launching subprocess
2026-06-26 22:14:03 [INFO   ] featureengineering.builder: Effective end date: 20260626  |  726 factors to check
2026-06-26 22:14:04 [INFO   ] featureengineering.builder: Dashboard disabled — stdout is not a TTY (likely piped to parent)
2026-06-26 22:29:42 [INFO   ] featureengineering.builder: Build complete — 726 ok, 0 skip, 0 error | 26391 s wall | 0 total rows
2026-06-26 22:29:42 [WARNING] py.warnings: /autodl-fs/data/lingqiData/featureengineering/build_factors.py:139: ResourceWarning: unclosed file <_io.TextIOWrapper name=31 encoding='UTF-8'>
  rc = _stream_subprocess(cmd, label)

2026-06-26 22:29:42 [INFO   ] build_factors: Stage 1/4: Class 1 (Panel) — OK (946s)
2026-06-26 22:29:42 [INFO   ] build_factors: 
################################################################
#  STAGE 2/4: Class 2 (cyq_chips)
################################################################
2026-06-26 22:29:42 [INFO   ] build_factors: Stage 2/4: Class 2 (cyq_chips) — launching subprocess
2026-06-26 22:32:50 [INFO   ] build_factors: Stage 2/4: Class 2 (cyq_chips) — OK (188s)
2026-06-26 22:32:50 [INFO   ] build_factors: 
################################################################
#  STAGE 3/4: Class 3 (intraday)
################################################################
2026-06-26 22:32:50 [INFO   ] build_factors: Stage 3/4: Class 3 (intraday) — launching subprocess
2026-06-26 22:44:08 [INFO   ] build_factors: Stage 3/4: Class 3 (intraday) — OK (678s)
2026-06-26 22:44:08 [INFO   ] build_factors: 
################################################################
#  STAGE 4/4: Class 4 (Coupling)
################################################################
2026-06-26 22:44:08 [INFO   ] build_factors: Stage 4/4: Class 4 (Coupling) — launching subprocess
2026-06-26 22:44:12 [INFO   ] featureengineering.builder: Effective end date: 20260626  |  136 factors to check
2026-06-26 22:46:13 [INFO   ] featureengineering.builder: Build complete — 136 ok, 0 skip, 0 error | 898 s wall | 0 total rows
2026-06-26 22:46:13 [INFO   ] build_factors: Stage 4/4: Class 4 (Coupling) — OK (125s)
2026-06-26 22:46:13 [INFO   ] build_factors: Factor build finished — OK, total elapsed: 1937 s
2026-06-26 22:46:13 [INFO   ] build_factors: 
################################################################
#  BUILD DONE — OK (total: 1937s)
################################################################
