[analysis] 跳过推演 (--skip-infer)
[search] 家族组合 60 个 (A 30 + C 30)
[search] 族A 前6: ['A_w101.0_w200.5_wt1.0', 'A_w100.25_w200.5_wt1.0', 'A_w100.5_w200.0_wt2.0', 'A_w101.0_w200.25_wt3.0', 'A_w101.0_w200.0_wt1.0', 'A_w100.25_w200.25_wt2.0']
[search] 族C 前6: ['C_w50.0_w200.0_wt2.0', 'C_w50.0_w200.5_wt2.0', 'C_w50.0_w201.0_wt1.0', 'C_w50.25_w200.5_wt1.0', 'C_w50.25_w200.25_wt2.0', 'C_w50.0_w200.25_wt2.0']
[search] 跨族集成 180 组合
[search] 权重搜索结果 → /autodl-fs/data/lingqiData/Model/V21/model_pred/2026q3/weight_search.csv
[search] ens Top10 (cum_net):
                                            name  cum_net  sharpe  maxdd    h1    h2  n
 A_w101.0_w200.5_wt1.0+0.5xC_w50.25_w200.5_wt1.0    2.083   3.061 -0.167 1.022 0.525 25
 A_w101.0_w200.5_wt1.0+1.0xC_w50.25_w200.5_wt1.0    1.985   2.964 -0.131 0.782 0.675 25
  A_w101.0_w200.0_wt1.0+1.0xC_w50.0_w201.0_wt1.0    1.852   2.829 -0.141 0.753 0.626 25
  A_w101.0_w200.0_wt1.0+1.5xC_w50.0_w201.0_wt1.0    1.838   2.878 -0.186 0.790 0.586 26
 A_w101.0_w200.0_wt1.0+1.5xC_w50.25_w200.5_wt1.0    1.630   2.668 -0.194 0.790 0.470 26
 A_w101.0_w200.5_wt1.0+1.5xC_w50.25_w200.5_wt1.0    1.581   2.593 -0.187 0.734 0.488 26
A_w100.25_w200.5_wt1.0+1.5xC_w50.25_w200.5_wt1.0    1.429   2.483 -0.193 0.645 0.477 26
A_w100.25_w200.5_wt1.0+1.0xC_w50.25_w200.5_wt1.0    1.410   2.343 -0.250 0.782 0.352 26
 A_w101.0_w200.0_wt1.0+1.0xC_w50.25_w200.5_wt1.0    1.410   2.343 -0.250 0.782 0.352 26
 A_w100.25_w200.5_wt1.0+1.0xC_w50.0_w201.0_wt1.0    1.390   2.306 -0.247 0.675 0.427 26
[analysis] ens21 组装完成: 246 天 × 962 股票 (20250901 ~ 20260904)
[analysis] 打分缓存: /autodl-fs/data/lingqiData/Model/V21/model_pred/2026q3/score_ens21.fea
Traceback (most recent call last):
  File "/autodl-fs/data/lingqiData/Model/V21/analysis.py", line 606, in <module>
    main()
  File "/autodl-fs/data/lingqiData/Model/V21/analysis.py", line 536, in main
    bt = champion_backtest(score, split=True, verbose=False)
         ^^^^^^^^^^^^^^^^^^^^^^^^^^^^^^^^^^^^^^^^^^^^^^^^^^^
  File "/autodl-fs/data/lingqiData/Model/V21/model.py", line 848, in champion_backtest
    'trades': trades, 'equity': equity, 'name_map': eng.load_name_map(),
                                                    ^^^^^^^^^^^^^^^^^
AttributeError: module 'trading_engine' has no attribute 'load_name_map'
