[analysis] 跳过推演 (--skip-infer)
[analysis] ens21 组装完成: 246 天 × 962 股票 (20250901 ~ 20260904)
[analysis] 打分缓存: /autodl-fs/data/lingqiData/Model/V21/model_pred/2026q3/score_ens21.fea
# V21 每日报告 (ens21 长周期打分 + Top2 持有≤20日+移动止损20% 开盘换仓, 含成本)

---Test 集合打分 (长周期, 可交易池)---
  打分区间: Test 集合 20250901 ~ 20260901 (严格样本外)

  ic5      +0.0526
  ic10     +0.0639
  ic20     +0.0812
  top5     +0.0077
  top10    +0.0185
[说明] ic5/ic10/ic20 = RankIC vs 5d/10d/20d 前瞻收益; top5/top10 = Top1 的 5d/10d 平均收益

====================================================================================================
                    最新模型打分 Top 推荐
====================================================================================================
  报告截至因子日期：2026年9月4日 收盘, 以下展示最近 10 个交易日

────────────────────────────────────────────────────────────
  打分模型: ens21 = z(族a 5d/10d/20d mix) + wc·z(族c 10d/20d mix)  (V21 自训 16 折)
  因子日期：2026年8月24日 收盘
  目标策略：2026年8月25日 开盘买入 Top2 → 持有 ≤ 20 个交易日; 收盘较持仓期峰值下跌 ≥ 20% → 次日开盘卖出 (开盘先卖后买)
────────────────────────────────────────────────────────────

  排名   代码        名称                  打分
  -------------------------------------
  1    000969    安泰科技            +5.8004
  2    002624    完美世界            +5.4099
  3    002335    科华数据            +5.2696
  4    002048    宁波华翔            +5.2029
  5    600850    电科数字            +5.1548
  6    603305    旭升集团            +5.1523
  7    000681    视觉中国            +4.9038
  8    600877    电科芯片            +4.8971
  9    000700    模塑科技            +4.8266
  10   002130    沃尔核材            +4.8219


────────────────────────────────────────────────────────────
  打分模型: ens21 = z(族a 5d/10d/20d mix) + wc·z(族c 10d/20d mix)  (V21 自训 16 折)
  因子日期：2026年8月25日 收盘
  目标策略：2026年8月26日 开盘买入 Top2 → 持有 ≤ 20 个交易日; 收盘较持仓期峰值下跌 ≥ 20% → 次日开盘卖出 (开盘先卖后买)
────────────────────────────────────────────────────────────

  排名   代码        名称                  打分
  -------------------------------------
  1    000762    西藏矿业            +6.4743
  2    603906    龙蟠科技            +5.9076
  3    000612    焦作万方            +5.8447
  4    000969    安泰科技            +5.8156
  5    601677    明泰铝业            +5.7753
  6    002468    申通快递            +5.3183
  7    002169    智光电气            +5.0864
  8    002709    天赐材料            +4.9927
  9    600058    五矿发展            +4.9268
  10   600338    西藏珠峰            +4.8631


────────────────────────────────────────────────────────────
  打分模型: ens21 = z(族a 5d/10d/20d mix) + wc·z(族c 10d/20d mix)  (V21 自训 16 折)
  因子日期：2026年8月26日 收盘
  目标策略：2026年8月27日 开盘买入 Top2 → 持有 ≤ 20 个交易日; 收盘较持仓期峰值下跌 ≥ 20% → 次日开盘卖出 (开盘先卖后买)
────────────────────────────────────────────────────────────

  排名   代码        名称                  打分
  -------------------------------------
  1    600589    大位科技            +6.4166
  2    000762    西藏矿业            +6.1322
  3    002169    智光电气            +6.0366
  4    600343    航天动力            +6.0333
  5    000880    潍柴重机            +5.7881
  6    002048    宁波华翔            +5.7527
  7    002324    普利特             +5.7090
  8    002709    天赐材料            +5.6048
  9    002413    雷科防务            +5.4412
  10   002465    海格通信            +5.3714


────────────────────────────────────────────────────────────
  打分模型: ens21 = z(族a 5d/10d/20d mix) + wc·z(族c 10d/20d mix)  (V21 自训 16 折)
  因子日期：2026年8月27日 收盘
  目标策略：2026年8月28日 开盘买入 Top2 → 持有 ≤ 20 个交易日; 收盘较持仓期峰值下跌 ≥ 20% → 次日开盘卖出 (开盘先卖后买)
────────────────────────────────────────────────────────────

  排名   代码        名称                  打分
  -------------------------------------
  1    002541    鸿路钢构            +6.0849
  2    002624    完美世界            +5.6525
  3    603026    石大胜华            +5.5975
  4    000683    博源化工            +5.3315
  5    000762    西藏矿业            +5.2773
  6    601615    明阳智能            +5.2710
  7    002410    广联达             +5.0834
  8    002387    维信诺             +5.0201
  9    002544    普天科技            +4.9513
  10   603103    横店影视            +4.9444


────────────────────────────────────────────────────────────
  打分模型: ens21 = z(族a 5d/10d/20d mix) + wc·z(族c 10d/20d mix)  (V21 自训 16 折)
  因子日期：2026年8月28日 收盘
  目标策略：2026年8月31日 开盘买入 Top2 → 持有 ≤ 20 个交易日; 收盘较持仓期峰值下跌 ≥ 20% → 次日开盘卖出 (开盘先卖后买)
────────────────────────────────────────────────────────────

  排名   代码        名称                  打分
  -------------------------------------
  1    002048    宁波华翔            +5.9250
  2    600366    宁波韵升            +5.8283
  3    002169    智光电气            +5.5803
  4    600201    生物股份            +5.3281
  5    002151    北斗星通            +5.2877
  6    600343    航天动力            +5.2412
  7    002709    天赐材料            +5.2324
  8    603305    旭升集团            +5.1638
  9    002182    宝武镁业            +5.1303
  10   600151    航天机电            +5.1076


────────────────────────────────────────────────────────────
  打分模型: ens21 = z(族a 5d/10d/20d mix) + wc·z(族c 10d/20d mix)  (V21 自训 16 折)
  因子日期：2026年8月31日 收盘
  目标策略：2026年9月1日 开盘买入 Top2 → 持有 ≤ 20 个交易日; 收盘较持仓期峰值下跌 ≥ 20% → 次日开盘卖出 (开盘先卖后买)
────────────────────────────────────────────────────────────

  排名   代码        名称                  打分
  -------------------------------------
  1    600201    生物股份            +5.9771
  2    603906    龙蟠科技            +5.6944
  3    002756    永兴材料            +5.5873
  4    600446    金证股份            +5.2716
  5    600993    马应龙             +5.1729
  6    603026    石大胜华            +5.1447
  7    600058    五矿发展            +5.1422
  8    600151    航天机电            +5.1361
  9    002675    东诚药业            +5.0849
  10   600063    皖维高新            +5.0267


────────────────────────────────────────────────────────────
  打分模型: ens21 = z(族a 5d/10d/20d mix) + wc·z(族c 10d/20d mix)  (V21 自训 16 折)
  因子日期：2026年9月1日 收盘
  目标策略：2026年9月2日 开盘买入 Top2 → 持有 ≤ 20 个交易日; 收盘较持仓期峰值下跌 ≥ 20% → 次日开盘卖出 (开盘先卖后买)
────────────────────────────────────────────────────────────

  排名   代码        名称                  打分
  -------------------------------------
  1    000762    西藏矿业            +6.4783
  2    002176    江特电机            +5.7497
  3    603026    石大胜华            +5.6233
  4    002182    宝武镁业            +5.6212
  5    600338    西藏珠峰            +5.5669
  6    600343    航天动力            +5.4074
  7    600366    宁波韵升            +5.3735
  8    002335    科华数据            +5.3389
  9    600201    生物股份            +5.3205
  10   600151    航天机电            +5.2785


────────────────────────────────────────────────────────────
  打分模型: ens21 = z(族a 5d/10d/20d mix) + wc·z(族c 10d/20d mix)  (V21 自训 16 折)
  因子日期：2026年9月2日 收盘
  目标策略：2026年9月3日 开盘买入 Top2 → 持有 ≤ 20 个交易日; 收盘较持仓期峰值下跌 ≥ 20% → 次日开盘卖出 (开盘先卖后买)
────────────────────────────────────────────────────────────

  排名   代码        名称                  打分
  -------------------------------------
  1    000762    西藏矿业            +5.3607
  2    603906    龙蟠科技            +5.3197
  3    002176    江特电机            +5.3110
  4    600201    生物股份            +5.2150
  5    002240    盛新锂能            +5.1552
  6    002497    雅化集团            +5.0829
  7    600063    皖维高新            +5.0369
  8    600338    西藏珠峰            +4.8844
  9    002326    永太科技            +4.8471
  10   600977    中国电影            +4.8453


────────────────────────────────────────────────────────────
  打分模型: ens21 = z(族a 5d/10d/20d mix) + wc·z(族c 10d/20d mix)  (V21 自训 16 折)
  因子日期：2026年9月3日 收盘
  目标策略：2026年9月4日 开盘买入 Top2 → 持有 ≤ 20 个交易日; 收盘较持仓期峰值下跌 ≥ 20% → 次日开盘卖出 (开盘先卖后买)
────────────────────────────────────────────────────────────

  排名   代码        名称                  打分
  -------------------------------------
  1    000762    西藏矿业            +6.0488
  2    600063    皖维高新            +5.9533
  3    002545    东方铁塔            +5.6745
  4    002176    江特电机            +5.6631
  5    002838    道恩股份            +5.4453
  6    002429    兆驰股份            +5.3199
  7    600446    金证股份            +5.2659
  8    002151    北斗星通            +5.1987
  9    002048    宁波华翔            +5.1360
  10   603888    新华网             +4.9459


────────────────────────────────────────────────────────────
  打分模型: ens21 = z(族a 5d/10d/20d mix) + wc·z(族c 10d/20d mix)  (V21 自训 16 折)
  因子日期：2026年9月4日 收盘
  目标策略：2026年9月7日 开盘买入 Top2 → 持有 ≤ 20 个交易日; 收盘较持仓期峰值下跌 ≥ 20% → 次日开盘卖出 (开盘先卖后买)
────────────────────────────────────────────────────────────

  排名   代码        名称                  打分
  -------------------------------------
  1    002151    北斗星通            +5.8289
  2    600773    西藏城投            +5.7763
  3    002048    宁波华翔            +5.7121
  4    600338    西藏珠峰            +5.6787
  5    603906    龙蟠科技            +5.6366
  6    000969    安泰科技            +5.5273
  7    002176    江特电机            +5.5103
  8    002324    普利特             +5.2760
  9    000612    焦作万方            +5.2133
  10   002182    宝武镁业            +5.1727


====================================================================================================
  Trade Log — ens21 目标协议 Top2+持有≤20日+移动止损20% | 开盘换仓 | 含成本 | 20250901 ~ 20260904
====================================================================================================
 BuyDt     SellDt    Code     Name       BuyPrc   SellPrc  Hold  Net%     Reason
----------------------------------------------------------------------------------------------------
 20250902  20250930  603305 旭升集团         14.37     18.62   20 +2946.58%  expiry
 20250902  20250930  002292 奥飞娱乐          9.77      9.08   20 -716.26%  expiry
 20250930  20251105  600589 大位科技          7.37      7.02   20 -484.97%  expiry
 20250930  20251105  002171 楚江新材          9.54     12.56   20 +3154.60%  expiry
 20251105  20251203  002741 光华科技         20.10     22.83   20 +1347.66%  expiry
 20251105  20251203  600366 宁波韵升         13.56     13.55   20  -17.57%  expiry
 20251203  20251231  002929 润建股份         40.95     39.71   20 -312.93%  expiry
 20251203  20251231  600728 佳都科技          6.44      6.55   20 +160.57%  expiry
 20251231  20260130  000815 美利云          11.20     13.55   20 +2087.47%  expiry
 20251231  20260130  002145 钛能化学          4.92      5.31   20 +782.28%  expiry
 20260130  20260309  002741 光华科技         21.31     20.41   20 -432.42%  expiry
 20260130  20260309  600733 北汽蓝谷          8.11      7.68   20 -540.27%  expiry
 20260309  20260407  002741 光华科技         20.41     16.65   20 -1851.95%  trail
 20260309  20260407  002204 大连重工          7.17      6.58   20 -832.86%  expiry
 20260407  20260508  002167 东方锆业         11.69     13.30   20 +1366.69%  expiry
 20260407  20260508  002402 和而泰          29.30     32.80   20 +1184.03%  expiry
 20260508  20260605  600618 氯碱化工         12.46     10.26   20 -1775.39%  expiry
 20260508  20260605  000902 新洋丰          15.34     12.50   20 -1861.09%  trail
 20260605  20260706  000612 焦作万方         11.43     10.80   20 -561.24%  expiry
 20260605  20260706  000917 电广传媒          7.56      6.68   20 -1173.92%  expiry
 20260706  20260714  002324 普利特          12.08      9.60    6 -2062.64%  trail
 20260706  20260803  600610 中毅达           6.66      6.90   20 +350.07%  expiry
 20260714  20260811  000592 平潭发展          5.70      6.67   20 +1691.11%  expiry
 20260803  20260831  002176 江特电机          8.23      8.95   20 +864.42%  expiry
 20260811  20260904  002611 东方精工         16.02     15.07   18 -603.05%  
 20260831  20260904  002048 宁波华翔         18.92     19.40    4 +243.44%  
====================================================================================================
Realized: 26  |  True equity (净值): +7.80%  |  逐笔复利: +5.23%  |  Win rate: 46.2%  |  Avg hold: 18.8 日
成本拖累: +1.58%  |  换手: 15.51  |  被阻买入 0 / 被阻卖出 0

=======================================================
  Recent Summary | ens21 + Top2 持有≤20日+移动止损20% | 开盘换仓 | 含成本 | 官方 Test 窗口
=======================================================
  Test 窗口  : 20250901 ~ 20260901  (243 交易日, 严格样本外)
  真实净值    : +7.80%  |  逐笔复利 +5.23%  |  Sharpe 0.393
  MaxDD      : -44.00%  |  胜率 46.2%  |  交易 26  |  成本拖累 +1.58%
  平均持有    : 18.8 交易日  |  资金闲置 2.5%
  分半 H1/H2 : 20250901~20260227 +50.76%  |  20260302~20260901 -11.86%
=======================================================

────────────────────────────────────────────────────────────
  目标策略指令 (Top2 双仓, 5W 账户口径)
  Top1: 002151  北斗星通   打分 +5.8289
  Top2: 600773  西藏城投   打分 +5.7763
  动作: 2026年9月7日 开盘买入 (整手, 各 ~2.5W) → 持有 ≤ 20 个交易日
  风控: 收盘较持仓期峰值下跌 ≥ 20% → 次日开盘卖出; 换仓日开盘先卖后买 (1 份资金闭环)
  纸面账户: 当前持仓 000060 中金岭南 (买入 20260904)
  ⚠ 纸面持仓 000060 与今日 Top1 002151 不一致 — 状态可能过期/已人工调整, 以本指令为准
────────────────────────────────────────────────────────────
[analysis] 图已保存: /autodl-fs/data/lingqiData/Model/V21/model_pic/figure_01.png

[analysis] 报告已写入: /autodl-fs/data/lingqiData/Model/V21/model_pic/output.md (+figure_01.png)
