
>>> 首次统一推演 243 个日期: 20250901 ~ 20260901
[predict] feature_map has 848 factors, 848 available in DB, 0 missing
[predict] Final factor_list: 848 features → model input_dim=848
[predict] Using 8 fold(s)
[predict]   [fold1] epoch=0-val_rankic=0.0886.ckpt (val_rankic=0.0886)
[predict]   [fold2] epoch=19-val_rankic=0.0659.ckpt (val_rankic=0.0659)
[predict]   [fold3] epoch=0-val_rankic=0.0447.ckpt (val_rankic=0.0447)
[predict]   [fold4] epoch=0-val_rankic=0.0542.ckpt (val_rankic=0.0542)
[predict]   [fold5] epoch=0-val_rankic=0.0983.ckpt (val_rankic=0.0983)
[predict]   [fold6] epoch=5-val_rankic=0.0577.ckpt (val_rankic=0.0577)
[predict]   [fold7] epoch=0-val_rankic=0.0419.ckpt (val_rankic=0.0419)
[predict]   [fold8] epoch=0-val_rankic=0.0657.ckpt (val_rankic=0.0657)
[predict]   [20250901] done, 962 stocks
[predict]   [20250902] done, 962 stocks
[predict]   [20250903] done, 962 stocks
[predict]   [20250904] done, 962 stocks
[predict]   [20250905] done, 962 stocks
[predict]   [20250908] done, 962 stocks
[predict]   [20250909] done, 962 stocks
[predict]   [20250910] done, 962 stocks
[predict]   [20250911] done, 962 stocks
[predict]   [20250912] done, 962 stocks
[predict]   [20250915] done, 962 stocks
[predict]   [20250916] done, 962 stocks
[predict]   [20250917] done, 962 stocks
[predict]   [20250918] done, 962 stocks
[predict]   [20250919] done, 962 stocks
[predict]   [20250922] done, 962 stocks
[predict]   [20250923] done, 962 stocks
[predict]   [20250924] done, 962 stocks
[predict]   [20250925] done, 961 stocks
[predict]   [20250926] done, 961 stocks
[predict]   [20250929] done, 960 stocks
[predict]   [20250930] done, 960 stocks
[predict]   [20251009] done, 960 stocks
[predict]   [20251010] done, 960 stocks
[predict]   [20251013] done, 960 stocks
[predict]   [20251014] done, 960 stocks
[predict]   [20251015] done, 960 stocks
[predict]   [20251016] done, 960 stocks
[predict]   [20251017] done, 962 stocks
[predict]   [20251020] done, 962 stocks
[predict]   [20251021] done, 962 stocks
[predict]   [20251022] done, 962 stocks
[predict]   [20251023] done, 962 stocks
[predict]   [20251024] done, 962 stocks
[predict]   [20251027] done, 961 stocks
[predict]   [20251028] done, 961 stocks
[predict]   [20251029] done, 961 stocks
[predict]   [20251030] done, 961 stocks
[predict]   [20251031] done, 961 stocks
[predict]   [20251103] done, 961 stocks
[predict]   [20251104] done, 961 stocks
[predict]   [20251105] done, 961 stocks
[predict]   [20251106] done, 961 stocks
[predict]   [20251107] done, 961 stocks
[predict]   [20251110] done, 962 stocks
[predict]   [20251111] done, 961 stocks
[predict]   [20251112] done, 962 stocks
[predict]   [20251113] done, 962 stocks
[predict]   [20251114] done, 962 stocks
[predict]   [20251117] done, 962 stocks
[predict]   [20251118] done, 961 stocks
[predict]   [20251119] done, 961 stocks
[predict]   [20251120] done, 960 stocks
[predict]   [20251121] done, 961 stocks
[predict]   [20251124] done, 961 stocks
[predict]   [20251125] done, 961 stocks
[predict]   [20251126] done, 961 stocks
[predict]   [20251127] done, 961 stocks
[predict]   [20251128] done, 961 stocks
[predict]   [20251201] done, 960 stocks
[predict]   [20251202] done, 960 stocks
[predict]   [20251203] done, 960 stocks
[predict]   [20251204] done, 960 stocks
[predict]   [20251205] done, 960 stocks
[predict]   [20251208] done, 960 stocks
[predict]   [20251209] done, 960 stocks
[predict]   [20251210] done, 960 stocks
[predict]   [20251211] done, 960 stocks
[predict]   [20251212] done, 960 stocks
[predict]   [20251215] done, 961 stocks
[predict]   [20251216] done, 961 stocks
[predict]   [20251217] done, 961 stocks
[predict]   [20251218] done, 962 stocks
[predict]   [20251219] done, 961 stocks
[predict]   [20251222] done, 961 stocks
[predict]   [20251223] done, 962 stocks
[predict]   [20251224] done, 962 stocks
[predict]   [20251225] done, 962 stocks
[predict]   [20251226] done, 962 stocks
[predict]   [20251229] done, 962 stocks
[predict]   [20251230] done, 960 stocks
[predict]   [20251231] done, 960 stocks
[predict]   [20260105] done, 960 stocks
[predict]   [20260106] done, 960 stocks
[predict]   [20260107] done, 960 stocks
[predict]   [20260108] done, 960 stocks
[predict]   [20260109] done, 960 stocks
[predict]   [20260112] done, 959 stocks
[predict]   [20260113] done, 957 stocks
[predict]   [20260114] done, 957 stocks
[predict]   [20260115] done, 958 stocks
[predict]   [20260116] done, 957 stocks
[predict]   [20260119] done, 957 stocks
[predict]   [20260120] done, 958 stocks
[predict]   [20260121] done, 959 stocks
[predict]   [20260122] done, 959 stocks
[predict]   [20260123] done, 960 stocks
[predict]   [20260126] done, 961 stocks
[predict]   [20260127] done, 961 stocks
[predict]   [20260128] done, 961 stocks
[predict]   [20260129] done, 961 stocks
[predict]   [20260130] done, 961 stocks
[predict]   [20260202] done, 961 stocks
[predict]   [20260203] done, 961 stocks
[predict]   [20260204] done, 961 stocks
[predict]   [20260205] done, 961 stocks
[predict]   [20260206] done, 961 stocks
[predict]   [20260209] done, 960 stocks
[predict]   [20260210] done, 961 stocks
[predict]   [20260211] done, 961 stocks
[predict]   [20260212] done, 961 stocks
[predict]   [20260213] done, 961 stocks
[predict]   [20260224] done, 961 stocks
[predict]   [20260225] done, 960 stocks
[predict]   [20260226] done, 960 stocks
[predict]   [20260227] done, 960 stocks
[predict]   [20260302] done, 959 stocks
[predict]   [20260303] done, 958 stocks
[predict]   [20260304] done, 958 stocks
[predict]   [20260305] done, 958 stocks
[predict]   [20260306] done, 958 stocks
[predict]   [20260309] done, 959 stocks
[predict]   [20260310] done, 959 stocks
[predict]   [20260311] done, 960 stocks
[predict]   [20260312] done, 960 stocks
[predict]   [20260313] done, 960 stocks
[predict]   [20260316] done, 961 stocks
[predict]   [20260317] done, 962 stocks
[predict]   [20260318] done, 962 stocks
[predict]   [20260319] done, 961 stocks
[predict]   [20260320] done, 961 stocks
[predict]   [20260323] done, 962 stocks
[predict]   [20260324] done, 962 stocks
[predict]   [20260325] done, 962 stocks
[predict]   [20260326] done, 962 stocks
[predict]   [20260327] done, 962 stocks
[predict]   [20260330] done, 962 stocks
[predict]   [20260331] done, 962 stocks
[predict]   [20260401] done, 962 stocks
[predict]   [20260402] done, 962 stocks
[predict]   [20260403] done, 961 stocks
[predict]   [20260407] done, 961 stocks
[predict]   [20260408] done, 961 stocks
[predict]   [20260409] done, 961 stocks
[predict]   [20260410] done, 961 stocks
[predict]   [20260413] done, 961 stocks
[predict]   [20260414] done, 962 stocks
[predict]   [20260415] done, 962 stocks
[predict]   [20260416] done, 962 stocks
[predict]   [20260417] done, 962 stocks
[predict]   [20260420] done, 961 stocks
[predict]   [20260421] done, 961 stocks
[predict]   [20260422] done, 960 stocks
[predict]   [20260423] done, 960 stocks
[predict]   [20260424] done, 961 stocks
[predict]   [20260427] done, 961 stocks
[predict]   [20260428] done, 961 stocks
[predict]   [20260429] done, 961 stocks
[predict]   [20260430] done, 961 stocks
[predict]   [20260506] done, 961 stocks
[predict]   [20260507] done, 962 stocks
[predict]   [20260508] done, 962 stocks
[predict]   [20260511] done, 962 stocks
[predict]   [20260512] done, 962 stocks
[predict]   [20260513] done, 962 stocks
[predict]   [20260514] done, 962 stocks
[predict]   [20260515] done, 962 stocks
[predict]   [20260518] done, 962 stocks
[predict]   [20260519] done, 962 stocks
[predict]   [20260520] done, 962 stocks
[predict]   [20260521] done, 962 stocks
[predict]   [20260522] done, 962 stocks
[predict]   [20260525] done, 962 stocks
[predict]   [20260526] done, 962 stocks
[predict]   [20260527] done, 962 stocks
[predict]   [20260528] done, 962 stocks
[predict]   [20260529] done, 962 stocks
[predict]   [20260601] done, 962 stocks
[predict]   [20260602] done, 962 stocks
[predict]   [20260603] done, 962 stocks
[predict]   [20260604] done, 962 stocks
[predict]   [20260605] done, 962 stocks
[predict]   [20260608] done, 962 stocks
[predict]   [20260609] done, 961 stocks
[predict]   [20260610] done, 961 stocks
[predict]   [20260611] done, 961 stocks
[predict]   [20260612] done, 961 stocks
[predict]   [20260615] done, 961 stocks
[predict]   [20260616] done, 961 stocks
[predict]   [20260617] done, 961 stocks
[predict]   [20260618] done, 961 stocks
[predict]   [20260622] done, 961 stocks
[predict]   [20260623] done, 962 stocks
[predict]   [20260624] done, 962 stocks
[predict]   [20260625] done, 962 stocks
[predict]   [20260626] done, 962 stocks
[predict]   [20260629] done, 961 stocks
[predict]   [20260630] done, 961 stocks
[predict]   [20260701] done, 961 stocks
[predict]   [20260702] done, 961 stocks
[predict]   [20260703] done, 961 stocks
[predict]   [20260706] done, 961 stocks
[predict]   [20260707] done, 961 stocks
[predict]   [20260708] done, 961 stocks
[predict]   [20260709] done, 961 stocks
[predict]   [20260710] done, 961 stocks
[predict]   [20260713] done, 962 stocks
[predict]   [20260714] done, 962 stocks
[predict]   [20260715] done, 962 stocks
[predict]   [20260716] done, 962 stocks
[predict]   [20260717] done, 962 stocks
[predict]   [20260720] done, 962 stocks
[predict]   [20260721] done, 962 stocks
[predict]   [20260722] done, 962 stocks
[predict]   [20260723] done, 962 stocks
[predict]   [20260724] done, 962 stocks
[predict]   [20260727] done, 962 stocks
[predict]   [20260728] done, 962 stocks
[predict]   [20260729] done, 962 stocks
[predict]   [20260730] done, 962 stocks
[predict]   [20260731] done, 962 stocks
[predict]   [20260803] done, 962 stocks
[predict]   [20260804] done, 962 stocks
[predict]   [20260805] done, 962 stocks
[predict]   [20260806] done, 962 stocks
[predict]   [20260807] done, 962 stocks
[predict]   [20260810] done, 962 stocks
[predict]   [20260811] done, 962 stocks
[predict]   [20260812] done, 962 stocks
[predict]   [20260813] done, 962 stocks
[predict]   [20260814] done, 962 stocks
[predict]   [20260817] done, 962 stocks
[predict]   [20260818] done, 961 stocks
[predict]   [20260819] done, 961 stocks
[predict]   [20260820] done, 960 stocks
[predict]   [20260821] done, 960 stocks
[predict]   [20260824] done, 961 stocks
[predict]   [20260825] done, 961 stocks
[predict]   [20260826] done, 961 stocks
[predict]   [20260827] done, 962 stocks
[predict]   [20260828] done, 962 stocks
[predict]   [20260831] done, 962 stocks
[predict]   [20260901] done, 962 stocks
[predict] Done, 243 days.

合并完成：首次推演 243 天
已保存到: /autodl-fs/data/lingqiData/Model/V8/model_pred/2026q3

---Test 集合打分---
  持仓数: 1 只
  打分区间: Test 集合 20250901 ~ 20260901 (241 天, 严格样本外, 与训练/验证无重叠)

模型评估结果
               模型值
指标                
RankIC      0.0444
RankICIR    0.3332
top_return  0.1543
[对照] 全池 Pearson IC: IC=+0.0180  ICIR=+0.1373
[提示] 后续回测章节使用同一 Test 区间的实际价格收益 (daily_adj open), 与训练 target 解耦
Price data: 8833662 rows, dates 20190102 ~ 20260902

========================================================================
                    最新模型打分 Top 推荐
========================================================================
  报告截至因子日期：2026年9月1日 收盘, 以下展示最近 10 个交易日

────────────────────────────────────────────────────────────
  因子日期：2026年8月19日 收盘
  模型预测1日收益率：2026年8月20日 买入 → 2026年8月21日 卖出
────────────────────────────────────────────────────────────

  排名   代码        名称                  打分
  -------------------------------------
  1    600100    同方股份        +  11.6018
  2    002531    天顺风能        +  11.2449
  3    603160    汇顶科技        +  10.9566
  4    600021    上海电力        +  10.4244
  5    600821    金开新能        +  10.3217
  6    000099    中信海直        +  10.3060
  7    002158    汉钟精机        +  10.1663
  8    601877    正泰电器        +  10.1663
  9    002010    传化智联        +  10.0405
  10   600480    凌云股份        +   9.7452

────────────────────────────────────────────────────────────
  因子日期：2026年8月20日 收盘
  模型预测1日收益率：2026年8月21日 买入 → 2026年8月24日 卖出
────────────────────────────────────────────────────────────

  排名   代码        名称                  打分
  -------------------------------------
  1    000062    深圳华强        +  13.2216
  2    000733    振华科技        +  12.2633
  3    600456    宝钛股份        +  11.7423
  4    603786    科博达         +  11.5822
  5    600100    同方股份        +  10.9746
  6    600416    湘电股份        +  10.9531
  7    603305    旭升集团        +  10.8016
  8    603179    新泉股份        +  10.2959
  9    600151    航天机电        +  10.2802
  10   600776    东方通信        +  10.1689

────────────────────────────────────────────────────────────
  因子日期：2026年8月21日 收盘
  模型预测1日收益率：2026年8月24日 买入 → 2026年8月25日 卖出
────────────────────────────────────────────────────────────

  排名   代码        名称                  打分
  -------------------------------------
  1    000682    东方电子        +  13.0252
  2    000543    皖能电力        +  12.3762
  3    600416    湘电股份        +  11.9988
  4    603693    江苏新能        +  11.6369
  5    601799    星宇股份        +  11.1541
  6    600098    广州发展        +  10.3380
  7    000791    甘肃能源        +   9.9828
  8    002831    裕同科技        +   9.8529
  9    600566    济川药业        +   9.7801
  10   600509    天富能源        +   9.7529

────────────────────────────────────────────────────────────
  因子日期：2026年8月24日 收盘
  模型预测1日收益率：2026年8月25日 买入 → 2026年8月26日 卖出
────────────────────────────────────────────────────────────

  排名   代码        名称                  打分
  -------------------------------------
  1    002402    和而泰         +  11.1847
  2    000534    万泽股份        +  11.1572
  3    002204    大连重工        +  10.9920
  4    002484    江海股份        +  10.5214
  5    600416    湘电股份        +  10.4803
  6    601901    方正证券        +  10.0177
  7    002929    润建股份        +   9.9587
  8    002865    钧达股份        +   9.8294
  9    000951    中国重汽        +   9.7752
  10   603160    汇顶科技        +   9.5530

────────────────────────────────────────────────────────────
  因子日期：2026年8月25日 收盘
  模型预测1日收益率：2026年8月26日 买入 → 2026年8月27日 卖出
────────────────────────────────────────────────────────────

  排名   代码        名称                  打分
  -------------------------------------
  1    002204    大连重工        +  12.4939
  2    002402    和而泰         +  12.2663
  3    600089    特变电工        +  12.2477
  4    601799    星宇股份        +  11.3208
  5    002545    东方铁塔        +  11.3147
  6    002156    通富微电        +  10.9078
  7    601222    林洋能源        +  10.5654
  8    000027    深圳能源        +  10.4715
  9    000682    东方电子        +  10.4291
  10   601727    上海电气        +  10.3227

────────────────────────────────────────────────────────────
  因子日期：2026年8月26日 收盘
  模型预测1日收益率：2026年8月27日 买入 → 2026年8月28日 卖出
────────────────────────────────────────────────────────────

  排名   代码        名称                  打分
  -------------------------------------
  1    600416    湘电股份        +  12.5193
  2    002756    永兴材料        +  11.5899
  3    603638    艾迪精密        +  11.1955
  4    601222    林洋能源        +  10.7093
  5    002709    天赐材料        +  10.2424
  6    002865    钧达股份        +  10.2245
  7    002531    天顺风能        +  10.1275
  8    603078    江化微         +  10.0648
  9    600835    上海机电        +  10.0351
  10   603786    科博达         +  10.0329

────────────────────────────────────────────────────────────
  因子日期：2026年8月27日 收盘
  模型预测1日收益率：2026年8月28日 买入 → 2026年8月31日 卖出
────────────────────────────────────────────────────────────

  排名   代码        名称                  打分
  -------------------------------------
  1    600480    凌云股份        +  13.9455
  2    000719    中原传媒        +  12.7395
  3    603026    石大胜华        +  11.4315
  4    603005    晶方科技        +  11.3634
  5    600416    湘电股份        +  11.1094
  6    000543    皖能电力        +  10.9689
  7    603786    科博达         +  10.8706
  8    000682    东方电子        +  10.7142
  9    002756    永兴材料        +  10.5899
  10   600820    隧道股份        +  10.5668

────────────────────────────────────────────────────────────
  因子日期：2026年8月28日 收盘
  模型预测1日收益率：2026年8月31日 买入 → 2026年9月1日 卖出
────────────────────────────────────────────────────────────

  排名   代码        名称                  打分
  -------------------------------------
  1    601928    凤凰传媒        +  12.0836
  2    600021    上海电力        +  11.4831
  3    601717    中创智领        +  11.2254
  4    000681    视觉中国        +  11.0752
  5    603027    千禾味业        +  10.9158
  6    603005    晶方科技        +  10.9007
  7    600480    凌云股份        +  10.3547
  8    600835    上海机电        +  10.3265
  9    600456    宝钛股份        +  10.3262
  10   600452    涪陵电力        +  10.1103

────────────────────────────────────────────────────────────
  因子日期：2026年8月31日 收盘
  模型预测1日收益率：2026年9月1日 买入 → 2026年9月2日 卖出
────────────────────────────────────────────────────────────

  排名   代码        名称                  打分
  -------------------------------------
  1    002139    拓邦股份        +  12.1880
  2    002204    大连重工        +  11.8460
  3    002807    江阴银行        +  11.1848
  4    000028    国药一致        +  11.0742
  5    600089    特变电工        +  11.0557
  6    600006    东风股份        +  10.8746
  7    600820    隧道股份        +  10.5720
  8    600131    国网信通        +  10.5711
  9    000528    柳工          +  10.2325
  10   600933    爱柯迪         +  10.2203

────────────────────────────────────────────────────────────
  因子日期：2026年9月1日 收盘
  模型预测1日收益率：2026年9月2日 买入 → 2026年9月3日 卖出
────────────────────────────────────────────────────────────

  排名   代码        名称                  打分
  -------------------------------------
  1    002531    天顺风能        +  12.6227
  2    002139    拓邦股份        +  11.8038
  3    002074    国轩高科        +  11.4440
  4    000786    北新建材        +  11.3712
  5    600089    特变电工        +  10.8801
  6    002709    天赐材料        +  10.6939
  7    002859    洁美科技        +   9.8276
  8    603906    龙蟠科技        +   9.7424
  9    000719    中原传媒        +   9.5134
  10   002487    大金重工        +   9.4675
--- Backtest: 20250901 ~ 20260901 (Test 集合) ---
Window : 20250901 ~ 20260901  (243 trading days)
  predicted: 243 days  (20250901~20260901)
[Figure saved] ./model_pic/figure_01.png

====================================================================================================
  Trade Log — Top 1 | 243 days | hold 1d | Returns from daily_adj open prices
====================================================================================================
 FactorDt   BuyDt     Code     Name    Score   BuyPrc   SellDt   SellPrc   Ret%   累加收益 
-------------------------------------------------------------------------------------------
  20250901  20250902  002683广东宏大    +15.12   33.41  20250903    32.39  -3.05%    -3.05%
  20250902  20250903  603883老百姓      +13.51   17.51  20250904    17.16  -2.00%    -5.05%
  20250903  20250904  002416爱施德      +14.19   11.69  20250905    11.96  +2.31%    -2.74%
  20250904  20250905  002361神剑股份    +12.12    6.39  20250908     6.43  +0.63%    -2.12%
  20250905  20250908  000429粤高速A     +13.28   11.49  20250909    11.52  +0.26%    -1.86%
  20250908  20250909  601611中国核建    +12.36    8.95  20250910     8.90  -0.56%    -2.41%
  20250909  20250910  002025航天电器    +11.93   48.73  20250911    48.00  -1.50%    -3.91%
  20250910  20250911  000519中兵红箭    +12.66   17.81  20250912    18.10  +1.63%    -2.28%
  20250911  20250912  600377宁沪高速    +13.60   13.15  20250915    13.00  -1.14%    -3.42%
  20250912  20250915  601611中国核建    +10.98    8.90  20250916     8.95  +0.56%    -2.86%
  20250915  20250916  002389航天彩虹    +12.64   21.53  20250917    21.40  -0.60%    -3.47%
  20250916  20250917  002440闰土股份    +13.59    6.95  20250918     7.08  +1.87%    -1.60%
  20250917  20250918  600901江苏金租    +11.74    5.51  20250919     5.44  -1.27%    -2.87%
  20250918  20250919  002413雷科防务    +15.01    5.36  20250922     5.36  +0.00%    -2.87%
  20250919  20250922  002149西部材料    +14.17   17.12  20250923    17.18  +0.35%    -2.52%
  20250922  20250923  600350山东高速    +13.12    8.48  20250924     8.58  +1.18%    -1.34%
  20250923  20250924  002204大连重工    +13.65    5.92  20250925     6.02  +1.69%    +0.35%
  20250924  20250925  002597金禾实业    +14.97   20.99  20250926    20.83  -0.76%    -0.41%
  20250925  20250926  000065北方国际    +13.30   10.71  20250929    10.66  -0.47%    -0.88%
  20250926  20250929  002408齐翔腾达    +12.51    4.76  20250930     4.85  +1.89%    +1.01%
  20250929  20250930  002361神剑股份    +13.42    6.20  20251009     6.13  -1.13%    -0.11%
  20250930  20251009  600216浙江医药    +14.80   14.11  20251010    14.40  +2.06%    +1.94%
  20251009  20251010  002361神剑股份    +12.72    6.28  20251013     6.28  +0.00%    +1.94%
  20251010  20251013  600572康恩贝      +14.86    4.36  20251014     4.41  +1.15%    +3.09%
  20251013  20251014  603323苏农银行    +14.12    5.07  20251015     5.18  +2.17%    +5.26%
  20251014  20251015  002015协鑫能科    +15.49   11.20  20251016    11.40  +1.79%    +7.04%
  20251015  20251016  600267海正药业    +14.00   10.47  20251017    10.55  +0.76%    +7.81%
  20251016  20251017  002832比音勒芬    +13.55   15.92  20251020    15.77  -0.94%    +6.86%
  20251017  20251020  600446金证股份    +12.61   17.00  20251021    16.71  -1.71%    +5.16%
  20251020  20251021  600446金证股份    +11.50   16.71  20251022    16.75  +0.24%    +5.40%
  20251021  20251022  002019亿帆医药    +12.73   13.09  20251023    13.01  -0.61%    +4.79%
  20251022  20251023  002019亿帆医药    +11.53   13.01  20251024    12.91  -0.77%    +4.02%
  20251023  20251024  603882金域医学    +11.86   27.54  20251027    27.51  -0.11%    +3.91%
  20251024  20251027  002929润建股份    +14.16   44.60  20251028    44.66  +0.13%    +4.04%
  20251027  20251028  002015协鑫能科    +12.28   10.80  20251029    10.50  -2.78%    +1.27%
  20251028  20251029  002015协鑫能科    +14.32   10.50  20251030    10.70  +1.90%    +3.17%
  20251029  20251030  600633浙数文化    +12.89   13.44  20251031    13.40  -0.30%    +2.87%
  20251030  20251031  002015协鑫能科    +12.96   10.60  20251103    10.70  +0.94%    +3.82%
  20251031  20251103  601137博威合金    +13.66   21.78  20251104    21.68  -0.46%    +3.36%
  20251103  20251104  603063禾望电气    +12.17   30.26  20251105    29.88  -1.26%    +2.10%
  20251104  20251105  601137博威合金    +11.77   21.25  20251106    22.35  +5.18%    +7.28%
  20251105  20251106  600184光电股份    +12.47   17.38  20251107    17.44  +0.35%    +7.62%
  20251106  20251107  600835上海机电    +12.59   25.82  20251110    26.16  +1.32%    +8.94%
  20251107  20251110  600366宁波韵升    +12.61   13.90  20251111    13.66  -1.73%    +7.21%
  20251110  20251111  002929润建股份    +13.35   42.24  20251112    41.30  -2.23%    +4.99%
  20251111  20251112  002929润建股份    +14.33   41.30  20251113    40.74  -1.36%    +3.63%
  20251112  20251113  601137博威合金    +16.45   21.82  20251114    22.07  +1.15%    +4.78%
  20251113  20251114  601137博威合金    +16.32   22.07  20251117    21.80  -1.22%    +3.55%
  20251114  20251117  601137博威合金    +15.83   21.80  20251118    21.67  -0.60%    +2.96%
  20251117  20251118  601137博威合金    +14.43   21.67  20251119    21.73  +0.28%    +3.24%
  20251118  20251119  002139拓邦股份    +13.65   13.26  20251120    13.23  -0.23%    +3.01%
  20251119  20251120  600611大众交通    +14.29    5.60  20251121     5.59  -0.18%    +2.83%
  20251120  20251121  601137博威合金    +12.63   21.00  20251124    20.68  -1.52%    +1.31%
  20251121  20251124  002423中粮资本    +13.23   11.58  20251125    11.68  +0.86%    +2.17%
  20251124  20251125  600611大众交通    +11.76    5.43  20251126     5.45  +0.37%    +2.54%
  20251125  20251126  002881美格智能    +13.33   40.99  20251127    41.14  +0.37%    +2.90%
  20251126  20251127  002180奔图科技    +11.11   18.50  20251128    18.57  +0.38%    +3.28%
  20251127  20251128  000970中科三环    +12.64   12.48  20251201    12.61  +1.04%    +4.32%
  20251128  20251201  601137博威合金    +12.92   21.20  20251202    21.53  +1.56%    +5.88%
  20251201  20251202  600862中航高科    +14.70   21.28  20251203    20.98  -1.41%    +4.47%
  20251202  20251203  603678火炬电子    +14.17   30.72  20251204    30.37  -1.14%    +3.33%
  20251203  20251204  603678火炬电子    +12.72   30.37  20251205    30.93  +1.84%    +5.18%
  20251204  20251205  002929润建股份    +13.24   39.95  20251208    40.40  +1.13%    +6.30%
  20251205  20251208  601216君正集团    +13.13    4.83  20251209     4.83  +0.00%    +6.30%
  20251208  20251209  601216君正集团    +11.81    4.83  20251210     4.75  -1.66%    +4.65%
  20251209  20251210  600161天坛生物    +11.64   16.99  20251211    17.01  +0.12%    +4.76%
  20251210  20251211  600612老凤祥      +13.28   44.20  20251212    44.28  +0.18%    +4.94%
  20251211  20251212  002617露笑科技    +11.71    7.84  20251215     8.09  +3.19%    +8.13%
  20251212  20251215  000661长春高新    +12.47   93.65  20251216    95.70  +2.19%   +10.32%
  20251215  20251216  600552凯盛科技    +13.36   10.95  20251217    10.76  -1.74%    +8.59%
  20251216  20251217  002957科瑞技术    +13.65   18.85  20251218    19.02  +0.90%    +9.49%
  20251217  20251218  600552凯盛科技    +15.05   10.82  20251219    10.85  +0.28%    +9.77%
  20251218  20251219  600416湘电股份    +12.66   13.42  20251222    13.69  +2.01%   +11.78%
  20251219  20251222  002929润建股份    +14.56   38.80  20251223    39.05  +0.64%   +12.42%
  20251222  20251223  000553安道麦A     +11.72    5.95  20251224     5.90  -0.84%   +11.58%
  20251223  20251224  002215诺普信      +13.70   10.36  20251225    10.46  +0.97%   +12.55%
  20251224  20251225  600123兰花科创    +12.79    5.94  20251226     5.93  -0.17%   +12.38%
  20251225  20251226  603039泛微网络    +11.85   49.34  20251229    49.41  +0.14%   +12.52%
  20251226  20251229  002929润建股份    +13.39   39.68  20251230    39.80  +0.30%   +12.82%
  20251229  20251230  002145钛能化学    +12.48    4.94  20251231     4.92  -0.40%   +12.42%
  20251230  20251231  000553安道麦A     +13.95    5.53  20260105     5.54  +0.18%   +12.60%
  20251231  20260105  600131国网信通    +10.57   16.11  20260106    16.40  +1.80%   +14.40%
  20260105  20260106  600123兰花科创    +13.03    5.93  20260107     6.09  +2.70%   +17.10%
  20260106  20260107  600740山西焦化    +15.04    3.89  20260108     4.02  +3.34%   +20.44%
  20260107  20260108  000062深圳华强    +13.52   24.65  20260109    24.76  +0.45%   +20.89%
  20260108  20260109  600821金开新能    +12.97    5.21  20260112     5.30  +1.73%   +22.61%
  20260109  20260112  002062宏润建设    +12.08    9.36  20260113     9.39  +0.32%   +22.93%
  20260112  20260113  600664哈药股份    +14.79    3.57  20260114     3.57  +0.00%   +22.93%
  20260113  20260114  600056中国医药    +11.78   10.79  20260115    10.67  -1.11%   +21.82%
  20260114  20260115  600509天富能源    +12.35    8.41  20260116     8.49  +0.95%   +22.77%
  20260115  20260116  002020京新药业    +12.84   18.33  20260119    18.32  -0.05%   +22.72%
  20260116  20260119  600490鹏欣资源    +12.55    7.99  20260120     8.10  +1.38%   +24.10%
  20260119  20260120  601158重庆水务    +13.22    4.52  20260121     4.56  +0.88%   +24.98%
  20260120  20260121  002287奇正藏药    +12.99   24.34  20260122    24.84  +2.05%   +27.03%
  20260121  20260122  002670国盛证券    +13.89   16.24  20260123    16.26  +0.12%   +27.16%
  20260122  20260123  600612老凤祥      +13.08   46.00  20260126    47.32  +2.87%   +30.03%
  20260123  20260126  600085同仁堂      +12.73   30.40  20260127    30.55  +0.49%   +30.52%
  20260126  20260127  603228景旺电子    +10.85   65.62  20260128    66.01  +0.59%   +31.11%
  20260127  20260128  002020京新药业    +13.72   17.46  20260129    16.90  -3.21%   +27.91%
  20260128  20260129  002020京新药业    +11.80   16.90  20260130    16.96  +0.36%   +28.26%
  20260129  20260130  603228景旺电子    +13.40   63.00  20260202    64.15  +1.83%   +30.09%
  20260130  20260202  603906龙蟠科技    +11.40   17.90  20260203    17.82  -0.45%   +29.64%
  20260202  20260203  002468申通快递    +11.70   12.70  20260204    12.75  +0.39%   +30.03%
  20260203  20260204  002287奇正藏药    +10.43   23.54  20260205    23.69  +0.64%   +30.67%
  20260204  20260205  000905厦门港务    +10.82   12.75  20260206    12.84  +0.71%   +31.38%
  20260205  20260206  000921海信家电    +11.93   24.26  20260209    24.12  -0.58%   +30.80%
  20260206  20260209  002484江海股份    +10.88   28.40  20260210    29.28  +3.10%   +33.90%
  20260209  20260210  603800洪田股份    +12.34   40.00  20260211    39.32  -1.70%   +32.20%
  20260210  20260211  603026石大胜华    +13.02   65.02  20260212    65.30  +0.43%   +32.63%
  20260211  20260212  002701奥瑞金      +13.19    5.75  20260213     5.67  -1.39%   +31.24%
  20260212  20260213  603800洪田股份    +13.57   38.70  20260224    39.97  +3.28%   +34.52%
  20260213  20260224  002020京新药业    +14.98   16.79  20260225    16.65  -0.83%   +33.69%
  20260224  20260225  603063禾望电气    +14.22   29.72  20260226    30.40  +2.29%   +35.97%
  20260225  20260226  601881中国银河    +10.88   14.73  20260227    14.61  -0.81%   +35.16%
  20260226  20260227  002020京新药业    +13.67   16.21  20260302    16.20  -0.06%   +35.10%
  20260227  20260302  002020京新药业    +13.19   16.20  20260303    15.89  -1.91%   +33.18%
  20260302  20260303  603800洪田股份    +12.89   40.38  20260304    38.70  -4.16%   +29.02%
  20260303  20260304  603906龙蟠科技    +14.38   17.23  20260305    17.39  +0.93%   +29.95%
  20260304  20260305  600933爱柯迪      +13.50   17.20  20260306    17.00  -1.16%   +28.79%
  20260305  20260306  600480凌云股份    +12.62   10.90  20260309    10.84  -0.55%   +28.24%
  20260306  20260309  603456九洲药业    +11.33   16.65  20260310    16.75  +0.60%   +28.84%
  20260309  20260310  002139拓邦股份    +13.53   12.80  20260311    12.70  -0.78%   +28.06%
  20260310  20260311  600718东软集团    +13.19    9.50  20260312     9.43  -0.74%   +27.32%
  20260311  20260312  002338奥普光电    +10.92   52.32  20260313    51.56  -1.45%   +25.87%
  20260312  20260313  002338奥普光电    +10.49   51.56  20260316    51.99  +0.83%   +26.70%
  20260313  20260316  002338奥普光电    +11.57   51.99  20260317    51.84  -0.29%   +26.41%
  20260316  20260317  002698博实股份    +12.45   15.00  20260318    14.82  -1.20%   +25.21%
  20260317  20260318  600480凌云股份    +13.83   10.50  20260319    10.29  -2.00%   +23.21%
  20260318  20260319  002698博实股份    +11.38   14.69  20260320    14.50  -1.29%   +21.92%
  20260319  20260320  002048宁波华翔    +12.05   26.82  20260323    25.39  -5.33%   +16.59%
  20260320  20260323  603997继峰股份    +12.68   12.23  20260324    12.15  -0.65%   +15.94%
  20260323  20260324  600859王府井      +14.67   12.16  20260325    12.22  +0.49%   +16.43%
  20260324  20260325  000783长江证券    +12.14    6.95  20260326     6.99  +0.58%   +17.00%
  20260325  20260326  002062宏润建设    +12.81    7.49  20260327     7.15  -4.54%   +12.47%
  20260326  20260327  600859王府井      +12.11   12.08  20260330    12.15  +0.58%   +13.04%
  20260327  20260330  603236移远通信    +11.09   71.60  20260331    72.60  +1.40%   +14.44%
  20260330  20260331  600611大众交通    +12.08    4.76  20260401     4.84  +1.68%   +16.12%
  20260331  20260401  603067振华股份    +13.24   32.36  20260402    32.63  +0.83%   +16.96%
  20260401  20260402  002320海峡股份    +10.48    8.75  20260403     8.61  -1.60%   +15.36%
  20260402  20260403  000887中鼎股份    +11.31   17.91  20260407    17.60  -1.73%   +13.63%
  20260403  20260407  002881美格智能    +11.89   36.03  20260408    37.00  +2.69%   +16.32%
  20260407  20260408  002741光华科技    +12.95   17.26  20260409    17.30  +0.23%   +16.55%
  20260408  20260409  600271航天信息    +13.86    8.52  20260410     8.39  -1.53%   +15.02%
  20260409  20260410  600850电科数字    +12.18   20.15  20260413    19.60  -2.73%   +12.29%
  20260410  20260413  000700模塑科技    +14.19   11.20  20260414    11.30  +0.89%   +13.19%
  20260413  20260414  002145钛能化学    +13.16    4.59  20260415     4.64  +1.09%   +14.28%
  20260414  20260415  600312平高电气    +12.21   19.39  20260416    20.25  +4.44%   +18.71%
  20260415  20260416  600456宝钛股份    +11.96   34.43  20260417    34.50  +0.20%   +18.91%
  20260416  20260417  603501豪威集团    +13.60   93.63  20260420    93.04  -0.63%   +18.28%
  20260417  20260420  600021上海电力    +12.42   17.73  20260421    18.08  +1.97%   +20.26%
  20260420  20260421  002258利尔化学    +15.27   14.00  20260422    14.00  +0.00%   +20.26%
  20260421  20260422  601717中创智领    +13.92   19.99  20260423    20.06  +0.35%   +20.61%
  20260422  20260423  600761安徽合力    +11.60   17.30  20260424    16.90  -2.31%   +18.30%
  20260423  20260424  601888中国中免    +13.45   66.01  20260427    65.30  -1.08%   +17.22%
  20260424  20260427  002268电科网安    +13.91   15.89  20260428    15.90  +0.06%   +17.28%
  20260427  20260428  601717中创智领    +12.30   19.60  20260429    20.21  +3.11%   +20.40%
  20260428  20260429  002268电科网安    +14.07   15.43  20260430    15.62  +1.23%   +21.63%
  20260429  20260430  600728佳都科技    +12.03    5.49  20260506     5.38  -2.00%   +19.62%
  20260430  20260506  002258利尔化学    +12.57   12.95  20260507    12.64  -2.39%   +17.23%
  20260506  20260507  002258利尔化学    +14.25   12.64  20260508    12.47  -1.34%   +15.89%
  20260507  20260508  002258利尔化学    +16.79   12.47  20260511    12.41  -0.48%   +15.40%
  20260508  20260511  002258利尔化学    +13.10   12.41  20260512    12.45  +0.32%   +15.73%
  20260511  20260512  000568泸州老窖    +12.80   96.81  20260513    94.79  -2.09%   +13.64%
  20260512  20260513  600618氯碱化工    +12.00   12.20  20260514    12.36  +1.31%   +14.95%
  20260513  20260514  000568泸州老窖    +13.72   92.63  20260515    92.80  +0.18%   +15.13%
  20260514  20260515  002223鱼跃医疗    +11.56   29.08  20260518    28.47  -2.10%   +13.04%
  20260515  20260518  002268电科网安    +15.13   15.05  20260519    15.59  +3.59%   +16.63%
  20260518  20260519  603713密尔克卫    +14.00   52.15  20260520    51.35  -1.53%   +15.09%
  20260519  20260520  000061农产品      +13.29    6.73  20260521     6.68  -0.74%   +14.35%
  20260520  20260521  600161天坛生物    +12.34   13.22  20260522    13.47  +1.89%   +16.24%
  20260521  20260522  000061农产品      +12.73    6.53  20260525     6.54  +0.15%   +16.39%
  20260522  20260525  600435北方导航    +12.00   12.76  20260526    12.85  +0.71%   +17.10%
  20260525  20260526  601801皖新传媒    +12.31    5.53  20260527     5.58  +0.90%   +18.00%
  20260526  20260527  002268电科网安    +12.29   14.94  20260528    14.57  -2.48%   +15.53%
  20260527  20260528  002312川发龙蟒    +13.98    9.17  20260529     9.15  -0.22%   +15.31%
  20260528  20260529  002268电科网安    +13.77   14.55  20260601    14.14  -2.82%   +12.49%
  20260529  20260601  002276万马股份    +12.24   11.93  20260602    11.96  +0.25%   +12.74%
  20260601  20260602  601567三星电气    +13.88   16.58  20260603    16.16  -2.53%   +10.21%
  20260602  20260603  600057厦门象屿    +12.06    6.30  20260604     6.11  -3.02%    +7.19%
  20260603  20260604  002373千方科技    +13.81    7.73  20260605     7.67  -0.78%    +6.42%
  20260604  20260605  600216浙江医药    +12.16   12.16  20260608    12.18  +0.16%    +6.58%
  20260605  20260608  600038中直股份    +13.16   26.70  20260609    26.90  +0.75%    +7.33%
  20260608  20260609  603799华友钴业    +12.12   47.65  20260610    47.01  -1.34%    +5.99%
  20260609  20260610  002312川发龙蟒    +11.94    8.17  20260611     8.26  +1.10%    +7.09%
  20260610  20260611  600562国睿科技    +11.49   20.84  20260612    21.22  +1.82%    +8.91%
  20260611  20260612  600131国网信通    +11.63   14.79  20260615    15.28  +3.31%   +12.22%
  20260612  20260615  601669中国电建    +12.74    4.86  20260616     4.85  -0.21%   +12.02%
  20260615  20260616  600120浙江东方    +18.08    4.54  20260617     4.55  +0.22%   +12.24%
  20260616  20260617  600585海螺水泥    +13.37   18.23  20260618    18.15  -0.44%   +11.80%
  20260617  20260618  601969海南矿业    +13.92    8.92  20260622     8.71  -2.35%    +9.45%
  20260618  20260622  600648外高桥      +15.30    8.49  20260623     8.50  +0.12%    +9.56%
  20260622  20260623  002911佛燃能源    +14.03   10.16  20260624    10.26  +0.98%   +10.55%
  20260623  20260624  603619中曼石油    +11.67   21.03  20260625    20.40  -3.00%    +7.55%
  20260624  20260625  600633浙数文化    +11.39   10.45  20260626    10.41  -0.38%    +7.17%
  20260625  20260626  601966玲珑轮胎    +12.29   10.38  20260629    10.17  -2.02%    +5.15%
  20260626  20260629  600072中船科技    +12.75    8.54  20260630     8.47  -0.82%    +4.33%
  20260629  20260630  002268电科网安    +12.87   12.31  20260701    13.04  +5.93%   +10.26%
  20260630  20260701  600480凌云股份    +15.73    8.34  20260702     8.36  +0.24%   +10.50%
  20260701  20260702  002074国轩高科    +13.03   27.16  20260703    26.73  -1.58%    +8.91%
  20260702  20260703  600219南山铝业    +13.58    4.12  20260706     4.19  +1.70%   +10.61%
  20260703  20260706  002074国轩高科    +12.65   27.58  20260707    26.88  -2.54%    +8.07%
  20260706  20260707  002432九安医疗    +11.28   63.00  20260708    60.18  -4.48%    +3.60%
  20260707  20260708  002498汉缆股份    +12.62    6.18  20260709     5.98  -3.24%    +0.36%
  20260708  20260709  600635大众公用    +13.45    4.27  20260710     4.28  +0.23%    +0.60%
  20260709  20260710  600126杭钢股份    +13.11    5.76  20260713     5.95  +3.30%    +3.89%
  20260710  20260713  600268国电南自    +13.92   10.78  20260714    10.25  -4.92%    -1.02%
  20260713  20260714  600875东方电气    +11.94   26.12  20260715    26.58  +1.76%    +0.74%
  20260714  20260715  603613国联股份    +12.23   17.46  20260716    18.15  +3.95%    +4.69%
  20260715  20260716  600268国电南自    +13.25   10.19  20260717    10.10  -0.88%    +3.81%
  20260716  20260717  600268国电南自    +13.32   10.10  20260720    10.28  +1.78%    +5.59%
  20260717  20260720  002324普利特      +11.93    9.01  20260721     8.70  -3.44%    +2.15%
  20260720  20260721  000880潍柴重机    +12.65   20.17  20260722    20.75  +2.88%    +5.02%
  20260721  20260722  002865钧达股份    +15.69   41.41  20260723    42.24  +2.00%    +7.03%
  20260722  20260723  002460赣锋锂业    +12.77   47.92  20260724    50.00  +4.34%   +11.37%
  20260723  20260724  603826坤彩科技    +14.73   15.25  20260727    14.80  -2.95%    +8.42%
  20260724  20260727  603698航天工程    +12.40   21.43  20260728    21.85  +1.96%   +10.38%
  20260727  20260728  603305旭升集团    +13.19   10.62  20260729    10.77  +1.41%   +11.79%
  20260728  20260729  002361神剑股份    +12.58    9.43  20260730     9.26  -1.80%    +9.99%
  20260729  20260730  002048宁波华翔    +13.60   18.11  20260731    18.12  +0.06%   +10.04%
  20260730  20260731  002361神剑股份    +12.68    8.99  20260803     9.24  +2.78%   +12.82%
  20260731  20260803  002240盛新锂能    +14.28   27.67  20260804    28.71  +3.76%   +16.58%
  20260803  20260804  603936博敏电子    +15.14   12.36  20260805    13.39  +8.33%   +24.92%
  20260804  20260805  000672上峰材料    +13.61   13.34  20260806    13.71  +2.77%   +27.69%
  20260805  20260806  000672上峰材料    +17.15   13.71  20260807    13.89  +1.31%   +29.00%
  20260806  20260807  600480凌云股份    +14.48    8.66  20260810     8.68  +0.23%   +29.23%
  20260807  20260810  000672上峰材料    +13.22   14.29  20260811    13.90  -2.73%   +26.50%
  20260810  20260811  000032深桑达A     +10.86   14.51  20260812    14.74  +1.59%   +28.09%
  20260811  20260812  000672上峰材料    +12.11   13.92  20260813    14.27  +2.51%   +30.60%
  20260812  20260813  000672上峰材料    +13.07   14.27  20260814    13.92  -2.45%   +28.15%
  20260813  20260814  600531豫光金铅    +13.59   13.11  20260817    13.35  +1.83%   +29.98%
  20260814  20260817  600456宝钛股份    +14.22   27.58  20260818    27.80  +0.80%   +30.78%
  20260817  20260818  002011盾安环境    +13.33   10.08  20260819    10.07  -0.10%   +30.68%
  20260818  20260819  000682东方电子    +12.88   11.75  20260820    11.75  +0.00%   +30.68%
  20260819  20260820  600100同方股份    +11.60    6.65  20260821     6.70  +0.75%   +31.43%
  20260820  20260821  000062深圳华强    +13.22   22.04  20260824    22.40  +1.63%   +33.07%
  20260821  20260824  000682东方电子    +13.03   11.58  20260825    11.47  -0.95%   +32.12%
  20260824  20260825  002402和而泰      +11.18   18.12  20260826    18.60  +2.65%   +34.76%
  20260825  20260826  002204大连重工    +12.49    5.14  20260827     5.23  +1.75%   +36.52%
  20260826  20260827  600416湘电股份    +12.52    8.55  20260828     8.62  +0.82%   +37.33%
  20260827  20260828  600480凌云股份    +13.95    8.33  20260831     8.21  -1.44%   +35.89%
  20260828  20260831  601928凤凰传媒    +12.08    8.47  20260901     8.58  +1.30%   +37.19%
  20260831  20260901  002139拓邦股份    +12.19    9.59  20260902     9.57  -0.21%   +36.98%
  20260901  20260902  002531天顺风能    +12.62    6.28  20260903        -       -   +36.98%
====================================================================================================

Realized: 242  |  Pending: 1
Cumulative: +0.3698 (+36.98%)  |  Win rate: 134/242 (55.4%)  |  Mean: +0.001528  |  MaxDD: -0.3700

=======================================================
  Recent 243d Summary  |  Top 1  |  Hold 1d
=======================================================
  Window     : 20250901 ~ 20260901  (243 days)
  Realized   : 242 days  |  Pending : 1 days
  Cum Return : +0.3698  (+36.98%)
  Daily Mean : +0.001528  (+0.1528%)
  Ann Return : 38.51%
  Sharpe     : 1.2908
  Win Rate   : 55.4%  (134/242)
  Best Day   : +0.0833  (20260803)
  Worst Day  : -0.0533  (20260319)
  Max Drawdown: -0.3700  (-37.00%)  at 20260710
=======================================================

[Pending] 1 date(s) — 1d return not yet realized:
  20260901: buy 20260902  ->  sell 20260903

=======================================================
  分散组合对比  |  Hold 1d  |  20250901 ~ 20260901
=======================================================
   构造  天数      日均      累计    胜率 年化Sharpe
 Top5 242 +0.216% +52.36% 57.9%    +2.17
Top10 242 +0.157% +38.00% 58.7%    +1.69
Top20 242 +0.185% +44.78% 55.0%    +2.10
  前1% 242 +0.149% +36.16% 57.4%    +1.58
  前5% 242 +0.157% +38.06% 55.8%    +1.90
 前10% 242 +0.139% +33.57% 55.8%    +1.70
=======================================================

[提示] Top1 单票的日盈亏由涨跌停等尾部事件主导, 统计意义很弱; 请以上表分散组合为准判断信号质量。
