[V18] 848 factors
[V18] 统计日期 ...
[V18] 1619 个日期
[V18] 读入 fac_all (float32) ...
[V18] 1557478 rows 已读入
[V18] 预处理 250/1619 天
[V18] 预处理 500/1619 天
[V18] 预处理 750/1619 天
[V18] 预处理 1000/1619 天
[V18] 预处理 1250/1619 天
[V18] 预处理 1500/1619 天
[V18] 特征矩阵 (1557478, 848) (5.3GB)
[V18] 标签 150/1619 天
[V18] 标签 300/1619 天
[V18] 标签 450/1619 天
[V18] 标签 600/1619 天
[V18] 标签 750/1619 天
[V18] 标签 900/1619 天
[V18] 标签 1050/1619 天
[V18] 标签 1200/1619 天
[V18] 标签 1350/1619 天
[V18] 标签 1500/1619 天
[V18] 标签 1619/1619 天
[V18] 标签处理完成
[V18] 有效行 1551533/1557478
[V18] fold1: train 1182815 / valid 28817
[V18] fold1: best_iter 309, valid l2 0.97801
[V18] fold1 推演 243 天落盘
[V18] fold2: train 1182815 / valid 28804
[V18] fold2: best_iter 60, valid l2 0.99160
[V18] fold2 推演 243 天落盘
[V18] fold3: train 1182815 / valid 28812
[V18] fold3: best_iter 51, valid l2 0.99422
[V18] fold3 推演 243 天落盘
[V18] fold4: train 1182815 / valid 28796
[V18] fold4: best_iter 95, valid l2 0.98983
[V18] fold4 推演 243 天落盘
[V18] 集成 v18.fea: (243, 962) — DONE
