[analysis] heads 缺失 (a=None, c=None) → 首次全窗口推演
[analysis] feature_map: 848 因子
[analysis] 待推演 246 日 (增量): 20250901 ~ 20260904
[analysis] 因子行 236652 (缺失列补 0: 0)
[analysis] 实际使用特征列 848
[analysis]   fold1 (族a/k1): epoch=0-val_rankic=0.1153.ckpt (val=0.1153)
[analysis]   fold2 (族a/k2): epoch=12-val_rankic=0.0719.ckpt (val=0.0719)
[analysis]   fold3 (族a/k3): epoch=0-val_rankic=0.0650.ckpt (val=0.0650)
[analysis]   fold4 (族a/k4): epoch=0-val_rankic=0.0648.ckpt (val=0.0648)
[analysis]   fold5 (族a/k5): epoch=1-val_rankic=0.0953.ckpt (val=0.0953)
[analysis]   fold6 (族a/k6): epoch=16-val_rankic=0.0724.ckpt (val=0.0724)
[analysis]   fold7 (族a/k7): epoch=0-val_rankic=0.0250.ckpt (val=0.0250)
[analysis]   fold8 (族a/k8): epoch=0-val_rankic=0.0505.ckpt (val=0.0505)
[analysis]   fold9 (族c/k1): epoch=0-val_rankic=0.1192.ckpt (val=0.1192)
[analysis]   fold10 (族c/k2): epoch=13-val_rankic=0.0707.ckpt (val=0.0707)
[analysis]   fold11 (族c/k3): epoch=17-val_rankic=0.0636.ckpt (val=0.0636)
[analysis]   fold12 (族c/k4): epoch=0-val_rankic=0.0714.ckpt (val=0.0714)
[analysis]   fold13 (族c/k5): epoch=0-val_rankic=0.1052.ckpt (val=0.1052)
[analysis]   fold14 (族c/k6): epoch=0-val_rankic=0.0651.ckpt (val=0.0651)
[analysis]   fold15 (族c/k7): epoch=0-val_rankic=0.0459.ckpt (val=0.0459)
[analysis]   fold16 (族c/k8): epoch=0-val_rankic=0.0618.ckpt (val=0.0618)
[analysis] 推演进度 80/3936 (最新 20250905)
[analysis] 推演进度 160/3936 (最新 20250912)
[analysis] 推演进度 240/3936 (最新 20250919)
[analysis] 推演进度 320/3936 (最新 20250926)
[analysis] 推演进度 400/3936 (最新 20251013)
[analysis] 推演进度 480/3936 (最新 20251020)
[analysis] 推演进度 560/3936 (最新 20251027)
[analysis] 推演进度 640/3936 (最新 20251103)
[analysis] 推演进度 720/3936 (最新 20251110)
[analysis] 推演进度 800/3936 (最新 20251117)
[analysis] 推演进度 880/3936 (最新 20251124)
[analysis] 推演进度 960/3936 (最新 20251201)
[analysis] 推演进度 1040/3936 (最新 20251208)
[analysis] 推演进度 1120/3936 (最新 20251215)
[analysis] 推演进度 1200/3936 (最新 20251222)
[analysis] 推演进度 1280/3936 (最新 20251229)
[analysis] 推演进度 1360/3936 (最新 20260107)
[analysis] 推演进度 1440/3936 (最新 20260114)
[analysis] 推演进度 1520/3936 (最新 20260121)
[analysis] 推演进度 1600/3936 (最新 20260128)
[analysis] 推演进度 1680/3936 (最新 20260204)
[analysis] 推演进度 1760/3936 (最新 20260211)
[analysis] 推演进度 1840/3936 (最新 20260226)
[analysis] 推演进度 1920/3936 (最新 20260305)
[analysis] 推演进度 2000/3936 (最新 20260312)
[analysis] 推演进度 2080/3936 (最新 20260319)
[analysis] 推演进度 2160/3936 (最新 20260326)
[analysis] 推演进度 2240/3936 (最新 20260402)
[analysis] 推演进度 2320/3936 (最新 20260410)
[analysis] 推演进度 2400/3936 (最新 20260417)
[analysis] 推演进度 2480/3936 (最新 20260424)
[analysis] 推演进度 2560/3936 (最新 20260506)
[analysis] 推演进度 2640/3936 (最新 20260513)
[analysis] 推演进度 2720/3936 (最新 20260520)
[analysis] 推演进度 2800/3936 (最新 20260527)
[analysis] 推演进度 2880/3936 (最新 20260603)
[analysis] 推演进度 2960/3936 (最新 20260610)
[analysis] 推演进度 3040/3936 (最新 20260617)
[analysis] 推演进度 3120/3936 (最新 20260625)
[analysis] 推演进度 3200/3936 (最新 20260702)
[analysis] 推演进度 3280/3936 (最新 20260709)
[analysis] 推演进度 3360/3936 (最新 20260716)
[analysis] 推演进度 3440/3936 (最新 20260723)
[analysis] 推演进度 3520/3936 (最新 20260730)
[analysis] 推演进度 3600/3936 (最新 20260806)
[analysis] 推演进度 3680/3936 (最新 20260813)
[analysis] 推演进度 3760/3936 (最新 20260820)
[analysis] 推演进度 3840/3936 (最新 20260827)
[analysis] 推演进度 3920/3936 (最新 20260903)
[analysis] 推演进度 3936/3936 (最新 20260904)
[analysis] 推演完成, 合并落盘 heads ...
[analysis] heads 落盘完成: /autodl-fs/data/lingqiData/Model/V24/model_pred/2026q3/heads_a / /autodl-fs/data/lingqiData/Model/V24/model_pred/2026q3/heads_c
[analysis] ens_w2 + ens24(w_long 0.1/0.25/0.5) 组装完成
[analysis] 打分缓存: /autodl-fs/data/lingqiData/Model/V24/model_pred/2026q3/score_ens_w2.fea
# V24 每日报告 (ens_w2 主 + 弱长周期辅助) (ens_w2 + hold5s8-收盘卖, 含成本)

---Test 集合打分---
  打分区间: Test 集合 20250901 ~ 20260901 (严格样本外, 与训练/验证无重叠)

  RankIC     +nan
  RankICIR   +nan
  top_return +nan
[提示] 回测/交易日志章节使用同一区间的实际价格收益 (daily_adj), 与训练 target 解耦

====================================================================================================
                    最新模型打分 Top 推荐
====================================================================================================
  报告截至因子日期：2026年9月4日 收盘, 以下展示最近 10 个交易日

────────────────────────────────────────────────────────────
  打分模型: ens24 = ens_w2 + w·z(10d/20d弱混合)  (V24 自训 16 折, 锐度主干+弱长周期)
  因子日期：2026年8月24日 收盘
  目标策略：2026年8月25日 开盘买入 Top2 → 持有 ≤20 个交易日; 收盘较持仓期峰值下跌 ≥ 20% → 次日开盘卖出 (开盘先卖后买)
────────────────────────────────────────────────────────────

  排名   代码        名称                  打分
  -------------------------------------
  1    002317    众生药业            +5.8399
  2    000534    万泽股份            +5.7987
  3    000951    中国重汽            +5.6175
  4    002276    万马股份            +5.3054
  5    600380    健康元             +5.0953
  6    600584    长电科技            +5.0806
  7    600588    用友网络            +4.9806
  8    002487    大金重工            +4.8381
  9    002130    沃尔核材            +4.7897
  10   002465    海格通信            +4.7308


────────────────────────────────────────────────────────────
  打分模型: ens24 = ens_w2 + w·z(10d/20d弱混合)  (V24 自训 16 折, 锐度主干+弱长周期)
  因子日期：2026年8月25日 收盘
  目标策略：2026年8月26日 开盘买入 Top2 → 持有 ≤20 个交易日; 收盘较持仓期峰值下跌 ≥ 20% → 次日开盘卖出 (开盘先卖后买)
────────────────────────────────────────────────────────────

  排名   代码        名称                  打分
  -------------------------------------
  1    002709    天赐材料            +6.9653
  2    002545    东方铁塔            +6.1642
  3    002895    川恒股份            +6.0834
  4    600872    中炬高新            +5.8840
  5    000951    中国重汽            +5.6373
  6    000762    西藏矿业            +5.6117
  7    302132    中航成飞            +5.5391
  8    600123    兰花科创            +5.4951
  9    600089    特变电工            +5.3772
  10   000600    建投能源            +5.3515


────────────────────────────────────────────────────────────
  打分模型: ens24 = ens_w2 + w·z(10d/20d弱混合)  (V24 自训 16 折, 锐度主干+弱长周期)
  因子日期：2026年8月26日 收盘
  目标策略：2026年8月27日 开盘买入 Top2 → 持有 ≤20 个交易日; 收盘较持仓期峰值下跌 ≥ 20% → 次日开盘卖出 (开盘先卖后买)
────────────────────────────────────────────────────────────

  排名   代码        名称                  打分
  -------------------------------------
  1    600872    中炬高新            +6.5446
  2    600151    航天机电            +6.0050
  3    002249    大洋电机            +5.6356
  4    002139    拓邦股份            +5.2631
  5    600589    大位科技            +5.1257
  6    600588    用友网络            +5.0073
  7    600732    爱旭股份            +4.9933
  8    002174    游族网络            +4.9737
  9    002611    东方精工            +4.9526
  10   000762    西藏矿业            +4.9198


────────────────────────────────────────────────────────────
  打分模型: ens24 = ens_w2 + w·z(10d/20d弱混合)  (V24 自训 16 折, 锐度主干+弱长周期)
  因子日期：2026年8月27日 收盘
  目标策略：2026年8月28日 开盘买入 Top2 → 持有 ≤20 个交易日; 收盘较持仓期峰值下跌 ≥ 20% → 次日开盘卖出 (开盘先卖后买)
────────────────────────────────────────────────────────────

  排名   代码        名称                  打分
  -------------------------------------
  1    603185    弘元绿能            +7.8037
  2    600872    中炬高新            +7.2444
  3    000719    中原传媒            +6.5963
  4    002250    联化科技            +6.0617
  5    600827    百联股份            +6.0528
  6    002276    万马股份            +5.8730
  7    000762    西藏矿业            +5.7706
  8    601966    玲珑轮胎            +5.7402
  9    000600    建投能源            +5.5179
  10   002698    博实股份            +5.4686


────────────────────────────────────────────────────────────
  打分模型: ens24 = ens_w2 + w·z(10d/20d弱混合)  (V24 自训 16 折, 锐度主干+弱长周期)
  因子日期：2026年8月28日 收盘
  目标策略：2026年8月31日 开盘买入 Top2 → 持有 ≤20 个交易日; 收盘较持仓期峰值下跌 ≥ 20% → 次日开盘卖出 (开盘先卖后买)
────────────────────────────────────────────────────────────

  排名   代码        名称                  打分
  -------------------------------------
  1    002169    智光电气            +6.0343
  2    601717    中创智领            +5.7012
  3    002062    宏润建设            +5.6402
  4    000534    万泽股份            +5.5490
  5    002174    游族网络            +5.3639
  6    002422    科伦药业            +5.2235
  7    603160    汇顶科技            +5.0904
  8    600480    凌云股份            +5.0282
  9    002698    博实股份            +4.8656
  10   600744    华银电力            +4.8300


────────────────────────────────────────────────────────────
  打分模型: ens24 = ens_w2 + w·z(10d/20d弱混合)  (V24 自训 16 折, 锐度主干+弱长周期)
  因子日期：2026年8月31日 收盘
  目标策略：2026年9月1日 开盘买入 Top2 → 持有 ≤20 个交易日; 收盘较持仓期峰值下跌 ≥ 20% → 次日开盘卖出 (开盘先卖后买)
────────────────────────────────────────────────────────────

  排名   代码        名称                  打分
  -------------------------------------
  1    603185    弘元绿能            +6.5666
  2    600072    中船科技            +6.1315
  3    600732    爱旭股份            +5.9866
  4    600859    王府井             +5.9217
  5    601636    旗滨集团            +5.8681
  6    002271    东方雨虹            +5.5037
  7    002216    三全食品            +5.4173
  8    002183    怡亚通             +5.4045
  9    002422    科伦药业            +5.1685
  10   002946    新乳业             +5.1518


────────────────────────────────────────────────────────────
  打分模型: ens24 = ens_w2 + w·z(10d/20d弱混合)  (V24 自训 16 折, 锐度主干+弱长周期)
  因子日期：2026年9月1日 收盘
  目标策略：2026年9月2日 开盘买入 Top2 → 持有 ≤20 个交易日; 收盘较持仓期峰值下跌 ≥ 20% → 次日开盘卖出 (开盘先卖后买)
────────────────────────────────────────────────────────────

  排名   代码        名称                  打分
  -------------------------------------
  1    002865    钧达股份            +6.2964
  2    603906    龙蟠科技            +6.1077
  3    002174    游族网络            +5.9064
  4    603317    天味食品            +5.2671
  5    000534    万泽股份            +5.1795
  6    002709    天赐材料            +5.1296
  7    002410    广联达             +5.0012
  8    000762    西藏矿业            +4.9402
  9    600459    贵研铂业            +4.8879
  10   600418    江淮汽车            +4.8766


────────────────────────────────────────────────────────────
  打分模型: ens24 = ens_w2 + w·z(10d/20d弱混合)  (V24 自训 16 折, 锐度主干+弱长周期)
  因子日期：2026年9月2日 收盘
  目标策略：2026年9月3日 开盘买入 Top2 → 持有 ≤20 个交易日; 收盘较持仓期峰值下跌 ≥ 20% → 次日开盘卖出 (开盘先卖后买)
────────────────────────────────────────────────────────────

  排名   代码        名称                  打分
  -------------------------------------
  1    002410    广联达             +6.1950
  2    002555    三七互娱            +6.1343
  3    601012    隆基绿能            +5.7082
  4    603806    福斯特             +5.5867
  5    002459    晶澳科技            +5.5691
  6    600458    时代新材            +5.4873
  7    601966    玲珑轮胎            +5.4033
  8    600885    宏发股份            +5.2326
  9    002709    天赐材料            +5.1490
  10   600438    通威股份            +5.0317


────────────────────────────────────────────────────────────
  打分模型: ens24 = ens_w2 + w·z(10d/20d弱混合)  (V24 自训 16 折, 锐度主干+弱长周期)
  因子日期：2026年9月3日 收盘
  目标策略：2026年9月4日 开盘买入 Top2 → 持有 ≤20 个交易日; 收盘较持仓期峰值下跌 ≥ 20% → 次日开盘卖出 (开盘先卖后买)
────────────────────────────────────────────────────────────

  排名   代码        名称                  打分
  -------------------------------------
  1    002183    怡亚通             +6.2205
  2    600718    东软集团            +5.9205
  3    600570    恒生电子            +5.3394
  4    002405    四维图新            +5.1678
  5    002459    晶澳科技            +5.0225
  6    002585    双星新材            +4.9413
  7    600872    中炬高新            +4.9317
  8    002429    兆驰股份            +4.7724
  9    002410    广联达             +4.7634
  10   000547    航天发展            +4.7538


────────────────────────────────────────────────────────────
  打分模型: ens24 = ens_w2 + w·z(10d/20d弱混合)  (V24 自训 16 折, 锐度主干+弱长周期)
  因子日期：2026年9月4日 收盘
  目标策略：2026年9月7日 开盘买入 Top2 → 持有 ≤20 个交易日; 收盘较持仓期峰值下跌 ≥ 20% → 次日开盘卖出 (开盘先卖后买)
────────────────────────────────────────────────────────────

  排名   代码        名称                  打分
  -------------------------------------
  1    600732    爱旭股份            +5.8228
  2    600063    皖维高新            +5.7289
  3    600100    同方股份            +5.4156
  4    603906    龙蟠科技            +5.3371
  5    603185    弘元绿能            +5.2971
  6    002010    传化智联            +5.1900
  7    600739    辽宁成大            +5.1762
  8    002812    恩捷股份            +5.0117
  9    002019    亿帆医药            +4.9669
  10   002756    永兴材料            +4.9188


====================================================================================================
  Trade Log — ens24/ens_w2 目标协议 Top2+持有≤20日+移动止损20% | 开盘换仓 | 含成本 | 20250901 ~ 20260904
====================================================================================================
 BuyDt     SellDt    Code     Name       BuyPrc   SellPrc  Hold  Net%     Reason
----------------------------------------------------------------------------------------------------
 20250902  20250930  002361 神剑股份          6.74      6.20   20 -811.18%  expiry
 20250902  20250930  002254 泰和新材         10.25      9.77   20 -478.37%  expiry
 20250930  20251105  600589 大位科技          7.37      7.02   20 -484.97%  expiry
 20250930  20251105  000801 四川九洲         15.89     15.57   20 -211.53%  expiry
 20251105  20251203  002741 光华科技         20.10     22.83   20 +1347.66%  expiry
 20251105  20251203  002484 江海股份         27.20     26.57   20 -241.75%  expiry
 20251203  20251231  002019 亿帆医药         12.14     11.78   20 -306.66%  expiry
 20251203  20251231  000628 高新发展         43.52     45.62   20 +472.21%  expiry
 20251231  20260130  002675 东诚药业         13.31     13.82   20 +372.87%  expiry
 20251231  20260130  002051 中工国际          9.03      8.82   20 -242.70%  expiry
 20260130  20260309  000973 佛塑科技         11.59     13.08   20 +1275.06%  expiry
 20260130  20260309  002158 汉钟精机         24.68     24.50   20  -83.11%  expiry
 20260309  20260407  600552 凯盛科技         13.06     11.94   20 -867.55%  expiry
 20260309  20260407  002171 楚江新材         12.69     10.85   20 -1459.78%  expiry
 20260407  20260508  600986 浙文互联          9.11     11.45   20 +2557.74%  expiry
 20260407  20260508  000970 中科三环         11.42     12.24   20 +707.65%  expiry
 20260508  20260605  002258 利尔化学         12.47     13.14   20 +526.95%  expiry
 20260508  20260605  600754 锦江酒店         24.01     20.00   20 -1679.90%  expiry
 20260605  20260706  600986 浙文互联          8.28      6.84   20 -1748.88%  expiry
 20260605  20260706  000158 常山北明         14.49     12.98   20 -1052.02%  expiry
 20260706  20260803  002131 利欧股份          4.51      5.00   20 +1075.99%  expiry
 20260706  20260803  600986 浙文互联          6.84      8.02   20 +1714.50%  expiry
 20260803  20260831  002756 永兴材料         44.77     46.40   20 +353.79%  expiry
 20260803  20260831  000762 西藏矿业         22.12     23.40   20 +568.31%  expiry
 20260831  20260904  002169 智光电气         12.69     12.66    4  -33.83%  
 20260831  20260904  601717 中创智领         14.32     14.41    4  +52.64%  
====================================================================================================
Realized: 26  |  真实净值: +2.89%  |  Win rate: 46.2%  |  Avg hold: 18.8 日

=======================================================
  Recent Summary | ens24/ens_w2 + Top2 持有≤20日+移动止损20% | 开盘换仓 | 含成本 | 官方 Test 窗口
=======================================================
  Test 窗口  : 20250901 ~ 20260901  (243 交易日, 严格样本外)
  真实净值    : +2.89%  |  逐笔复利 -0.01%  |  Sharpe 0.264
  MaxDD      : -32.01%  |  胜率 46.2%  |  交易 26  |  成本拖累 +1.24%
  平均持有    : 18.8 交易日  |  资金闲置 3.6%
  分半 H1/H2 : 20250901~20260227 +6.12%  |  20260302~20260901 -29.74%
=======================================================

────────────────────────────────────────────────────────────
  目标策略指令 (Top2 双仓, 5W 账户口径)
  Top1: 600732  爱旭股份   打分 +5.8228
  Top2: 600063  皖维高新   打分 +5.7289
  动作: 2026年9月7日 开盘买入 (整手, 各 ~2.5W) → 持有 ≤20 个交易日
  风控: 收盘较持仓期峰值下跌 ≥ 20% → 次日开盘卖出; 换仓日开盘先卖后买
  纸面账户: 当前持仓 000060 中金岭南 (买入 20260904)
  ⚠ 纸面持仓 000060 与今日 Top1 600732 不一致 — 状态可能过期/已人工调整, 以本指令为准
────────────────────────────────────────────────────────────
[analysis] 图已保存: /autodl-fs/data/lingqiData/Model/V24/model_pic/figure_01.png

[analysis] 报告已写入: /autodl-fs/data/lingqiData/Model/V24/model_pic/output.md (+figure_01.png)
