
>>> 首次统一推演 4 个日期: 20260901 ~ 20260904
[predict] feature_map has 848 factors, 848 available in DB, 0 missing
[predict] Final factor_list: 848 features → model input_dim=848
[predict] Using 8 fold(s)
[predict]   [fold1] epoch=0-val_rankic=0.0886.ckpt (val_rankic=0.0886)
[predict]   [fold2] epoch=19-val_rankic=0.0659.ckpt (val_rankic=0.0659)
[predict]   [fold3] epoch=0-val_rankic=0.0447.ckpt (val_rankic=0.0447)
[predict]   [fold4] epoch=0-val_rankic=0.0542.ckpt (val_rankic=0.0542)
[predict]   [fold5] epoch=0-val_rankic=0.0983.ckpt (val_rankic=0.0983)
[predict]   [fold6] epoch=5-val_rankic=0.0577.ckpt (val_rankic=0.0577)
[predict]   [fold7] epoch=0-val_rankic=0.0419.ckpt (val_rankic=0.0419)
[predict]   [fold8] epoch=0-val_rankic=0.0657.ckpt (val_rankic=0.0657)
[predict]   [20260901] done, 962 stocks
[predict]   [20260902] done, 962 stocks
[predict]   [20260903] done, 962 stocks
[predict]   [20260904] done, 962 stocks
[predict] Done, 4 days.

合并完成：首次推演 4 天
已保存到: /autodl-fs/data/lingqiData/Model/best/v8_shadow/model_pred/2026q3

---实盘窗口打分---
  持仓数: 1 只
  打分区间: 实盘 20260901 ~ 20260904 (2 天, 0901 起为训练外新数据, 随实盘滚动增长)

模型评估结果
               模型值
指标                
RankIC      0.0946
RankICIR    1.5696
top_return -0.6378
[对照] 全池 Pearson IC: IC=+0.0866  ICIR=+7.5656
[提示] 后续回测章节使用同一实盘窗口的实际价格收益 (daily_adj open), 与训练 target 解耦
Price data: 8844759 rows, dates 20190102 ~ 20260904

========================================================================
                    最新模型打分 Top 推荐
========================================================================
  报告截至因子日期：2026年9月4日 收盘, 以下展示最近 10 个交易日

────────────────────────────────────────────────────────────
  因子日期：2026年9月1日 收盘
  模型预测1日收益率：2026年9月2日 买入 → 2026年9月3日 卖出
────────────────────────────────────────────────────────────

  排名   代码        名称                  打分
  -------------------------------------
  1    002531    天顺风能        +  12.6214
  2    002139    拓邦股份        +  11.8050
  3    002074    国轩高科        +  11.4440
  4    000786    北新建材        +  11.3707
  5    600089    特变电工        +  10.8797
  6    002709    天赐材料        +  10.6942
  7    002859    洁美科技        +   9.8269
  8    603906    龙蟠科技        +   9.7422
  9    000719    中原传媒        +   9.5152
  10   002487    大金重工        +   9.4680

────────────────────────────────────────────────────────────
  因子日期：2026年9月2日 收盘
  模型预测1日收益率：2026年9月3日 买入 → 2026年9月4日 卖出
────────────────────────────────────────────────────────────

  排名   代码        名称                  打分
  -------------------------------------
  1    002531    天顺风能        +  11.8946
  2    002074    国轩高科        +  11.0349
  3    002865    钧达股份        +  10.4043
  4    002555    三七互娱        +   9.8811
  5    002056    横店东磁        +   9.3737
  6    002487    大金重工        +   8.9111
  7    600132    重庆啤酒        +   8.8567
  8    002668    TCL智家       +   8.8083
  9    601615    明阳智能        +   8.7965
  10   000875    电投绿能        +   8.7379

────────────────────────────────────────────────────────────
  因子日期：2026年9月3日 收盘
  模型预测1日收益率：2026年9月4日 买入 → 2026年9月7日 卖出
────────────────────────────────────────────────────────────

  排名   代码        名称                  打分
  -------------------------------------
  1    002709    天赐材料        +  11.8435
  2    002139    拓邦股份        +  10.7081
  3    000875    电投绿能        +  10.6226
  4    603678    火炬电子        +  10.4867
  5    601966    玲珑轮胎        +  10.4541
  6    603876    鼎胜新材        +  10.4059
  7    002487    大金重工        +  10.1103
  8    002402    和而泰         +   9.6109
  9    002240    盛新锂能        +   9.1022
  10   000672    上峰材料        +   9.0699

────────────────────────────────────────────────────────────
  因子日期：2026年9月4日 收盘
  模型预测1日收益率：2026年9月7日 买入 → 2026年9月8日 卖出
────────────────────────────────────────────────────────────

  排名   代码        名称                  打分
  -------------------------------------
  1    600480    凌云股份        +  11.7153
  2    002204    大连重工        +  11.6511
  3    000935    四川双马        +  11.6053
  4    600063    皖维高新        +  11.2775
  5    600783    鲁信创投        +  11.1478
  6    002709    天赐材料        +  11.0441
  7    000422    湖北宜化        +  11.0341
  8    603906    龙蟠科技        +  11.0089
  9    002487    大金重工        +  10.7469
  10   002402    和而泰         +  10.4813
--- Backtest: 20260901 ~ 至今 (实盘窗口, 随实盘滚动) ---
Window : 20260901 ~ 20260904  (4 trading days)
  predicted: 4 days  (20260901~20260904)
[Figure saved] ./model_pic/figure_01.png

====================================================================================================
  Trade Log — Top 1 | 4 days | hold 1d | Returns from daily_adj open prices
====================================================================================================
 FactorDt   BuyDt     Code     Name    Score   BuyPrc   SellDt   SellPrc   Ret%   累加收益 
-------------------------------------------------------------------------------------------
  20260901  20260902  002531天顺风能    +12.62    6.28  20260903     6.21  -1.11%    -1.11%
  20260902  20260903  002531天顺风能    +11.89    6.21  20260904     6.20  -0.16%    -1.28%
  20260903  20260904  002709天赐材料    +11.84   34.68  20260907        -       -    -1.28%
  20260904  20260907  600480凌云股份    +11.72       -  20260908        -       -    -1.28%
====================================================================================================

Realized: 2  |  Pending: 2
Cumulative: -0.0128 (-1.28%)  |  Win rate: 0/2 (0.0%)  |  Mean: -0.006378  |  MaxDD: -0.0016

=======================================================
  Recent 4d Summary  |  Top 1  |  Hold 1d
=======================================================
  Window     : 20260901 ~ 20260904  (4 days)
  Realized   : 2 days  |  Pending : 2 days
  Cum Return : -0.0128  (-1.28%)
  Daily Mean : -0.006378  (-0.6378%)
  Ann Return : -160.74%
  Sharpe     : -21.2357
  Win Rate   : 0.0%  (0/2)
  Best Day   : -0.0016  (20260902)
  Worst Day  : -0.0111  (20260901)
  Max Drawdown: -0.0016  (-0.16%)  at 20260902
=======================================================

[Pending] 2 date(s) — 1d return not yet realized:
  20260903: buy 20260904  ->  sell 20260907
  20260904: buy 20260907  ->  sell 20260908

=======================================================
  分散组合对比  |  Hold 1d  |  20260901 ~ 20260904
=======================================================
   构造  天数      日均     累计    胜率 年化Sharpe
 Top5   2 -0.507% -1.01% 50.0%   -11.42
Top10   2 -0.714% -1.43%  0.0%  -173.62
Top20   2 -0.644% -1.29%  0.0%   -43.81
  前1%   2 -0.711% -1.42%  0.0%  -128.89
  前5%   2 +0.179% +0.36% 50.0%    +6.09
 前10%   2 +0.110% +0.22% 50.0%    +5.29
=======================================================

[提示] Top1 单票的日盈亏由涨跌停等尾部事件主导, 统计意义很弱; 请以上表分散组合为准判断信号质量。
